==================================================
Job: oos_fase3_full_r8_pad50 (Completo, rank=8, padding=0.50, neg_ratio 0.25 e 0.5)
Data: Tue Aug  4 04:23:25 PM CEST 2026
Nodo: ainode01
==================================================
NVIDIA H100 80GB HBM3, 81559 MiB
[Setup] Device: cuda
[Setup] Carico processor/modello: google/siglip2-giant-opt-patch16-384
[Dati] Costruisco dataset di training...
[Dataset] train: 32554 positivi, 15351 negativi (47905 campioni totali)
[Dati] Costruisco dataset di validazione...
[Dataset] val: 5783 positivi, 2662 negativi (8445 campioni totali)
[Modello] Costruisco SigLIP2 completo (vision+text) + LoRA su entrambe le torri...
[Modello] LoRA visual: rank=8, alpha=16 (rapporto=2.0)
[Modello] LoRA text  : rank=4, alpha=8
[Modello] Parametri allenabili: 2,463,746 / 1,874,349,168 (0.13%)

[Training] Inizio — 50 epoche, batch=16, lr=2e-05
    [epoch 1/50 train] batch 50/2995 (3.39 batch/s, ETA 14.5 min) loss_corrente=1.4223
    [epoch 1/50 train] batch 100/2995 (3.55 batch/s, ETA 13.6 min) loss_corrente=1.1464
    [epoch 1/50 train] batch 150/2995 (3.61 batch/s, ETA 13.2 min) loss_corrente=1.0092
    [epoch 1/50 train] batch 200/2995 (3.63 batch/s, ETA 12.8 min) loss_corrente=0.9232
    [epoch 1/50 train] batch 250/2995 (3.65 batch/s, ETA 12.5 min) loss_corrente=0.8545
    [epoch 1/50 train] batch 300/2995 (3.66 batch/s, ETA 12.3 min) loss_corrente=0.7988
    [epoch 1/50 train] batch 350/2995 (3.67 batch/s, ETA 12.0 min) loss_corrente=0.7430
    [epoch 1/50 train] batch 400/2995 (3.68 batch/s, ETA 11.8 min) loss_corrente=0.6916
    [epoch 1/50 train] batch 450/2995 (3.68 batch/s, ETA 11.5 min) loss_corrente=0.6419
    [epoch 1/50 train] batch 500/2995 (3.69 batch/s, ETA 11.3 min) loss_corrente=0.5986
    [epoch 1/50 train] batch 550/2995 (3.69 batch/s, ETA 11.0 min) loss_corrente=0.5599
    [epoch 1/50 train] batch 600/2995 (3.69 batch/s, ETA 10.8 min) loss_corrente=0.5295
    [epoch 1/50 train] batch 650/2995 (3.70 batch/s, ETA 10.6 min) loss_corrente=0.4996
    [epoch 1/50 train] batch 700/2995 (3.70 batch/s, ETA 10.3 min) loss_corrente=0.4726
    [epoch 1/50 train] batch 750/2995 (3.70 batch/s, ETA 10.1 min) loss_corrente=0.4493
    [epoch 1/50 train] batch 800/2995 (3.70 batch/s, ETA 9.9 min) loss_corrente=0.4289
    [epoch 1/50 train] batch 850/2995 (3.70 batch/s, ETA 9.7 min) loss_corrente=0.4084
    [epoch 1/50 train] batch 900/2995 (3.70 batch/s, ETA 9.4 min) loss_corrente=0.3905
    [epoch 1/50 train] batch 950/2995 (3.70 batch/s, ETA 9.2 min) loss_corrente=0.3750
    [epoch 1/50 train] batch 1000/2995 (3.71 batch/s, ETA 9.0 min) loss_corrente=0.3595
    [epoch 1/50 train] batch 1050/2995 (3.71 batch/s, ETA 8.7 min) loss_corrente=0.3476
    [epoch 1/50 train] batch 1100/2995 (3.71 batch/s, ETA 8.5 min) loss_corrente=0.3350
    [epoch 1/50 train] batch 1150/2995 (3.71 batch/s, ETA 8.3 min) loss_corrente=0.3242
    [epoch 1/50 train] batch 1200/2995 (3.71 batch/s, ETA 8.1 min) loss_corrente=0.3149
    [epoch 1/50 train] batch 1250/2995 (3.71 batch/s, ETA 7.8 min) loss_corrente=0.3055
    [epoch 1/50 train] batch 1300/2995 (3.71 batch/s, ETA 7.6 min) loss_corrente=0.2973
    [epoch 1/50 train] batch 1350/2995 (3.71 batch/s, ETA 7.4 min) loss_corrente=0.2893
    [epoch 1/50 train] batch 1400/2995 (3.71 batch/s, ETA 7.2 min) loss_corrente=0.2822
    [epoch 1/50 train] batch 1450/2995 (3.71 batch/s, ETA 6.9 min) loss_corrente=0.2752
    [epoch 1/50 train] batch 1500/2995 (3.71 batch/s, ETA 6.7 min) loss_corrente=0.2679
    [epoch 1/50 train] batch 1550/2995 (3.71 batch/s, ETA 6.5 min) loss_corrente=0.2626
    [epoch 1/50 train] batch 1600/2995 (3.71 batch/s, ETA 6.3 min) loss_corrente=0.2571
    [epoch 1/50 train] batch 1650/2995 (3.71 batch/s, ETA 6.0 min) loss_corrente=0.2524
    [epoch 1/50 train] batch 1700/2995 (3.71 batch/s, ETA 5.8 min) loss_corrente=0.2473
    [epoch 1/50 train] batch 1750/2995 (3.71 batch/s, ETA 5.6 min) loss_corrente=0.2419
    [epoch 1/50 train] batch 1800/2995 (3.71 batch/s, ETA 5.4 min) loss_corrente=0.2370
    [epoch 1/50 train] batch 1850/2995 (3.71 batch/s, ETA 5.1 min) loss_corrente=0.2327
    [epoch 1/50 train] batch 1900/2995 (3.71 batch/s, ETA 4.9 min) loss_corrente=0.2283
    [epoch 1/50 train] batch 1950/2995 (3.71 batch/s, ETA 4.7 min) loss_corrente=0.2243
    [epoch 1/50 train] batch 2000/2995 (3.71 batch/s, ETA 4.5 min) loss_corrente=0.2201
    [epoch 1/50 train] batch 2050/2995 (3.71 batch/s, ETA 4.2 min) loss_corrente=0.2164
    [epoch 1/50 train] batch 2100/2995 (3.71 batch/s, ETA 4.0 min) loss_corrente=0.2127
    [epoch 1/50 train] batch 2150/2995 (3.71 batch/s, ETA 3.8 min) loss_corrente=0.2093
    [epoch 1/50 train] batch 2200/2995 (3.71 batch/s, ETA 3.6 min) loss_corrente=0.2064
    [epoch 1/50 train] batch 2250/2995 (3.71 batch/s, ETA 3.3 min) loss_corrente=0.2029
    [epoch 1/50 train] batch 2300/2995 (3.71 batch/s, ETA 3.1 min) loss_corrente=0.2000
    [epoch 1/50 train] batch 2350/2995 (3.71 batch/s, ETA 2.9 min) loss_corrente=0.1969
    [epoch 1/50 train] batch 2400/2995 (3.71 batch/s, ETA 2.7 min) loss_corrente=0.1943
    [epoch 1/50 train] batch 2450/2995 (3.71 batch/s, ETA 2.4 min) loss_corrente=0.1915
    [epoch 1/50 train] batch 2500/2995 (3.71 batch/s, ETA 2.2 min) loss_corrente=0.1887
    [epoch 1/50 train] batch 2550/2995 (3.71 batch/s, ETA 2.0 min) loss_corrente=0.1866
    [epoch 1/50 train] batch 2600/2995 (3.71 batch/s, ETA 1.8 min) loss_corrente=0.1841
    [epoch 1/50 train] batch 2650/2995 (3.71 batch/s, ETA 1.5 min) loss_corrente=0.1815
    [epoch 1/50 train] batch 2700/2995 (3.71 batch/s, ETA 1.3 min) loss_corrente=0.1792
    [epoch 1/50 train] batch 2750/2995 (3.71 batch/s, ETA 1.1 min) loss_corrente=0.1767
    [epoch 1/50 train] batch 2800/2995 (3.71 batch/s, ETA 0.9 min) loss_corrente=0.1749
    [epoch 1/50 train] batch 2850/2995 (3.71 batch/s, ETA 0.7 min) loss_corrente=0.1728
    [epoch 1/50 train] batch 2900/2995 (3.71 batch/s, ETA 0.4 min) loss_corrente=0.1708
    [epoch 1/50 train] batch 2950/2995 (3.71 batch/s, ETA 0.2 min) loss_corrente=0.1690
    [epoch 1/50 train] batch 2995/2995 (3.71 batch/s, ETA 0.0 min) loss_corrente=0.1674
    [epoch 1/50 val] batch 50/528 (8.10 batch/s, ETA 1.0 min) loss_corrente=0.0924
    [epoch 1/50 val] batch 100/528 (8.53 batch/s, ETA 0.8 min) loss_corrente=0.0614
    [epoch 1/50 val] batch 150/528 (8.70 batch/s, ETA 0.7 min) loss_corrente=0.0623
    [epoch 1/50 val] batch 200/528 (8.78 batch/s, ETA 0.6 min) loss_corrente=0.0600
    [epoch 1/50 val] batch 250/528 (8.83 batch/s, ETA 0.5 min) loss_corrente=0.0657
    [epoch 1/50 val] batch 300/528 (8.86 batch/s, ETA 0.4 min) loss_corrente=0.0622
    [epoch 1/50 val] batch 350/528 (8.89 batch/s, ETA 0.3 min) loss_corrente=0.0603
    [epoch 1/50 val] batch 400/528 (8.90 batch/s, ETA 0.2 min) loss_corrente=0.0589
    [epoch 1/50 val] batch 450/528 (8.92 batch/s, ETA 0.1 min) loss_corrente=0.0611
    [epoch 1/50 val] batch 500/528 (8.92 batch/s, ETA 0.1 min) loss_corrente=0.0607
    [epoch 1/50 val] batch 528/528 (8.93 batch/s, ETA 0.0 min) loss_corrente=0.0605
Epoch   1/50 | train_loss=0.1674 train_acc=0.944 | val_loss=0.0605 val_acc=0.980
    [epoch 2/50 train] batch 50/2995 (3.67 batch/s, ETA 13.4 min) loss_corrente=0.0513
    [epoch 2/50 train] batch 100/2995 (3.69 batch/s, ETA 13.1 min) loss_corrente=0.0496
    [epoch 2/50 train] batch 150/2995 (3.70 batch/s, ETA 12.8 min) loss_corrente=0.0467
    [epoch 2/50 train] batch 200/2995 (3.70 batch/s, ETA 12.6 min) loss_corrente=0.0458
    [epoch 2/50 train] batch 250/2995 (3.70 batch/s, ETA 12.4 min) loss_corrente=0.0478
    [epoch 2/50 train] batch 300/2995 (3.70 batch/s, ETA 12.1 min) loss_corrente=0.0499
    [epoch 2/50 train] batch 350/2995 (3.71 batch/s, ETA 11.9 min) loss_corrente=0.0501
    [epoch 2/50 train] batch 400/2995 (3.71 batch/s, ETA 11.7 min) loss_corrente=0.0490
    [epoch 2/50 train] batch 450/2995 (3.70 batch/s, ETA 11.5 min) loss_corrente=0.0490
    [epoch 2/50 train] batch 500/2995 (3.70 batch/s, ETA 11.2 min) loss_corrente=0.0486
    [epoch 2/50 train] batch 550/2995 (3.70 batch/s, ETA 11.0 min) loss_corrente=0.0504
    [epoch 2/50 train] batch 600/2995 (3.70 batch/s, ETA 10.8 min) loss_corrente=0.0501
    [epoch 2/50 train] batch 650/2995 (3.70 batch/s, ETA 10.5 min) loss_corrente=0.0505
    [epoch 2/50 train] batch 700/2995 (3.71 batch/s, ETA 10.3 min) loss_corrente=0.0489
    [epoch 2/50 train] batch 750/2995 (3.71 batch/s, ETA 10.1 min) loss_corrente=0.0494
    [epoch 2/50 train] batch 800/2995 (3.71 batch/s, ETA 9.9 min) loss_corrente=0.0507
    [epoch 2/50 train] batch 850/2995 (3.71 batch/s, ETA 9.6 min) loss_corrente=0.0505
    [epoch 2/50 train] batch 900/2995 (3.71 batch/s, ETA 9.4 min) loss_corrente=0.0496
    [epoch 2/50 train] batch 950/2995 (3.71 batch/s, ETA 9.2 min) loss_corrente=0.0497
    [epoch 2/50 train] batch 1000/2995 (3.71 batch/s, ETA 9.0 min) loss_corrente=0.0491
    [epoch 2/50 train] batch 1050/2995 (3.71 batch/s, ETA 8.7 min) loss_corrente=0.0491
    [epoch 2/50 train] batch 1100/2995 (3.71 batch/s, ETA 8.5 min) loss_corrente=0.0491
    [epoch 2/50 train] batch 1150/2995 (3.71 batch/s, ETA 8.3 min) loss_corrente=0.0484
    [epoch 2/50 train] batch 1200/2995 (3.71 batch/s, ETA 8.1 min) loss_corrente=0.0486
    [epoch 2/50 train] batch 1250/2995 (3.71 batch/s, ETA 7.8 min) loss_corrente=0.0484
    [epoch 2/50 train] batch 1300/2995 (3.71 batch/s, ETA 7.6 min) loss_corrente=0.0480
    [epoch 2/50 train] batch 1350/2995 (3.71 batch/s, ETA 7.4 min) loss_corrente=0.0480
    [epoch 2/50 train] batch 1400/2995 (3.71 batch/s, ETA 7.2 min) loss_corrente=0.0482
    [epoch 2/50 train] batch 1450/2995 (3.71 batch/s, ETA 6.9 min) loss_corrente=0.0487
    [epoch 2/50 train] batch 1500/2995 (3.71 batch/s, ETA 6.7 min) loss_corrente=0.0488
    [epoch 2/50 train] batch 1550/2995 (3.71 batch/s, ETA 6.5 min) loss_corrente=0.0490
    [epoch 2/50 train] batch 1600/2995 (3.71 batch/s, ETA 6.3 min) loss_corrente=0.0483
    [epoch 2/50 train] batch 1650/2995 (3.71 batch/s, ETA 6.0 min) loss_corrente=0.0482
    [epoch 2/50 train] batch 1700/2995 (3.71 batch/s, ETA 5.8 min) loss_corrente=0.0478
    [epoch 2/50 train] batch 1750/2995 (3.71 batch/s, ETA 5.6 min) loss_corrente=0.0469
    [epoch 2/50 train] batch 1800/2995 (3.71 batch/s, ETA 5.4 min) loss_corrente=0.0468
    [epoch 2/50 train] batch 1850/2995 (3.71 batch/s, ETA 5.1 min) loss_corrente=0.0465
    [epoch 2/50 train] batch 1900/2995 (3.71 batch/s, ETA 4.9 min) loss_corrente=0.0462
    [epoch 2/50 train] batch 1950/2995 (3.71 batch/s, ETA 4.7 min) loss_corrente=0.0456
    [epoch 2/50 train] batch 2000/2995 (3.71 batch/s, ETA 4.5 min) loss_corrente=0.0462
    [epoch 2/50 train] batch 2050/2995 (3.71 batch/s, ETA 4.2 min) loss_corrente=0.0466
    [epoch 2/50 train] batch 2100/2995 (3.71 batch/s, ETA 4.0 min) loss_corrente=0.0462
    [epoch 2/50 train] batch 2150/2995 (3.71 batch/s, ETA 3.8 min) loss_corrente=0.0460
    [epoch 2/50 train] batch 2200/2995 (3.71 batch/s, ETA 3.6 min) loss_corrente=0.0456
    [epoch 2/50 train] batch 2250/2995 (3.71 batch/s, ETA 3.4 min) loss_corrente=0.0455
    [epoch 2/50 train] batch 2300/2995 (3.71 batch/s, ETA 3.1 min) loss_corrente=0.0455
    [epoch 2/50 train] batch 2350/2995 (3.71 batch/s, ETA 2.9 min) loss_corrente=0.0452
    [epoch 2/50 train] batch 2400/2995 (3.71 batch/s, ETA 2.7 min) loss_corrente=0.0447
    [epoch 2/50 train] batch 2450/2995 (3.71 batch/s, ETA 2.5 min) loss_corrente=0.0445
    [epoch 2/50 train] batch 2500/2995 (3.71 batch/s, ETA 2.2 min) loss_corrente=0.0443
    [epoch 2/50 train] batch 2550/2995 (3.71 batch/s, ETA 2.0 min) loss_corrente=0.0441
    [epoch 2/50 train] batch 2600/2995 (3.71 batch/s, ETA 1.8 min) loss_corrente=0.0443
    [epoch 2/50 train] batch 2650/2995 (3.71 batch/s, ETA 1.6 min) loss_corrente=0.0440
    [epoch 2/50 train] batch 2700/2995 (3.71 batch/s, ETA 1.3 min) loss_corrente=0.0439
    [epoch 2/50 train] batch 2750/2995 (3.71 batch/s, ETA 1.1 min) loss_corrente=0.0436
    [epoch 2/50 train] batch 2800/2995 (3.71 batch/s, ETA 0.9 min) loss_corrente=0.0435
    [epoch 2/50 train] batch 2850/2995 (3.70 batch/s, ETA 0.7 min) loss_corrente=0.0436
    [epoch 2/50 train] batch 2900/2995 (3.70 batch/s, ETA 0.4 min) loss_corrente=0.0435
    [epoch 2/50 train] batch 2950/2995 (3.70 batch/s, ETA 0.2 min) loss_corrente=0.0434
    [epoch 2/50 train] batch 2995/2995 (3.71 batch/s, ETA 0.0 min) loss_corrente=0.0432
    [epoch 2/50 val] batch 50/528 (8.86 batch/s, ETA 0.9 min) loss_corrente=0.0851
    [epoch 2/50 val] batch 100/528 (8.97 batch/s, ETA 0.8 min) loss_corrente=0.0563
    [epoch 2/50 val] batch 150/528 (9.01 batch/s, ETA 0.7 min) loss_corrente=0.0498
    [epoch 2/50 val] batch 200/528 (9.04 batch/s, ETA 0.6 min) loss_corrente=0.0475
    [epoch 2/50 val] batch 250/528 (9.05 batch/s, ETA 0.5 min) loss_corrente=0.0536
    [epoch 2/50 val] batch 300/528 (9.06 batch/s, ETA 0.4 min) loss_corrente=0.0506
    [epoch 2/50 val] batch 350/528 (9.06 batch/s, ETA 0.3 min) loss_corrente=0.0493
    [epoch 2/50 val] batch 400/528 (9.07 batch/s, ETA 0.2 min) loss_corrente=0.0483
    [epoch 2/50 val] batch 450/528 (9.07 batch/s, ETA 0.1 min) loss_corrente=0.0503
    [epoch 2/50 val] batch 500/528 (9.07 batch/s, ETA 0.1 min) loss_corrente=0.0488
    [epoch 2/50 val] batch 528/528 (9.07 batch/s, ETA 0.0 min) loss_corrente=0.0483
Epoch   2/50 | train_loss=0.0432 train_acc=0.986 | val_loss=0.0483 val_acc=0.984
    [epoch 3/50 train] batch 50/2995 (3.67 batch/s, ETA 13.4 min) loss_corrente=0.0282
    [epoch 3/50 train] batch 100/2995 (3.69 batch/s, ETA 13.1 min) loss_corrente=0.0323
    [epoch 3/50 train] batch 150/2995 (3.70 batch/s, ETA 12.8 min) loss_corrente=0.0330
    [epoch 3/50 train] batch 200/2995 (3.71 batch/s, ETA 12.6 min) loss_corrente=0.0327
    [epoch 3/50 train] batch 250/2995 (3.71 batch/s, ETA 12.3 min) loss_corrente=0.0317
    [epoch 3/50 train] batch 300/2995 (3.71 batch/s, ETA 12.1 min) loss_corrente=0.0320
    [epoch 3/50 train] batch 350/2995 (3.71 batch/s, ETA 11.9 min) loss_corrente=0.0314
    [epoch 3/50 train] batch 400/2995 (3.72 batch/s, ETA 11.6 min) loss_corrente=0.0323
    [epoch 3/50 train] batch 450/2995 (3.72 batch/s, ETA 11.4 min) loss_corrente=0.0329
    [epoch 3/50 train] batch 500/2995 (3.72 batch/s, ETA 11.2 min) loss_corrente=0.0325
    [epoch 3/50 train] batch 550/2995 (3.72 batch/s, ETA 11.0 min) loss_corrente=0.0325
    [epoch 3/50 train] batch 600/2995 (3.72 batch/s, ETA 10.7 min) loss_corrente=0.0326
    [epoch 3/50 train] batch 650/2995 (3.72 batch/s, ETA 10.5 min) loss_corrente=0.0317
    [epoch 3/50 train] batch 700/2995 (3.72 batch/s, ETA 10.3 min) loss_corrente=0.0322
    [epoch 3/50 train] batch 750/2995 (3.72 batch/s, ETA 10.1 min) loss_corrente=0.0330
    [epoch 3/50 train] batch 800/2995 (3.72 batch/s, ETA 9.8 min) loss_corrente=0.0323
    [epoch 3/50 train] batch 850/2995 (3.72 batch/s, ETA 9.6 min) loss_corrente=0.0325
    [epoch 3/50 train] batch 900/2995 (3.72 batch/s, ETA 9.4 min) loss_corrente=0.0321
    [epoch 3/50 train] batch 950/2995 (3.71 batch/s, ETA 9.2 min) loss_corrente=0.0323
    [epoch 3/50 train] batch 1000/2995 (3.71 batch/s, ETA 9.0 min) loss_corrente=0.0322
    [epoch 3/50 train] batch 1050/2995 (3.71 batch/s, ETA 8.7 min) loss_corrente=0.0324
    [epoch 3/50 train] batch 1100/2995 (3.71 batch/s, ETA 8.5 min) loss_corrente=0.0327
    [epoch 3/50 train] batch 1150/2995 (3.71 batch/s, ETA 8.3 min) loss_corrente=0.0323
    [epoch 3/50 train] batch 1200/2995 (3.71 batch/s, ETA 8.1 min) loss_corrente=0.0324
    [epoch 3/50 train] batch 1250/2995 (3.71 batch/s, ETA 7.8 min) loss_corrente=0.0317
    [epoch 3/50 train] batch 1300/2995 (3.71 batch/s, ETA 7.6 min) loss_corrente=0.0321
    [epoch 3/50 train] batch 1350/2995 (3.71 batch/s, ETA 7.4 min) loss_corrente=0.0317
    [epoch 3/50 train] batch 1400/2995 (3.71 batch/s, ETA 7.2 min) loss_corrente=0.0313
    [epoch 3/50 train] batch 1450/2995 (3.71 batch/s, ETA 6.9 min) loss_corrente=0.0312
    [epoch 3/50 train] batch 1500/2995 (3.71 batch/s, ETA 6.7 min) loss_corrente=0.0316
    [epoch 3/50 train] batch 1550/2995 (3.71 batch/s, ETA 6.5 min) loss_corrente=0.0320
    [epoch 3/50 train] batch 1600/2995 (3.71 batch/s, ETA 6.3 min) loss_corrente=0.0316
    [epoch 3/50 train] batch 1650/2995 (3.71 batch/s, ETA 6.0 min) loss_corrente=0.0322
    [epoch 3/50 train] batch 1700/2995 (3.71 batch/s, ETA 5.8 min) loss_corrente=0.0323
    [epoch 3/50 train] batch 1750/2995 (3.71 batch/s, ETA 5.6 min) loss_corrente=0.0322
    [epoch 3/50 train] batch 1800/2995 (3.72 batch/s, ETA 5.4 min) loss_corrente=0.0320
    [epoch 3/50 train] batch 1850/2995 (3.72 batch/s, ETA 5.1 min) loss_corrente=0.0315
    [epoch 3/50 train] batch 1900/2995 (3.72 batch/s, ETA 4.9 min) loss_corrente=0.0314
    [epoch 3/50 train] batch 1950/2995 (3.72 batch/s, ETA 4.7 min) loss_corrente=0.0316
    [epoch 3/50 train] batch 2000/2995 (3.72 batch/s, ETA 4.5 min) loss_corrente=0.0317
    [epoch 3/50 train] batch 2050/2995 (3.72 batch/s, ETA 4.2 min) loss_corrente=0.0318
    [epoch 3/50 train] batch 2100/2995 (3.72 batch/s, ETA 4.0 min) loss_corrente=0.0319
    [epoch 3/50 train] batch 2150/2995 (3.71 batch/s, ETA 3.8 min) loss_corrente=0.0322
    [epoch 3/50 train] batch 2200/2995 (3.71 batch/s, ETA 3.6 min) loss_corrente=0.0319
    [epoch 3/50 train] batch 2250/2995 (3.71 batch/s, ETA 3.3 min) loss_corrente=0.0318
    [epoch 3/50 train] batch 2300/2995 (3.71 batch/s, ETA 3.1 min) loss_corrente=0.0315
    [epoch 3/50 train] batch 2350/2995 (3.71 batch/s, ETA 2.9 min) loss_corrente=0.0319
    [epoch 3/50 train] batch 2400/2995 (3.71 batch/s, ETA 2.7 min) loss_corrente=0.0318
    [epoch 3/50 train] batch 2450/2995 (3.71 batch/s, ETA 2.4 min) loss_corrente=0.0318
    [epoch 3/50 train] batch 2500/2995 (3.71 batch/s, ETA 2.2 min) loss_corrente=0.0320
    [epoch 3/50 train] batch 2550/2995 (3.71 batch/s, ETA 2.0 min) loss_corrente=0.0319
    [epoch 3/50 train] batch 2600/2995 (3.71 batch/s, ETA 1.8 min) loss_corrente=0.0318
    [epoch 3/50 train] batch 2650/2995 (3.71 batch/s, ETA 1.5 min) loss_corrente=0.0320
    [epoch 3/50 train] batch 2700/2995 (3.71 batch/s, ETA 1.3 min) loss_corrente=0.0320
    [epoch 3/50 train] batch 2750/2995 (3.71 batch/s, ETA 1.1 min) loss_corrente=0.0317
    [epoch 3/50 train] batch 2800/2995 (3.71 batch/s, ETA 0.9 min) loss_corrente=0.0316
    [epoch 3/50 train] batch 2850/2995 (3.71 batch/s, ETA 0.7 min) loss_corrente=0.0314
    [epoch 3/50 train] batch 2900/2995 (3.70 batch/s, ETA 0.4 min) loss_corrente=0.0315
    [epoch 3/50 train] batch 2950/2995 (3.70 batch/s, ETA 0.2 min) loss_corrente=0.0313
    [epoch 3/50 train] batch 2995/2995 (3.70 batch/s, ETA 0.0 min) loss_corrente=0.0312
    [epoch 3/50 val] batch 50/528 (8.47 batch/s, ETA 0.9 min) loss_corrente=0.0928
    [epoch 3/50 val] batch 100/528 (8.54 batch/s, ETA 0.8 min) loss_corrente=0.0615
    [epoch 3/50 val] batch 150/528 (8.55 batch/s, ETA 0.7 min) loss_corrente=0.0617
    [epoch 3/50 val] batch 200/528 (8.54 batch/s, ETA 0.6 min) loss_corrente=0.0571
    [epoch 3/50 val] batch 250/528 (8.56 batch/s, ETA 0.5 min) loss_corrente=0.0644
    [epoch 3/50 val] batch 300/528 (8.57 batch/s, ETA 0.4 min) loss_corrente=0.0601
    [epoch 3/50 val] batch 350/528 (8.58 batch/s, ETA 0.3 min) loss_corrente=0.0606
    [epoch 3/50 val] batch 400/528 (8.59 batch/s, ETA 0.2 min) loss_corrente=0.0594
    [epoch 3/50 val] batch 450/528 (8.58 batch/s, ETA 0.2 min) loss_corrente=0.0613
    [epoch 3/50 val] batch 500/528 (8.59 batch/s, ETA 0.1 min) loss_corrente=0.0606
    [epoch 3/50 val] batch 528/528 (8.59 batch/s, ETA 0.0 min) loss_corrente=0.0609
Epoch   3/50 | train_loss=0.0312 train_acc=0.990 | val_loss=0.0609 val_acc=0.981
    [epoch 4/50 train] batch 50/2995 (3.48 batch/s, ETA 14.1 min) loss_corrente=0.0294
    [epoch 4/50 train] batch 100/2995 (3.50 batch/s, ETA 13.8 min) loss_corrente=0.0280
    [epoch 4/50 train] batch 150/2995 (3.51 batch/s, ETA 13.5 min) loss_corrente=0.0290
    [epoch 4/50 train] batch 200/2995 (3.51 batch/s, ETA 13.3 min) loss_corrente=0.0247
    [epoch 4/50 train] batch 250/2995 (3.51 batch/s, ETA 13.0 min) loss_corrente=0.0244
    [epoch 4/50 train] batch 300/2995 (3.51 batch/s, ETA 12.8 min) loss_corrente=0.0233
    [epoch 4/50 train] batch 350/2995 (3.51 batch/s, ETA 12.6 min) loss_corrente=0.0236
    [epoch 4/50 train] batch 400/2995 (3.51 batch/s, ETA 12.3 min) loss_corrente=0.0243
    [epoch 4/50 train] batch 450/2995 (3.52 batch/s, ETA 12.1 min) loss_corrente=0.0241
    [epoch 4/50 train] batch 500/2995 (3.52 batch/s, ETA 11.8 min) loss_corrente=0.0228
    [epoch 4/50 train] batch 550/2995 (3.52 batch/s, ETA 11.6 min) loss_corrente=0.0223
    [epoch 4/50 train] batch 600/2995 (3.51 batch/s, ETA 11.4 min) loss_corrente=0.0229
    [epoch 4/50 train] batch 650/2995 (3.51 batch/s, ETA 11.1 min) loss_corrente=0.0240
    [epoch 4/50 train] batch 700/2995 (3.52 batch/s, ETA 10.9 min) loss_corrente=0.0240
    [epoch 4/50 train] batch 750/2995 (3.52 batch/s, ETA 10.6 min) loss_corrente=0.0231
    [epoch 4/50 train] batch 800/2995 (3.52 batch/s, ETA 10.4 min) loss_corrente=0.0226
    [epoch 4/50 train] batch 850/2995 (3.53 batch/s, ETA 10.1 min) loss_corrente=0.0229
    [epoch 4/50 train] batch 900/2995 (3.53 batch/s, ETA 9.9 min) loss_corrente=0.0238
    [epoch 4/50 train] batch 950/2995 (3.53 batch/s, ETA 9.7 min) loss_corrente=0.0230
    [epoch 4/50 train] batch 1000/2995 (3.53 batch/s, ETA 9.4 min) loss_corrente=0.0227
    [epoch 4/50 train] batch 1050/2995 (3.53 batch/s, ETA 9.2 min) loss_corrente=0.0237
    [epoch 4/50 train] batch 1100/2995 (3.53 batch/s, ETA 8.9 min) loss_corrente=0.0235
    [epoch 4/50 train] batch 1150/2995 (3.54 batch/s, ETA 8.7 min) loss_corrente=0.0243
    [epoch 4/50 train] batch 1200/2995 (3.54 batch/s, ETA 8.5 min) loss_corrente=0.0236
    [epoch 4/50 train] batch 1250/2995 (3.54 batch/s, ETA 8.2 min) loss_corrente=0.0232
    [epoch 4/50 train] batch 1300/2995 (3.54 batch/s, ETA 8.0 min) loss_corrente=0.0230
    [epoch 4/50 train] batch 1350/2995 (3.54 batch/s, ETA 7.7 min) loss_corrente=0.0232
    [epoch 4/50 train] batch 1400/2995 (3.54 batch/s, ETA 7.5 min) loss_corrente=0.0241
    [epoch 4/50 train] batch 1450/2995 (3.54 batch/s, ETA 7.3 min) loss_corrente=0.0241
    [epoch 4/50 train] batch 1500/2995 (3.54 batch/s, ETA 7.0 min) loss_corrente=0.0238
    [epoch 4/50 train] batch 1550/2995 (3.54 batch/s, ETA 6.8 min) loss_corrente=0.0235
    [epoch 4/50 train] batch 1600/2995 (3.54 batch/s, ETA 6.6 min) loss_corrente=0.0231
    [epoch 4/50 train] batch 1650/2995 (3.54 batch/s, ETA 6.3 min) loss_corrente=0.0235
    [epoch 4/50 train] batch 1700/2995 (3.54 batch/s, ETA 6.1 min) loss_corrente=0.0233
    [epoch 4/50 train] batch 1750/2995 (3.54 batch/s, ETA 5.9 min) loss_corrente=0.0231
    [epoch 4/50 train] batch 1800/2995 (3.54 batch/s, ETA 5.6 min) loss_corrente=0.0231
    [epoch 4/50 train] batch 1850/2995 (3.54 batch/s, ETA 5.4 min) loss_corrente=0.0230
    [epoch 4/50 train] batch 1900/2995 (3.54 batch/s, ETA 5.2 min) loss_corrente=0.0227
    [epoch 4/50 train] batch 1950/2995 (3.54 batch/s, ETA 4.9 min) loss_corrente=0.0227
    [epoch 4/50 train] batch 2000/2995 (3.54 batch/s, ETA 4.7 min) loss_corrente=0.0228
    [epoch 4/50 train] batch 2050/2995 (3.55 batch/s, ETA 4.4 min) loss_corrente=0.0224
    [epoch 4/50 train] batch 2100/2995 (3.55 batch/s, ETA 4.2 min) loss_corrente=0.0221
    [epoch 4/50 train] batch 2150/2995 (3.55 batch/s, ETA 4.0 min) loss_corrente=0.0219
    [epoch 4/50 train] batch 2200/2995 (3.56 batch/s, ETA 3.7 min) loss_corrente=0.0215
    [epoch 4/50 train] batch 2250/2995 (3.56 batch/s, ETA 3.5 min) loss_corrente=0.0217
    [epoch 4/50 train] batch 2300/2995 (3.56 batch/s, ETA 3.3 min) loss_corrente=0.0217
    [epoch 4/50 train] batch 2350/2995 (3.56 batch/s, ETA 3.0 min) loss_corrente=0.0217
    [epoch 4/50 train] batch 2400/2995 (3.57 batch/s, ETA 2.8 min) loss_corrente=0.0218
    [epoch 4/50 train] batch 2450/2995 (3.57 batch/s, ETA 2.5 min) loss_corrente=0.0220
    [epoch 4/50 train] batch 2500/2995 (3.57 batch/s, ETA 2.3 min) loss_corrente=0.0221
    [epoch 4/50 train] batch 2550/2995 (3.57 batch/s, ETA 2.1 min) loss_corrente=0.0221
    [epoch 4/50 train] batch 2600/2995 (3.57 batch/s, ETA 1.8 min) loss_corrente=0.0221
    [epoch 4/50 train] batch 2650/2995 (3.57 batch/s, ETA 1.6 min) loss_corrente=0.0222
    [epoch 4/50 train] batch 2700/2995 (3.57 batch/s, ETA 1.4 min) loss_corrente=0.0220
    [epoch 4/50 train] batch 2750/2995 (3.56 batch/s, ETA 1.1 min) loss_corrente=0.0220
    [epoch 4/50 train] batch 2800/2995 (3.56 batch/s, ETA 0.9 min) loss_corrente=0.0221
    [epoch 4/50 train] batch 2850/2995 (3.56 batch/s, ETA 0.7 min) loss_corrente=0.0220
    [epoch 4/50 train] batch 2900/2995 (3.56 batch/s, ETA 0.4 min) loss_corrente=0.0220
    [epoch 4/50 train] batch 2950/2995 (3.56 batch/s, ETA 0.2 min) loss_corrente=0.0222
    [epoch 4/50 train] batch 2995/2995 (3.56 batch/s, ETA 0.0 min) loss_corrente=0.0220
    [epoch 4/50 val] batch 50/528 (8.48 batch/s, ETA 0.9 min) loss_corrente=0.0955
    [epoch 4/50 val] batch 100/528 (8.57 batch/s, ETA 0.8 min) loss_corrente=0.0665
    [epoch 4/50 val] batch 150/528 (8.61 batch/s, ETA 0.7 min) loss_corrente=0.0625
    [epoch 4/50 val] batch 200/528 (8.62 batch/s, ETA 0.6 min) loss_corrente=0.0565
    [epoch 4/50 val] batch 250/528 (8.62 batch/s, ETA 0.5 min) loss_corrente=0.0620
    [epoch 4/50 val] batch 300/528 (8.60 batch/s, ETA 0.4 min) loss_corrente=0.0587
    [epoch 4/50 val] batch 350/528 (8.60 batch/s, ETA 0.3 min) loss_corrente=0.0570
    [epoch 4/50 val] batch 400/528 (8.60 batch/s, ETA 0.2 min) loss_corrente=0.0558
    [epoch 4/50 val] batch 450/528 (8.61 batch/s, ETA 0.2 min) loss_corrente=0.0556
    [epoch 4/50 val] batch 500/528 (8.61 batch/s, ETA 0.1 min) loss_corrente=0.0547
    [epoch 4/50 val] batch 528/528 (8.63 batch/s, ETA 0.0 min) loss_corrente=0.0537
Epoch   4/50 | train_loss=0.0220 train_acc=0.993 | val_loss=0.0537 val_acc=0.984
    [epoch 5/50 train] batch 50/2995 (3.48 batch/s, ETA 14.1 min) loss_corrente=0.0097
    [epoch 5/50 train] batch 100/2995 (3.51 batch/s, ETA 13.8 min) loss_corrente=0.0084
    [epoch 5/50 train] batch 150/2995 (3.51 batch/s, ETA 13.5 min) loss_corrente=0.0098
    [epoch 5/50 train] batch 200/2995 (3.51 batch/s, ETA 13.3 min) loss_corrente=0.0110
    [epoch 5/50 train] batch 250/2995 (3.50 batch/s, ETA 13.1 min) loss_corrente=0.0122
    [epoch 5/50 train] batch 300/2995 (3.50 batch/s, ETA 12.8 min) loss_corrente=0.0106
    [epoch 5/50 train] batch 350/2995 (3.50 batch/s, ETA 12.6 min) loss_corrente=0.0109
    [epoch 5/50 train] batch 400/2995 (3.51 batch/s, ETA 12.3 min) loss_corrente=0.0111
    [epoch 5/50 train] batch 450/2995 (3.51 batch/s, ETA 12.1 min) loss_corrente=0.0117
    [epoch 5/50 train] batch 500/2995 (3.52 batch/s, ETA 11.8 min) loss_corrente=0.0126
    [epoch 5/50 train] batch 550/2995 (3.52 batch/s, ETA 11.6 min) loss_corrente=0.0118
    [epoch 5/50 train] batch 600/2995 (3.52 batch/s, ETA 11.4 min) loss_corrente=0.0128
    [epoch 5/50 train] batch 650/2995 (3.52 batch/s, ETA 11.1 min) loss_corrente=0.0131
    [epoch 5/50 train] batch 700/2995 (3.52 batch/s, ETA 10.9 min) loss_corrente=0.0136
    [epoch 5/50 train] batch 750/2995 (3.52 batch/s, ETA 10.6 min) loss_corrente=0.0137
    [epoch 5/50 train] batch 800/2995 (3.52 batch/s, ETA 10.4 min) loss_corrente=0.0139
    [epoch 5/50 train] batch 850/2995 (3.52 batch/s, ETA 10.2 min) loss_corrente=0.0136
    [epoch 5/50 train] batch 900/2995 (3.52 batch/s, ETA 9.9 min) loss_corrente=0.0140
    [epoch 5/50 train] batch 950/2995 (3.52 batch/s, ETA 9.7 min) loss_corrente=0.0138
    [epoch 5/50 train] batch 1000/2995 (3.52 batch/s, ETA 9.4 min) loss_corrente=0.0136
    [epoch 5/50 train] batch 1050/2995 (3.52 batch/s, ETA 9.2 min) loss_corrente=0.0148
    [epoch 5/50 train] batch 1100/2995 (3.52 batch/s, ETA 9.0 min) loss_corrente=0.0147
    [epoch 5/50 train] batch 1150/2995 (3.52 batch/s, ETA 8.7 min) loss_corrente=0.0144
    [epoch 5/50 train] batch 1200/2995 (3.52 batch/s, ETA 8.5 min) loss_corrente=0.0147
    [epoch 5/50 train] batch 1250/2995 (3.52 batch/s, ETA 8.3 min) loss_corrente=0.0144
    [epoch 5/50 train] batch 1300/2995 (3.52 batch/s, ETA 8.0 min) loss_corrente=0.0148
    [epoch 5/50 train] batch 1350/2995 (3.52 batch/s, ETA 7.8 min) loss_corrente=0.0147
    [epoch 5/50 train] batch 1400/2995 (3.52 batch/s, ETA 7.6 min) loss_corrente=0.0147
    [epoch 5/50 train] batch 1450/2995 (3.52 batch/s, ETA 7.3 min) loss_corrente=0.0148
    [epoch 5/50 train] batch 1500/2995 (3.52 batch/s, ETA 7.1 min) loss_corrente=0.0148
    [epoch 5/50 train] batch 1550/2995 (3.53 batch/s, ETA 6.8 min) loss_corrente=0.0151
    [epoch 5/50 train] batch 1600/2995 (3.53 batch/s, ETA 6.6 min) loss_corrente=0.0151
    [epoch 5/50 train] batch 1650/2995 (3.54 batch/s, ETA 6.3 min) loss_corrente=0.0152
    [epoch 5/50 train] batch 1700/2995 (3.54 batch/s, ETA 6.1 min) loss_corrente=0.0152
    [epoch 5/50 train] batch 1750/2995 (3.54 batch/s, ETA 5.9 min) loss_corrente=0.0149
    [epoch 5/50 train] batch 1800/2995 (3.55 batch/s, ETA 5.6 min) loss_corrente=0.0149
    [epoch 5/50 train] batch 1850/2995 (3.55 batch/s, ETA 5.4 min) loss_corrente=0.0146
    [epoch 5/50 train] batch 1900/2995 (3.56 batch/s, ETA 5.1 min) loss_corrente=0.0143
    [epoch 5/50 train] batch 1950/2995 (3.56 batch/s, ETA 4.9 min) loss_corrente=0.0145
    [epoch 5/50 train] batch 2000/2995 (3.56 batch/s, ETA 4.7 min) loss_corrente=0.0146
    [epoch 5/50 train] batch 2050/2995 (3.57 batch/s, ETA 4.4 min) loss_corrente=0.0145
    [epoch 5/50 train] batch 2100/2995 (3.57 batch/s, ETA 4.2 min) loss_corrente=0.0146
    [epoch 5/50 train] batch 2150/2995 (3.57 batch/s, ETA 3.9 min) loss_corrente=0.0146
    [epoch 5/50 train] batch 2200/2995 (3.58 batch/s, ETA 3.7 min) loss_corrente=0.0150
    [epoch 5/50 train] batch 2250/2995 (3.58 batch/s, ETA 3.5 min) loss_corrente=0.0149
    [epoch 5/50 train] batch 2300/2995 (3.58 batch/s, ETA 3.2 min) loss_corrente=0.0150
    [epoch 5/50 train] batch 2350/2995 (3.58 batch/s, ETA 3.0 min) loss_corrente=0.0152
    [epoch 5/50 train] batch 2400/2995 (3.59 batch/s, ETA 2.8 min) loss_corrente=0.0153
    [epoch 5/50 train] batch 2450/2995 (3.59 batch/s, ETA 2.5 min) loss_corrente=0.0153
    [epoch 5/50 train] batch 2500/2995 (3.59 batch/s, ETA 2.3 min) loss_corrente=0.0155
    [epoch 5/50 train] batch 2550/2995 (3.59 batch/s, ETA 2.1 min) loss_corrente=0.0156
    [epoch 5/50 train] batch 2600/2995 (3.60 batch/s, ETA 1.8 min) loss_corrente=0.0155
    [epoch 5/50 train] batch 2650/2995 (3.60 batch/s, ETA 1.6 min) loss_corrente=0.0154
    [epoch 5/50 train] batch 2700/2995 (3.60 batch/s, ETA 1.4 min) loss_corrente=0.0156
    [epoch 5/50 train] batch 2750/2995 (3.60 batch/s, ETA 1.1 min) loss_corrente=0.0155
    [epoch 5/50 train] batch 2800/2995 (3.60 batch/s, ETA 0.9 min) loss_corrente=0.0155
    [epoch 5/50 train] batch 2850/2995 (3.60 batch/s, ETA 0.7 min) loss_corrente=0.0154
    [epoch 5/50 train] batch 2900/2995 (3.61 batch/s, ETA 0.4 min) loss_corrente=0.0154
    [epoch 5/50 train] batch 2950/2995 (3.61 batch/s, ETA 0.2 min) loss_corrente=0.0154
    [epoch 5/50 train] batch 2995/2995 (3.61 batch/s, ETA 0.0 min) loss_corrente=0.0154
    [epoch 5/50 val] batch 50/528 (8.77 batch/s, ETA 0.9 min) loss_corrente=0.0820
    [epoch 5/50 val] batch 100/528 (8.91 batch/s, ETA 0.8 min) loss_corrente=0.0540
    [epoch 5/50 val] batch 150/528 (8.96 batch/s, ETA 0.7 min) loss_corrente=0.0536
    [epoch 5/50 val] batch 200/528 (8.99 batch/s, ETA 0.6 min) loss_corrente=0.0484
    [epoch 5/50 val] batch 250/528 (9.00 batch/s, ETA 0.5 min) loss_corrente=0.0526
    [epoch 5/50 val] batch 300/528 (9.01 batch/s, ETA 0.4 min) loss_corrente=0.0494
    [epoch 5/50 val] batch 350/528 (9.02 batch/s, ETA 0.3 min) loss_corrente=0.0496
    [epoch 5/50 val] batch 400/528 (9.02 batch/s, ETA 0.2 min) loss_corrente=0.0484
    [epoch 5/50 val] batch 450/528 (9.03 batch/s, ETA 0.1 min) loss_corrente=0.0501
    [epoch 5/50 val] batch 500/528 (9.03 batch/s, ETA 0.1 min) loss_corrente=0.0514
    [epoch 5/50 val] batch 528/528 (9.03 batch/s, ETA 0.0 min) loss_corrente=0.0506
Epoch   5/50 | train_loss=0.0154 train_acc=0.995 | val_loss=0.0506 val_acc=0.985
    [epoch 6/50 train] batch 50/2995 (3.66 batch/s, ETA 13.4 min) loss_corrente=0.0148
    [epoch 6/50 train] batch 100/2995 (3.69 batch/s, ETA 13.1 min) loss_corrente=0.0175
    [epoch 6/50 train] batch 150/2995 (3.69 batch/s, ETA 12.8 min) loss_corrente=0.0139
    [epoch 6/50 train] batch 200/2995 (3.70 batch/s, ETA 12.6 min) loss_corrente=0.0132
    [epoch 6/50 train] batch 250/2995 (3.70 batch/s, ETA 12.4 min) loss_corrente=0.0112
    [epoch 6/50 train] batch 300/2995 (3.70 batch/s, ETA 12.1 min) loss_corrente=0.0111
    [epoch 6/50 train] batch 350/2995 (3.70 batch/s, ETA 11.9 min) loss_corrente=0.0101
    [epoch 6/50 train] batch 400/2995 (3.70 batch/s, ETA 11.7 min) loss_corrente=0.0097
    [epoch 6/50 train] batch 450/2995 (3.70 batch/s, ETA 11.5 min) loss_corrente=0.0112
    [epoch 6/50 train] batch 500/2995 (3.70 batch/s, ETA 11.2 min) loss_corrente=0.0126
    [epoch 6/50 train] batch 550/2995 (3.70 batch/s, ETA 11.0 min) loss_corrente=0.0118
    [epoch 6/50 train] batch 600/2995 (3.70 batch/s, ETA 10.8 min) loss_corrente=0.0118
    [epoch 6/50 train] batch 650/2995 (3.70 batch/s, ETA 10.6 min) loss_corrente=0.0120
    [epoch 6/50 train] batch 700/2995 (3.70 batch/s, ETA 10.3 min) loss_corrente=0.0119
    [epoch 6/50 train] batch 750/2995 (3.70 batch/s, ETA 10.1 min) loss_corrente=0.0113
    [epoch 6/50 train] batch 800/2995 (3.70 batch/s, ETA 9.9 min) loss_corrente=0.0118
    [epoch 6/50 train] batch 850/2995 (3.70 batch/s, ETA 9.7 min) loss_corrente=0.0117
    [epoch 6/50 train] batch 900/2995 (3.70 batch/s, ETA 9.4 min) loss_corrente=0.0123
    [epoch 6/50 train] batch 950/2995 (3.70 batch/s, ETA 9.2 min) loss_corrente=0.0119
    [epoch 6/50 train] batch 1000/2995 (3.70 batch/s, ETA 9.0 min) loss_corrente=0.0116
    [epoch 6/50 train] batch 1050/2995 (3.70 batch/s, ETA 8.8 min) loss_corrente=0.0112
    [epoch 6/50 train] batch 1100/2995 (3.70 batch/s, ETA 8.5 min) loss_corrente=0.0111
    [epoch 6/50 train] batch 1150/2995 (3.70 batch/s, ETA 8.3 min) loss_corrente=0.0108
    [epoch 6/50 train] batch 1200/2995 (3.70 batch/s, ETA 8.1 min) loss_corrente=0.0108
    [epoch 6/50 train] batch 1250/2995 (3.70 batch/s, ETA 7.9 min) loss_corrente=0.0112
    [epoch 6/50 train] batch 1300/2995 (3.70 batch/s, ETA 7.6 min) loss_corrente=0.0114
    [epoch 6/50 train] batch 1350/2995 (3.70 batch/s, ETA 7.4 min) loss_corrente=0.0111
    [epoch 6/50 train] batch 1400/2995 (3.70 batch/s, ETA 7.2 min) loss_corrente=0.0113
    [epoch 6/50 train] batch 1450/2995 (3.70 batch/s, ETA 7.0 min) loss_corrente=0.0110
    [epoch 6/50 train] batch 1500/2995 (3.70 batch/s, ETA 6.7 min) loss_corrente=0.0108
    [epoch 6/50 train] batch 1550/2995 (3.70 batch/s, ETA 6.5 min) loss_corrente=0.0107
    [epoch 6/50 train] batch 1600/2995 (3.70 batch/s, ETA 6.3 min) loss_corrente=0.0105
    [epoch 6/50 train] batch 1650/2995 (3.70 batch/s, ETA 6.1 min) loss_corrente=0.0103
    [epoch 6/50 train] batch 1700/2995 (3.70 batch/s, ETA 5.8 min) loss_corrente=0.0102
    [epoch 6/50 train] batch 1750/2995 (3.70 batch/s, ETA 5.6 min) loss_corrente=0.0100
    [epoch 6/50 train] batch 1800/2995 (3.70 batch/s, ETA 5.4 min) loss_corrente=0.0098
    [epoch 6/50 train] batch 1850/2995 (3.70 batch/s, ETA 5.2 min) loss_corrente=0.0097
    [epoch 6/50 train] batch 1900/2995 (3.70 batch/s, ETA 4.9 min) loss_corrente=0.0097
    [epoch 6/50 train] batch 1950/2995 (3.70 batch/s, ETA 4.7 min) loss_corrente=0.0096
    [epoch 6/50 train] batch 2000/2995 (3.70 batch/s, ETA 4.5 min) loss_corrente=0.0102
    [epoch 6/50 train] batch 2050/2995 (3.70 batch/s, ETA 4.3 min) loss_corrente=0.0105
    [epoch 6/50 train] batch 2100/2995 (3.70 batch/s, ETA 4.0 min) loss_corrente=0.0105
    [epoch 6/50 train] batch 2150/2995 (3.70 batch/s, ETA 3.8 min) loss_corrente=0.0106
    [epoch 6/50 train] batch 2200/2995 (3.70 batch/s, ETA 3.6 min) loss_corrente=0.0104
    [epoch 6/50 train] batch 2250/2995 (3.70 batch/s, ETA 3.4 min) loss_corrente=0.0104
    [epoch 6/50 train] batch 2300/2995 (3.70 batch/s, ETA 3.1 min) loss_corrente=0.0103
    [epoch 6/50 train] batch 2350/2995 (3.70 batch/s, ETA 2.9 min) loss_corrente=0.0104
    [epoch 6/50 train] batch 2400/2995 (3.70 batch/s, ETA 2.7 min) loss_corrente=0.0104
    [epoch 6/50 train] batch 2450/2995 (3.70 batch/s, ETA 2.5 min) loss_corrente=0.0105
    [epoch 6/50 train] batch 2500/2995 (3.70 batch/s, ETA 2.2 min) loss_corrente=0.0110
    [epoch 6/50 train] batch 2550/2995 (3.70 batch/s, ETA 2.0 min) loss_corrente=0.0110
    [epoch 6/50 train] batch 2600/2995 (3.70 batch/s, ETA 1.8 min) loss_corrente=0.0111
    [epoch 6/50 train] batch 2650/2995 (3.70 batch/s, ETA 1.6 min) loss_corrente=0.0112
    [epoch 6/50 train] batch 2700/2995 (3.70 batch/s, ETA 1.3 min) loss_corrente=0.0115
    [epoch 6/50 train] batch 2750/2995 (3.70 batch/s, ETA 1.1 min) loss_corrente=0.0115
    [epoch 6/50 train] batch 2800/2995 (3.70 batch/s, ETA 0.9 min) loss_corrente=0.0114
    [epoch 6/50 train] batch 2850/2995 (3.70 batch/s, ETA 0.7 min) loss_corrente=0.0116
    [epoch 6/50 train] batch 2900/2995 (3.70 batch/s, ETA 0.4 min) loss_corrente=0.0117
    [epoch 6/50 train] batch 2950/2995 (3.70 batch/s, ETA 0.2 min) loss_corrente=0.0117
    [epoch 6/50 train] batch 2995/2995 (3.71 batch/s, ETA 0.0 min) loss_corrente=0.0118
    [epoch 6/50 val] batch 50/528 (8.83 batch/s, ETA 0.9 min) loss_corrente=0.1087
    [epoch 6/50 val] batch 100/528 (8.96 batch/s, ETA 0.8 min) loss_corrente=0.0686
    [epoch 6/50 val] batch 150/528 (9.00 batch/s, ETA 0.7 min) loss_corrente=0.0726
    [epoch 6/50 val] batch 200/528 (9.02 batch/s, ETA 0.6 min) loss_corrente=0.0655
    [epoch 6/50 val] batch 250/528 (9.03 batch/s, ETA 0.5 min) loss_corrente=0.0709
    [epoch 6/50 val] batch 300/528 (9.04 batch/s, ETA 0.4 min) loss_corrente=0.0658
    [epoch 6/50 val] batch 350/528 (9.04 batch/s, ETA 0.3 min) loss_corrente=0.0657
    [epoch 6/50 val] batch 400/528 (9.05 batch/s, ETA 0.2 min) loss_corrente=0.0628
    [epoch 6/50 val] batch 450/528 (9.05 batch/s, ETA 0.1 min) loss_corrente=0.0658
    [epoch 6/50 val] batch 500/528 (9.06 batch/s, ETA 0.1 min) loss_corrente=0.0652
    [epoch 6/50 val] batch 528/528 (9.06 batch/s, ETA 0.0 min) loss_corrente=0.0645
Epoch   6/50 | train_loss=0.0118 train_acc=0.996 | val_loss=0.0645 val_acc=0.982
    [epoch 7/50 train] batch 50/2995 (3.67 batch/s, ETA 13.4 min) loss_corrente=0.0098
    [epoch 7/50 train] batch 100/2995 (3.69 batch/s, ETA 13.1 min) loss_corrente=0.0082
    [epoch 7/50 train] batch 150/2995 (3.69 batch/s, ETA 12.9 min) loss_corrente=0.0082
    [epoch 7/50 train] batch 200/2995 (3.70 batch/s, ETA 12.6 min) loss_corrente=0.0077
    [epoch 7/50 train] batch 250/2995 (3.70 batch/s, ETA 12.4 min) loss_corrente=0.0078
    [epoch 7/50 train] batch 300/2995 (3.70 batch/s, ETA 12.1 min) loss_corrente=0.0073
    [epoch 7/50 train] batch 350/2995 (3.70 batch/s, ETA 11.9 min) loss_corrente=0.0071
    [epoch 7/50 train] batch 400/2995 (3.70 batch/s, ETA 11.7 min) loss_corrente=0.0067
    [epoch 7/50 train] batch 450/2995 (3.70 batch/s, ETA 11.5 min) loss_corrente=0.0063
    [epoch 7/50 train] batch 500/2995 (3.70 batch/s, ETA 11.2 min) loss_corrente=0.0073
    [epoch 7/50 train] batch 550/2995 (3.70 batch/s, ETA 11.0 min) loss_corrente=0.0074
    [epoch 7/50 train] batch 600/2995 (3.70 batch/s, ETA 10.8 min) loss_corrente=0.0068
    [epoch 7/50 train] batch 650/2995 (3.70 batch/s, ETA 10.6 min) loss_corrente=0.0069
    [epoch 7/50 train] batch 700/2995 (3.70 batch/s, ETA 10.3 min) loss_corrente=0.0072
    [epoch 7/50 train] batch 750/2995 (3.71 batch/s, ETA 10.1 min) loss_corrente=0.0074
    [epoch 7/50 train] batch 800/2995 (3.71 batch/s, ETA 9.9 min) loss_corrente=0.0079
    [epoch 7/50 train] batch 850/2995 (3.71 batch/s, ETA 9.6 min) loss_corrente=0.0075
    [epoch 7/50 train] batch 900/2995 (3.71 batch/s, ETA 9.4 min) loss_corrente=0.0077
    [epoch 7/50 train] batch 950/2995 (3.71 batch/s, ETA 9.2 min) loss_corrente=0.0078
    [epoch 7/50 train] batch 1000/2995 (3.71 batch/s, ETA 9.0 min) loss_corrente=0.0075
    [epoch 7/50 train] batch 1050/2995 (3.71 batch/s, ETA 8.7 min) loss_corrente=0.0084
    [epoch 7/50 train] batch 1100/2995 (3.71 batch/s, ETA 8.5 min) loss_corrente=0.0083
    [epoch 7/50 train] batch 1150/2995 (3.71 batch/s, ETA 8.3 min) loss_corrente=0.0082
    [epoch 7/50 train] batch 1200/2995 (3.70 batch/s, ETA 8.1 min) loss_corrente=0.0086
    [epoch 7/50 train] batch 1250/2995 (3.70 batch/s, ETA 7.9 min) loss_corrente=0.0087
    [epoch 7/50 train] batch 1300/2995 (3.70 batch/s, ETA 7.6 min) loss_corrente=0.0090
    [epoch 7/50 train] batch 1350/2995 (3.70 batch/s, ETA 7.4 min) loss_corrente=0.0091
    [epoch 7/50 train] batch 1400/2995 (3.70 batch/s, ETA 7.2 min) loss_corrente=0.0088
    [epoch 7/50 train] batch 1450/2995 (3.70 batch/s, ETA 7.0 min) loss_corrente=0.0088
    [epoch 7/50 train] batch 1500/2995 (3.70 batch/s, ETA 6.7 min) loss_corrente=0.0086
    [epoch 7/50 train] batch 1550/2995 (3.70 batch/s, ETA 6.5 min) loss_corrente=0.0088
    [epoch 7/50 train] batch 1600/2995 (3.70 batch/s, ETA 6.3 min) loss_corrente=0.0092
    [epoch 7/50 train] batch 1650/2995 (3.71 batch/s, ETA 6.1 min) loss_corrente=0.0095
    [epoch 7/50 train] batch 1700/2995 (3.70 batch/s, ETA 5.8 min) loss_corrente=0.0094
    [epoch 7/50 train] batch 1750/2995 (3.70 batch/s, ETA 5.6 min) loss_corrente=0.0093
    [epoch 7/50 train] batch 1800/2995 (3.70 batch/s, ETA 5.4 min) loss_corrente=0.0094
    [epoch 7/50 train] batch 1850/2995 (3.70 batch/s, ETA 5.2 min) loss_corrente=0.0093
    [epoch 7/50 train] batch 1900/2995 (3.70 batch/s, ETA 4.9 min) loss_corrente=0.0091
    [epoch 7/50 train] batch 1950/2995 (3.71 batch/s, ETA 4.7 min) loss_corrente=0.0091
    [epoch 7/50 train] batch 2000/2995 (3.71 batch/s, ETA 4.5 min) loss_corrente=0.0091
    [epoch 7/50 train] batch 2050/2995 (3.71 batch/s, ETA 4.3 min) loss_corrente=0.0094
    [epoch 7/50 train] batch 2100/2995 (3.71 batch/s, ETA 4.0 min) loss_corrente=0.0093
    [epoch 7/50 train] batch 2150/2995 (3.71 batch/s, ETA 3.8 min) loss_corrente=0.0092
    [epoch 7/50 train] batch 2200/2995 (3.71 batch/s, ETA 3.6 min) loss_corrente=0.0090
    [epoch 7/50 train] batch 2250/2995 (3.71 batch/s, ETA 3.4 min) loss_corrente=0.0089
    [epoch 7/50 train] batch 2300/2995 (3.71 batch/s, ETA 3.1 min) loss_corrente=0.0090
    [epoch 7/50 train] batch 2350/2995 (3.71 batch/s, ETA 2.9 min) loss_corrente=0.0089
    [epoch 7/50 train] batch 2400/2995 (3.71 batch/s, ETA 2.7 min) loss_corrente=0.0088
    [epoch 7/50 train] batch 2450/2995 (3.71 batch/s, ETA 2.5 min) loss_corrente=0.0086
    [epoch 7/50 train] batch 2500/2995 (3.71 batch/s, ETA 2.2 min) loss_corrente=0.0086
    [epoch 7/50 train] batch 2550/2995 (3.71 batch/s, ETA 2.0 min) loss_corrente=0.0085
    [epoch 7/50 train] batch 2600/2995 (3.71 batch/s, ETA 1.8 min) loss_corrente=0.0085
    [epoch 7/50 train] batch 2650/2995 (3.71 batch/s, ETA 1.6 min) loss_corrente=0.0087
    [epoch 7/50 train] batch 2700/2995 (3.71 batch/s, ETA 1.3 min) loss_corrente=0.0088
    [epoch 7/50 train] batch 2750/2995 (3.71 batch/s, ETA 1.1 min) loss_corrente=0.0088
    [epoch 7/50 train] batch 2800/2995 (3.71 batch/s, ETA 0.9 min) loss_corrente=0.0087
    [epoch 7/50 train] batch 2850/2995 (3.71 batch/s, ETA 0.7 min) loss_corrente=0.0086
    [epoch 7/50 train] batch 2900/2995 (3.71 batch/s, ETA 0.4 min) loss_corrente=0.0085
    [epoch 7/50 train] batch 2950/2995 (3.71 batch/s, ETA 0.2 min) loss_corrente=0.0084
    [epoch 7/50 train] batch 2995/2995 (3.71 batch/s, ETA 0.0 min) loss_corrente=0.0084
    [epoch 7/50 val] batch 50/528 (8.86 batch/s, ETA 0.9 min) loss_corrente=0.1358
    [epoch 7/50 val] batch 100/528 (8.98 batch/s, ETA 0.8 min) loss_corrente=0.0860
    [epoch 7/50 val] batch 150/528 (9.02 batch/s, ETA 0.7 min) loss_corrente=0.0818
    [epoch 7/50 val] batch 200/528 (9.04 batch/s, ETA 0.6 min) loss_corrente=0.0720
    [epoch 7/50 val] batch 250/528 (9.05 batch/s, ETA 0.5 min) loss_corrente=0.0781
    [epoch 7/50 val] batch 300/528 (9.05 batch/s, ETA 0.4 min) loss_corrente=0.0714
    [epoch 7/50 val] batch 350/528 (9.05 batch/s, ETA 0.3 min) loss_corrente=0.0742
    [epoch 7/50 val] batch 400/528 (9.05 batch/s, ETA 0.2 min) loss_corrente=0.0690
    [epoch 7/50 val] batch 450/528 (9.06 batch/s, ETA 0.1 min) loss_corrente=0.0676
    [epoch 7/50 val] batch 500/528 (9.06 batch/s, ETA 0.1 min) loss_corrente=0.0645
    [epoch 7/50 val] batch 528/528 (9.06 batch/s, ETA 0.0 min) loss_corrente=0.0639
Epoch   7/50 | train_loss=0.0084 train_acc=0.997 | val_loss=0.0639 val_acc=0.986

[Early stopping] Nessun miglioramento da 5 epoche

[Completato] Best val_loss=0.0483
[Output] weights/fase3_siglip_lora_full/fase3_siglip_lora_full_r8_neg05_pad50/results.csv  (compatibile con analyze_yolo_loss_magnitude.py)
[Output] weights/fase3_siglip_lora_full/fase3_siglip_lora_full_r8_neg05_pad50/best  (adapter LoRA visual+text, logit_scale/bias migliori)
==================================================
Job completato: Tue Aug  4 06:06:06 PM CEST 2026
==================================================
