==================================================
Job: oos_fase3_mlp_r8_pad50 (MLP, rank=8, padding=0.50, neg_ratio 0.25 e 0.5)
Data: Tue Aug  4 10:34:57 AM CEST 2026
Nodo: ainode01
==================================================
NVIDIA H100 80GB HBM3, 81559 MiB
[Setup] Device: cuda
[Setup] Carico processor/modello: google/siglip2-giant-opt-patch16-384
[Dati] Costruisco dataset di training...
[Dataset] train: 32554 positivi, 7139 negativi (39693 campioni totali)
[Dati] Costruisco dataset di validazione...
[Dataset] val: 5783 positivi, 1237 negativi (7020 campioni totali)
[Modello] Costruisco SigLIP2 + LoRA + MLP...
[Modello] LoRA rank=8, alpha=16 (rapporto alpha/r=2.0)
[Modello] Parametri allenabili: 3,147,265 / 1,166,807,041 (0.27%)
[Optimizer] lr adapter LoRA=3e-05  |  lr MLP head=0.001

[Training] Inizio — 50 epoche, batch=16, lr=3e-05
    [epoch 1/50 train] batch 50/2481 (4.46 batch/s, ETA 9.1 min) loss_corrente=0.4181
    [epoch 1/50 train] batch 100/2481 (4.73 batch/s, ETA 8.4 min) loss_corrente=0.3839
    [epoch 1/50 train] batch 150/2481 (4.82 batch/s, ETA 8.1 min) loss_corrente=0.3454
    [epoch 1/50 train] batch 200/2481 (4.87 batch/s, ETA 7.8 min) loss_corrente=0.3091
    [epoch 1/50 train] batch 250/2481 (4.90 batch/s, ETA 7.6 min) loss_corrente=0.2871
    [epoch 1/50 train] batch 300/2481 (4.92 batch/s, ETA 7.4 min) loss_corrente=0.2573
    [epoch 1/50 train] batch 350/2481 (4.94 batch/s, ETA 7.2 min) loss_corrente=0.2398
    [epoch 1/50 train] batch 400/2481 (4.95 batch/s, ETA 7.0 min) loss_corrente=0.2240
    [epoch 1/50 train] batch 450/2481 (4.96 batch/s, ETA 6.8 min) loss_corrente=0.2116
    [epoch 1/50 train] batch 500/2481 (4.96 batch/s, ETA 6.7 min) loss_corrente=0.2058
    [epoch 1/50 train] batch 550/2481 (4.97 batch/s, ETA 6.5 min) loss_corrente=0.1945
    [epoch 1/50 train] batch 600/2481 (4.97 batch/s, ETA 6.3 min) loss_corrente=0.1894
    [epoch 1/50 train] batch 650/2481 (4.98 batch/s, ETA 6.1 min) loss_corrente=0.1820
    [epoch 1/50 train] batch 700/2481 (4.98 batch/s, ETA 6.0 min) loss_corrente=0.1750
    [epoch 1/50 train] batch 750/2481 (4.98 batch/s, ETA 5.8 min) loss_corrente=0.1685
    [epoch 1/50 train] batch 800/2481 (4.99 batch/s, ETA 5.6 min) loss_corrente=0.1627
    [epoch 1/50 train] batch 850/2481 (4.99 batch/s, ETA 5.4 min) loss_corrente=0.1575
    [epoch 1/50 train] batch 900/2481 (4.99 batch/s, ETA 5.3 min) loss_corrente=0.1527
    [epoch 1/50 train] batch 950/2481 (4.99 batch/s, ETA 5.1 min) loss_corrente=0.1489
    [epoch 1/50 train] batch 1000/2481 (4.99 batch/s, ETA 4.9 min) loss_corrente=0.1439
    [epoch 1/50 train] batch 1050/2481 (5.00 batch/s, ETA 4.8 min) loss_corrente=0.1416
    [epoch 1/50 train] batch 1100/2481 (5.00 batch/s, ETA 4.6 min) loss_corrente=0.1381
    [epoch 1/50 train] batch 1150/2481 (5.00 batch/s, ETA 4.4 min) loss_corrente=0.1351
    [epoch 1/50 train] batch 1200/2481 (5.00 batch/s, ETA 4.3 min) loss_corrente=0.1323
    [epoch 1/50 train] batch 1250/2481 (5.00 batch/s, ETA 4.1 min) loss_corrente=0.1291
    [epoch 1/50 train] batch 1300/2481 (5.00 batch/s, ETA 3.9 min) loss_corrente=0.1258
    [epoch 1/50 train] batch 1350/2481 (5.00 batch/s, ETA 3.8 min) loss_corrente=0.1228
    [epoch 1/50 train] batch 1400/2481 (5.00 batch/s, ETA 3.6 min) loss_corrente=0.1208
    [epoch 1/50 train] batch 1450/2481 (5.00 batch/s, ETA 3.4 min) loss_corrente=0.1184
    [epoch 1/50 train] batch 1500/2481 (5.00 batch/s, ETA 3.3 min) loss_corrente=0.1161
    [epoch 1/50 train] batch 1550/2481 (5.01 batch/s, ETA 3.1 min) loss_corrente=0.1149
    [epoch 1/50 train] batch 1600/2481 (5.01 batch/s, ETA 2.9 min) loss_corrente=0.1133
    [epoch 1/50 train] batch 1650/2481 (5.01 batch/s, ETA 2.8 min) loss_corrente=0.1113
    [epoch 1/50 train] batch 1700/2481 (5.01 batch/s, ETA 2.6 min) loss_corrente=0.1099
    [epoch 1/50 train] batch 1750/2481 (5.01 batch/s, ETA 2.4 min) loss_corrente=0.1085
    [epoch 1/50 train] batch 1800/2481 (5.01 batch/s, ETA 2.3 min) loss_corrente=0.1077
    [epoch 1/50 train] batch 1850/2481 (5.01 batch/s, ETA 2.1 min) loss_corrente=0.1066
    [epoch 1/50 train] batch 1900/2481 (5.01 batch/s, ETA 1.9 min) loss_corrente=0.1046
    [epoch 1/50 train] batch 1950/2481 (5.01 batch/s, ETA 1.8 min) loss_corrente=0.1034
    [epoch 1/50 train] batch 2000/2481 (5.01 batch/s, ETA 1.6 min) loss_corrente=0.1020
    [epoch 1/50 train] batch 2050/2481 (5.01 batch/s, ETA 1.4 min) loss_corrente=0.1007
    [epoch 1/50 train] batch 2100/2481 (5.01 batch/s, ETA 1.3 min) loss_corrente=0.0998
    [epoch 1/50 train] batch 2150/2481 (5.01 batch/s, ETA 1.1 min) loss_corrente=0.0990
    [epoch 1/50 train] batch 2200/2481 (5.01 batch/s, ETA 0.9 min) loss_corrente=0.0980
    [epoch 1/50 train] batch 2250/2481 (5.01 batch/s, ETA 0.8 min) loss_corrente=0.0975
    [epoch 1/50 train] batch 2300/2481 (5.01 batch/s, ETA 0.6 min) loss_corrente=0.0968
    [epoch 1/50 train] batch 2350/2481 (5.01 batch/s, ETA 0.4 min) loss_corrente=0.0957
    [epoch 1/50 train] batch 2400/2481 (5.01 batch/s, ETA 0.3 min) loss_corrente=0.0947
    [epoch 1/50 train] batch 2450/2481 (5.01 batch/s, ETA 0.1 min) loss_corrente=0.0940
    [epoch 1/50 train] batch 2481/2481 (5.01 batch/s, ETA 0.0 min) loss_corrente=0.0933
    [epoch 1/50 val] batch 50/439 (10.25 batch/s, ETA 0.6 min) loss_corrente=0.0737
    [epoch 1/50 val] batch 100/439 (10.95 batch/s, ETA 0.5 min) loss_corrente=0.0610
    [epoch 1/50 val] batch 150/439 (11.20 batch/s, ETA 0.4 min) loss_corrente=0.0518
    [epoch 1/50 val] batch 200/439 (11.34 batch/s, ETA 0.4 min) loss_corrente=0.0577
    [epoch 1/50 val] batch 250/439 (11.41 batch/s, ETA 0.3 min) loss_corrente=0.0569
    [epoch 1/50 val] batch 300/439 (11.47 batch/s, ETA 0.2 min) loss_corrente=0.0550
    [epoch 1/50 val] batch 350/439 (11.51 batch/s, ETA 0.1 min) loss_corrente=0.0513
    [epoch 1/50 val] batch 400/439 (11.54 batch/s, ETA 0.1 min) loss_corrente=0.0549
    [epoch 1/50 val] batch 439/439 (11.56 batch/s, ETA 0.0 min) loss_corrente=0.0539
Epoch   1/50 | train_loss=0.0933 train_acc=0.967 | val_loss=0.0539 val_acc=0.984
    [epoch 2/50 train] batch 50/2481 (4.97 batch/s, ETA 8.2 min) loss_corrente=0.0404
    [epoch 2/50 train] batch 100/2481 (5.00 batch/s, ETA 7.9 min) loss_corrente=0.0394
    [epoch 2/50 train] batch 150/2481 (5.01 batch/s, ETA 7.8 min) loss_corrente=0.0380
    [epoch 2/50 train] batch 200/2481 (5.01 batch/s, ETA 7.6 min) loss_corrente=0.0412
    [epoch 2/50 train] batch 250/2481 (5.02 batch/s, ETA 7.4 min) loss_corrente=0.0381
    [epoch 2/50 train] batch 300/2481 (5.02 batch/s, ETA 7.2 min) loss_corrente=0.0379
    [epoch 2/50 train] batch 350/2481 (5.02 batch/s, ETA 7.1 min) loss_corrente=0.0381
    [epoch 2/50 train] batch 400/2481 (5.02 batch/s, ETA 6.9 min) loss_corrente=0.0368
    [epoch 2/50 train] batch 450/2481 (5.02 batch/s, ETA 6.7 min) loss_corrente=0.0389
    [epoch 2/50 train] batch 500/2481 (5.03 batch/s, ETA 6.6 min) loss_corrente=0.0404
    [epoch 2/50 train] batch 550/2481 (5.03 batch/s, ETA 6.4 min) loss_corrente=0.0397
    [epoch 2/50 train] batch 600/2481 (5.03 batch/s, ETA 6.2 min) loss_corrente=0.0401
    [epoch 2/50 train] batch 650/2481 (5.03 batch/s, ETA 6.1 min) loss_corrente=0.0392
    [epoch 2/50 train] batch 700/2481 (5.03 batch/s, ETA 5.9 min) loss_corrente=0.0397
    [epoch 2/50 train] batch 750/2481 (5.03 batch/s, ETA 5.7 min) loss_corrente=0.0397
    [epoch 2/50 train] batch 800/2481 (5.03 batch/s, ETA 5.6 min) loss_corrente=0.0400
    [epoch 2/50 train] batch 850/2481 (5.03 batch/s, ETA 5.4 min) loss_corrente=0.0399
    [epoch 2/50 train] batch 900/2481 (5.03 batch/s, ETA 5.2 min) loss_corrente=0.0392
    [epoch 2/50 train] batch 950/2481 (5.03 batch/s, ETA 5.1 min) loss_corrente=0.0400
    [epoch 2/50 train] batch 1000/2481 (5.03 batch/s, ETA 4.9 min) loss_corrente=0.0398
    [epoch 2/50 train] batch 1050/2481 (5.03 batch/s, ETA 4.7 min) loss_corrente=0.0400
    [epoch 2/50 train] batch 1100/2481 (5.03 batch/s, ETA 4.6 min) loss_corrente=0.0391
    [epoch 2/50 train] batch 1150/2481 (5.03 batch/s, ETA 4.4 min) loss_corrente=0.0397
    [epoch 2/50 train] batch 1200/2481 (5.03 batch/s, ETA 4.2 min) loss_corrente=0.0396
    [epoch 2/50 train] batch 1250/2481 (5.03 batch/s, ETA 4.1 min) loss_corrente=0.0393
    [epoch 2/50 train] batch 1300/2481 (5.03 batch/s, ETA 3.9 min) loss_corrente=0.0397
    [epoch 2/50 train] batch 1350/2481 (5.03 batch/s, ETA 3.7 min) loss_corrente=0.0393
    [epoch 2/50 train] batch 1400/2481 (5.03 batch/s, ETA 3.6 min) loss_corrente=0.0393
    [epoch 2/50 train] batch 1450/2481 (5.03 batch/s, ETA 3.4 min) loss_corrente=0.0390
    [epoch 2/50 train] batch 1500/2481 (5.03 batch/s, ETA 3.3 min) loss_corrente=0.0393
    [epoch 2/50 train] batch 1550/2481 (5.03 batch/s, ETA 3.1 min) loss_corrente=0.0391
    [epoch 2/50 train] batch 1600/2481 (5.03 batch/s, ETA 2.9 min) loss_corrente=0.0385
    [epoch 2/50 train] batch 1650/2481 (5.03 batch/s, ETA 2.8 min) loss_corrente=0.0384
    [epoch 2/50 train] batch 1700/2481 (5.03 batch/s, ETA 2.6 min) loss_corrente=0.0385
    [epoch 2/50 train] batch 1750/2481 (5.03 batch/s, ETA 2.4 min) loss_corrente=0.0378
    [epoch 2/50 train] batch 1800/2481 (5.03 batch/s, ETA 2.3 min) loss_corrente=0.0376
    [epoch 2/50 train] batch 1850/2481 (5.03 batch/s, ETA 2.1 min) loss_corrente=0.0375
    [epoch 2/50 train] batch 1900/2481 (5.03 batch/s, ETA 1.9 min) loss_corrente=0.0379
    [epoch 2/50 train] batch 1950/2481 (5.03 batch/s, ETA 1.8 min) loss_corrente=0.0383
    [epoch 2/50 train] batch 2000/2481 (5.03 batch/s, ETA 1.6 min) loss_corrente=0.0383
    [epoch 2/50 train] batch 2050/2481 (5.03 batch/s, ETA 1.4 min) loss_corrente=0.0381
    [epoch 2/50 train] batch 2100/2481 (5.03 batch/s, ETA 1.3 min) loss_corrente=0.0385
    [epoch 2/50 train] batch 2150/2481 (5.03 batch/s, ETA 1.1 min) loss_corrente=0.0386
    [epoch 2/50 train] batch 2200/2481 (5.03 batch/s, ETA 0.9 min) loss_corrente=0.0384
    [epoch 2/50 train] batch 2250/2481 (5.03 batch/s, ETA 0.8 min) loss_corrente=0.0379
    [epoch 2/50 train] batch 2300/2481 (5.03 batch/s, ETA 0.6 min) loss_corrente=0.0375
    [epoch 2/50 train] batch 2350/2481 (5.03 batch/s, ETA 0.4 min) loss_corrente=0.0375
    [epoch 2/50 train] batch 2400/2481 (5.03 batch/s, ETA 0.3 min) loss_corrente=0.0376
    [epoch 2/50 train] batch 2450/2481 (5.03 batch/s, ETA 0.1 min) loss_corrente=0.0373
    [epoch 2/50 train] batch 2481/2481 (5.03 batch/s, ETA 0.0 min) loss_corrente=0.0374
    [epoch 2/50 val] batch 50/439 (11.43 batch/s, ETA 0.6 min) loss_corrente=0.0916
    [epoch 2/50 val] batch 100/439 (11.58 batch/s, ETA 0.5 min) loss_corrente=0.0848
    [epoch 2/50 val] batch 150/439 (11.63 batch/s, ETA 0.4 min) loss_corrente=0.0699
    [epoch 2/50 val] batch 200/439 (11.66 batch/s, ETA 0.3 min) loss_corrente=0.0735
    [epoch 2/50 val] batch 250/439 (11.65 batch/s, ETA 0.3 min) loss_corrente=0.0703
    [epoch 2/50 val] batch 300/439 (11.67 batch/s, ETA 0.2 min) loss_corrente=0.0700
    [epoch 2/50 val] batch 350/439 (11.68 batch/s, ETA 0.1 min) loss_corrente=0.0667
    [epoch 2/50 val] batch 400/439 (11.69 batch/s, ETA 0.1 min) loss_corrente=0.0693
    [epoch 2/50 val] batch 439/439 (11.70 batch/s, ETA 0.0 min) loss_corrente=0.0690
Epoch   2/50 | train_loss=0.0374 train_acc=0.988 | val_loss=0.0690 val_acc=0.978
    [epoch 3/50 train] batch 50/2481 (4.95 batch/s, ETA 8.2 min) loss_corrente=0.0282
    [epoch 3/50 train] batch 100/2481 (4.99 batch/s, ETA 8.0 min) loss_corrente=0.0293
    [epoch 3/50 train] batch 150/2481 (5.00 batch/s, ETA 7.8 min) loss_corrente=0.0292
    [epoch 3/50 train] batch 200/2481 (5.01 batch/s, ETA 7.6 min) loss_corrente=0.0275
    [epoch 3/50 train] batch 250/2481 (5.01 batch/s, ETA 7.4 min) loss_corrente=0.0293
    [epoch 3/50 train] batch 300/2481 (5.01 batch/s, ETA 7.2 min) loss_corrente=0.0289
    [epoch 3/50 train] batch 350/2481 (5.02 batch/s, ETA 7.1 min) loss_corrente=0.0284
    [epoch 3/50 train] batch 400/2481 (5.02 batch/s, ETA 6.9 min) loss_corrente=0.0269
    [epoch 3/50 train] batch 450/2481 (5.02 batch/s, ETA 6.7 min) loss_corrente=0.0260
    [epoch 3/50 train] batch 500/2481 (5.02 batch/s, ETA 6.6 min) loss_corrente=0.0255
    [epoch 3/50 train] batch 550/2481 (5.02 batch/s, ETA 6.4 min) loss_corrente=0.0248
    [epoch 3/50 train] batch 600/2481 (5.02 batch/s, ETA 6.2 min) loss_corrente=0.0238
    [epoch 3/50 train] batch 650/2481 (5.02 batch/s, ETA 6.1 min) loss_corrente=0.0244
    [epoch 3/50 train] batch 700/2481 (5.02 batch/s, ETA 5.9 min) loss_corrente=0.0239
    [epoch 3/50 train] batch 750/2481 (5.02 batch/s, ETA 5.7 min) loss_corrente=0.0237
    [epoch 3/50 train] batch 800/2481 (5.02 batch/s, ETA 5.6 min) loss_corrente=0.0235
    [epoch 3/50 train] batch 850/2481 (5.02 batch/s, ETA 5.4 min) loss_corrente=0.0237
    [epoch 3/50 train] batch 900/2481 (5.02 batch/s, ETA 5.2 min) loss_corrente=0.0245
    [epoch 3/50 train] batch 950/2481 (5.02 batch/s, ETA 5.1 min) loss_corrente=0.0247
    [epoch 3/50 train] batch 1000/2481 (5.02 batch/s, ETA 4.9 min) loss_corrente=0.0254
    [epoch 3/50 train] batch 1050/2481 (5.02 batch/s, ETA 4.7 min) loss_corrente=0.0255
    [epoch 3/50 train] batch 1100/2481 (5.02 batch/s, ETA 4.6 min) loss_corrente=0.0261
    [epoch 3/50 train] batch 1150/2481 (5.02 batch/s, ETA 4.4 min) loss_corrente=0.0266
    [epoch 3/50 train] batch 1200/2481 (5.02 batch/s, ETA 4.2 min) loss_corrente=0.0269
    [epoch 3/50 train] batch 1250/2481 (5.02 batch/s, ETA 4.1 min) loss_corrente=0.0267
    [epoch 3/50 train] batch 1300/2481 (5.02 batch/s, ETA 3.9 min) loss_corrente=0.0267
    [epoch 3/50 train] batch 1350/2481 (5.02 batch/s, ETA 3.8 min) loss_corrente=0.0266
    [epoch 3/50 train] batch 1400/2481 (5.02 batch/s, ETA 3.6 min) loss_corrente=0.0264
    [epoch 3/50 train] batch 1450/2481 (5.02 batch/s, ETA 3.4 min) loss_corrente=0.0264
    [epoch 3/50 train] batch 1500/2481 (5.02 batch/s, ETA 3.3 min) loss_corrente=0.0263
    [epoch 3/50 train] batch 1550/2481 (5.02 batch/s, ETA 3.1 min) loss_corrente=0.0262
    [epoch 3/50 train] batch 1600/2481 (5.02 batch/s, ETA 2.9 min) loss_corrente=0.0262
    [epoch 3/50 train] batch 1650/2481 (5.02 batch/s, ETA 2.8 min) loss_corrente=0.0265
    [epoch 3/50 train] batch 1700/2481 (5.02 batch/s, ETA 2.6 min) loss_corrente=0.0266
    [epoch 3/50 train] batch 1750/2481 (5.02 batch/s, ETA 2.4 min) loss_corrente=0.0267
    [epoch 3/50 train] batch 1800/2481 (5.02 batch/s, ETA 2.3 min) loss_corrente=0.0272
    [epoch 3/50 train] batch 1850/2481 (5.02 batch/s, ETA 2.1 min) loss_corrente=0.0269
    [epoch 3/50 train] batch 1900/2481 (5.02 batch/s, ETA 1.9 min) loss_corrente=0.0267
    [epoch 3/50 train] batch 1950/2481 (5.02 batch/s, ETA 1.8 min) loss_corrente=0.0271
    [epoch 3/50 train] batch 2000/2481 (5.02 batch/s, ETA 1.6 min) loss_corrente=0.0274
    [epoch 3/50 train] batch 2050/2481 (5.02 batch/s, ETA 1.4 min) loss_corrente=0.0275
    [epoch 3/50 train] batch 2100/2481 (5.02 batch/s, ETA 1.3 min) loss_corrente=0.0275
    [epoch 3/50 train] batch 2150/2481 (5.02 batch/s, ETA 1.1 min) loss_corrente=0.0272
    [epoch 3/50 train] batch 2200/2481 (5.02 batch/s, ETA 0.9 min) loss_corrente=0.0270
    [epoch 3/50 train] batch 2250/2481 (5.02 batch/s, ETA 0.8 min) loss_corrente=0.0266
    [epoch 3/50 train] batch 2300/2481 (5.02 batch/s, ETA 0.6 min) loss_corrente=0.0266
    [epoch 3/50 train] batch 2350/2481 (5.02 batch/s, ETA 0.4 min) loss_corrente=0.0271
    [epoch 3/50 train] batch 2400/2481 (5.02 batch/s, ETA 0.3 min) loss_corrente=0.0269
    [epoch 3/50 train] batch 2450/2481 (5.02 batch/s, ETA 0.1 min) loss_corrente=0.0269
    [epoch 3/50 train] batch 2481/2481 (5.03 batch/s, ETA 0.0 min) loss_corrente=0.0269
    [epoch 3/50 val] batch 50/439 (11.43 batch/s, ETA 0.6 min) loss_corrente=0.0870
    [epoch 3/50 val] batch 100/439 (11.59 batch/s, ETA 0.5 min) loss_corrente=0.0726
    [epoch 3/50 val] batch 150/439 (11.65 batch/s, ETA 0.4 min) loss_corrente=0.0601
    [epoch 3/50 val] batch 200/439 (11.67 batch/s, ETA 0.3 min) loss_corrente=0.0663
    [epoch 3/50 val] batch 250/439 (11.69 batch/s, ETA 0.3 min) loss_corrente=0.0616
    [epoch 3/50 val] batch 300/439 (11.70 batch/s, ETA 0.2 min) loss_corrente=0.0623
    [epoch 3/50 val] batch 350/439 (11.70 batch/s, ETA 0.1 min) loss_corrente=0.0593
    [epoch 3/50 val] batch 400/439 (11.71 batch/s, ETA 0.1 min) loss_corrente=0.0624
    [epoch 3/50 val] batch 439/439 (11.72 batch/s, ETA 0.0 min) loss_corrente=0.0608
Epoch   3/50 | train_loss=0.0269 train_acc=0.992 | val_loss=0.0608 val_acc=0.982
    [epoch 4/50 train] batch 50/2481 (4.94 batch/s, ETA 8.2 min) loss_corrente=0.0250
    [epoch 4/50 train] batch 100/2481 (4.98 batch/s, ETA 8.0 min) loss_corrente=0.0233
    [epoch 4/50 train] batch 150/2481 (5.00 batch/s, ETA 7.8 min) loss_corrente=0.0229
    [epoch 4/50 train] batch 200/2481 (5.00 batch/s, ETA 7.6 min) loss_corrente=0.0197
    [epoch 4/50 train] batch 250/2481 (5.01 batch/s, ETA 7.4 min) loss_corrente=0.0174
    [epoch 4/50 train] batch 300/2481 (5.01 batch/s, ETA 7.3 min) loss_corrente=0.0149
    [epoch 4/50 train] batch 350/2481 (5.02 batch/s, ETA 7.1 min) loss_corrente=0.0140
    [epoch 4/50 train] batch 400/2481 (5.02 batch/s, ETA 6.9 min) loss_corrente=0.0130
    [epoch 4/50 train] batch 450/2481 (5.02 batch/s, ETA 6.7 min) loss_corrente=0.0155
    [epoch 4/50 train] batch 500/2481 (5.02 batch/s, ETA 6.6 min) loss_corrente=0.0177
    [epoch 4/50 train] batch 550/2481 (5.02 batch/s, ETA 6.4 min) loss_corrente=0.0180
    [epoch 4/50 train] batch 600/2481 (5.02 batch/s, ETA 6.2 min) loss_corrente=0.0190
    [epoch 4/50 train] batch 650/2481 (5.02 batch/s, ETA 6.1 min) loss_corrente=0.0180
    [epoch 4/50 train] batch 700/2481 (5.02 batch/s, ETA 5.9 min) loss_corrente=0.0178
    [epoch 4/50 train] batch 750/2481 (5.02 batch/s, ETA 5.7 min) loss_corrente=0.0169
    [epoch 4/50 train] batch 800/2481 (5.02 batch/s, ETA 5.6 min) loss_corrente=0.0167
    [epoch 4/50 train] batch 850/2481 (5.02 batch/s, ETA 5.4 min) loss_corrente=0.0162
    [epoch 4/50 train] batch 900/2481 (5.02 batch/s, ETA 5.2 min) loss_corrente=0.0165
    [epoch 4/50 train] batch 950/2481 (5.02 batch/s, ETA 5.1 min) loss_corrente=0.0165
    [epoch 4/50 train] batch 1000/2481 (5.02 batch/s, ETA 4.9 min) loss_corrente=0.0167
    [epoch 4/50 train] batch 1050/2481 (5.03 batch/s, ETA 4.7 min) loss_corrente=0.0162
    [epoch 4/50 train] batch 1100/2481 (5.03 batch/s, ETA 4.6 min) loss_corrente=0.0158
    [epoch 4/50 train] batch 1150/2481 (5.03 batch/s, ETA 4.4 min) loss_corrente=0.0156
    [epoch 4/50 train] batch 1200/2481 (5.03 batch/s, ETA 4.2 min) loss_corrente=0.0159
    [epoch 4/50 train] batch 1250/2481 (5.03 batch/s, ETA 4.1 min) loss_corrente=0.0162
    [epoch 4/50 train] batch 1300/2481 (5.03 batch/s, ETA 3.9 min) loss_corrente=0.0162
    [epoch 4/50 train] batch 1350/2481 (5.03 batch/s, ETA 3.7 min) loss_corrente=0.0163
    [epoch 4/50 train] batch 1400/2481 (5.03 batch/s, ETA 3.6 min) loss_corrente=0.0164
    [epoch 4/50 train] batch 1450/2481 (5.03 batch/s, ETA 3.4 min) loss_corrente=0.0168
    [epoch 4/50 train] batch 1500/2481 (5.03 batch/s, ETA 3.3 min) loss_corrente=0.0170
    [epoch 4/50 train] batch 1550/2481 (5.03 batch/s, ETA 3.1 min) loss_corrente=0.0168
    [epoch 4/50 train] batch 1600/2481 (5.03 batch/s, ETA 2.9 min) loss_corrente=0.0171
    [epoch 4/50 train] batch 1650/2481 (5.03 batch/s, ETA 2.8 min) loss_corrente=0.0173
    [epoch 4/50 train] batch 1700/2481 (5.03 batch/s, ETA 2.6 min) loss_corrente=0.0173
    [epoch 4/50 train] batch 1750/2481 (5.03 batch/s, ETA 2.4 min) loss_corrente=0.0169
    [epoch 4/50 train] batch 1800/2481 (5.03 batch/s, ETA 2.3 min) loss_corrente=0.0170
    [epoch 4/50 train] batch 1850/2481 (5.03 batch/s, ETA 2.1 min) loss_corrente=0.0169
    [epoch 4/50 train] batch 1900/2481 (5.03 batch/s, ETA 1.9 min) loss_corrente=0.0176
    [epoch 4/50 train] batch 1950/2481 (5.03 batch/s, ETA 1.8 min) loss_corrente=0.0180
    [epoch 4/50 train] batch 2000/2481 (5.03 batch/s, ETA 1.6 min) loss_corrente=0.0177
    [epoch 4/50 train] batch 2050/2481 (5.03 batch/s, ETA 1.4 min) loss_corrente=0.0183
    [epoch 4/50 train] batch 2100/2481 (5.03 batch/s, ETA 1.3 min) loss_corrente=0.0182
    [epoch 4/50 train] batch 2150/2481 (5.03 batch/s, ETA 1.1 min) loss_corrente=0.0180
    [epoch 4/50 train] batch 2200/2481 (5.03 batch/s, ETA 0.9 min) loss_corrente=0.0179
    [epoch 4/50 train] batch 2250/2481 (5.03 batch/s, ETA 0.8 min) loss_corrente=0.0178
    [epoch 4/50 train] batch 2300/2481 (5.03 batch/s, ETA 0.6 min) loss_corrente=0.0177
    [epoch 4/50 train] batch 2350/2481 (5.03 batch/s, ETA 0.4 min) loss_corrente=0.0176
    [epoch 4/50 train] batch 2400/2481 (5.03 batch/s, ETA 0.3 min) loss_corrente=0.0179
    [epoch 4/50 train] batch 2450/2481 (5.03 batch/s, ETA 0.1 min) loss_corrente=0.0181
    [epoch 4/50 train] batch 2481/2481 (5.03 batch/s, ETA 0.0 min) loss_corrente=0.0181
    [epoch 4/50 val] batch 50/439 (11.39 batch/s, ETA 0.6 min) loss_corrente=0.0948
    [epoch 4/50 val] batch 100/439 (11.56 batch/s, ETA 0.5 min) loss_corrente=0.0842
    [epoch 4/50 val] batch 150/439 (11.61 batch/s, ETA 0.4 min) loss_corrente=0.0708
    [epoch 4/50 val] batch 200/439 (11.64 batch/s, ETA 0.3 min) loss_corrente=0.0728
    [epoch 4/50 val] batch 250/439 (11.66 batch/s, ETA 0.3 min) loss_corrente=0.0652
    [epoch 4/50 val] batch 300/439 (11.68 batch/s, ETA 0.2 min) loss_corrente=0.0666
    [epoch 4/50 val] batch 350/439 (11.69 batch/s, ETA 0.1 min) loss_corrente=0.0622
    [epoch 4/50 val] batch 400/439 (11.69 batch/s, ETA 0.1 min) loss_corrente=0.0638
    [epoch 4/50 val] batch 439/439 (11.71 batch/s, ETA 0.0 min) loss_corrente=0.0644
Epoch   4/50 | train_loss=0.0181 train_acc=0.994 | val_loss=0.0644 val_acc=0.983
    [epoch 5/50 train] batch 50/2481 (4.96 batch/s, ETA 8.2 min) loss_corrente=0.0289
    [epoch 5/50 train] batch 100/2481 (4.99 batch/s, ETA 7.9 min) loss_corrente=0.0163
    [epoch 5/50 train] batch 150/2481 (5.01 batch/s, ETA 7.8 min) loss_corrente=0.0168
    [epoch 5/50 train] batch 200/2481 (5.01 batch/s, ETA 7.6 min) loss_corrente=0.0142
    [epoch 5/50 train] batch 250/2481 (5.02 batch/s, ETA 7.4 min) loss_corrente=0.0150
    [epoch 5/50 train] batch 300/2481 (5.02 batch/s, ETA 7.2 min) loss_corrente=0.0177
    [epoch 5/50 train] batch 350/2481 (5.02 batch/s, ETA 7.1 min) loss_corrente=0.0181
    [epoch 5/50 train] batch 400/2481 (5.02 batch/s, ETA 6.9 min) loss_corrente=0.0172
    [epoch 5/50 train] batch 450/2481 (5.02 batch/s, ETA 6.7 min) loss_corrente=0.0158
    [epoch 5/50 train] batch 500/2481 (5.02 batch/s, ETA 6.6 min) loss_corrente=0.0160
    [epoch 5/50 train] batch 550/2481 (5.03 batch/s, ETA 6.4 min) loss_corrente=0.0158
    [epoch 5/50 train] batch 600/2481 (5.03 batch/s, ETA 6.2 min) loss_corrente=0.0166
    [epoch 5/50 train] batch 650/2481 (5.03 batch/s, ETA 6.1 min) loss_corrente=0.0164
    [epoch 5/50 train] batch 700/2481 (5.03 batch/s, ETA 5.9 min) loss_corrente=0.0164
    [epoch 5/50 train] batch 750/2481 (5.03 batch/s, ETA 5.7 min) loss_corrente=0.0157
    [epoch 5/50 train] batch 800/2481 (5.03 batch/s, ETA 5.6 min) loss_corrente=0.0158
    [epoch 5/50 train] batch 850/2481 (5.03 batch/s, ETA 5.4 min) loss_corrente=0.0152
    [epoch 5/50 train] batch 900/2481 (5.03 batch/s, ETA 5.2 min) loss_corrente=0.0155
    [epoch 5/50 train] batch 950/2481 (5.03 batch/s, ETA 5.1 min) loss_corrente=0.0152
    [epoch 5/50 train] batch 1000/2481 (5.03 batch/s, ETA 4.9 min) loss_corrente=0.0152
    [epoch 5/50 train] batch 1050/2481 (5.03 batch/s, ETA 4.7 min) loss_corrente=0.0152
    [epoch 5/50 train] batch 1100/2481 (5.03 batch/s, ETA 4.6 min) loss_corrente=0.0153
    [epoch 5/50 train] batch 1150/2481 (5.03 batch/s, ETA 4.4 min) loss_corrente=0.0155
    [epoch 5/50 train] batch 1200/2481 (5.03 batch/s, ETA 4.2 min) loss_corrente=0.0150
    [epoch 5/50 train] batch 1250/2481 (5.03 batch/s, ETA 4.1 min) loss_corrente=0.0150
    [epoch 5/50 train] batch 1300/2481 (5.03 batch/s, ETA 3.9 min) loss_corrente=0.0145
    [epoch 5/50 train] batch 1350/2481 (5.03 batch/s, ETA 3.7 min) loss_corrente=0.0144
    [epoch 5/50 train] batch 1400/2481 (5.03 batch/s, ETA 3.6 min) loss_corrente=0.0142
    [epoch 5/50 train] batch 1450/2481 (5.03 batch/s, ETA 3.4 min) loss_corrente=0.0148
    [epoch 5/50 train] batch 1500/2481 (5.03 batch/s, ETA 3.2 min) loss_corrente=0.0148
    [epoch 5/50 train] batch 1550/2481 (5.03 batch/s, ETA 3.1 min) loss_corrente=0.0146
    [epoch 5/50 train] batch 1600/2481 (5.03 batch/s, ETA 2.9 min) loss_corrente=0.0144
    [epoch 5/50 train] batch 1650/2481 (5.03 batch/s, ETA 2.8 min) loss_corrente=0.0141
    [epoch 5/50 train] batch 1700/2481 (5.03 batch/s, ETA 2.6 min) loss_corrente=0.0138
    [epoch 5/50 train] batch 1750/2481 (5.03 batch/s, ETA 2.4 min) loss_corrente=0.0136
    [epoch 5/50 train] batch 1800/2481 (5.03 batch/s, ETA 2.3 min) loss_corrente=0.0133
    [epoch 5/50 train] batch 1850/2481 (5.03 batch/s, ETA 2.1 min) loss_corrente=0.0136
    [epoch 5/50 train] batch 1900/2481 (5.03 batch/s, ETA 1.9 min) loss_corrente=0.0140
    [epoch 5/50 train] batch 1950/2481 (5.03 batch/s, ETA 1.8 min) loss_corrente=0.0141
    [epoch 5/50 train] batch 2000/2481 (5.03 batch/s, ETA 1.6 min) loss_corrente=0.0142
    [epoch 5/50 train] batch 2050/2481 (5.04 batch/s, ETA 1.4 min) loss_corrente=0.0142
    [epoch 5/50 train] batch 2100/2481 (5.04 batch/s, ETA 1.3 min) loss_corrente=0.0144
    [epoch 5/50 train] batch 2150/2481 (5.03 batch/s, ETA 1.1 min) loss_corrente=0.0145
    [epoch 5/50 train] batch 2200/2481 (5.03 batch/s, ETA 0.9 min) loss_corrente=0.0142
    [epoch 5/50 train] batch 2250/2481 (5.03 batch/s, ETA 0.8 min) loss_corrente=0.0143
    [epoch 5/50 train] batch 2300/2481 (5.03 batch/s, ETA 0.6 min) loss_corrente=0.0143
    [epoch 5/50 train] batch 2350/2481 (5.03 batch/s, ETA 0.4 min) loss_corrente=0.0147
    [epoch 5/50 train] batch 2400/2481 (5.03 batch/s, ETA 0.3 min) loss_corrente=0.0145
    [epoch 5/50 train] batch 2450/2481 (5.03 batch/s, ETA 0.1 min) loss_corrente=0.0143
    [epoch 5/50 train] batch 2481/2481 (5.03 batch/s, ETA 0.0 min) loss_corrente=0.0144
    [epoch 5/50 val] batch 50/439 (11.44 batch/s, ETA 0.6 min) loss_corrente=0.1228
    [epoch 5/50 val] batch 100/439 (11.59 batch/s, ETA 0.5 min) loss_corrente=0.1117
    [epoch 5/50 val] batch 150/439 (11.65 batch/s, ETA 0.4 min) loss_corrente=0.0877
    [epoch 5/50 val] batch 200/439 (11.67 batch/s, ETA 0.3 min) loss_corrente=0.0945
    [epoch 5/50 val] batch 250/439 (11.69 batch/s, ETA 0.3 min) loss_corrente=0.0875
    [epoch 5/50 val] batch 300/439 (11.70 batch/s, ETA 0.2 min) loss_corrente=0.0875
    [epoch 5/50 val] batch 350/439 (11.71 batch/s, ETA 0.1 min) loss_corrente=0.0816
    [epoch 5/50 val] batch 400/439 (11.71 batch/s, ETA 0.1 min) loss_corrente=0.0832
    [epoch 5/50 val] batch 439/439 (11.72 batch/s, ETA 0.0 min) loss_corrente=0.0814
Epoch   5/50 | train_loss=0.0144 train_acc=0.996 | val_loss=0.0814 val_acc=0.982
    [epoch 6/50 train] batch 50/2481 (4.95 batch/s, ETA 8.2 min) loss_corrente=0.0087
    [epoch 6/50 train] batch 100/2481 (4.99 batch/s, ETA 8.0 min) loss_corrente=0.0054
    [epoch 6/50 train] batch 150/2481 (5.00 batch/s, ETA 7.8 min) loss_corrente=0.0047
    [epoch 6/50 train] batch 200/2481 (5.01 batch/s, ETA 7.6 min) loss_corrente=0.0070
    [epoch 6/50 train] batch 250/2481 (5.02 batch/s, ETA 7.4 min) loss_corrente=0.0060
    [epoch 6/50 train] batch 300/2481 (5.02 batch/s, ETA 7.2 min) loss_corrente=0.0055
    [epoch 6/50 train] batch 350/2481 (5.02 batch/s, ETA 7.1 min) loss_corrente=0.0095
    [epoch 6/50 train] batch 400/2481 (5.02 batch/s, ETA 6.9 min) loss_corrente=0.0094
    [epoch 6/50 train] batch 450/2481 (5.02 batch/s, ETA 6.7 min) loss_corrente=0.0089
    [epoch 6/50 train] batch 500/2481 (5.02 batch/s, ETA 6.6 min) loss_corrente=0.0084
    [epoch 6/50 train] batch 550/2481 (5.02 batch/s, ETA 6.4 min) loss_corrente=0.0097
    [epoch 6/50 train] batch 600/2481 (5.02 batch/s, ETA 6.2 min) loss_corrente=0.0097
    [epoch 6/50 train] batch 650/2481 (5.02 batch/s, ETA 6.1 min) loss_corrente=0.0101
    [epoch 6/50 train] batch 700/2481 (5.02 batch/s, ETA 5.9 min) loss_corrente=0.0098
    [epoch 6/50 train] batch 750/2481 (5.02 batch/s, ETA 5.7 min) loss_corrente=0.0098
    [epoch 6/50 train] batch 800/2481 (5.02 batch/s, ETA 5.6 min) loss_corrente=0.0098
    [epoch 6/50 train] batch 850/2481 (5.02 batch/s, ETA 5.4 min) loss_corrente=0.0094
    [epoch 6/50 train] batch 900/2481 (5.02 batch/s, ETA 5.3 min) loss_corrente=0.0101
    [epoch 6/50 train] batch 950/2481 (5.02 batch/s, ETA 5.1 min) loss_corrente=0.0101
    [epoch 6/50 train] batch 1000/2481 (5.02 batch/s, ETA 4.9 min) loss_corrente=0.0106
    [epoch 6/50 train] batch 1050/2481 (5.01 batch/s, ETA 4.8 min) loss_corrente=0.0107
    [epoch 6/50 train] batch 1100/2481 (5.01 batch/s, ETA 4.6 min) loss_corrente=0.0116
    [epoch 6/50 train] batch 1150/2481 (5.01 batch/s, ETA 4.4 min) loss_corrente=0.0116
    [epoch 6/50 train] batch 1200/2481 (5.01 batch/s, ETA 4.3 min) loss_corrente=0.0117
    [epoch 6/50 train] batch 1250/2481 (5.01 batch/s, ETA 4.1 min) loss_corrente=0.0117
    [epoch 6/50 train] batch 1300/2481 (5.01 batch/s, ETA 3.9 min) loss_corrente=0.0115
    [epoch 6/50 train] batch 1350/2481 (5.01 batch/s, ETA 3.8 min) loss_corrente=0.0111
    [epoch 6/50 train] batch 1400/2481 (5.01 batch/s, ETA 3.6 min) loss_corrente=0.0108
    [epoch 6/50 train] batch 1450/2481 (5.01 batch/s, ETA 3.4 min) loss_corrente=0.0112
    [epoch 6/50 train] batch 1500/2481 (5.01 batch/s, ETA 3.3 min) loss_corrente=0.0112
    [epoch 6/50 train] batch 1550/2481 (5.01 batch/s, ETA 3.1 min) loss_corrente=0.0111
    [epoch 6/50 train] batch 1600/2481 (5.01 batch/s, ETA 2.9 min) loss_corrente=0.0119
    [epoch 6/50 train] batch 1650/2481 (5.01 batch/s, ETA 2.8 min) loss_corrente=0.0119
    [epoch 6/50 train] batch 1700/2481 (5.01 batch/s, ETA 2.6 min) loss_corrente=0.0117
    [epoch 6/50 train] batch 1750/2481 (5.01 batch/s, ETA 2.4 min) loss_corrente=0.0117
    [epoch 6/50 train] batch 1800/2481 (5.01 batch/s, ETA 2.3 min) loss_corrente=0.0115
    [epoch 6/50 train] batch 1850/2481 (5.02 batch/s, ETA 2.1 min) loss_corrente=0.0112
    [epoch 6/50 train] batch 1900/2481 (5.02 batch/s, ETA 1.9 min) loss_corrente=0.0109
    [epoch 6/50 train] batch 1950/2481 (5.02 batch/s, ETA 1.8 min) loss_corrente=0.0109
    [epoch 6/50 train] batch 2000/2481 (5.02 batch/s, ETA 1.6 min) loss_corrente=0.0112
    [epoch 6/50 train] batch 2050/2481 (5.02 batch/s, ETA 1.4 min) loss_corrente=0.0114
    [epoch 6/50 train] batch 2100/2481 (5.02 batch/s, ETA 1.3 min) loss_corrente=0.0112
    [epoch 6/50 train] batch 2150/2481 (5.02 batch/s, ETA 1.1 min) loss_corrente=0.0112
    [epoch 6/50 train] batch 2200/2481 (5.02 batch/s, ETA 0.9 min) loss_corrente=0.0111
    [epoch 6/50 train] batch 2250/2481 (5.02 batch/s, ETA 0.8 min) loss_corrente=0.0109
    [epoch 6/50 train] batch 2300/2481 (5.02 batch/s, ETA 0.6 min) loss_corrente=0.0113
    [epoch 6/50 train] batch 2350/2481 (5.02 batch/s, ETA 0.4 min) loss_corrente=0.0115
    [epoch 6/50 train] batch 2400/2481 (5.02 batch/s, ETA 0.3 min) loss_corrente=0.0113
    [epoch 6/50 train] batch 2450/2481 (5.02 batch/s, ETA 0.1 min) loss_corrente=0.0111
    [epoch 6/50 train] batch 2481/2481 (5.02 batch/s, ETA 0.0 min) loss_corrente=0.0110
    [epoch 6/50 val] batch 50/439 (11.28 batch/s, ETA 0.6 min) loss_corrente=0.1841
    [epoch 6/50 val] batch 100/439 (11.45 batch/s, ETA 0.5 min) loss_corrente=0.1168
    [epoch 6/50 val] batch 150/439 (11.52 batch/s, ETA 0.4 min) loss_corrente=0.0885
    [epoch 6/50 val] batch 200/439 (11.56 batch/s, ETA 0.3 min) loss_corrente=0.1025
    [epoch 6/50 val] batch 250/439 (11.57 batch/s, ETA 0.3 min) loss_corrente=0.0914
    [epoch 6/50 val] batch 300/439 (11.58 batch/s, ETA 0.2 min) loss_corrente=0.0878
    [epoch 6/50 val] batch 350/439 (11.60 batch/s, ETA 0.1 min) loss_corrente=0.0808
    [epoch 6/50 val] batch 400/439 (11.62 batch/s, ETA 0.1 min) loss_corrente=0.0798
    [epoch 6/50 val] batch 439/439 (11.63 batch/s, ETA 0.0 min) loss_corrente=0.0765
Epoch   6/50 | train_loss=0.0110 train_acc=0.997 | val_loss=0.0765 val_acc=0.986
    [epoch 7/50 train] batch 50/2481 (4.86 batch/s, ETA 8.3 min) loss_corrente=0.0020
    [epoch 7/50 train] batch 100/2481 (4.94 batch/s, ETA 8.0 min) loss_corrente=0.0048
    [epoch 7/50 train] batch 150/2481 (4.97 batch/s, ETA 7.8 min) loss_corrente=0.0058
    [epoch 7/50 train] batch 200/2481 (4.99 batch/s, ETA 7.6 min) loss_corrente=0.0061
    [epoch 7/50 train] batch 250/2481 (5.00 batch/s, ETA 7.4 min) loss_corrente=0.0052
    [epoch 7/50 train] batch 300/2481 (5.00 batch/s, ETA 7.3 min) loss_corrente=0.0079
    [epoch 7/50 train] batch 350/2481 (5.01 batch/s, ETA 7.1 min) loss_corrente=0.0084
    [epoch 7/50 train] batch 400/2481 (5.01 batch/s, ETA 6.9 min) loss_corrente=0.0103
    [epoch 7/50 train] batch 450/2481 (5.01 batch/s, ETA 6.8 min) loss_corrente=0.0093
    [epoch 7/50 train] batch 500/2481 (5.02 batch/s, ETA 6.6 min) loss_corrente=0.0088
    [epoch 7/50 train] batch 550/2481 (5.02 batch/s, ETA 6.4 min) loss_corrente=0.0090
    [epoch 7/50 train] batch 600/2481 (5.02 batch/s, ETA 6.2 min) loss_corrente=0.0087
    [epoch 7/50 train] batch 650/2481 (5.02 batch/s, ETA 6.1 min) loss_corrente=0.0082
    [epoch 7/50 train] batch 700/2481 (5.02 batch/s, ETA 5.9 min) loss_corrente=0.0079
    [epoch 7/50 train] batch 750/2481 (5.02 batch/s, ETA 5.7 min) loss_corrente=0.0077
    [epoch 7/50 train] batch 800/2481 (5.02 batch/s, ETA 5.6 min) loss_corrente=0.0075
    [epoch 7/50 train] batch 850/2481 (5.02 batch/s, ETA 5.4 min) loss_corrente=0.0076
    [epoch 7/50 train] batch 900/2481 (5.02 batch/s, ETA 5.2 min) loss_corrente=0.0072
    [epoch 7/50 train] batch 950/2481 (5.02 batch/s, ETA 5.1 min) loss_corrente=0.0068
    [epoch 7/50 train] batch 1000/2481 (5.02 batch/s, ETA 4.9 min) loss_corrente=0.0075
    [epoch 7/50 train] batch 1050/2481 (5.02 batch/s, ETA 4.8 min) loss_corrente=0.0085
    [epoch 7/50 train] batch 1100/2481 (5.02 batch/s, ETA 4.6 min) loss_corrente=0.0085
    [epoch 7/50 train] batch 1150/2481 (5.02 batch/s, ETA 4.4 min) loss_corrente=0.0089
    [epoch 7/50 train] batch 1200/2481 (5.02 batch/s, ETA 4.3 min) loss_corrente=0.0088
    [epoch 7/50 train] batch 1250/2481 (5.02 batch/s, ETA 4.1 min) loss_corrente=0.0089
    [epoch 7/50 train] batch 1300/2481 (5.02 batch/s, ETA 3.9 min) loss_corrente=0.0088
    [epoch 7/50 train] batch 1350/2481 (5.02 batch/s, ETA 3.8 min) loss_corrente=0.0087
    [epoch 7/50 train] batch 1400/2481 (5.02 batch/s, ETA 3.6 min) loss_corrente=0.0085
    [epoch 7/50 train] batch 1450/2481 (5.02 batch/s, ETA 3.4 min) loss_corrente=0.0085
    [epoch 7/50 train] batch 1500/2481 (5.02 batch/s, ETA 3.3 min) loss_corrente=0.0085
    [epoch 7/50 train] batch 1550/2481 (5.02 batch/s, ETA 3.1 min) loss_corrente=0.0090
    [epoch 7/50 train] batch 1600/2481 (5.02 batch/s, ETA 2.9 min) loss_corrente=0.0090
    [epoch 7/50 train] batch 1650/2481 (5.02 batch/s, ETA 2.8 min) loss_corrente=0.0092
    [epoch 7/50 train] batch 1700/2481 (5.03 batch/s, ETA 2.6 min) loss_corrente=0.0089
    [epoch 7/50 train] batch 1750/2481 (5.03 batch/s, ETA 2.4 min) loss_corrente=0.0090
    [epoch 7/50 train] batch 1800/2481 (5.03 batch/s, ETA 2.3 min) loss_corrente=0.0089
    [epoch 7/50 train] batch 1850/2481 (5.03 batch/s, ETA 2.1 min) loss_corrente=0.0088
    [epoch 7/50 train] batch 1900/2481 (5.03 batch/s, ETA 1.9 min) loss_corrente=0.0086
    [epoch 7/50 train] batch 1950/2481 (5.03 batch/s, ETA 1.8 min) loss_corrente=0.0084
    [epoch 7/50 train] batch 2000/2481 (5.03 batch/s, ETA 1.6 min) loss_corrente=0.0082
    [epoch 7/50 train] batch 2050/2481 (5.03 batch/s, ETA 1.4 min) loss_corrente=0.0083
    [epoch 7/50 train] batch 2100/2481 (5.03 batch/s, ETA 1.3 min) loss_corrente=0.0081
    [epoch 7/50 train] batch 2150/2481 (5.03 batch/s, ETA 1.1 min) loss_corrente=0.0081
    [epoch 7/50 train] batch 2200/2481 (5.03 batch/s, ETA 0.9 min) loss_corrente=0.0080
    [epoch 7/50 train] batch 2250/2481 (5.03 batch/s, ETA 0.8 min) loss_corrente=0.0079
    [epoch 7/50 train] batch 2300/2481 (5.03 batch/s, ETA 0.6 min) loss_corrente=0.0077
    [epoch 7/50 train] batch 2350/2481 (5.03 batch/s, ETA 0.4 min) loss_corrente=0.0080
    [epoch 7/50 train] batch 2400/2481 (5.03 batch/s, ETA 0.3 min) loss_corrente=0.0081
    [epoch 7/50 train] batch 2450/2481 (5.03 batch/s, ETA 0.1 min) loss_corrente=0.0080
    [epoch 7/50 train] batch 2481/2481 (5.03 batch/s, ETA 0.0 min) loss_corrente=0.0079
    [epoch 7/50 val] batch 50/439 (11.30 batch/s, ETA 0.6 min) loss_corrente=0.1915
    [epoch 7/50 val] batch 100/439 (11.49 batch/s, ETA 0.5 min) loss_corrente=0.1218
    [epoch 7/50 val] batch 150/439 (11.55 batch/s, ETA 0.4 min) loss_corrente=0.0963
    [epoch 7/50 val] batch 200/439 (11.58 batch/s, ETA 0.3 min) loss_corrente=0.1060
    [epoch 7/50 val] batch 250/439 (11.60 batch/s, ETA 0.3 min) loss_corrente=0.0970
    [epoch 7/50 val] batch 300/439 (11.62 batch/s, ETA 0.2 min) loss_corrente=0.0974
    [epoch 7/50 val] batch 350/439 (11.64 batch/s, ETA 0.1 min) loss_corrente=0.0916
    [epoch 7/50 val] batch 400/439 (11.64 batch/s, ETA 0.1 min) loss_corrente=0.0905
    [epoch 7/50 val] batch 439/439 (11.63 batch/s, ETA 0.0 min) loss_corrente=0.0902
Epoch   7/50 | train_loss=0.0079 train_acc=0.997 | val_loss=0.0902 val_acc=0.986
    [epoch 8/50 train] batch 50/2481 (4.95 batch/s, ETA 8.2 min) loss_corrente=0.0002
    [epoch 8/50 train] batch 100/2481 (4.99 batch/s, ETA 8.0 min) loss_corrente=0.0011
    [epoch 8/50 train] batch 150/2481 (5.00 batch/s, ETA 7.8 min) loss_corrente=0.0036
    [epoch 8/50 train] batch 200/2481 (5.01 batch/s, ETA 7.6 min) loss_corrente=0.0028
    [epoch 8/50 train] batch 250/2481 (5.02 batch/s, ETA 7.4 min) loss_corrente=0.0025
    [epoch 8/50 train] batch 300/2481 (5.02 batch/s, ETA 7.2 min) loss_corrente=0.0048
    [epoch 8/50 train] batch 350/2481 (5.03 batch/s, ETA 7.1 min) loss_corrente=0.0043
    [epoch 8/50 train] batch 400/2481 (5.03 batch/s, ETA 6.9 min) loss_corrente=0.0039
    [epoch 8/50 train] batch 450/2481 (5.03 batch/s, ETA 6.7 min) loss_corrente=0.0044
    [epoch 8/50 train] batch 500/2481 (5.03 batch/s, ETA 6.6 min) loss_corrente=0.0040
    [epoch 8/50 train] batch 550/2481 (5.03 batch/s, ETA 6.4 min) loss_corrente=0.0041
    [epoch 8/50 train] batch 600/2481 (5.03 batch/s, ETA 6.2 min) loss_corrente=0.0044
    [epoch 8/50 train] batch 650/2481 (5.03 batch/s, ETA 6.1 min) loss_corrente=0.0045
    [epoch 8/50 train] batch 700/2481 (5.03 batch/s, ETA 5.9 min) loss_corrente=0.0044
    [epoch 8/50 train] batch 750/2481 (5.03 batch/s, ETA 5.7 min) loss_corrente=0.0045
    [epoch 8/50 train] batch 800/2481 (5.03 batch/s, ETA 5.6 min) loss_corrente=0.0045
    [epoch 8/50 train] batch 850/2481 (5.03 batch/s, ETA 5.4 min) loss_corrente=0.0044
    [epoch 8/50 train] batch 900/2481 (5.03 batch/s, ETA 5.2 min) loss_corrente=0.0044
    [epoch 8/50 train] batch 950/2481 (5.03 batch/s, ETA 5.1 min) loss_corrente=0.0042
    [epoch 8/50 train] batch 1000/2481 (5.03 batch/s, ETA 4.9 min) loss_corrente=0.0041
    [epoch 8/50 train] batch 1050/2481 (5.03 batch/s, ETA 4.7 min) loss_corrente=0.0044
    [epoch 8/50 train] batch 1100/2481 (5.03 batch/s, ETA 4.6 min) loss_corrente=0.0046
    [epoch 8/50 train] batch 1150/2481 (5.03 batch/s, ETA 4.4 min) loss_corrente=0.0051
    [epoch 8/50 train] batch 1200/2481 (5.03 batch/s, ETA 4.2 min) loss_corrente=0.0049
    [epoch 8/50 train] batch 1250/2481 (5.03 batch/s, ETA 4.1 min) loss_corrente=0.0051
    [epoch 8/50 train] batch 1300/2481 (5.03 batch/s, ETA 3.9 min) loss_corrente=0.0050
    [epoch 8/50 train] batch 1350/2481 (5.03 batch/s, ETA 3.8 min) loss_corrente=0.0051
    [epoch 8/50 train] batch 1400/2481 (5.03 batch/s, ETA 3.6 min) loss_corrente=0.0053
    [epoch 8/50 train] batch 1450/2481 (5.03 batch/s, ETA 3.4 min) loss_corrente=0.0051
    [epoch 8/50 train] batch 1500/2481 (5.02 batch/s, ETA 3.3 min) loss_corrente=0.0051
    [epoch 8/50 train] batch 1550/2481 (5.02 batch/s, ETA 3.1 min) loss_corrente=0.0052
    [epoch 8/50 train] batch 1600/2481 (5.02 batch/s, ETA 2.9 min) loss_corrente=0.0052
    [epoch 8/50 train] batch 1650/2481 (5.02 batch/s, ETA 2.8 min) loss_corrente=0.0051
    [epoch 8/50 train] batch 1700/2481 (5.02 batch/s, ETA 2.6 min) loss_corrente=0.0050
    [epoch 8/50 train] batch 1750/2481 (5.02 batch/s, ETA 2.4 min) loss_corrente=0.0049
    [epoch 8/50 train] batch 1800/2481 (5.02 batch/s, ETA 2.3 min) loss_corrente=0.0049
    [epoch 8/50 train] batch 1850/2481 (5.02 batch/s, ETA 2.1 min) loss_corrente=0.0048
    [epoch 8/50 train] batch 1900/2481 (5.02 batch/s, ETA 1.9 min) loss_corrente=0.0047
    [epoch 8/50 train] batch 1950/2481 (5.02 batch/s, ETA 1.8 min) loss_corrente=0.0047
    [epoch 8/50 train] batch 2000/2481 (5.02 batch/s, ETA 1.6 min) loss_corrente=0.0047
    [epoch 8/50 train] batch 2050/2481 (5.02 batch/s, ETA 1.4 min) loss_corrente=0.0048
    [epoch 8/50 train] batch 2100/2481 (5.02 batch/s, ETA 1.3 min) loss_corrente=0.0049
    [epoch 8/50 train] batch 2150/2481 (5.02 batch/s, ETA 1.1 min) loss_corrente=0.0050
    [epoch 8/50 train] batch 2200/2481 (5.02 batch/s, ETA 0.9 min) loss_corrente=0.0050
    [epoch 8/50 train] batch 2250/2481 (5.02 batch/s, ETA 0.8 min) loss_corrente=0.0052
    [epoch 8/50 train] batch 2300/2481 (5.02 batch/s, ETA 0.6 min) loss_corrente=0.0052
    [epoch 8/50 train] batch 2350/2481 (5.02 batch/s, ETA 0.4 min) loss_corrente=0.0052
    [epoch 8/50 train] batch 2400/2481 (5.02 batch/s, ETA 0.3 min) loss_corrente=0.0051
    [epoch 8/50 train] batch 2450/2481 (5.02 batch/s, ETA 0.1 min) loss_corrente=0.0053
    [epoch 8/50 train] batch 2481/2481 (5.02 batch/s, ETA 0.0 min) loss_corrente=0.0052
    [epoch 8/50 val] batch 50/439 (11.09 batch/s, ETA 0.6 min) loss_corrente=0.2177
    [epoch 8/50 val] batch 100/439 (11.32 batch/s, ETA 0.5 min) loss_corrente=0.1553
    [epoch 8/50 val] batch 150/439 (11.43 batch/s, ETA 0.4 min) loss_corrente=0.1219
    [epoch 8/50 val] batch 200/439 (11.45 batch/s, ETA 0.3 min) loss_corrente=0.1364
    [epoch 8/50 val] batch 250/439 (11.47 batch/s, ETA 0.3 min) loss_corrente=0.1233
    [epoch 8/50 val] batch 300/439 (11.50 batch/s, ETA 0.2 min) loss_corrente=0.1165
    [epoch 8/50 val] batch 350/439 (11.51 batch/s, ETA 0.1 min) loss_corrente=0.1077
    [epoch 8/50 val] batch 400/439 (11.53 batch/s, ETA 0.1 min) loss_corrente=0.1135
    [epoch 8/50 val] batch 439/439 (11.55 batch/s, ETA 0.0 min) loss_corrente=0.1123
Epoch   8/50 | train_loss=0.0052 train_acc=0.998 | val_loss=0.1123 val_acc=0.986
    [epoch 9/50 train] batch 50/2481 (4.91 batch/s, ETA 8.2 min) loss_corrente=0.0000
    [epoch 9/50 train] batch 100/2481 (4.91 batch/s, ETA 8.1 min) loss_corrente=0.0003
    [epoch 9/50 train] batch 150/2481 (4.90 batch/s, ETA 7.9 min) loss_corrente=0.0010
    [epoch 9/50 train] batch 200/2481 (4.93 batch/s, ETA 7.7 min) loss_corrente=0.0008
    [epoch 9/50 train] batch 250/2481 (4.95 batch/s, ETA 7.5 min) loss_corrente=0.0009
    [epoch 9/50 train] batch 300/2481 (4.95 batch/s, ETA 7.3 min) loss_corrente=0.0008
    [epoch 9/50 train] batch 350/2481 (4.96 batch/s, ETA 7.2 min) loss_corrente=0.0038
    [epoch 9/50 train] batch 400/2481 (4.97 batch/s, ETA 7.0 min) loss_corrente=0.0037
    [epoch 9/50 train] batch 450/2481 (4.97 batch/s, ETA 6.8 min) loss_corrente=0.0036
    [epoch 9/50 train] batch 500/2481 (4.97 batch/s, ETA 6.6 min) loss_corrente=0.0034
    [epoch 9/50 train] batch 550/2481 (4.96 batch/s, ETA 6.5 min) loss_corrente=0.0035
    [epoch 9/50 train] batch 600/2481 (4.97 batch/s, ETA 6.3 min) loss_corrente=0.0039
    [epoch 9/50 train] batch 650/2481 (4.97 batch/s, ETA 6.1 min) loss_corrente=0.0036
    [epoch 9/50 train] batch 700/2481 (4.97 batch/s, ETA 6.0 min) loss_corrente=0.0042
    [epoch 9/50 train] batch 750/2481 (4.95 batch/s, ETA 5.8 min) loss_corrente=0.0039
    [epoch 9/50 train] batch 800/2481 (4.94 batch/s, ETA 5.7 min) loss_corrente=0.0038
    [epoch 9/50 train] batch 850/2481 (4.94 batch/s, ETA 5.5 min) loss_corrente=0.0036
    [epoch 9/50 train] batch 900/2481 (4.94 batch/s, ETA 5.3 min) loss_corrente=0.0035
    [epoch 9/50 train] batch 950/2481 (4.95 batch/s, ETA 5.2 min) loss_corrente=0.0033
    [epoch 9/50 train] batch 1000/2481 (4.95 batch/s, ETA 5.0 min) loss_corrente=0.0032
    [epoch 9/50 train] batch 1050/2481 (4.96 batch/s, ETA 4.8 min) loss_corrente=0.0037
    [epoch 9/50 train] batch 1100/2481 (4.96 batch/s, ETA 4.6 min) loss_corrente=0.0036
    [epoch 9/50 train] batch 1150/2481 (4.96 batch/s, ETA 4.5 min) loss_corrente=0.0040
    [epoch 9/50 train] batch 1200/2481 (4.97 batch/s, ETA 4.3 min) loss_corrente=0.0039
    [epoch 9/50 train] batch 1250/2481 (4.97 batch/s, ETA 4.1 min) loss_corrente=0.0038
    [epoch 9/50 train] batch 1300/2481 (4.97 batch/s, ETA 4.0 min) loss_corrente=0.0042
    [epoch 9/50 train] batch 1350/2481 (4.97 batch/s, ETA 3.8 min) loss_corrente=0.0041
    [epoch 9/50 train] batch 1400/2481 (4.97 batch/s, ETA 3.6 min) loss_corrente=0.0040
    [epoch 9/50 train] batch 1450/2481 (4.98 batch/s, ETA 3.5 min) loss_corrente=0.0039
    [epoch 9/50 train] batch 1500/2481 (4.98 batch/s, ETA 3.3 min) loss_corrente=0.0040
    [epoch 9/50 train] batch 1550/2481 (4.98 batch/s, ETA 3.1 min) loss_corrente=0.0043
    [epoch 9/50 train] batch 1600/2481 (4.98 batch/s, ETA 2.9 min) loss_corrente=0.0044
    [epoch 9/50 train] batch 1650/2481 (4.98 batch/s, ETA 2.8 min) loss_corrente=0.0044
    [epoch 9/50 train] batch 1700/2481 (4.99 batch/s, ETA 2.6 min) loss_corrente=0.0048
    [epoch 9/50 train] batch 1750/2481 (4.99 batch/s, ETA 2.4 min) loss_corrente=0.0058
    [epoch 9/50 train] batch 1800/2481 (4.99 batch/s, ETA 2.3 min) loss_corrente=0.0057
    [epoch 9/50 train] batch 1850/2481 (4.99 batch/s, ETA 2.1 min) loss_corrente=0.0056
    [epoch 9/50 train] batch 1900/2481 (4.99 batch/s, ETA 1.9 min) loss_corrente=0.0057
    [epoch 9/50 train] batch 1950/2481 (4.99 batch/s, ETA 1.8 min) loss_corrente=0.0056
    [epoch 9/50 train] batch 2000/2481 (4.99 batch/s, ETA 1.6 min) loss_corrente=0.0055
    [epoch 9/50 train] batch 2050/2481 (4.99 batch/s, ETA 1.4 min) loss_corrente=0.0054
    [epoch 9/50 train] batch 2100/2481 (4.99 batch/s, ETA 1.3 min) loss_corrente=0.0054
    [epoch 9/50 train] batch 2150/2481 (5.00 batch/s, ETA 1.1 min) loss_corrente=0.0054
    [epoch 9/50 train] batch 2200/2481 (5.00 batch/s, ETA 0.9 min) loss_corrente=0.0055
    [epoch 9/50 train] batch 2250/2481 (5.00 batch/s, ETA 0.8 min) loss_corrente=0.0054
    [epoch 9/50 train] batch 2300/2481 (5.00 batch/s, ETA 0.6 min) loss_corrente=0.0053
    [epoch 9/50 train] batch 2350/2481 (5.00 batch/s, ETA 0.4 min) loss_corrente=0.0052
    [epoch 9/50 train] batch 2400/2481 (5.00 batch/s, ETA 0.3 min) loss_corrente=0.0054
    [epoch 9/50 train] batch 2450/2481 (5.00 batch/s, ETA 0.1 min) loss_corrente=0.0053
    [epoch 9/50 train] batch 2481/2481 (5.00 batch/s, ETA 0.0 min) loss_corrente=0.0053
    [epoch 9/50 val] batch 50/439 (11.27 batch/s, ETA 0.6 min) loss_corrente=0.1779
    [epoch 9/50 val] batch 100/439 (11.45 batch/s, ETA 0.5 min) loss_corrente=0.1307
    [epoch 9/50 val] batch 150/439 (11.51 batch/s, ETA 0.4 min) loss_corrente=0.1040
    [epoch 9/50 val] batch 200/439 (11.54 batch/s, ETA 0.3 min) loss_corrente=0.1148
    [epoch 9/50 val] batch 250/439 (11.56 batch/s, ETA 0.3 min) loss_corrente=0.1020
    [epoch 9/50 val] batch 300/439 (11.58 batch/s, ETA 0.2 min) loss_corrente=0.0968
    [epoch 9/50 val] batch 350/439 (11.59 batch/s, ETA 0.1 min) loss_corrente=0.0876
    [epoch 9/50 val] batch 400/439 (11.60 batch/s, ETA 0.1 min) loss_corrente=0.0895
    [epoch 9/50 val] batch 439/439 (11.61 batch/s, ETA 0.0 min) loss_corrente=0.0878
Epoch   9/50 | train_loss=0.0053 train_acc=0.998 | val_loss=0.0878 val_acc=0.986

[Early stopping] Nessun miglioramento da 8 epoche

[Completato] Best val_loss=0.0539
[Output] weights/fase3_siglip_lora/fase3_siglip_lora_r8_neg025_pad50/results.csv  (compatibile con analyze_yolo_loss_magnitude.py)
[Output] weights/fase3_siglip_lora/fase3_siglip_lora_r8_neg025_pad50/best  (adapter LoRA + MLP head migliori)
==================================================
Job completato: Tue Aug  4 11:55:03 AM CEST 2026
==================================================
