==================================================
Job: oos_fase3_mlp_pad50 (MLP, rank=16, padding=0.50, neg_ratio 0.25 e 0.5)
Data: Sat Aug  1 04:24:23 PM CEST 2026
Nodo: ainode01
==================================================
NVIDIA H100 80GB HBM3, 81559 MiB
[Setup] Device: cuda
[Setup] Carico processor/modello: google/siglip2-giant-opt-patch16-384
[Dati] Costruisco dataset di training...
[Dataset] train: 32554 positivi, 15351 negativi (47905 campioni totali)
[Dati] Costruisco dataset di validazione...
[Dataset] val: 5783 positivi, 2662 negativi (8445 campioni totali)
[Modello] Costruisco SigLIP2 + LoRA + MLP...
[Modello] LoRA rank=16, alpha=32 (rapporto alpha/r=2.0)
[Modello] Parametri allenabili: 5,113,345 / 1,168,773,121 (0.44%)
[Optimizer] lr adapter LoRA=3e-05  |  lr MLP head=0.001

[Training] Inizio — 50 epoche, batch=16, lr=3e-05
    [epoch 1/50 train] batch 50/2995 (4.35 batch/s, ETA 11.3 min) loss_corrente=0.5706
    [epoch 1/50 train] batch 100/2995 (4.66 batch/s, ETA 10.3 min) loss_corrente=0.4650
    [epoch 1/50 train] batch 150/2995 (4.79 batch/s, ETA 9.9 min) loss_corrente=0.4023
    [epoch 1/50 train] batch 200/2995 (4.85 batch/s, ETA 9.6 min) loss_corrente=0.3508
    [epoch 1/50 train] batch 250/2995 (4.89 batch/s, ETA 9.4 min) loss_corrente=0.3124
    [epoch 1/50 train] batch 300/2995 (4.92 batch/s, ETA 9.1 min) loss_corrente=0.2806
    [epoch 1/50 train] batch 350/2995 (4.94 batch/s, ETA 8.9 min) loss_corrente=0.2602
    [epoch 1/50 train] batch 400/2995 (4.95 batch/s, ETA 8.7 min) loss_corrente=0.2418
    [epoch 1/50 train] batch 450/2995 (4.97 batch/s, ETA 8.5 min) loss_corrente=0.2309
    [epoch 1/50 train] batch 500/2995 (4.98 batch/s, ETA 8.4 min) loss_corrente=0.2157
    [epoch 1/50 train] batch 550/2995 (4.98 batch/s, ETA 8.2 min) loss_corrente=0.2042
    [epoch 1/50 train] batch 600/2995 (4.99 batch/s, ETA 8.0 min) loss_corrente=0.1941
    [epoch 1/50 train] batch 650/2995 (5.00 batch/s, ETA 7.8 min) loss_corrente=0.1850
    [epoch 1/50 train] batch 700/2995 (5.00 batch/s, ETA 7.6 min) loss_corrente=0.1781
    [epoch 1/50 train] batch 750/2995 (5.00 batch/s, ETA 7.5 min) loss_corrente=0.1727
    [epoch 1/50 train] batch 800/2995 (5.01 batch/s, ETA 7.3 min) loss_corrente=0.1675
    [epoch 1/50 train] batch 850/2995 (5.01 batch/s, ETA 7.1 min) loss_corrente=0.1622
    [epoch 1/50 train] batch 900/2995 (5.01 batch/s, ETA 7.0 min) loss_corrente=0.1582
    [epoch 1/50 train] batch 950/2995 (5.02 batch/s, ETA 6.8 min) loss_corrente=0.1537
    [epoch 1/50 train] batch 1000/2995 (5.02 batch/s, ETA 6.6 min) loss_corrente=0.1506
    [epoch 1/50 train] batch 1050/2995 (5.02 batch/s, ETA 6.5 min) loss_corrente=0.1473
    [epoch 1/50 train] batch 1100/2995 (5.02 batch/s, ETA 6.3 min) loss_corrente=0.1439
    [epoch 1/50 train] batch 1150/2995 (5.03 batch/s, ETA 6.1 min) loss_corrente=0.1397
    [epoch 1/50 train] batch 1200/2995 (5.03 batch/s, ETA 5.9 min) loss_corrente=0.1370
    [epoch 1/50 train] batch 1250/2995 (5.03 batch/s, ETA 5.8 min) loss_corrente=0.1348
    [epoch 1/50 train] batch 1300/2995 (5.03 batch/s, ETA 5.6 min) loss_corrente=0.1315
    [epoch 1/50 train] batch 1350/2995 (5.03 batch/s, ETA 5.4 min) loss_corrente=0.1295
    [epoch 1/50 train] batch 1400/2995 (5.03 batch/s, ETA 5.3 min) loss_corrente=0.1275
    [epoch 1/50 train] batch 1450/2995 (5.03 batch/s, ETA 5.1 min) loss_corrente=0.1259
    [epoch 1/50 train] batch 1500/2995 (5.04 batch/s, ETA 4.9 min) loss_corrente=0.1242
    [epoch 1/50 train] batch 1550/2995 (5.04 batch/s, ETA 4.8 min) loss_corrente=0.1219
    [epoch 1/50 train] batch 1600/2995 (5.04 batch/s, ETA 4.6 min) loss_corrente=0.1204
    [epoch 1/50 train] batch 1650/2995 (5.04 batch/s, ETA 4.4 min) loss_corrente=0.1187
    [epoch 1/50 train] batch 1700/2995 (5.04 batch/s, ETA 4.3 min) loss_corrente=0.1169
    [epoch 1/50 train] batch 1750/2995 (5.04 batch/s, ETA 4.1 min) loss_corrente=0.1152
    [epoch 1/50 train] batch 1800/2995 (5.04 batch/s, ETA 4.0 min) loss_corrente=0.1134
    [epoch 1/50 train] batch 1850/2995 (5.04 batch/s, ETA 3.8 min) loss_corrente=0.1120
    [epoch 1/50 train] batch 1900/2995 (5.04 batch/s, ETA 3.6 min) loss_corrente=0.1101
    [epoch 1/50 train] batch 1950/2995 (5.04 batch/s, ETA 3.5 min) loss_corrente=0.1083
    [epoch 1/50 train] batch 2000/2995 (5.04 batch/s, ETA 3.3 min) loss_corrente=0.1076
    [epoch 1/50 train] batch 2050/2995 (5.04 batch/s, ETA 3.1 min) loss_corrente=0.1057
    [epoch 1/50 train] batch 2100/2995 (5.04 batch/s, ETA 3.0 min) loss_corrente=0.1044
    [epoch 1/50 train] batch 2150/2995 (5.04 batch/s, ETA 2.8 min) loss_corrente=0.1036
    [epoch 1/50 train] batch 2200/2995 (5.05 batch/s, ETA 2.6 min) loss_corrente=0.1027
    [epoch 1/50 train] batch 2250/2995 (5.05 batch/s, ETA 2.5 min) loss_corrente=0.1019
    [epoch 1/50 train] batch 2300/2995 (5.05 batch/s, ETA 2.3 min) loss_corrente=0.1007
    [epoch 1/50 train] batch 2350/2995 (5.05 batch/s, ETA 2.1 min) loss_corrente=0.0998
    [epoch 1/50 train] batch 2400/2995 (5.05 batch/s, ETA 2.0 min) loss_corrente=0.0992
    [epoch 1/50 train] batch 2450/2995 (5.05 batch/s, ETA 1.8 min) loss_corrente=0.0982
    [epoch 1/50 train] batch 2500/2995 (5.05 batch/s, ETA 1.6 min) loss_corrente=0.0974
    [epoch 1/50 train] batch 2550/2995 (5.05 batch/s, ETA 1.5 min) loss_corrente=0.0966
    [epoch 1/50 train] batch 2600/2995 (5.05 batch/s, ETA 1.3 min) loss_corrente=0.0959
    [epoch 1/50 train] batch 2650/2995 (5.05 batch/s, ETA 1.1 min) loss_corrente=0.0949
    [epoch 1/50 train] batch 2700/2995 (5.05 batch/s, ETA 1.0 min) loss_corrente=0.0939
    [epoch 1/50 train] batch 2750/2995 (5.05 batch/s, ETA 0.8 min) loss_corrente=0.0931
    [epoch 1/50 train] batch 2800/2995 (5.05 batch/s, ETA 0.6 min) loss_corrente=0.0924
    [epoch 1/50 train] batch 2850/2995 (5.05 batch/s, ETA 0.5 min) loss_corrente=0.0913
    [epoch 1/50 train] batch 2900/2995 (5.05 batch/s, ETA 0.3 min) loss_corrente=0.0909
    [epoch 1/50 train] batch 2950/2995 (5.05 batch/s, ETA 0.1 min) loss_corrente=0.0900
    [epoch 1/50 train] batch 2995/2995 (5.05 batch/s, ETA 0.0 min) loss_corrente=0.0892
    [epoch 1/50 val] batch 50/528 (10.20 batch/s, ETA 0.8 min) loss_corrente=0.0840
    [epoch 1/50 val] batch 100/528 (10.88 batch/s, ETA 0.7 min) loss_corrente=0.0665
    [epoch 1/50 val] batch 150/528 (11.13 batch/s, ETA 0.6 min) loss_corrente=0.0671
    [epoch 1/50 val] batch 200/528 (11.25 batch/s, ETA 0.5 min) loss_corrente=0.0621
    [epoch 1/50 val] batch 250/528 (11.33 batch/s, ETA 0.4 min) loss_corrente=0.0679
    [epoch 1/50 val] batch 300/528 (11.39 batch/s, ETA 0.3 min) loss_corrente=0.0638
    [epoch 1/50 val] batch 350/528 (11.42 batch/s, ETA 0.3 min) loss_corrente=0.0617
    [epoch 1/50 val] batch 400/528 (11.45 batch/s, ETA 0.2 min) loss_corrente=0.0603
    [epoch 1/50 val] batch 450/528 (11.48 batch/s, ETA 0.1 min) loss_corrente=0.0640
    [epoch 1/50 val] batch 500/528 (11.49 batch/s, ETA 0.0 min) loss_corrente=0.0628
    [epoch 1/50 val] batch 528/528 (11.50 batch/s, ETA 0.0 min) loss_corrente=0.0623
Epoch   1/50 | train_loss=0.0892 train_acc=0.967 | val_loss=0.0623 val_acc=0.978
    [epoch 2/50 train] batch 50/2995 (4.98 batch/s, ETA 9.9 min) loss_corrente=0.0273
    [epoch 2/50 train] batch 100/2995 (5.03 batch/s, ETA 9.6 min) loss_corrente=0.0366
    [epoch 2/50 train] batch 150/2995 (5.04 batch/s, ETA 9.4 min) loss_corrente=0.0404
    [epoch 2/50 train] batch 200/2995 (5.05 batch/s, ETA 9.2 min) loss_corrente=0.0372
    [epoch 2/50 train] batch 250/2995 (5.05 batch/s, ETA 9.1 min) loss_corrente=0.0363
    [epoch 2/50 train] batch 300/2995 (5.05 batch/s, ETA 8.9 min) loss_corrente=0.0347
    [epoch 2/50 train] batch 350/2995 (5.05 batch/s, ETA 8.7 min) loss_corrente=0.0322
    [epoch 2/50 train] batch 400/2995 (5.05 batch/s, ETA 8.6 min) loss_corrente=0.0330
    [epoch 2/50 train] batch 450/2995 (5.05 batch/s, ETA 8.4 min) loss_corrente=0.0333
    [epoch 2/50 train] batch 500/2995 (5.05 batch/s, ETA 8.2 min) loss_corrente=0.0379
    [epoch 2/50 train] batch 550/2995 (5.05 batch/s, ETA 8.1 min) loss_corrente=0.0372
    [epoch 2/50 train] batch 600/2995 (5.05 batch/s, ETA 7.9 min) loss_corrente=0.0364
    [epoch 2/50 train] batch 650/2995 (5.06 batch/s, ETA 7.7 min) loss_corrente=0.0361
    [epoch 2/50 train] batch 700/2995 (5.06 batch/s, ETA 7.6 min) loss_corrente=0.0351
    [epoch 2/50 train] batch 750/2995 (5.06 batch/s, ETA 7.4 min) loss_corrente=0.0358
    [epoch 2/50 train] batch 800/2995 (5.06 batch/s, ETA 7.2 min) loss_corrente=0.0354
    [epoch 2/50 train] batch 850/2995 (5.06 batch/s, ETA 7.1 min) loss_corrente=0.0368
    [epoch 2/50 train] batch 900/2995 (5.06 batch/s, ETA 6.9 min) loss_corrente=0.0362
    [epoch 2/50 train] batch 950/2995 (5.06 batch/s, ETA 6.7 min) loss_corrente=0.0355
    [epoch 2/50 train] batch 1000/2995 (5.06 batch/s, ETA 6.6 min) loss_corrente=0.0360
    [epoch 2/50 train] batch 1050/2995 (5.06 batch/s, ETA 6.4 min) loss_corrente=0.0368
    [epoch 2/50 train] batch 1100/2995 (5.06 batch/s, ETA 6.2 min) loss_corrente=0.0364
    [epoch 2/50 train] batch 1150/2995 (5.06 batch/s, ETA 6.1 min) loss_corrente=0.0365
    [epoch 2/50 train] batch 1200/2995 (5.06 batch/s, ETA 5.9 min) loss_corrente=0.0364
    [epoch 2/50 train] batch 1250/2995 (5.06 batch/s, ETA 5.8 min) loss_corrente=0.0360
    [epoch 2/50 train] batch 1300/2995 (5.06 batch/s, ETA 5.6 min) loss_corrente=0.0358
    [epoch 2/50 train] batch 1350/2995 (5.06 batch/s, ETA 5.4 min) loss_corrente=0.0352
    [epoch 2/50 train] batch 1400/2995 (5.06 batch/s, ETA 5.3 min) loss_corrente=0.0346
    [epoch 2/50 train] batch 1450/2995 (5.06 batch/s, ETA 5.1 min) loss_corrente=0.0337
    [epoch 2/50 train] batch 1500/2995 (5.06 batch/s, ETA 4.9 min) loss_corrente=0.0343
    [epoch 2/50 train] batch 1550/2995 (5.06 batch/s, ETA 4.8 min) loss_corrente=0.0344
    [epoch 2/50 train] batch 1600/2995 (5.06 batch/s, ETA 4.6 min) loss_corrente=0.0342
    [epoch 2/50 train] batch 1650/2995 (5.06 batch/s, ETA 4.4 min) loss_corrente=0.0338
    [epoch 2/50 train] batch 1700/2995 (5.06 batch/s, ETA 4.3 min) loss_corrente=0.0334
    [epoch 2/50 train] batch 1750/2995 (5.06 batch/s, ETA 4.1 min) loss_corrente=0.0332
    [epoch 2/50 train] batch 1800/2995 (5.06 batch/s, ETA 3.9 min) loss_corrente=0.0327
    [epoch 2/50 train] batch 1850/2995 (5.06 batch/s, ETA 3.8 min) loss_corrente=0.0323
    [epoch 2/50 train] batch 1900/2995 (5.06 batch/s, ETA 3.6 min) loss_corrente=0.0328
    [epoch 2/50 train] batch 1950/2995 (5.06 batch/s, ETA 3.4 min) loss_corrente=0.0330
    [epoch 2/50 train] batch 2000/2995 (5.06 batch/s, ETA 3.3 min) loss_corrente=0.0331
    [epoch 2/50 train] batch 2050/2995 (5.06 batch/s, ETA 3.1 min) loss_corrente=0.0333
    [epoch 2/50 train] batch 2100/2995 (5.06 batch/s, ETA 2.9 min) loss_corrente=0.0337
    [epoch 2/50 train] batch 2150/2995 (5.06 batch/s, ETA 2.8 min) loss_corrente=0.0332
    [epoch 2/50 train] batch 2200/2995 (5.06 batch/s, ETA 2.6 min) loss_corrente=0.0334
    [epoch 2/50 train] batch 2250/2995 (5.06 batch/s, ETA 2.5 min) loss_corrente=0.0336
    [epoch 2/50 train] batch 2300/2995 (5.06 batch/s, ETA 2.3 min) loss_corrente=0.0337
    [epoch 2/50 train] batch 2350/2995 (5.06 batch/s, ETA 2.1 min) loss_corrente=0.0336
    [epoch 2/50 train] batch 2400/2995 (5.06 batch/s, ETA 2.0 min) loss_corrente=0.0335
    [epoch 2/50 train] batch 2450/2995 (5.06 batch/s, ETA 1.8 min) loss_corrente=0.0334
    [epoch 2/50 train] batch 2500/2995 (5.06 batch/s, ETA 1.6 min) loss_corrente=0.0334
    [epoch 2/50 train] batch 2550/2995 (5.06 batch/s, ETA 1.5 min) loss_corrente=0.0337
    [epoch 2/50 train] batch 2600/2995 (5.06 batch/s, ETA 1.3 min) loss_corrente=0.0337
    [epoch 2/50 train] batch 2650/2995 (5.06 batch/s, ETA 1.1 min) loss_corrente=0.0335
    [epoch 2/50 train] batch 2700/2995 (5.06 batch/s, ETA 1.0 min) loss_corrente=0.0331
    [epoch 2/50 train] batch 2750/2995 (5.06 batch/s, ETA 0.8 min) loss_corrente=0.0335
    [epoch 2/50 train] batch 2800/2995 (5.06 batch/s, ETA 0.6 min) loss_corrente=0.0339
    [epoch 2/50 train] batch 2850/2995 (5.06 batch/s, ETA 0.5 min) loss_corrente=0.0338
    [epoch 2/50 train] batch 2900/2995 (5.06 batch/s, ETA 0.3 min) loss_corrente=0.0340
    [epoch 2/50 train] batch 2950/2995 (5.06 batch/s, ETA 0.1 min) loss_corrente=0.0340
    [epoch 2/50 train] batch 2995/2995 (5.06 batch/s, ETA 0.0 min) loss_corrente=0.0341
    [epoch 2/50 val] batch 50/528 (11.06 batch/s, ETA 0.7 min) loss_corrente=0.0789
    [epoch 2/50 val] batch 100/528 (11.34 batch/s, ETA 0.6 min) loss_corrente=0.0675
    [epoch 2/50 val] batch 150/528 (11.44 batch/s, ETA 0.6 min) loss_corrente=0.0581
    [epoch 2/50 val] batch 200/528 (11.49 batch/s, ETA 0.5 min) loss_corrente=0.0515
    [epoch 2/50 val] batch 250/528 (11.51 batch/s, ETA 0.4 min) loss_corrente=0.0556
    [epoch 2/50 val] batch 300/528 (11.52 batch/s, ETA 0.3 min) loss_corrente=0.0519
    [epoch 2/50 val] batch 350/528 (11.54 batch/s, ETA 0.3 min) loss_corrente=0.0507
    [epoch 2/50 val] batch 400/528 (11.56 batch/s, ETA 0.2 min) loss_corrente=0.0501
    [epoch 2/50 val] batch 450/528 (11.57 batch/s, ETA 0.1 min) loss_corrente=0.0509
    [epoch 2/50 val] batch 500/528 (11.58 batch/s, ETA 0.0 min) loss_corrente=0.0507
    [epoch 2/50 val] batch 528/528 (11.59 batch/s, ETA 0.0 min) loss_corrente=0.0516
Epoch   2/50 | train_loss=0.0341 train_acc=0.989 | val_loss=0.0516 val_acc=0.985
    [epoch 3/50 train] batch 50/2995 (4.97 batch/s, ETA 9.9 min) loss_corrente=0.0211
    [epoch 3/50 train] batch 100/2995 (5.02 batch/s, ETA 9.6 min) loss_corrente=0.0194
    [epoch 3/50 train] batch 150/2995 (5.04 batch/s, ETA 9.4 min) loss_corrente=0.0203
    [epoch 3/50 train] batch 200/2995 (5.04 batch/s, ETA 9.2 min) loss_corrente=0.0201
    [epoch 3/50 train] batch 250/2995 (5.05 batch/s, ETA 9.1 min) loss_corrente=0.0222
    [epoch 3/50 train] batch 300/2995 (5.06 batch/s, ETA 8.9 min) loss_corrente=0.0194
    [epoch 3/50 train] batch 350/2995 (5.06 batch/s, ETA 8.7 min) loss_corrente=0.0198
    [epoch 3/50 train] batch 400/2995 (5.06 batch/s, ETA 8.5 min) loss_corrente=0.0211
    [epoch 3/50 train] batch 450/2995 (5.06 batch/s, ETA 8.4 min) loss_corrente=0.0226
    [epoch 3/50 train] batch 500/2995 (5.06 batch/s, ETA 8.2 min) loss_corrente=0.0222
    [epoch 3/50 train] batch 550/2995 (5.06 batch/s, ETA 8.0 min) loss_corrente=0.0219
    [epoch 3/50 train] batch 600/2995 (5.06 batch/s, ETA 7.9 min) loss_corrente=0.0222
    [epoch 3/50 train] batch 650/2995 (5.07 batch/s, ETA 7.7 min) loss_corrente=0.0220
    [epoch 3/50 train] batch 700/2995 (5.07 batch/s, ETA 7.5 min) loss_corrente=0.0222
    [epoch 3/50 train] batch 750/2995 (5.07 batch/s, ETA 7.4 min) loss_corrente=0.0224
    [epoch 3/50 train] batch 800/2995 (5.07 batch/s, ETA 7.2 min) loss_corrente=0.0223
    [epoch 3/50 train] batch 850/2995 (5.07 batch/s, ETA 7.0 min) loss_corrente=0.0226
    [epoch 3/50 train] batch 900/2995 (5.07 batch/s, ETA 6.9 min) loss_corrente=0.0235
    [epoch 3/50 train] batch 950/2995 (5.07 batch/s, ETA 6.7 min) loss_corrente=0.0236
    [epoch 3/50 train] batch 1000/2995 (5.07 batch/s, ETA 6.6 min) loss_corrente=0.0236
    [epoch 3/50 train] batch 1050/2995 (5.07 batch/s, ETA 6.4 min) loss_corrente=0.0234
    [epoch 3/50 train] batch 1100/2995 (5.07 batch/s, ETA 6.2 min) loss_corrente=0.0232
    [epoch 3/50 train] batch 1150/2995 (5.07 batch/s, ETA 6.1 min) loss_corrente=0.0234
    [epoch 3/50 train] batch 1200/2995 (5.07 batch/s, ETA 5.9 min) loss_corrente=0.0233
    [epoch 3/50 train] batch 1250/2995 (5.07 batch/s, ETA 5.7 min) loss_corrente=0.0232
    [epoch 3/50 train] batch 1300/2995 (5.07 batch/s, ETA 5.6 min) loss_corrente=0.0230
    [epoch 3/50 train] batch 1350/2995 (5.07 batch/s, ETA 5.4 min) loss_corrente=0.0227
    [epoch 3/50 train] batch 1400/2995 (5.07 batch/s, ETA 5.2 min) loss_corrente=0.0227
    [epoch 3/50 train] batch 1450/2995 (5.07 batch/s, ETA 5.1 min) loss_corrente=0.0224
    [epoch 3/50 train] batch 1500/2995 (5.07 batch/s, ETA 4.9 min) loss_corrente=0.0225
    [epoch 3/50 train] batch 1550/2995 (5.07 batch/s, ETA 4.7 min) loss_corrente=0.0222
    [epoch 3/50 train] batch 1600/2995 (5.07 batch/s, ETA 4.6 min) loss_corrente=0.0220
    [epoch 3/50 train] batch 1650/2995 (5.07 batch/s, ETA 4.4 min) loss_corrente=0.0221
    [epoch 3/50 train] batch 1700/2995 (5.07 batch/s, ETA 4.3 min) loss_corrente=0.0222
    [epoch 3/50 train] batch 1750/2995 (5.07 batch/s, ETA 4.1 min) loss_corrente=0.0224
    [epoch 3/50 train] batch 1800/2995 (5.07 batch/s, ETA 3.9 min) loss_corrente=0.0222
    [epoch 3/50 train] batch 1850/2995 (5.07 batch/s, ETA 3.8 min) loss_corrente=0.0219
    [epoch 3/50 train] batch 1900/2995 (5.07 batch/s, ETA 3.6 min) loss_corrente=0.0219
    [epoch 3/50 train] batch 1950/2995 (5.07 batch/s, ETA 3.4 min) loss_corrente=0.0217
    [epoch 3/50 train] batch 2000/2995 (5.07 batch/s, ETA 3.3 min) loss_corrente=0.0222
    [epoch 3/50 train] batch 2050/2995 (5.07 batch/s, ETA 3.1 min) loss_corrente=0.0224
    [epoch 3/50 train] batch 2100/2995 (5.07 batch/s, ETA 2.9 min) loss_corrente=0.0226
    [epoch 3/50 train] batch 2150/2995 (5.07 batch/s, ETA 2.8 min) loss_corrente=0.0231
    [epoch 3/50 train] batch 2200/2995 (5.07 batch/s, ETA 2.6 min) loss_corrente=0.0231
    [epoch 3/50 train] batch 2250/2995 (5.07 batch/s, ETA 2.4 min) loss_corrente=0.0229
    [epoch 3/50 train] batch 2300/2995 (5.07 batch/s, ETA 2.3 min) loss_corrente=0.0229
    [epoch 3/50 train] batch 2350/2995 (5.07 batch/s, ETA 2.1 min) loss_corrente=0.0232
    [epoch 3/50 train] batch 2400/2995 (5.07 batch/s, ETA 2.0 min) loss_corrente=0.0230
    [epoch 3/50 train] batch 2450/2995 (5.07 batch/s, ETA 1.8 min) loss_corrente=0.0230
    [epoch 3/50 train] batch 2500/2995 (5.07 batch/s, ETA 1.6 min) loss_corrente=0.0229
    [epoch 3/50 train] batch 2550/2995 (5.07 batch/s, ETA 1.5 min) loss_corrente=0.0229
    [epoch 3/50 train] batch 2600/2995 (5.07 batch/s, ETA 1.3 min) loss_corrente=0.0229
    [epoch 3/50 train] batch 2650/2995 (5.07 batch/s, ETA 1.1 min) loss_corrente=0.0228
    [epoch 3/50 train] batch 2700/2995 (5.07 batch/s, ETA 1.0 min) loss_corrente=0.0227
    [epoch 3/50 train] batch 2750/2995 (5.07 batch/s, ETA 0.8 min) loss_corrente=0.0228
    [epoch 3/50 train] batch 2800/2995 (5.07 batch/s, ETA 0.6 min) loss_corrente=0.0229
    [epoch 3/50 train] batch 2850/2995 (5.07 batch/s, ETA 0.5 min) loss_corrente=0.0228
    [epoch 3/50 train] batch 2900/2995 (5.07 batch/s, ETA 0.3 min) loss_corrente=0.0226
    [epoch 3/50 train] batch 2950/2995 (5.07 batch/s, ETA 0.1 min) loss_corrente=0.0226
    [epoch 3/50 train] batch 2995/2995 (5.07 batch/s, ETA 0.0 min) loss_corrente=0.0227
    [epoch 3/50 val] batch 50/528 (10.98 batch/s, ETA 0.7 min) loss_corrente=0.0755
    [epoch 3/50 val] batch 100/528 (11.27 batch/s, ETA 0.6 min) loss_corrente=0.0661
    [epoch 3/50 val] batch 150/528 (11.39 batch/s, ETA 0.6 min) loss_corrente=0.0629
    [epoch 3/50 val] batch 200/528 (11.45 batch/s, ETA 0.5 min) loss_corrente=0.0549
    [epoch 3/50 val] batch 250/528 (11.47 batch/s, ETA 0.4 min) loss_corrente=0.0566
    [epoch 3/50 val] batch 300/528 (11.48 batch/s, ETA 0.3 min) loss_corrente=0.0540
    [epoch 3/50 val] batch 350/528 (11.50 batch/s, ETA 0.3 min) loss_corrente=0.0536
    [epoch 3/50 val] batch 400/528 (11.50 batch/s, ETA 0.2 min) loss_corrente=0.0554
    [epoch 3/50 val] batch 450/528 (11.51 batch/s, ETA 0.1 min) loss_corrente=0.0542
    [epoch 3/50 val] batch 500/528 (11.53 batch/s, ETA 0.0 min) loss_corrente=0.0540
    [epoch 3/50 val] batch 528/528 (11.54 batch/s, ETA 0.0 min) loss_corrente=0.0545
Epoch   3/50 | train_loss=0.0227 train_acc=0.993 | val_loss=0.0545 val_acc=0.984
    [epoch 4/50 train] batch 50/2995 (4.97 batch/s, ETA 9.9 min) loss_corrente=0.0166
    [epoch 4/50 train] batch 100/2995 (5.01 batch/s, ETA 9.6 min) loss_corrente=0.0250
    [epoch 4/50 train] batch 150/2995 (5.03 batch/s, ETA 9.4 min) loss_corrente=0.0208
    [epoch 4/50 train] batch 200/2995 (5.04 batch/s, ETA 9.3 min) loss_corrente=0.0195
    [epoch 4/50 train] batch 250/2995 (5.04 batch/s, ETA 9.1 min) loss_corrente=0.0166
    [epoch 4/50 train] batch 300/2995 (5.05 batch/s, ETA 8.9 min) loss_corrente=0.0153
    [epoch 4/50 train] batch 350/2995 (5.05 batch/s, ETA 8.7 min) loss_corrente=0.0150
    [epoch 4/50 train] batch 400/2995 (5.06 batch/s, ETA 8.6 min) loss_corrente=0.0159
    [epoch 4/50 train] batch 450/2995 (5.06 batch/s, ETA 8.4 min) loss_corrente=0.0143
    [epoch 4/50 train] batch 500/2995 (5.06 batch/s, ETA 8.2 min) loss_corrente=0.0141
    [epoch 4/50 train] batch 550/2995 (5.06 batch/s, ETA 8.1 min) loss_corrente=0.0134
    [epoch 4/50 train] batch 600/2995 (5.06 batch/s, ETA 7.9 min) loss_corrente=0.0143
    [epoch 4/50 train] batch 650/2995 (5.06 batch/s, ETA 7.7 min) loss_corrente=0.0154
    [epoch 4/50 train] batch 700/2995 (5.06 batch/s, ETA 7.6 min) loss_corrente=0.0150
    [epoch 4/50 train] batch 750/2995 (5.07 batch/s, ETA 7.4 min) loss_corrente=0.0169
    [epoch 4/50 train] batch 800/2995 (5.07 batch/s, ETA 7.2 min) loss_corrente=0.0171
    [epoch 4/50 train] batch 850/2995 (5.07 batch/s, ETA 7.1 min) loss_corrente=0.0172
    [epoch 4/50 train] batch 900/2995 (5.07 batch/s, ETA 6.9 min) loss_corrente=0.0165
    [epoch 4/50 train] batch 950/2995 (5.07 batch/s, ETA 6.7 min) loss_corrente=0.0161
    [epoch 4/50 train] batch 1000/2995 (5.07 batch/s, ETA 6.6 min) loss_corrente=0.0163
    [epoch 4/50 train] batch 1050/2995 (5.07 batch/s, ETA 6.4 min) loss_corrente=0.0164
    [epoch 4/50 train] batch 1100/2995 (5.07 batch/s, ETA 6.2 min) loss_corrente=0.0172
    [epoch 4/50 train] batch 1150/2995 (5.07 batch/s, ETA 6.1 min) loss_corrente=0.0169
    [epoch 4/50 train] batch 1200/2995 (5.07 batch/s, ETA 5.9 min) loss_corrente=0.0175
    [epoch 4/50 train] batch 1250/2995 (5.07 batch/s, ETA 5.7 min) loss_corrente=0.0171
    [epoch 4/50 train] batch 1300/2995 (5.07 batch/s, ETA 5.6 min) loss_corrente=0.0169
    [epoch 4/50 train] batch 1350/2995 (5.07 batch/s, ETA 5.4 min) loss_corrente=0.0169
    [epoch 4/50 train] batch 1400/2995 (5.07 batch/s, ETA 5.2 min) loss_corrente=0.0171
    [epoch 4/50 train] batch 1450/2995 (5.07 batch/s, ETA 5.1 min) loss_corrente=0.0168
    [epoch 4/50 train] batch 1500/2995 (5.07 batch/s, ETA 4.9 min) loss_corrente=0.0167
    [epoch 4/50 train] batch 1550/2995 (5.07 batch/s, ETA 4.7 min) loss_corrente=0.0165
    [epoch 4/50 train] batch 1600/2995 (5.07 batch/s, ETA 4.6 min) loss_corrente=0.0163
    [epoch 4/50 train] batch 1650/2995 (5.07 batch/s, ETA 4.4 min) loss_corrente=0.0161
    [epoch 4/50 train] batch 1700/2995 (5.07 batch/s, ETA 4.3 min) loss_corrente=0.0162
    [epoch 4/50 train] batch 1750/2995 (5.07 batch/s, ETA 4.1 min) loss_corrente=0.0161
    [epoch 4/50 train] batch 1800/2995 (5.07 batch/s, ETA 3.9 min) loss_corrente=0.0167
    [epoch 4/50 train] batch 1850/2995 (5.07 batch/s, ETA 3.8 min) loss_corrente=0.0167
    [epoch 4/50 train] batch 1900/2995 (5.07 batch/s, ETA 3.6 min) loss_corrente=0.0165
    [epoch 4/50 train] batch 1950/2995 (5.07 batch/s, ETA 3.4 min) loss_corrente=0.0166
    [epoch 4/50 train] batch 2000/2995 (5.07 batch/s, ETA 3.3 min) loss_corrente=0.0164
    [epoch 4/50 train] batch 2050/2995 (5.07 batch/s, ETA 3.1 min) loss_corrente=0.0162
    [epoch 4/50 train] batch 2100/2995 (5.07 batch/s, ETA 2.9 min) loss_corrente=0.0170
    [epoch 4/50 train] batch 2150/2995 (5.07 batch/s, ETA 2.8 min) loss_corrente=0.0169
    [epoch 4/50 train] batch 2200/2995 (5.07 batch/s, ETA 2.6 min) loss_corrente=0.0169
    [epoch 4/50 train] batch 2250/2995 (5.07 batch/s, ETA 2.4 min) loss_corrente=0.0167
    [epoch 4/50 train] batch 2300/2995 (5.07 batch/s, ETA 2.3 min) loss_corrente=0.0165
    [epoch 4/50 train] batch 2350/2995 (5.07 batch/s, ETA 2.1 min) loss_corrente=0.0163
    [epoch 4/50 train] batch 2400/2995 (5.07 batch/s, ETA 2.0 min) loss_corrente=0.0164
    [epoch 4/50 train] batch 2450/2995 (5.07 batch/s, ETA 1.8 min) loss_corrente=0.0167
    [epoch 4/50 train] batch 2500/2995 (5.07 batch/s, ETA 1.6 min) loss_corrente=0.0168
    [epoch 4/50 train] batch 2550/2995 (5.07 batch/s, ETA 1.5 min) loss_corrente=0.0168
    [epoch 4/50 train] batch 2600/2995 (5.07 batch/s, ETA 1.3 min) loss_corrente=0.0168
    [epoch 4/50 train] batch 2650/2995 (5.07 batch/s, ETA 1.1 min) loss_corrente=0.0166
    [epoch 4/50 train] batch 2700/2995 (5.07 batch/s, ETA 1.0 min) loss_corrente=0.0165
    [epoch 4/50 train] batch 2750/2995 (5.07 batch/s, ETA 0.8 min) loss_corrente=0.0164
    [epoch 4/50 train] batch 2800/2995 (5.07 batch/s, ETA 0.6 min) loss_corrente=0.0162
    [epoch 4/50 train] batch 2850/2995 (5.07 batch/s, ETA 0.5 min) loss_corrente=0.0162
    [epoch 4/50 train] batch 2900/2995 (5.07 batch/s, ETA 0.3 min) loss_corrente=0.0160
    [epoch 4/50 train] batch 2950/2995 (5.07 batch/s, ETA 0.1 min) loss_corrente=0.0161
    [epoch 4/50 train] batch 2995/2995 (5.07 batch/s, ETA 0.0 min) loss_corrente=0.0161
    [epoch 4/50 val] batch 50/528 (10.66 batch/s, ETA 0.7 min) loss_corrente=0.1019
    [epoch 4/50 val] batch 100/528 (11.01 batch/s, ETA 0.6 min) loss_corrente=0.0752
    [epoch 4/50 val] batch 150/528 (11.15 batch/s, ETA 0.6 min) loss_corrente=0.0624
    [epoch 4/50 val] batch 200/528 (11.21 batch/s, ETA 0.5 min) loss_corrente=0.0557
    [epoch 4/50 val] batch 250/528 (11.23 batch/s, ETA 0.4 min) loss_corrente=0.0654
    [epoch 4/50 val] batch 300/528 (11.26 batch/s, ETA 0.3 min) loss_corrente=0.0589
    [epoch 4/50 val] batch 350/528 (11.29 batch/s, ETA 0.3 min) loss_corrente=0.0583
    [epoch 4/50 val] batch 400/528 (11.32 batch/s, ETA 0.2 min) loss_corrente=0.0574
    [epoch 4/50 val] batch 450/528 (11.33 batch/s, ETA 0.1 min) loss_corrente=0.0617
    [epoch 4/50 val] batch 500/528 (11.35 batch/s, ETA 0.0 min) loss_corrente=0.0600
    [epoch 4/50 val] batch 528/528 (11.36 batch/s, ETA 0.0 min) loss_corrente=0.0602
Epoch   4/50 | train_loss=0.0161 train_acc=0.995 | val_loss=0.0602 val_acc=0.986
    [epoch 5/50 train] batch 50/2995 (4.87 batch/s, ETA 10.1 min) loss_corrente=0.0019
    [epoch 5/50 train] batch 100/2995 (4.96 batch/s, ETA 9.7 min) loss_corrente=0.0063
    [epoch 5/50 train] batch 150/2995 (5.00 batch/s, ETA 9.5 min) loss_corrente=0.0050
    [epoch 5/50 train] batch 200/2995 (5.02 batch/s, ETA 9.3 min) loss_corrente=0.0039
    [epoch 5/50 train] batch 250/2995 (5.02 batch/s, ETA 9.1 min) loss_corrente=0.0046
    [epoch 5/50 train] batch 300/2995 (5.03 batch/s, ETA 8.9 min) loss_corrente=0.0054
    [epoch 5/50 train] batch 350/2995 (5.03 batch/s, ETA 8.8 min) loss_corrente=0.0051
    [epoch 5/50 train] batch 400/2995 (5.04 batch/s, ETA 8.6 min) loss_corrente=0.0054
    [epoch 5/50 train] batch 450/2995 (5.04 batch/s, ETA 8.4 min) loss_corrente=0.0082
    [epoch 5/50 train] batch 500/2995 (5.04 batch/s, ETA 8.3 min) loss_corrente=0.0084
    [epoch 5/50 train] batch 550/2995 (5.04 batch/s, ETA 8.1 min) loss_corrente=0.0086
    [epoch 5/50 train] batch 600/2995 (5.04 batch/s, ETA 7.9 min) loss_corrente=0.0080
    [epoch 5/50 train] batch 650/2995 (5.04 batch/s, ETA 7.8 min) loss_corrente=0.0079
    [epoch 5/50 train] batch 700/2995 (5.04 batch/s, ETA 7.6 min) loss_corrente=0.0085
    [epoch 5/50 train] batch 750/2995 (5.04 batch/s, ETA 7.4 min) loss_corrente=0.0093
    [epoch 5/50 train] batch 800/2995 (5.04 batch/s, ETA 7.3 min) loss_corrente=0.0089
    [epoch 5/50 train] batch 850/2995 (5.05 batch/s, ETA 7.1 min) loss_corrente=0.0084
    [epoch 5/50 train] batch 900/2995 (5.05 batch/s, ETA 6.9 min) loss_corrente=0.0080
    [epoch 5/50 train] batch 950/2995 (5.05 batch/s, ETA 6.8 min) loss_corrente=0.0082
    [epoch 5/50 train] batch 1000/2995 (5.05 batch/s, ETA 6.6 min) loss_corrente=0.0090
    [epoch 5/50 train] batch 1050/2995 (5.05 batch/s, ETA 6.4 min) loss_corrente=0.0096
    [epoch 5/50 train] batch 1100/2995 (5.05 batch/s, ETA 6.3 min) loss_corrente=0.0094
    [epoch 5/50 train] batch 1150/2995 (5.05 batch/s, ETA 6.1 min) loss_corrente=0.0093
    [epoch 5/50 train] batch 1200/2995 (5.05 batch/s, ETA 5.9 min) loss_corrente=0.0091
    [epoch 5/50 train] batch 1250/2995 (5.05 batch/s, ETA 5.8 min) loss_corrente=0.0093
    [epoch 5/50 train] batch 1300/2995 (5.05 batch/s, ETA 5.6 min) loss_corrente=0.0094
    [epoch 5/50 train] batch 1350/2995 (5.05 batch/s, ETA 5.4 min) loss_corrente=0.0095
    [epoch 5/50 train] batch 1400/2995 (5.05 batch/s, ETA 5.3 min) loss_corrente=0.0095
    [epoch 5/50 train] batch 1450/2995 (5.05 batch/s, ETA 5.1 min) loss_corrente=0.0095
    [epoch 5/50 train] batch 1500/2995 (5.05 batch/s, ETA 4.9 min) loss_corrente=0.0095
    [epoch 5/50 train] batch 1550/2995 (5.05 batch/s, ETA 4.8 min) loss_corrente=0.0097
    [epoch 5/50 train] batch 1600/2995 (5.05 batch/s, ETA 4.6 min) loss_corrente=0.0096
    [epoch 5/50 train] batch 1650/2995 (5.05 batch/s, ETA 4.4 min) loss_corrente=0.0094
    [epoch 5/50 train] batch 1700/2995 (5.05 batch/s, ETA 4.3 min) loss_corrente=0.0092
    [epoch 5/50 train] batch 1750/2995 (5.05 batch/s, ETA 4.1 min) loss_corrente=0.0090
    [epoch 5/50 train] batch 1800/2995 (5.05 batch/s, ETA 3.9 min) loss_corrente=0.0104
    [epoch 5/50 train] batch 1850/2995 (5.05 batch/s, ETA 3.8 min) loss_corrente=0.0111
    [epoch 5/50 train] batch 1900/2995 (5.05 batch/s, ETA 3.6 min) loss_corrente=0.0113
    [epoch 5/50 train] batch 1950/2995 (5.05 batch/s, ETA 3.5 min) loss_corrente=0.0113
    [epoch 5/50 train] batch 2000/2995 (5.05 batch/s, ETA 3.3 min) loss_corrente=0.0114
    [epoch 5/50 train] batch 2050/2995 (5.05 batch/s, ETA 3.1 min) loss_corrente=0.0113
    [epoch 5/50 train] batch 2100/2995 (5.05 batch/s, ETA 3.0 min) loss_corrente=0.0112
    [epoch 5/50 train] batch 2150/2995 (5.05 batch/s, ETA 2.8 min) loss_corrente=0.0110
    [epoch 5/50 train] batch 2200/2995 (5.05 batch/s, ETA 2.6 min) loss_corrente=0.0112
    [epoch 5/50 train] batch 2250/2995 (5.05 batch/s, ETA 2.5 min) loss_corrente=0.0111
    [epoch 5/50 train] batch 2300/2995 (5.05 batch/s, ETA 2.3 min) loss_corrente=0.0109
    [epoch 5/50 train] batch 2350/2995 (5.05 batch/s, ETA 2.1 min) loss_corrente=0.0109
    [epoch 5/50 train] batch 2400/2995 (5.05 batch/s, ETA 2.0 min) loss_corrente=0.0107
    [epoch 5/50 train] batch 2450/2995 (5.05 batch/s, ETA 1.8 min) loss_corrente=0.0108
    [epoch 5/50 train] batch 2500/2995 (5.05 batch/s, ETA 1.6 min) loss_corrente=0.0106
    [epoch 5/50 train] batch 2550/2995 (5.05 batch/s, ETA 1.5 min) loss_corrente=0.0105
    [epoch 5/50 train] batch 2600/2995 (5.05 batch/s, ETA 1.3 min) loss_corrente=0.0103
    [epoch 5/50 train] batch 2650/2995 (5.05 batch/s, ETA 1.1 min) loss_corrente=0.0102
    [epoch 5/50 train] batch 2700/2995 (5.05 batch/s, ETA 1.0 min) loss_corrente=0.0101
    [epoch 5/50 train] batch 2750/2995 (5.05 batch/s, ETA 0.8 min) loss_corrente=0.0103
    [epoch 5/50 train] batch 2800/2995 (5.05 batch/s, ETA 0.6 min) loss_corrente=0.0103
    [epoch 5/50 train] batch 2850/2995 (5.05 batch/s, ETA 0.5 min) loss_corrente=0.0102
    [epoch 5/50 train] batch 2900/2995 (5.05 batch/s, ETA 0.3 min) loss_corrente=0.0101
    [epoch 5/50 train] batch 2950/2995 (5.05 batch/s, ETA 0.1 min) loss_corrente=0.0101
    [epoch 5/50 train] batch 2995/2995 (5.05 batch/s, ETA 0.0 min) loss_corrente=0.0101
    [epoch 5/50 val] batch 50/528 (10.42 batch/s, ETA 0.8 min) loss_corrente=0.1448
    [epoch 5/50 val] batch 100/528 (10.92 batch/s, ETA 0.7 min) loss_corrente=0.1184
    [epoch 5/50 val] batch 150/528 (11.09 batch/s, ETA 0.6 min) loss_corrente=0.0974
    [epoch 5/50 val] batch 200/528 (11.19 batch/s, ETA 0.5 min) loss_corrente=0.0810
    [epoch 5/50 val] batch 250/528 (11.26 batch/s, ETA 0.4 min) loss_corrente=0.0861
    [epoch 5/50 val] batch 300/528 (11.30 batch/s, ETA 0.3 min) loss_corrente=0.0782
    [epoch 5/50 val] batch 350/528 (11.33 batch/s, ETA 0.3 min) loss_corrente=0.0809
    [epoch 5/50 val] batch 400/528 (11.35 batch/s, ETA 0.2 min) loss_corrente=0.0814
    [epoch 5/50 val] batch 450/528 (11.37 batch/s, ETA 0.1 min) loss_corrente=0.0873
    [epoch 5/50 val] batch 500/528 (11.40 batch/s, ETA 0.0 min) loss_corrente=0.0905
    [epoch 5/50 val] batch 528/528 (11.42 batch/s, ETA 0.0 min) loss_corrente=0.0919
Epoch   5/50 | train_loss=0.0101 train_acc=0.997 | val_loss=0.0919 val_acc=0.985
    [epoch 6/50 train] batch 50/2995 (4.96 batch/s, ETA 9.9 min) loss_corrente=0.0036
    [epoch 6/50 train] batch 100/2995 (5.01 batch/s, ETA 9.6 min) loss_corrente=0.0037
    [epoch 6/50 train] batch 150/2995 (5.01 batch/s, ETA 9.5 min) loss_corrente=0.0080
    [epoch 6/50 train] batch 200/2995 (5.01 batch/s, ETA 9.3 min) loss_corrente=0.0068
    [epoch 6/50 train] batch 250/2995 (5.03 batch/s, ETA 9.1 min) loss_corrente=0.0082
    [epoch 6/50 train] batch 300/2995 (5.04 batch/s, ETA 8.9 min) loss_corrente=0.0094
    [epoch 6/50 train] batch 350/2995 (5.05 batch/s, ETA 8.7 min) loss_corrente=0.0091
    [epoch 6/50 train] batch 400/2995 (5.05 batch/s, ETA 8.6 min) loss_corrente=0.0092
    [epoch 6/50 train] batch 450/2995 (5.06 batch/s, ETA 8.4 min) loss_corrente=0.0090
    [epoch 6/50 train] batch 500/2995 (5.06 batch/s, ETA 8.2 min) loss_corrente=0.0082
    [epoch 6/50 train] batch 550/2995 (5.06 batch/s, ETA 8.0 min) loss_corrente=0.0080
    [epoch 6/50 train] batch 600/2995 (5.07 batch/s, ETA 7.9 min) loss_corrente=0.0078
    [epoch 6/50 train] batch 650/2995 (5.07 batch/s, ETA 7.7 min) loss_corrente=0.0072
    [epoch 6/50 train] batch 700/2995 (5.07 batch/s, ETA 7.5 min) loss_corrente=0.0072
    [epoch 6/50 train] batch 750/2995 (5.07 batch/s, ETA 7.4 min) loss_corrente=0.0083
    [epoch 6/50 train] batch 800/2995 (5.07 batch/s, ETA 7.2 min) loss_corrente=0.0091
    [epoch 6/50 train] batch 850/2995 (5.07 batch/s, ETA 7.0 min) loss_corrente=0.0092
    [epoch 6/50 train] batch 900/2995 (5.07 batch/s, ETA 6.9 min) loss_corrente=0.0090
    [epoch 6/50 train] batch 950/2995 (5.07 batch/s, ETA 6.7 min) loss_corrente=0.0086
    [epoch 6/50 train] batch 1000/2995 (5.08 batch/s, ETA 6.6 min) loss_corrente=0.0087
    [epoch 6/50 train] batch 1050/2995 (5.08 batch/s, ETA 6.4 min) loss_corrente=0.0084
    [epoch 6/50 train] batch 1100/2995 (5.08 batch/s, ETA 6.2 min) loss_corrente=0.0081
    [epoch 6/50 train] batch 1150/2995 (5.08 batch/s, ETA 6.1 min) loss_corrente=0.0093
    [epoch 6/50 train] batch 1200/2995 (5.08 batch/s, ETA 5.9 min) loss_corrente=0.0091
    [epoch 6/50 train] batch 1250/2995 (5.08 batch/s, ETA 5.7 min) loss_corrente=0.0091
    [epoch 6/50 train] batch 1300/2995 (5.08 batch/s, ETA 5.6 min) loss_corrente=0.0091
    [epoch 6/50 train] batch 1350/2995 (5.08 batch/s, ETA 5.4 min) loss_corrente=0.0096
    [epoch 6/50 train] batch 1400/2995 (5.08 batch/s, ETA 5.2 min) loss_corrente=0.0095
    [epoch 6/50 train] batch 1450/2995 (5.08 batch/s, ETA 5.1 min) loss_corrente=0.0093
    [epoch 6/50 train] batch 1500/2995 (5.08 batch/s, ETA 4.9 min) loss_corrente=0.0091
    [epoch 6/50 train] batch 1550/2995 (5.08 batch/s, ETA 4.7 min) loss_corrente=0.0089
    [epoch 6/50 train] batch 1600/2995 (5.08 batch/s, ETA 4.6 min) loss_corrente=0.0091
    [epoch 6/50 train] batch 1650/2995 (5.08 batch/s, ETA 4.4 min) loss_corrente=0.0091
    [epoch 6/50 train] batch 1700/2995 (5.08 batch/s, ETA 4.2 min) loss_corrente=0.0094
    [epoch 6/50 train] batch 1750/2995 (5.08 batch/s, ETA 4.1 min) loss_corrente=0.0097
    [epoch 6/50 train] batch 1800/2995 (5.08 batch/s, ETA 3.9 min) loss_corrente=0.0102
    [epoch 6/50 train] batch 1850/2995 (5.08 batch/s, ETA 3.8 min) loss_corrente=0.0100
    [epoch 6/50 train] batch 1900/2995 (5.08 batch/s, ETA 3.6 min) loss_corrente=0.0099
    [epoch 6/50 train] batch 1950/2995 (5.08 batch/s, ETA 3.4 min) loss_corrente=0.0099
    [epoch 6/50 train] batch 2000/2995 (5.08 batch/s, ETA 3.3 min) loss_corrente=0.0097
    [epoch 6/50 train] batch 2050/2995 (5.08 batch/s, ETA 3.1 min) loss_corrente=0.0095
    [epoch 6/50 train] batch 2100/2995 (5.08 batch/s, ETA 2.9 min) loss_corrente=0.0096
    [epoch 6/50 train] batch 2150/2995 (5.08 batch/s, ETA 2.8 min) loss_corrente=0.0098
    [epoch 6/50 train] batch 2200/2995 (5.08 batch/s, ETA 2.6 min) loss_corrente=0.0096
    [epoch 6/50 train] batch 2250/2995 (5.08 batch/s, ETA 2.4 min) loss_corrente=0.0095
    [epoch 6/50 train] batch 2300/2995 (5.08 batch/s, ETA 2.3 min) loss_corrente=0.0094
    [epoch 6/50 train] batch 2350/2995 (5.08 batch/s, ETA 2.1 min) loss_corrente=0.0094
    [epoch 6/50 train] batch 2400/2995 (5.08 batch/s, ETA 2.0 min) loss_corrente=0.0095
    [epoch 6/50 train] batch 2450/2995 (5.08 batch/s, ETA 1.8 min) loss_corrente=0.0103
    [epoch 6/50 train] batch 2500/2995 (5.08 batch/s, ETA 1.6 min) loss_corrente=0.0106
    [epoch 6/50 train] batch 2550/2995 (5.08 batch/s, ETA 1.5 min) loss_corrente=0.0105
    [epoch 6/50 train] batch 2600/2995 (5.08 batch/s, ETA 1.3 min) loss_corrente=0.0105
    [epoch 6/50 train] batch 2650/2995 (5.08 batch/s, ETA 1.1 min) loss_corrente=0.0104
    [epoch 6/50 train] batch 2700/2995 (5.08 batch/s, ETA 1.0 min) loss_corrente=0.0103
    [epoch 6/50 train] batch 2750/2995 (5.08 batch/s, ETA 0.8 min) loss_corrente=0.0102
    [epoch 6/50 train] batch 2800/2995 (5.08 batch/s, ETA 0.6 min) loss_corrente=0.0100
    [epoch 6/50 train] batch 2850/2995 (5.08 batch/s, ETA 0.5 min) loss_corrente=0.0099
    [epoch 6/50 train] batch 2900/2995 (5.08 batch/s, ETA 0.3 min) loss_corrente=0.0098
    [epoch 6/50 train] batch 2950/2995 (5.08 batch/s, ETA 0.1 min) loss_corrente=0.0098
    [epoch 6/50 train] batch 2995/2995 (5.09 batch/s, ETA 0.0 min) loss_corrente=0.0097
    [epoch 6/50 val] batch 50/528 (11.26 batch/s, ETA 0.7 min) loss_corrente=0.1247
    [epoch 6/50 val] batch 100/528 (11.45 batch/s, ETA 0.6 min) loss_corrente=0.0865
    [epoch 6/50 val] batch 150/528 (11.51 batch/s, ETA 0.5 min) loss_corrente=0.0762
    [epoch 6/50 val] batch 200/528 (11.52 batch/s, ETA 0.5 min) loss_corrente=0.0699
    [epoch 6/50 val] batch 250/528 (11.54 batch/s, ETA 0.4 min) loss_corrente=0.0777
    [epoch 6/50 val] batch 300/528 (11.56 batch/s, ETA 0.3 min) loss_corrente=0.0710
    [epoch 6/50 val] batch 350/528 (11.57 batch/s, ETA 0.3 min) loss_corrente=0.0706
    [epoch 6/50 val] batch 400/528 (11.57 batch/s, ETA 0.2 min) loss_corrente=0.0703
    [epoch 6/50 val] batch 450/528 (11.58 batch/s, ETA 0.1 min) loss_corrente=0.0782
    [epoch 6/50 val] batch 500/528 (11.59 batch/s, ETA 0.0 min) loss_corrente=0.0810
    [epoch 6/50 val] batch 528/528 (11.60 batch/s, ETA 0.0 min) loss_corrente=0.0827
Epoch   6/50 | train_loss=0.0097 train_acc=0.997 | val_loss=0.0827 val_acc=0.987
    [epoch 7/50 train] batch 50/2995 (5.02 batch/s, ETA 9.8 min) loss_corrente=0.0053
    [epoch 7/50 train] batch 100/2995 (5.05 batch/s, ETA 9.6 min) loss_corrente=0.0062
    [epoch 7/50 train] batch 150/2995 (5.07 batch/s, ETA 9.4 min) loss_corrente=0.0066
    [epoch 7/50 train] batch 200/2995 (5.07 batch/s, ETA 9.2 min) loss_corrente=0.0083
    [epoch 7/50 train] batch 250/2995 (5.08 batch/s, ETA 9.0 min) loss_corrente=0.0068
    [epoch 7/50 train] batch 300/2995 (5.08 batch/s, ETA 8.8 min) loss_corrente=0.0063
    [epoch 7/50 train] batch 350/2995 (5.08 batch/s, ETA 8.7 min) loss_corrente=0.0056
    [epoch 7/50 train] batch 400/2995 (5.08 batch/s, ETA 8.5 min) loss_corrente=0.0059
    [epoch 7/50 train] batch 450/2995 (5.08 batch/s, ETA 8.3 min) loss_corrente=0.0069
    [epoch 7/50 train] batch 500/2995 (5.09 batch/s, ETA 8.2 min) loss_corrente=0.0090
    [epoch 7/50 train] batch 550/2995 (5.09 batch/s, ETA 8.0 min) loss_corrente=0.0082
    [epoch 7/50 train] batch 600/2995 (5.09 batch/s, ETA 7.8 min) loss_corrente=0.0079
    [epoch 7/50 train] batch 650/2995 (5.09 batch/s, ETA 7.7 min) loss_corrente=0.0080
    [epoch 7/50 train] batch 700/2995 (5.09 batch/s, ETA 7.5 min) loss_corrente=0.0080
    [epoch 7/50 train] batch 750/2995 (5.09 batch/s, ETA 7.4 min) loss_corrente=0.0076
    [epoch 7/50 train] batch 800/2995 (5.09 batch/s, ETA 7.2 min) loss_corrente=0.0071
    [epoch 7/50 train] batch 850/2995 (5.09 batch/s, ETA 7.0 min) loss_corrente=0.0067
    [epoch 7/50 train] batch 900/2995 (5.09 batch/s, ETA 6.9 min) loss_corrente=0.0064
    [epoch 7/50 train] batch 950/2995 (5.09 batch/s, ETA 6.7 min) loss_corrente=0.0061
    [epoch 7/50 train] batch 1000/2995 (5.09 batch/s, ETA 6.5 min) loss_corrente=0.0059
    [epoch 7/50 train] batch 1050/2995 (5.09 batch/s, ETA 6.4 min) loss_corrente=0.0056
    [epoch 7/50 train] batch 1100/2995 (5.09 batch/s, ETA 6.2 min) loss_corrente=0.0054
    [epoch 7/50 train] batch 1150/2995 (5.09 batch/s, ETA 6.0 min) loss_corrente=0.0058
    [epoch 7/50 train] batch 1200/2995 (5.09 batch/s, ETA 5.9 min) loss_corrente=0.0060
    [epoch 7/50 train] batch 1250/2995 (5.09 batch/s, ETA 5.7 min) loss_corrente=0.0075
    [epoch 7/50 train] batch 1300/2995 (5.09 batch/s, ETA 5.5 min) loss_corrente=0.0073
    [epoch 7/50 train] batch 1350/2995 (5.09 batch/s, ETA 5.4 min) loss_corrente=0.0072
    [epoch 7/50 train] batch 1400/2995 (5.09 batch/s, ETA 5.2 min) loss_corrente=0.0069
    [epoch 7/50 train] batch 1450/2995 (5.09 batch/s, ETA 5.1 min) loss_corrente=0.0067
    [epoch 7/50 train] batch 1500/2995 (5.09 batch/s, ETA 4.9 min) loss_corrente=0.0066
    [epoch 7/50 train] batch 1550/2995 (5.09 batch/s, ETA 4.7 min) loss_corrente=0.0064
    [epoch 7/50 train] batch 1600/2995 (5.09 batch/s, ETA 4.6 min) loss_corrente=0.0066
    [epoch 7/50 train] batch 1650/2995 (5.09 batch/s, ETA 4.4 min) loss_corrente=0.0066
    [epoch 7/50 train] batch 1700/2995 (5.09 batch/s, ETA 4.2 min) loss_corrente=0.0064
    [epoch 7/50 train] batch 1750/2995 (5.09 batch/s, ETA 4.1 min) loss_corrente=0.0063
    [epoch 7/50 train] batch 1800/2995 (5.09 batch/s, ETA 3.9 min) loss_corrente=0.0061
    [epoch 7/50 train] batch 1850/2995 (5.09 batch/s, ETA 3.8 min) loss_corrente=0.0061
    [epoch 7/50 train] batch 1900/2995 (5.09 batch/s, ETA 3.6 min) loss_corrente=0.0060
    [epoch 7/50 train] batch 1950/2995 (5.09 batch/s, ETA 3.4 min) loss_corrente=0.0062
    [epoch 7/50 train] batch 2000/2995 (5.09 batch/s, ETA 3.3 min) loss_corrente=0.0061
    [epoch 7/50 train] batch 2050/2995 (5.09 batch/s, ETA 3.1 min) loss_corrente=0.0060
    [epoch 7/50 train] batch 2100/2995 (5.09 batch/s, ETA 2.9 min) loss_corrente=0.0059
    [epoch 7/50 train] batch 2150/2995 (5.09 batch/s, ETA 2.8 min) loss_corrente=0.0059
    [epoch 7/50 train] batch 2200/2995 (5.09 batch/s, ETA 2.6 min) loss_corrente=0.0059
    [epoch 7/50 train] batch 2250/2995 (5.09 batch/s, ETA 2.4 min) loss_corrente=0.0060
    [epoch 7/50 train] batch 2300/2995 (5.09 batch/s, ETA 2.3 min) loss_corrente=0.0059
    [epoch 7/50 train] batch 2350/2995 (5.09 batch/s, ETA 2.1 min) loss_corrente=0.0065
    [epoch 7/50 train] batch 2400/2995 (5.09 batch/s, ETA 1.9 min) loss_corrente=0.0065
    [epoch 7/50 train] batch 2450/2995 (5.09 batch/s, ETA 1.8 min) loss_corrente=0.0065
    [epoch 7/50 train] batch 2500/2995 (5.09 batch/s, ETA 1.6 min) loss_corrente=0.0066
    [epoch 7/50 train] batch 2550/2995 (5.09 batch/s, ETA 1.5 min) loss_corrente=0.0065
    [epoch 7/50 train] batch 2600/2995 (5.09 batch/s, ETA 1.3 min) loss_corrente=0.0064
    [epoch 7/50 train] batch 2650/2995 (5.09 batch/s, ETA 1.1 min) loss_corrente=0.0065
    [epoch 7/50 train] batch 2700/2995 (5.09 batch/s, ETA 1.0 min) loss_corrente=0.0068
    [epoch 7/50 train] batch 2750/2995 (5.09 batch/s, ETA 0.8 min) loss_corrente=0.0068
    [epoch 7/50 train] batch 2800/2995 (5.09 batch/s, ETA 0.6 min) loss_corrente=0.0069
    [epoch 7/50 train] batch 2850/2995 (5.09 batch/s, ETA 0.5 min) loss_corrente=0.0068
    [epoch 7/50 train] batch 2900/2995 (5.09 batch/s, ETA 0.3 min) loss_corrente=0.0067
    [epoch 7/50 train] batch 2950/2995 (5.09 batch/s, ETA 0.1 min) loss_corrente=0.0066
    [epoch 7/50 train] batch 2995/2995 (5.09 batch/s, ETA 0.0 min) loss_corrente=0.0066
    [epoch 7/50 val] batch 50/528 (11.00 batch/s, ETA 0.7 min) loss_corrente=0.1727
    [epoch 7/50 val] batch 100/528 (11.30 batch/s, ETA 0.6 min) loss_corrente=0.1163
    [epoch 7/50 val] batch 150/528 (11.39 batch/s, ETA 0.6 min) loss_corrente=0.0935
    [epoch 7/50 val] batch 200/528 (11.46 batch/s, ETA 0.5 min) loss_corrente=0.0892
    [epoch 7/50 val] batch 250/528 (11.48 batch/s, ETA 0.4 min) loss_corrente=0.1009
    [epoch 7/50 val] batch 300/528 (11.50 batch/s, ETA 0.3 min) loss_corrente=0.0886
    [epoch 7/50 val] batch 350/528 (11.51 batch/s, ETA 0.3 min) loss_corrente=0.0853
    [epoch 7/50 val] batch 400/528 (11.52 batch/s, ETA 0.2 min) loss_corrente=0.0808
    [epoch 7/50 val] batch 450/528 (11.53 batch/s, ETA 0.1 min) loss_corrente=0.0857
    [epoch 7/50 val] batch 500/528 (11.54 batch/s, ETA 0.0 min) loss_corrente=0.0826
    [epoch 7/50 val] batch 528/528 (11.55 batch/s, ETA 0.0 min) loss_corrente=0.0834
Epoch   7/50 | train_loss=0.0066 train_acc=0.998 | val_loss=0.0834 val_acc=0.985
    [epoch 8/50 train] batch 50/2995 (5.00 batch/s, ETA 9.8 min) loss_corrente=0.0108
    [epoch 8/50 train] batch 100/2995 (5.04 batch/s, ETA 9.6 min) loss_corrente=0.0121
    [epoch 8/50 train] batch 150/2995 (5.05 batch/s, ETA 9.4 min) loss_corrente=0.0115
    [epoch 8/50 train] batch 200/2995 (5.06 batch/s, ETA 9.2 min) loss_corrente=0.0111
    [epoch 8/50 train] batch 250/2995 (5.06 batch/s, ETA 9.0 min) loss_corrente=0.0130
    [epoch 8/50 train] batch 300/2995 (5.06 batch/s, ETA 8.9 min) loss_corrente=0.0132
    [epoch 8/50 train] batch 350/2995 (5.07 batch/s, ETA 8.7 min) loss_corrente=0.0117
    [epoch 8/50 train] batch 400/2995 (5.07 batch/s, ETA 8.5 min) loss_corrente=0.0108
    [epoch 8/50 train] batch 450/2995 (5.07 batch/s, ETA 8.4 min) loss_corrente=0.0097
    [epoch 8/50 train] batch 500/2995 (5.07 batch/s, ETA 8.2 min) loss_corrente=0.0099
    [epoch 8/50 train] batch 550/2995 (5.07 batch/s, ETA 8.0 min) loss_corrente=0.0094
    [epoch 8/50 train] batch 600/2995 (5.08 batch/s, ETA 7.9 min) loss_corrente=0.0090
    [epoch 8/50 train] batch 650/2995 (5.08 batch/s, ETA 7.7 min) loss_corrente=0.0084
    [epoch 8/50 train] batch 700/2995 (5.08 batch/s, ETA 7.5 min) loss_corrente=0.0078
    [epoch 8/50 train] batch 750/2995 (5.08 batch/s, ETA 7.4 min) loss_corrente=0.0073
    [epoch 8/50 train] batch 800/2995 (5.08 batch/s, ETA 7.2 min) loss_corrente=0.0070
    [epoch 8/50 train] batch 850/2995 (5.08 batch/s, ETA 7.0 min) loss_corrente=0.0066
    [epoch 8/50 train] batch 900/2995 (5.08 batch/s, ETA 6.9 min) loss_corrente=0.0062
    [epoch 8/50 train] batch 950/2995 (5.08 batch/s, ETA 6.7 min) loss_corrente=0.0060
    [epoch 8/50 train] batch 1000/2995 (5.09 batch/s, ETA 6.5 min) loss_corrente=0.0061
    [epoch 8/50 train] batch 1050/2995 (5.09 batch/s, ETA 6.4 min) loss_corrente=0.0066
    [epoch 8/50 train] batch 1100/2995 (5.09 batch/s, ETA 6.2 min) loss_corrente=0.0065
    [epoch 8/50 train] batch 1150/2995 (5.09 batch/s, ETA 6.0 min) loss_corrente=0.0064
    [epoch 8/50 train] batch 1200/2995 (5.09 batch/s, ETA 5.9 min) loss_corrente=0.0062
    [epoch 8/50 train] batch 1250/2995 (5.09 batch/s, ETA 5.7 min) loss_corrente=0.0060
    [epoch 8/50 train] batch 1300/2995 (5.09 batch/s, ETA 5.6 min) loss_corrente=0.0059
    [epoch 8/50 train] batch 1350/2995 (5.09 batch/s, ETA 5.4 min) loss_corrente=0.0061
    [epoch 8/50 train] batch 1400/2995 (5.09 batch/s, ETA 5.2 min) loss_corrente=0.0060
    [epoch 8/50 train] batch 1450/2995 (5.09 batch/s, ETA 5.1 min) loss_corrente=0.0058
    [epoch 8/50 train] batch 1500/2995 (5.09 batch/s, ETA 4.9 min) loss_corrente=0.0059
    [epoch 8/50 train] batch 1550/2995 (5.09 batch/s, ETA 4.7 min) loss_corrente=0.0058
    [epoch 8/50 train] batch 1600/2995 (5.09 batch/s, ETA 4.6 min) loss_corrente=0.0060
    [epoch 8/50 train] batch 1650/2995 (5.09 batch/s, ETA 4.4 min) loss_corrente=0.0059
    [epoch 8/50 train] batch 1700/2995 (5.09 batch/s, ETA 4.2 min) loss_corrente=0.0060
    [epoch 8/50 train] batch 1750/2995 (5.09 batch/s, ETA 4.1 min) loss_corrente=0.0059
    [epoch 8/50 train] batch 1800/2995 (5.09 batch/s, ETA 3.9 min) loss_corrente=0.0059
    [epoch 8/50 train] batch 1850/2995 (5.09 batch/s, ETA 3.7 min) loss_corrente=0.0061
    [epoch 8/50 train] batch 1900/2995 (5.09 batch/s, ETA 3.6 min) loss_corrente=0.0060
    [epoch 8/50 train] batch 1950/2995 (5.09 batch/s, ETA 3.4 min) loss_corrente=0.0058
    [epoch 8/50 train] batch 2000/2995 (5.09 batch/s, ETA 3.3 min) loss_corrente=0.0060
    [epoch 8/50 train] batch 2050/2995 (5.09 batch/s, ETA 3.1 min) loss_corrente=0.0060
    [epoch 8/50 train] batch 2100/2995 (5.09 batch/s, ETA 2.9 min) loss_corrente=0.0060
    [epoch 8/50 train] batch 2150/2995 (5.09 batch/s, ETA 2.8 min) loss_corrente=0.0060
    [epoch 8/50 train] batch 2200/2995 (5.09 batch/s, ETA 2.6 min) loss_corrente=0.0059
    [epoch 8/50 train] batch 2250/2995 (5.09 batch/s, ETA 2.4 min) loss_corrente=0.0057
    [epoch 8/50 train] batch 2300/2995 (5.09 batch/s, ETA 2.3 min) loss_corrente=0.0056
    [epoch 8/50 train] batch 2350/2995 (5.09 batch/s, ETA 2.1 min) loss_corrente=0.0055
    [epoch 8/50 train] batch 2400/2995 (5.09 batch/s, ETA 1.9 min) loss_corrente=0.0056
    [epoch 8/50 train] batch 2450/2995 (5.09 batch/s, ETA 1.8 min) loss_corrente=0.0056
    [epoch 8/50 train] batch 2500/2995 (5.10 batch/s, ETA 1.6 min) loss_corrente=0.0055
    [epoch 8/50 train] batch 2550/2995 (5.10 batch/s, ETA 1.5 min) loss_corrente=0.0055
    [epoch 8/50 train] batch 2600/2995 (5.10 batch/s, ETA 1.3 min) loss_corrente=0.0056
    [epoch 8/50 train] batch 2650/2995 (5.10 batch/s, ETA 1.1 min) loss_corrente=0.0056
    [epoch 8/50 train] batch 2700/2995 (5.10 batch/s, ETA 1.0 min) loss_corrente=0.0056
    [epoch 8/50 train] batch 2750/2995 (5.10 batch/s, ETA 0.8 min) loss_corrente=0.0056
    [epoch 8/50 train] batch 2800/2995 (5.10 batch/s, ETA 0.6 min) loss_corrente=0.0057
    [epoch 8/50 train] batch 2850/2995 (5.10 batch/s, ETA 0.5 min) loss_corrente=0.0057
    [epoch 8/50 train] batch 2900/2995 (5.10 batch/s, ETA 0.3 min) loss_corrente=0.0059
    [epoch 8/50 train] batch 2950/2995 (5.10 batch/s, ETA 0.1 min) loss_corrente=0.0058
    [epoch 8/50 train] batch 2995/2995 (5.10 batch/s, ETA 0.0 min) loss_corrente=0.0059
    [epoch 8/50 val] batch 50/528 (11.18 batch/s, ETA 0.7 min) loss_corrente=0.2084
    [epoch 8/50 val] batch 100/528 (11.41 batch/s, ETA 0.6 min) loss_corrente=0.1369
    [epoch 8/50 val] batch 150/528 (11.49 batch/s, ETA 0.5 min) loss_corrente=0.1004
    [epoch 8/50 val] batch 200/528 (11.54 batch/s, ETA 0.5 min) loss_corrente=0.0920
    [epoch 8/50 val] batch 250/528 (11.56 batch/s, ETA 0.4 min) loss_corrente=0.1062
    [epoch 8/50 val] batch 300/528 (11.58 batch/s, ETA 0.3 min) loss_corrente=0.0957
    [epoch 8/50 val] batch 350/528 (11.60 batch/s, ETA 0.3 min) loss_corrente=0.0937
    [epoch 8/50 val] batch 400/528 (11.61 batch/s, ETA 0.2 min) loss_corrente=0.0889
    [epoch 8/50 val] batch 450/528 (11.61 batch/s, ETA 0.1 min) loss_corrente=0.1045
    [epoch 8/50 val] batch 500/528 (11.60 batch/s, ETA 0.0 min) loss_corrente=0.1028
    [epoch 8/50 val] batch 528/528 (11.61 batch/s, ETA 0.0 min) loss_corrente=0.1038
Epoch   8/50 | train_loss=0.0059 train_acc=0.998 | val_loss=0.1038 val_acc=0.986
    [epoch 9/50 train] batch 50/2995 (4.96 batch/s, ETA 9.9 min) loss_corrente=0.0004
    [epoch 9/50 train] batch 100/2995 (5.03 batch/s, ETA 9.6 min) loss_corrente=0.0018
    [epoch 9/50 train] batch 150/2995 (5.05 batch/s, ETA 9.4 min) loss_corrente=0.0015
    [epoch 9/50 train] batch 200/2995 (5.06 batch/s, ETA 9.2 min) loss_corrente=0.0013
    [epoch 9/50 train] batch 250/2995 (5.07 batch/s, ETA 9.0 min) loss_corrente=0.0013
    [epoch 9/50 train] batch 300/2995 (5.07 batch/s, ETA 8.9 min) loss_corrente=0.0012
    [epoch 9/50 train] batch 350/2995 (5.08 batch/s, ETA 8.7 min) loss_corrente=0.0025
    [epoch 9/50 train] batch 400/2995 (5.08 batch/s, ETA 8.5 min) loss_corrente=0.0022
    [epoch 9/50 train] batch 450/2995 (5.08 batch/s, ETA 8.3 min) loss_corrente=0.0047
    [epoch 9/50 train] batch 500/2995 (5.08 batch/s, ETA 8.2 min) loss_corrente=0.0050
    [epoch 9/50 train] batch 550/2995 (5.08 batch/s, ETA 8.0 min) loss_corrente=0.0055
    [epoch 9/50 train] batch 600/2995 (5.09 batch/s, ETA 7.8 min) loss_corrente=0.0076
    [epoch 9/50 train] batch 650/2995 (5.09 batch/s, ETA 7.7 min) loss_corrente=0.0072
    [epoch 9/50 train] batch 700/2995 (5.09 batch/s, ETA 7.5 min) loss_corrente=0.0073
    [epoch 9/50 train] batch 750/2995 (5.09 batch/s, ETA 7.4 min) loss_corrente=0.0072
    [epoch 9/50 train] batch 800/2995 (5.09 batch/s, ETA 7.2 min) loss_corrente=0.0070
    [epoch 9/50 train] batch 850/2995 (5.09 batch/s, ETA 7.0 min) loss_corrente=0.0066
    [epoch 9/50 train] batch 900/2995 (5.09 batch/s, ETA 6.9 min) loss_corrente=0.0062
    [epoch 9/50 train] batch 950/2995 (5.09 batch/s, ETA 6.7 min) loss_corrente=0.0060
    [epoch 9/50 train] batch 1000/2995 (5.09 batch/s, ETA 6.5 min) loss_corrente=0.0058
    [epoch 9/50 train] batch 1050/2995 (5.09 batch/s, ETA 6.4 min) loss_corrente=0.0061
    [epoch 9/50 train] batch 1100/2995 (5.09 batch/s, ETA 6.2 min) loss_corrente=0.0059
    [epoch 9/50 train] batch 1150/2995 (5.09 batch/s, ETA 6.0 min) loss_corrente=0.0058
    [epoch 9/50 train] batch 1200/2995 (5.09 batch/s, ETA 5.9 min) loss_corrente=0.0055
    [epoch 9/50 train] batch 1250/2995 (5.09 batch/s, ETA 5.7 min) loss_corrente=0.0057
    [epoch 9/50 train] batch 1300/2995 (5.09 batch/s, ETA 5.6 min) loss_corrente=0.0055
    [epoch 9/50 train] batch 1350/2995 (5.09 batch/s, ETA 5.4 min) loss_corrente=0.0053
    [epoch 9/50 train] batch 1400/2995 (5.09 batch/s, ETA 5.2 min) loss_corrente=0.0051
    [epoch 9/50 train] batch 1450/2995 (5.09 batch/s, ETA 5.1 min) loss_corrente=0.0049
    [epoch 9/50 train] batch 1500/2995 (5.09 batch/s, ETA 4.9 min) loss_corrente=0.0048
    [epoch 9/50 train] batch 1550/2995 (5.09 batch/s, ETA 4.7 min) loss_corrente=0.0047
    [epoch 9/50 train] batch 1600/2995 (5.09 batch/s, ETA 4.6 min) loss_corrente=0.0049
    [epoch 9/50 train] batch 1650/2995 (5.09 batch/s, ETA 4.4 min) loss_corrente=0.0050
    [epoch 9/50 train] batch 1700/2995 (5.09 batch/s, ETA 4.2 min) loss_corrente=0.0049
    [epoch 9/50 train] batch 1750/2995 (5.09 batch/s, ETA 4.1 min) loss_corrente=0.0048
    [epoch 9/50 train] batch 1800/2995 (5.09 batch/s, ETA 3.9 min) loss_corrente=0.0052
    [epoch 9/50 train] batch 1850/2995 (5.09 batch/s, ETA 3.7 min) loss_corrente=0.0052
    [epoch 9/50 train] batch 1900/2995 (5.09 batch/s, ETA 3.6 min) loss_corrente=0.0052
    [epoch 9/50 train] batch 1950/2995 (5.09 batch/s, ETA 3.4 min) loss_corrente=0.0051
    [epoch 9/50 train] batch 2000/2995 (5.09 batch/s, ETA 3.3 min) loss_corrente=0.0050
    [epoch 9/50 train] batch 2050/2995 (5.09 batch/s, ETA 3.1 min) loss_corrente=0.0050
    [epoch 9/50 train] batch 2100/2995 (5.09 batch/s, ETA 2.9 min) loss_corrente=0.0050
    [epoch 9/50 train] batch 2150/2995 (5.09 batch/s, ETA 2.8 min) loss_corrente=0.0055
    [epoch 9/50 train] batch 2200/2995 (5.09 batch/s, ETA 2.6 min) loss_corrente=0.0057
    [epoch 9/50 train] batch 2250/2995 (5.09 batch/s, ETA 2.4 min) loss_corrente=0.0056
    [epoch 9/50 train] batch 2300/2995 (5.09 batch/s, ETA 2.3 min) loss_corrente=0.0055
    [epoch 9/50 train] batch 2350/2995 (5.09 batch/s, ETA 2.1 min) loss_corrente=0.0054
    [epoch 9/50 train] batch 2400/2995 (5.09 batch/s, ETA 1.9 min) loss_corrente=0.0055
    [epoch 9/50 train] batch 2450/2995 (5.09 batch/s, ETA 1.8 min) loss_corrente=0.0055
    [epoch 9/50 train] batch 2500/2995 (5.09 batch/s, ETA 1.6 min) loss_corrente=0.0055
    [epoch 9/50 train] batch 2550/2995 (5.09 batch/s, ETA 1.5 min) loss_corrente=0.0054
    [epoch 9/50 train] batch 2600/2995 (5.09 batch/s, ETA 1.3 min) loss_corrente=0.0053
    [epoch 9/50 train] batch 2650/2995 (5.09 batch/s, ETA 1.1 min) loss_corrente=0.0052
    [epoch 9/50 train] batch 2700/2995 (5.09 batch/s, ETA 1.0 min) loss_corrente=0.0053
    [epoch 9/50 train] batch 2750/2995 (5.09 batch/s, ETA 0.8 min) loss_corrente=0.0055
    [epoch 9/50 train] batch 2800/2995 (5.09 batch/s, ETA 0.6 min) loss_corrente=0.0055
    [epoch 9/50 train] batch 2850/2995 (5.09 batch/s, ETA 0.5 min) loss_corrente=0.0054
    [epoch 9/50 train] batch 2900/2995 (5.09 batch/s, ETA 0.3 min) loss_corrente=0.0055
    [epoch 9/50 train] batch 2950/2995 (5.09 batch/s, ETA 0.1 min) loss_corrente=0.0055
    [epoch 9/50 train] batch 2995/2995 (5.09 batch/s, ETA 0.0 min) loss_corrente=0.0054
    [epoch 9/50 val] batch 50/528 (11.02 batch/s, ETA 0.7 min) loss_corrente=0.1576
    [epoch 9/50 val] batch 100/528 (11.32 batch/s, ETA 0.6 min) loss_corrente=0.1024
    [epoch 9/50 val] batch 150/528 (11.42 batch/s, ETA 0.6 min) loss_corrente=0.0812
    [epoch 9/50 val] batch 200/528 (11.47 batch/s, ETA 0.5 min) loss_corrente=0.0762
    [epoch 9/50 val] batch 250/528 (11.50 batch/s, ETA 0.4 min) loss_corrente=0.0809
    [epoch 9/50 val] batch 300/528 (11.53 batch/s, ETA 0.3 min) loss_corrente=0.0731
    [epoch 9/50 val] batch 350/528 (11.55 batch/s, ETA 0.3 min) loss_corrente=0.0713
    [epoch 9/50 val] batch 400/528 (11.55 batch/s, ETA 0.2 min) loss_corrente=0.0678
    [epoch 9/50 val] batch 450/528 (11.56 batch/s, ETA 0.1 min) loss_corrente=0.0720
    [epoch 9/50 val] batch 500/528 (11.56 batch/s, ETA 0.0 min) loss_corrente=0.0722
    [epoch 9/50 val] batch 528/528 (11.57 batch/s, ETA 0.0 min) loss_corrente=0.0729
Epoch   9/50 | train_loss=0.0054 train_acc=0.998 | val_loss=0.0729 val_acc=0.987
    [epoch 10/50 train] batch 50/2995 (4.97 batch/s, ETA 9.9 min) loss_corrente=0.0005
    [epoch 10/50 train] batch 100/2995 (5.04 batch/s, ETA 9.6 min) loss_corrente=0.0003
    [epoch 10/50 train] batch 150/2995 (5.05 batch/s, ETA 9.4 min) loss_corrente=0.0023
    [epoch 10/50 train] batch 200/2995 (5.06 batch/s, ETA 9.2 min) loss_corrente=0.0020
    [epoch 10/50 train] batch 250/2995 (5.07 batch/s, ETA 9.0 min) loss_corrente=0.0017
    [epoch 10/50 train] batch 300/2995 (5.07 batch/s, ETA 8.9 min) loss_corrente=0.0016
    [epoch 10/50 train] batch 350/2995 (5.08 batch/s, ETA 8.7 min) loss_corrente=0.0014
    [epoch 10/50 train] batch 400/2995 (5.08 batch/s, ETA 8.5 min) loss_corrente=0.0014
    [epoch 10/50 train] batch 450/2995 (5.08 batch/s, ETA 8.3 min) loss_corrente=0.0013
    [epoch 10/50 train] batch 500/2995 (5.08 batch/s, ETA 8.2 min) loss_corrente=0.0012
    [epoch 10/50 train] batch 550/2995 (5.09 batch/s, ETA 8.0 min) loss_corrente=0.0012
    [epoch 10/50 train] batch 600/2995 (5.09 batch/s, ETA 7.8 min) loss_corrente=0.0012
    [epoch 10/50 train] batch 650/2995 (5.09 batch/s, ETA 7.7 min) loss_corrente=0.0011
    [epoch 10/50 train] batch 700/2995 (5.09 batch/s, ETA 7.5 min) loss_corrente=0.0010
    [epoch 10/50 train] batch 750/2995 (5.09 batch/s, ETA 7.4 min) loss_corrente=0.0009
    [epoch 10/50 train] batch 800/2995 (5.09 batch/s, ETA 7.2 min) loss_corrente=0.0009
    [epoch 10/50 train] batch 850/2995 (5.09 batch/s, ETA 7.0 min) loss_corrente=0.0009
    [epoch 10/50 train] batch 900/2995 (5.09 batch/s, ETA 6.9 min) loss_corrente=0.0008
    [epoch 10/50 train] batch 950/2995 (5.08 batch/s, ETA 6.7 min) loss_corrente=0.0008
    [epoch 10/50 train] batch 1000/2995 (5.08 batch/s, ETA 6.5 min) loss_corrente=0.0007
    [epoch 10/50 train] batch 1050/2995 (5.08 batch/s, ETA 6.4 min) loss_corrente=0.0008
    [epoch 10/50 train] batch 1100/2995 (5.07 batch/s, ETA 6.2 min) loss_corrente=0.0018
    [epoch 10/50 train] batch 1150/2995 (5.07 batch/s, ETA 6.1 min) loss_corrente=0.0021
    [epoch 10/50 train] batch 1200/2995 (5.07 batch/s, ETA 5.9 min) loss_corrente=0.0022
    [epoch 10/50 train] batch 1250/2995 (5.07 batch/s, ETA 5.7 min) loss_corrente=0.0026
    [epoch 10/50 train] batch 1300/2995 (5.07 batch/s, ETA 5.6 min) loss_corrente=0.0025
    [epoch 10/50 train] batch 1350/2995 (5.07 batch/s, ETA 5.4 min) loss_corrente=0.0027
    [epoch 10/50 train] batch 1400/2995 (5.07 batch/s, ETA 5.2 min) loss_corrente=0.0030
    [epoch 10/50 train] batch 1450/2995 (5.07 batch/s, ETA 5.1 min) loss_corrente=0.0033
    [epoch 10/50 train] batch 1500/2995 (5.07 batch/s, ETA 4.9 min) loss_corrente=0.0032
    [epoch 10/50 train] batch 1550/2995 (5.07 batch/s, ETA 4.8 min) loss_corrente=0.0032
    [epoch 10/50 train] batch 1600/2995 (5.07 batch/s, ETA 4.6 min) loss_corrente=0.0040
    [epoch 10/50 train] batch 1650/2995 (5.07 batch/s, ETA 4.4 min) loss_corrente=0.0040
    [epoch 10/50 train] batch 1700/2995 (5.07 batch/s, ETA 4.3 min) loss_corrente=0.0039
    [epoch 10/50 train] batch 1750/2995 (5.07 batch/s, ETA 4.1 min) loss_corrente=0.0039
    [epoch 10/50 train] batch 1800/2995 (5.07 batch/s, ETA 3.9 min) loss_corrente=0.0039
    [epoch 10/50 train] batch 1850/2995 (5.07 batch/s, ETA 3.8 min) loss_corrente=0.0038
    [epoch 10/50 train] batch 1900/2995 (5.07 batch/s, ETA 3.6 min) loss_corrente=0.0041
    [epoch 10/50 train] batch 1950/2995 (5.07 batch/s, ETA 3.4 min) loss_corrente=0.0041
    [epoch 10/50 train] batch 2000/2995 (5.07 batch/s, ETA 3.3 min) loss_corrente=0.0045
    [epoch 10/50 train] batch 2050/2995 (5.07 batch/s, ETA 3.1 min) loss_corrente=0.0044
    [epoch 10/50 train] batch 2100/2995 (5.07 batch/s, ETA 2.9 min) loss_corrente=0.0044
    [epoch 10/50 train] batch 2150/2995 (5.07 batch/s, ETA 2.8 min) loss_corrente=0.0043
    [epoch 10/50 train] batch 2200/2995 (5.07 batch/s, ETA 2.6 min) loss_corrente=0.0044
    [epoch 10/50 train] batch 2250/2995 (5.07 batch/s, ETA 2.5 min) loss_corrente=0.0044
    [epoch 10/50 train] batch 2300/2995 (5.06 batch/s, ETA 2.3 min) loss_corrente=0.0043
    [epoch 10/50 train] batch 2350/2995 (5.06 batch/s, ETA 2.1 min) loss_corrente=0.0042
    [epoch 10/50 train] batch 2400/2995 (5.06 batch/s, ETA 2.0 min) loss_corrente=0.0043
    [epoch 10/50 train] batch 2450/2995 (5.06 batch/s, ETA 1.8 min) loss_corrente=0.0043
    [epoch 10/50 train] batch 2500/2995 (5.06 batch/s, ETA 1.6 min) loss_corrente=0.0042
    [epoch 10/50 train] batch 2550/2995 (5.06 batch/s, ETA 1.5 min) loss_corrente=0.0041
    [epoch 10/50 train] batch 2600/2995 (5.06 batch/s, ETA 1.3 min) loss_corrente=0.0041
    [epoch 10/50 train] batch 2650/2995 (5.06 batch/s, ETA 1.1 min) loss_corrente=0.0041
    [epoch 10/50 train] batch 2700/2995 (5.06 batch/s, ETA 1.0 min) loss_corrente=0.0040
    [epoch 10/50 train] batch 2750/2995 (5.06 batch/s, ETA 0.8 min) loss_corrente=0.0040
    [epoch 10/50 train] batch 2800/2995 (5.06 batch/s, ETA 0.6 min) loss_corrente=0.0042
    [epoch 10/50 train] batch 2850/2995 (5.06 batch/s, ETA 0.5 min) loss_corrente=0.0042
    [epoch 10/50 train] batch 2900/2995 (5.06 batch/s, ETA 0.3 min) loss_corrente=0.0042
    [epoch 10/50 train] batch 2950/2995 (5.06 batch/s, ETA 0.1 min) loss_corrente=0.0042
    [epoch 10/50 train] batch 2995/2995 (5.06 batch/s, ETA 0.0 min) loss_corrente=0.0042
    [epoch 10/50 val] batch 50/528 (11.30 batch/s, ETA 0.7 min) loss_corrente=0.2231
    [epoch 10/50 val] batch 100/528 (11.36 batch/s, ETA 0.6 min) loss_corrente=0.1428
    [epoch 10/50 val] batch 150/528 (11.37 batch/s, ETA 0.6 min) loss_corrente=0.1053
    [epoch 10/50 val] batch 200/528 (11.39 batch/s, ETA 0.5 min) loss_corrente=0.0997
    [epoch 10/50 val] batch 250/528 (11.39 batch/s, ETA 0.4 min) loss_corrente=0.1136
    [epoch 10/50 val] batch 300/528 (11.39 batch/s, ETA 0.3 min) loss_corrente=0.1030
    [epoch 10/50 val] batch 350/528 (11.37 batch/s, ETA 0.3 min) loss_corrente=0.1086
    [epoch 10/50 val] batch 400/528 (11.38 batch/s, ETA 0.2 min) loss_corrente=0.1051
    [epoch 10/50 val] batch 450/528 (11.40 batch/s, ETA 0.1 min) loss_corrente=0.1097
    [epoch 10/50 val] batch 500/528 (11.43 batch/s, ETA 0.0 min) loss_corrente=0.1132
    [epoch 10/50 val] batch 528/528 (11.44 batch/s, ETA 0.0 min) loss_corrente=0.1133
Epoch  10/50 | train_loss=0.0042 train_acc=0.999 | val_loss=0.1133 val_acc=0.985

[Early stopping] Nessun miglioramento da 8 epoche

[Completato] Best val_loss=0.0516
[Output] weights/fase3_siglip_lora/fase3_siglip_lora_r16_neg05_pad50/results.csv  (compatibile con analyze_yolo_loss_magnitude.py)
[Output] weights/fase3_siglip_lora/fase3_siglip_lora_r16_neg05_pad50/best  (adapter LoRA + MLP head migliori)
==================================================
Job completato: Sat Aug  1 06:11:03 PM CEST 2026
==================================================
