==================================================
Job: oos_fase3_full_pad50 (Completo, rank=16, padding=0.50, neg_ratio 0.25 e 0.5)
Data: Sat Aug  1 04:24:28 PM CEST 2026
Nodo: ainode01
==================================================
NVIDIA H100 80GB HBM3, 81559 MiB
[Setup] Device: cuda
[Setup] Carico processor/modello: google/siglip2-giant-opt-patch16-384
[Dati] Costruisco dataset di training...
[Dataset] train: 32554 positivi, 15351 negativi (47905 campioni totali)
[Dati] Costruisco dataset di validazione...
[Dataset] val: 5783 positivi, 2662 negativi (8445 campioni totali)
[Modello] Costruisco SigLIP2 completo (vision+text) + LoRA su entrambe le torri...
[Modello] LoRA visual: rank=16, alpha=32 (rapporto=2.0)
[Modello] LoRA text  : rank=8, alpha=16
[Modello] Parametri allenabili: 4,927,490 / 1,876,812,912 (0.26%)

[Training] Inizio — 50 epoche, batch=16, lr=2e-05
    [epoch 1/50 train] batch 50/2995 (2.95 batch/s, ETA 16.6 min) loss_corrente=1.2544
    [epoch 1/50 train] batch 100/2995 (3.14 batch/s, ETA 15.4 min) loss_corrente=1.0404
    [epoch 1/50 train] batch 150/2995 (3.21 batch/s, ETA 14.7 min) loss_corrente=0.9125
    [epoch 1/50 train] batch 200/2995 (3.26 batch/s, ETA 14.3 min) loss_corrente=0.8213
    [epoch 1/50 train] batch 250/2995 (3.28 batch/s, ETA 13.9 min) loss_corrente=0.7458
    [epoch 1/50 train] batch 300/2995 (3.29 batch/s, ETA 13.7 min) loss_corrente=0.6728
    [epoch 1/50 train] batch 350/2995 (3.30 batch/s, ETA 13.3 min) loss_corrente=0.6123
    [epoch 1/50 train] batch 400/2995 (3.32 batch/s, ETA 13.0 min) loss_corrente=0.5586
    [epoch 1/50 train] batch 450/2995 (3.33 batch/s, ETA 12.7 min) loss_corrente=0.5119
    [epoch 1/50 train] batch 500/2995 (3.34 batch/s, ETA 12.5 min) loss_corrente=0.4765
    [epoch 1/50 train] batch 550/2995 (3.35 batch/s, ETA 12.2 min) loss_corrente=0.4447
    [epoch 1/50 train] batch 600/2995 (3.36 batch/s, ETA 11.9 min) loss_corrente=0.4170
    [epoch 1/50 train] batch 650/2995 (3.36 batch/s, ETA 11.6 min) loss_corrente=0.3951
    [epoch 1/50 train] batch 700/2995 (3.37 batch/s, ETA 11.4 min) loss_corrente=0.3760
    [epoch 1/50 train] batch 750/2995 (3.37 batch/s, ETA 11.1 min) loss_corrente=0.3580
    [epoch 1/50 train] batch 800/2995 (3.38 batch/s, ETA 10.8 min) loss_corrente=0.3409
    [epoch 1/50 train] batch 850/2995 (3.38 batch/s, ETA 10.6 min) loss_corrente=0.3261
    [epoch 1/50 train] batch 900/2995 (3.39 batch/s, ETA 10.3 min) loss_corrente=0.3135
    [epoch 1/50 train] batch 950/2995 (3.39 batch/s, ETA 10.1 min) loss_corrente=0.3015
    [epoch 1/50 train] batch 1000/2995 (3.39 batch/s, ETA 9.8 min) loss_corrente=0.2909
    [epoch 1/50 train] batch 1050/2995 (3.40 batch/s, ETA 9.5 min) loss_corrente=0.2803
    [epoch 1/50 train] batch 1100/2995 (3.40 batch/s, ETA 9.3 min) loss_corrente=0.2724
    [epoch 1/50 train] batch 1150/2995 (3.40 batch/s, ETA 9.0 min) loss_corrente=0.2641
    [epoch 1/50 train] batch 1200/2995 (3.40 batch/s, ETA 8.8 min) loss_corrente=0.2568
    [epoch 1/50 train] batch 1250/2995 (3.40 batch/s, ETA 8.5 min) loss_corrente=0.2490
    [epoch 1/50 train] batch 1300/2995 (3.40 batch/s, ETA 8.3 min) loss_corrente=0.2425
    [epoch 1/50 train] batch 1350/2995 (3.40 batch/s, ETA 8.1 min) loss_corrente=0.2360
    [epoch 1/50 train] batch 1400/2995 (3.40 batch/s, ETA 7.8 min) loss_corrente=0.2294
    [epoch 1/50 train] batch 1450/2995 (3.40 batch/s, ETA 7.6 min) loss_corrente=0.2248
    [epoch 1/50 train] batch 1500/2995 (3.41 batch/s, ETA 7.3 min) loss_corrente=0.2194
    [epoch 1/50 train] batch 1550/2995 (3.41 batch/s, ETA 7.1 min) loss_corrente=0.2139
    [epoch 1/50 train] batch 1600/2995 (3.41 batch/s, ETA 6.8 min) loss_corrente=0.2092
    [epoch 1/50 train] batch 1650/2995 (3.41 batch/s, ETA 6.6 min) loss_corrente=0.2049
    [epoch 1/50 train] batch 1700/2995 (3.41 batch/s, ETA 6.3 min) loss_corrente=0.2005
    [epoch 1/50 train] batch 1750/2995 (3.41 batch/s, ETA 6.1 min) loss_corrente=0.1966
    [epoch 1/50 train] batch 1800/2995 (3.41 batch/s, ETA 5.8 min) loss_corrente=0.1930
    [epoch 1/50 train] batch 1850/2995 (3.41 batch/s, ETA 5.6 min) loss_corrente=0.1894
    [epoch 1/50 train] batch 1900/2995 (3.41 batch/s, ETA 5.3 min) loss_corrente=0.1864
    [epoch 1/50 train] batch 1950/2995 (3.41 batch/s, ETA 5.1 min) loss_corrente=0.1829
    [epoch 1/50 train] batch 2000/2995 (3.41 batch/s, ETA 4.9 min) loss_corrente=0.1798
    [epoch 1/50 train] batch 2050/2995 (3.41 batch/s, ETA 4.6 min) loss_corrente=0.1772
    [epoch 1/50 train] batch 2100/2995 (3.41 batch/s, ETA 4.4 min) loss_corrente=0.1751
    [epoch 1/50 train] batch 2150/2995 (3.42 batch/s, ETA 4.1 min) loss_corrente=0.1721
    [epoch 1/50 train] batch 2200/2995 (3.42 batch/s, ETA 3.9 min) loss_corrente=0.1694
    [epoch 1/50 train] batch 2250/2995 (3.42 batch/s, ETA 3.6 min) loss_corrente=0.1670
    [epoch 1/50 train] batch 2300/2995 (3.43 batch/s, ETA 3.4 min) loss_corrente=0.1644
    [epoch 1/50 train] batch 2350/2995 (3.43 batch/s, ETA 3.1 min) loss_corrente=0.1621
    [epoch 1/50 train] batch 2400/2995 (3.43 batch/s, ETA 2.9 min) loss_corrente=0.1598
    [epoch 1/50 train] batch 2450/2995 (3.43 batch/s, ETA 2.7 min) loss_corrente=0.1577
    [epoch 1/50 train] batch 2500/2995 (3.43 batch/s, ETA 2.4 min) loss_corrente=0.1557
    [epoch 1/50 train] batch 2550/2995 (3.43 batch/s, ETA 2.2 min) loss_corrente=0.1538
    [epoch 1/50 train] batch 2600/2995 (3.43 batch/s, ETA 1.9 min) loss_corrente=0.1520
    [epoch 1/50 train] batch 2650/2995 (3.43 batch/s, ETA 1.7 min) loss_corrente=0.1501
    [epoch 1/50 train] batch 2700/2995 (3.43 batch/s, ETA 1.4 min) loss_corrente=0.1481
    [epoch 1/50 train] batch 2750/2995 (3.43 batch/s, ETA 1.2 min) loss_corrente=0.1463
    [epoch 1/50 train] batch 2800/2995 (3.43 batch/s, ETA 0.9 min) loss_corrente=0.1443
    [epoch 1/50 train] batch 2850/2995 (3.43 batch/s, ETA 0.7 min) loss_corrente=0.1424
    [epoch 1/50 train] batch 2900/2995 (3.43 batch/s, ETA 0.5 min) loss_corrente=0.1414
    [epoch 1/50 train] batch 2950/2995 (3.43 batch/s, ETA 0.2 min) loss_corrente=0.1402
    [epoch 1/50 train] batch 2995/2995 (3.43 batch/s, ETA 0.0 min) loss_corrente=0.1389
    [epoch 1/50 val] batch 50/528 (7.36 batch/s, ETA 1.1 min) loss_corrente=0.0812
    [epoch 1/50 val] batch 100/528 (7.82 batch/s, ETA 0.9 min) loss_corrente=0.0591
    [epoch 1/50 val] batch 150/528 (7.89 batch/s, ETA 0.8 min) loss_corrente=0.0546
    [epoch 1/50 val] batch 200/528 (7.97 batch/s, ETA 0.7 min) loss_corrente=0.0550
    [epoch 1/50 val] batch 250/528 (8.06 batch/s, ETA 0.6 min) loss_corrente=0.0592
    [epoch 1/50 val] batch 300/528 (8.12 batch/s, ETA 0.5 min) loss_corrente=0.0562
    [epoch 1/50 val] batch 350/528 (8.11 batch/s, ETA 0.4 min) loss_corrente=0.0547
    [epoch 1/50 val] batch 400/528 (8.14 batch/s, ETA 0.3 min) loss_corrente=0.0548
    [epoch 1/50 val] batch 450/528 (8.15 batch/s, ETA 0.2 min) loss_corrente=0.0556
    [epoch 1/50 val] batch 500/528 (8.17 batch/s, ETA 0.1 min) loss_corrente=0.0563
    [epoch 1/50 val] batch 528/528 (8.19 batch/s, ETA 0.0 min) loss_corrente=0.0563
Epoch   1/50 | train_loss=0.1389 train_acc=0.953 | val_loss=0.0563 val_acc=0.981
    [epoch 2/50 train] batch 50/2995 (3.39 batch/s, ETA 14.5 min) loss_corrente=0.0419
    [epoch 2/50 train] batch 100/2995 (3.42 batch/s, ETA 14.1 min) loss_corrente=0.0389
    [epoch 2/50 train] batch 150/2995 (3.40 batch/s, ETA 14.0 min) loss_corrente=0.0381
    [epoch 2/50 train] batch 200/2995 (3.41 batch/s, ETA 13.6 min) loss_corrente=0.0432
    [epoch 2/50 train] batch 250/2995 (3.42 batch/s, ETA 13.4 min) loss_corrente=0.0454
    [epoch 2/50 train] batch 300/2995 (3.42 batch/s, ETA 13.1 min) loss_corrente=0.0458
    [epoch 2/50 train] batch 350/2995 (3.42 batch/s, ETA 12.9 min) loss_corrente=0.0440
    [epoch 2/50 train] batch 400/2995 (3.42 batch/s, ETA 12.6 min) loss_corrente=0.0425
    [epoch 2/50 train] batch 450/2995 (3.42 batch/s, ETA 12.4 min) loss_corrente=0.0425
    [epoch 2/50 train] batch 500/2995 (3.42 batch/s, ETA 12.2 min) loss_corrente=0.0410
    [epoch 2/50 train] batch 550/2995 (3.42 batch/s, ETA 11.9 min) loss_corrente=0.0404
    [epoch 2/50 train] batch 600/2995 (3.43 batch/s, ETA 11.6 min) loss_corrente=0.0395
    [epoch 2/50 train] batch 650/2995 (3.43 batch/s, ETA 11.4 min) loss_corrente=0.0394
    [epoch 2/50 train] batch 700/2995 (3.44 batch/s, ETA 11.1 min) loss_corrente=0.0381
    [epoch 2/50 train] batch 750/2995 (3.44 batch/s, ETA 10.9 min) loss_corrente=0.0396
    [epoch 2/50 train] batch 800/2995 (3.43 batch/s, ETA 10.7 min) loss_corrente=0.0415
    [epoch 2/50 train] batch 850/2995 (3.43 batch/s, ETA 10.4 min) loss_corrente=0.0406
    [epoch 2/50 train] batch 900/2995 (3.43 batch/s, ETA 10.2 min) loss_corrente=0.0409
    [epoch 2/50 train] batch 950/2995 (3.43 batch/s, ETA 9.9 min) loss_corrente=0.0421
    [epoch 2/50 train] batch 1000/2995 (3.43 batch/s, ETA 9.7 min) loss_corrente=0.0428
    [epoch 2/50 train] batch 1050/2995 (3.43 batch/s, ETA 9.4 min) loss_corrente=0.0425
    [epoch 2/50 train] batch 1100/2995 (3.43 batch/s, ETA 9.2 min) loss_corrente=0.0416
    [epoch 2/50 train] batch 1150/2995 (3.43 batch/s, ETA 9.0 min) loss_corrente=0.0415
    [epoch 2/50 train] batch 1200/2995 (3.44 batch/s, ETA 8.7 min) loss_corrente=0.0409
    [epoch 2/50 train] batch 1250/2995 (3.44 batch/s, ETA 8.5 min) loss_corrente=0.0415
    [epoch 2/50 train] batch 1300/2995 (3.44 batch/s, ETA 8.2 min) loss_corrente=0.0416
    [epoch 2/50 train] batch 1350/2995 (3.44 batch/s, ETA 8.0 min) loss_corrente=0.0412
    [epoch 2/50 train] batch 1400/2995 (3.45 batch/s, ETA 7.7 min) loss_corrente=0.0411
    [epoch 2/50 train] batch 1450/2995 (3.45 batch/s, ETA 7.5 min) loss_corrente=0.0403
    [epoch 2/50 train] batch 1500/2995 (3.45 batch/s, ETA 7.2 min) loss_corrente=0.0398
    [epoch 2/50 train] batch 1550/2995 (3.45 batch/s, ETA 7.0 min) loss_corrente=0.0405
    [epoch 2/50 train] batch 1600/2995 (3.45 batch/s, ETA 6.7 min) loss_corrente=0.0413
    [epoch 2/50 train] batch 1650/2995 (3.45 batch/s, ETA 6.5 min) loss_corrente=0.0410
    [epoch 2/50 train] batch 1700/2995 (3.46 batch/s, ETA 6.2 min) loss_corrente=0.0407
    [epoch 2/50 train] batch 1750/2995 (3.46 batch/s, ETA 6.0 min) loss_corrente=0.0405
    [epoch 2/50 train] batch 1800/2995 (3.46 batch/s, ETA 5.8 min) loss_corrente=0.0401
    [epoch 2/50 train] batch 1850/2995 (3.47 batch/s, ETA 5.5 min) loss_corrente=0.0403
    [epoch 2/50 train] batch 1900/2995 (3.47 batch/s, ETA 5.3 min) loss_corrente=0.0399
    [epoch 2/50 train] batch 1950/2995 (3.47 batch/s, ETA 5.0 min) loss_corrente=0.0394
    [epoch 2/50 train] batch 2000/2995 (3.47 batch/s, ETA 4.8 min) loss_corrente=0.0390
    [epoch 2/50 train] batch 2050/2995 (3.47 batch/s, ETA 4.5 min) loss_corrente=0.0395
    [epoch 2/50 train] batch 2100/2995 (3.47 batch/s, ETA 4.3 min) loss_corrente=0.0393
    [epoch 2/50 train] batch 2150/2995 (3.47 batch/s, ETA 4.1 min) loss_corrente=0.0395
    [epoch 2/50 train] batch 2200/2995 (3.47 batch/s, ETA 3.8 min) loss_corrente=0.0395
    [epoch 2/50 train] batch 2250/2995 (3.48 batch/s, ETA 3.6 min) loss_corrente=0.0394
    [epoch 2/50 train] batch 2300/2995 (3.48 batch/s, ETA 3.3 min) loss_corrente=0.0393
    [epoch 2/50 train] batch 2350/2995 (3.48 batch/s, ETA 3.1 min) loss_corrente=0.0391
    [epoch 2/50 train] batch 2400/2995 (3.48 batch/s, ETA 2.8 min) loss_corrente=0.0393
    [epoch 2/50 train] batch 2450/2995 (3.48 batch/s, ETA 2.6 min) loss_corrente=0.0393
    [epoch 2/50 train] batch 2500/2995 (3.48 batch/s, ETA 2.4 min) loss_corrente=0.0392
    [epoch 2/50 train] batch 2550/2995 (3.49 batch/s, ETA 2.1 min) loss_corrente=0.0389
    [epoch 2/50 train] batch 2600/2995 (3.48 batch/s, ETA 1.9 min) loss_corrente=0.0390
    [epoch 2/50 train] batch 2650/2995 (3.48 batch/s, ETA 1.7 min) loss_corrente=0.0389
    [epoch 2/50 train] batch 2700/2995 (3.48 batch/s, ETA 1.4 min) loss_corrente=0.0386
    [epoch 2/50 train] batch 2750/2995 (3.48 batch/s, ETA 1.2 min) loss_corrente=0.0385
    [epoch 2/50 train] batch 2800/2995 (3.48 batch/s, ETA 0.9 min) loss_corrente=0.0382
    [epoch 2/50 train] batch 2850/2995 (3.48 batch/s, ETA 0.7 min) loss_corrente=0.0381
    [epoch 2/50 train] batch 2900/2995 (3.48 batch/s, ETA 0.5 min) loss_corrente=0.0381
    [epoch 2/50 train] batch 2950/2995 (3.48 batch/s, ETA 0.2 min) loss_corrente=0.0384
    [epoch 2/50 train] batch 2995/2995 (3.48 batch/s, ETA 0.0 min) loss_corrente=0.0385
    [epoch 2/50 val] batch 50/528 (8.11 batch/s, ETA 1.0 min) loss_corrente=0.0909
    [epoch 2/50 val] batch 100/528 (8.33 batch/s, ETA 0.9 min) loss_corrente=0.0590
    [epoch 2/50 val] batch 150/528 (8.39 batch/s, ETA 0.8 min) loss_corrente=0.0598
    [epoch 2/50 val] batch 200/528 (8.37 batch/s, ETA 0.7 min) loss_corrente=0.0580
    [epoch 2/50 val] batch 250/528 (8.38 batch/s, ETA 0.6 min) loss_corrente=0.0616
    [epoch 2/50 val] batch 300/528 (8.39 batch/s, ETA 0.5 min) loss_corrente=0.0560
    [epoch 2/50 val] batch 350/528 (8.39 batch/s, ETA 0.4 min) loss_corrente=0.0537
    [epoch 2/50 val] batch 400/528 (8.40 batch/s, ETA 0.3 min) loss_corrente=0.0548
    [epoch 2/50 val] batch 450/528 (8.40 batch/s, ETA 0.2 min) loss_corrente=0.0583
    [epoch 2/50 val] batch 500/528 (8.38 batch/s, ETA 0.1 min) loss_corrente=0.0582
    [epoch 2/50 val] batch 528/528 (8.39 batch/s, ETA 0.0 min) loss_corrente=0.0573
Epoch   2/50 | train_loss=0.0385 train_acc=0.987 | val_loss=0.0573 val_acc=0.981
    [epoch 3/50 train] batch 50/2995 (3.38 batch/s, ETA 14.5 min) loss_corrente=0.0242
    [epoch 3/50 train] batch 100/2995 (3.38 batch/s, ETA 14.3 min) loss_corrente=0.0262
    [epoch 3/50 train] batch 150/2995 (3.39 batch/s, ETA 14.0 min) loss_corrente=0.0239
    [epoch 3/50 train] batch 200/2995 (3.41 batch/s, ETA 13.7 min) loss_corrente=0.0242
    [epoch 3/50 train] batch 250/2995 (3.41 batch/s, ETA 13.4 min) loss_corrente=0.0269
    [epoch 3/50 train] batch 300/2995 (3.43 batch/s, ETA 13.1 min) loss_corrente=0.0248
    [epoch 3/50 train] batch 350/2995 (3.42 batch/s, ETA 12.9 min) loss_corrente=0.0242
    [epoch 3/50 train] batch 400/2995 (3.42 batch/s, ETA 12.6 min) loss_corrente=0.0256
    [epoch 3/50 train] batch 450/2995 (3.42 batch/s, ETA 12.4 min) loss_corrente=0.0251
    [epoch 3/50 train] batch 500/2995 (3.42 batch/s, ETA 12.2 min) loss_corrente=0.0250
    [epoch 3/50 train] batch 550/2995 (3.43 batch/s, ETA 11.9 min) loss_corrente=0.0251
    [epoch 3/50 train] batch 600/2995 (3.43 batch/s, ETA 11.6 min) loss_corrente=0.0247
    [epoch 3/50 train] batch 650/2995 (3.43 batch/s, ETA 11.4 min) loss_corrente=0.0241
    [epoch 3/50 train] batch 700/2995 (3.44 batch/s, ETA 11.1 min) loss_corrente=0.0241
    [epoch 3/50 train] batch 750/2995 (3.44 batch/s, ETA 10.9 min) loss_corrente=0.0255
    [epoch 3/50 train] batch 800/2995 (3.43 batch/s, ETA 10.7 min) loss_corrente=0.0252
    [epoch 3/50 train] batch 850/2995 (3.43 batch/s, ETA 10.4 min) loss_corrente=0.0256
    [epoch 3/50 train] batch 900/2995 (3.43 batch/s, ETA 10.2 min) loss_corrente=0.0256
    [epoch 3/50 train] batch 950/2995 (3.43 batch/s, ETA 9.9 min) loss_corrente=0.0262
    [epoch 3/50 train] batch 1000/2995 (3.42 batch/s, ETA 9.7 min) loss_corrente=0.0264
    [epoch 3/50 train] batch 1050/2995 (3.43 batch/s, ETA 9.5 min) loss_corrente=0.0258
    [epoch 3/50 train] batch 1100/2995 (3.42 batch/s, ETA 9.2 min) loss_corrente=0.0250
    [epoch 3/50 train] batch 1150/2995 (3.42 batch/s, ETA 9.0 min) loss_corrente=0.0253
    [epoch 3/50 train] batch 1200/2995 (3.42 batch/s, ETA 8.8 min) loss_corrente=0.0252
    [epoch 3/50 train] batch 1250/2995 (3.42 batch/s, ETA 8.5 min) loss_corrente=0.0248
    [epoch 3/50 train] batch 1300/2995 (3.42 batch/s, ETA 8.3 min) loss_corrente=0.0250
    [epoch 3/50 train] batch 1350/2995 (3.42 batch/s, ETA 8.0 min) loss_corrente=0.0250
    [epoch 3/50 train] batch 1400/2995 (3.42 batch/s, ETA 7.8 min) loss_corrente=0.0245
    [epoch 3/50 train] batch 1450/2995 (3.41 batch/s, ETA 7.5 min) loss_corrente=0.0246
    [epoch 3/50 train] batch 1500/2995 (3.41 batch/s, ETA 7.3 min) loss_corrente=0.0250
    [epoch 3/50 train] batch 1550/2995 (3.41 batch/s, ETA 7.1 min) loss_corrente=0.0248
    [epoch 3/50 train] batch 1600/2995 (3.41 batch/s, ETA 6.8 min) loss_corrente=0.0243
    [epoch 3/50 train] batch 1650/2995 (3.41 batch/s, ETA 6.6 min) loss_corrente=0.0246
    [epoch 3/50 train] batch 1700/2995 (3.41 batch/s, ETA 6.3 min) loss_corrente=0.0245
    [epoch 3/50 train] batch 1750/2995 (3.41 batch/s, ETA 6.1 min) loss_corrente=0.0246
    [epoch 3/50 train] batch 1800/2995 (3.41 batch/s, ETA 5.8 min) loss_corrente=0.0245
    [epoch 3/50 train] batch 1850/2995 (3.42 batch/s, ETA 5.6 min) loss_corrente=0.0243
    [epoch 3/50 train] batch 1900/2995 (3.42 batch/s, ETA 5.3 min) loss_corrente=0.0247
    [epoch 3/50 train] batch 1950/2995 (3.42 batch/s, ETA 5.1 min) loss_corrente=0.0251
    [epoch 3/50 train] batch 2000/2995 (3.42 batch/s, ETA 4.8 min) loss_corrente=0.0248
    [epoch 3/50 train] batch 2050/2995 (3.42 batch/s, ETA 4.6 min) loss_corrente=0.0248
    [epoch 3/50 train] batch 2100/2995 (3.42 batch/s, ETA 4.4 min) loss_corrente=0.0245
    [epoch 3/50 train] batch 2150/2995 (3.42 batch/s, ETA 4.1 min) loss_corrente=0.0245
    [epoch 3/50 train] batch 2200/2995 (3.41 batch/s, ETA 3.9 min) loss_corrente=0.0249
    [epoch 3/50 train] batch 2250/2995 (3.41 batch/s, ETA 3.6 min) loss_corrente=0.0252
    [epoch 3/50 train] batch 2300/2995 (3.40 batch/s, ETA 3.4 min) loss_corrente=0.0255
    [epoch 3/50 train] batch 2350/2995 (3.40 batch/s, ETA 3.2 min) loss_corrente=0.0256
    [epoch 3/50 train] batch 2400/2995 (3.40 batch/s, ETA 2.9 min) loss_corrente=0.0254
    [epoch 3/50 train] batch 2450/2995 (3.40 batch/s, ETA 2.7 min) loss_corrente=0.0255
    [epoch 3/50 train] batch 2500/2995 (3.39 batch/s, ETA 2.4 min) loss_corrente=0.0254
    [epoch 3/50 train] batch 2550/2995 (3.39 batch/s, ETA 2.2 min) loss_corrente=0.0251
    [epoch 3/50 train] batch 2600/2995 (3.39 batch/s, ETA 1.9 min) loss_corrente=0.0250
    [epoch 3/50 train] batch 2650/2995 (3.38 batch/s, ETA 1.7 min) loss_corrente=0.0256
    [epoch 3/50 train] batch 2700/2995 (3.38 batch/s, ETA 1.5 min) loss_corrente=0.0256
    [epoch 3/50 train] batch 2750/2995 (3.38 batch/s, ETA 1.2 min) loss_corrente=0.0257
    [epoch 3/50 train] batch 2800/2995 (3.38 batch/s, ETA 1.0 min) loss_corrente=0.0256
    [epoch 3/50 train] batch 2850/2995 (3.37 batch/s, ETA 0.7 min) loss_corrente=0.0256
    [epoch 3/50 train] batch 2900/2995 (3.37 batch/s, ETA 0.5 min) loss_corrente=0.0256
    [epoch 3/50 train] batch 2950/2995 (3.37 batch/s, ETA 0.2 min) loss_corrente=0.0258
    [epoch 3/50 train] batch 2995/2995 (3.37 batch/s, ETA 0.0 min) loss_corrente=0.0258
    [epoch 3/50 val] batch 50/528 (7.80 batch/s, ETA 1.0 min) loss_corrente=0.0699
    [epoch 3/50 val] batch 100/528 (7.90 batch/s, ETA 0.9 min) loss_corrente=0.0506
    [epoch 3/50 val] batch 150/528 (7.96 batch/s, ETA 0.8 min) loss_corrente=0.0469
    [epoch 3/50 val] batch 200/528 (7.91 batch/s, ETA 0.7 min) loss_corrente=0.0448
    [epoch 3/50 val] batch 250/528 (7.93 batch/s, ETA 0.6 min) loss_corrente=0.0489
    [epoch 3/50 val] batch 300/528 (7.94 batch/s, ETA 0.5 min) loss_corrente=0.0453
    [epoch 3/50 val] batch 350/528 (7.96 batch/s, ETA 0.4 min) loss_corrente=0.0444
    [epoch 3/50 val] batch 400/528 (7.95 batch/s, ETA 0.3 min) loss_corrente=0.0434
    [epoch 3/50 val] batch 450/528 (7.96 batch/s, ETA 0.2 min) loss_corrente=0.0454
    [epoch 3/50 val] batch 500/528 (7.94 batch/s, ETA 0.1 min) loss_corrente=0.0447
    [epoch 3/50 val] batch 528/528 (7.96 batch/s, ETA 0.0 min) loss_corrente=0.0447
Epoch   3/50 | train_loss=0.0258 train_acc=0.992 | val_loss=0.0447 val_acc=0.986
    [epoch 4/50 train] batch 50/2995 (3.15 batch/s, ETA 15.6 min) loss_corrente=0.0125
    [epoch 4/50 train] batch 100/2995 (3.17 batch/s, ETA 15.2 min) loss_corrente=0.0088
    [epoch 4/50 train] batch 150/2995 (3.18 batch/s, ETA 14.9 min) loss_corrente=0.0129
    [epoch 4/50 train] batch 200/2995 (3.19 batch/s, ETA 14.6 min) loss_corrente=0.0132
    [epoch 4/50 train] batch 250/2995 (3.19 batch/s, ETA 14.4 min) loss_corrente=0.0116
    [epoch 4/50 train] batch 300/2995 (3.19 batch/s, ETA 14.1 min) loss_corrente=0.0131
    [epoch 4/50 train] batch 350/2995 (3.20 batch/s, ETA 13.8 min) loss_corrente=0.0124
    [epoch 4/50 train] batch 400/2995 (3.23 batch/s, ETA 13.4 min) loss_corrente=0.0124
    [epoch 4/50 train] batch 450/2995 (3.24 batch/s, ETA 13.1 min) loss_corrente=0.0123
    [epoch 4/50 train] batch 500/2995 (3.23 batch/s, ETA 12.9 min) loss_corrente=0.0138
    [epoch 4/50 train] batch 550/2995 (3.24 batch/s, ETA 12.6 min) loss_corrente=0.0148
    [epoch 4/50 train] batch 600/2995 (3.24 batch/s, ETA 12.3 min) loss_corrente=0.0155
    [epoch 4/50 train] batch 650/2995 (3.24 batch/s, ETA 12.1 min) loss_corrente=0.0163
    [epoch 4/50 train] batch 700/2995 (3.24 batch/s, ETA 11.8 min) loss_corrente=0.0158
    [epoch 4/50 train] batch 750/2995 (3.24 batch/s, ETA 11.5 min) loss_corrente=0.0156
    [epoch 4/50 train] batch 800/2995 (3.25 batch/s, ETA 11.3 min) loss_corrente=0.0158
    [epoch 4/50 train] batch 850/2995 (3.25 batch/s, ETA 11.0 min) loss_corrente=0.0155
    [epoch 4/50 train] batch 900/2995 (3.25 batch/s, ETA 10.8 min) loss_corrente=0.0158
    [epoch 4/50 train] batch 950/2995 (3.25 batch/s, ETA 10.5 min) loss_corrente=0.0163
    [epoch 4/50 train] batch 1000/2995 (3.25 batch/s, ETA 10.2 min) loss_corrente=0.0164
    [epoch 4/50 train] batch 1050/2995 (3.25 batch/s, ETA 10.0 min) loss_corrente=0.0164
    [epoch 4/50 train] batch 1100/2995 (3.25 batch/s, ETA 9.7 min) loss_corrente=0.0163
    [epoch 4/50 train] batch 1150/2995 (3.25 batch/s, ETA 9.5 min) loss_corrente=0.0157
    [epoch 4/50 train] batch 1200/2995 (3.25 batch/s, ETA 9.2 min) loss_corrente=0.0158
    [epoch 4/50 train] batch 1250/2995 (3.25 batch/s, ETA 8.9 min) loss_corrente=0.0167
    [epoch 4/50 train] batch 1300/2995 (3.25 batch/s, ETA 8.7 min) loss_corrente=0.0166
    [epoch 4/50 train] batch 1350/2995 (3.26 batch/s, ETA 8.4 min) loss_corrente=0.0165
    [epoch 4/50 train] batch 1400/2995 (3.26 batch/s, ETA 8.1 min) loss_corrente=0.0167
    [epoch 4/50 train] batch 1450/2995 (3.27 batch/s, ETA 7.9 min) loss_corrente=0.0166
    [epoch 4/50 train] batch 1500/2995 (3.27 batch/s, ETA 7.6 min) loss_corrente=0.0167
    [epoch 4/50 train] batch 1550/2995 (3.27 batch/s, ETA 7.4 min) loss_corrente=0.0166
    [epoch 4/50 train] batch 1600/2995 (3.28 batch/s, ETA 7.1 min) loss_corrente=0.0164
    [epoch 4/50 train] batch 1650/2995 (3.29 batch/s, ETA 6.8 min) loss_corrente=0.0167
    [epoch 4/50 train] batch 1700/2995 (3.29 batch/s, ETA 6.6 min) loss_corrente=0.0166
    [epoch 4/50 train] batch 1750/2995 (3.29 batch/s, ETA 6.3 min) loss_corrente=0.0165
    [epoch 4/50 train] batch 1800/2995 (3.30 batch/s, ETA 6.0 min) loss_corrente=0.0163
    [epoch 4/50 train] batch 1850/2995 (3.30 batch/s, ETA 5.8 min) loss_corrente=0.0167
    [epoch 4/50 train] batch 1900/2995 (3.30 batch/s, ETA 5.5 min) loss_corrente=0.0166
    [epoch 4/50 train] batch 1950/2995 (3.31 batch/s, ETA 5.3 min) loss_corrente=0.0164
    [epoch 4/50 train] batch 2000/2995 (3.31 batch/s, ETA 5.0 min) loss_corrente=0.0166
    [epoch 4/50 train] batch 2050/2995 (3.31 batch/s, ETA 4.8 min) loss_corrente=0.0164
    [epoch 4/50 train] batch 2100/2995 (3.32 batch/s, ETA 4.5 min) loss_corrente=0.0162
    [epoch 4/50 train] batch 2150/2995 (3.32 batch/s, ETA 4.2 min) loss_corrente=0.0163
    [epoch 4/50 train] batch 2200/2995 (3.32 batch/s, ETA 4.0 min) loss_corrente=0.0167
    [epoch 4/50 train] batch 2250/2995 (3.32 batch/s, ETA 3.7 min) loss_corrente=0.0169
    [epoch 4/50 train] batch 2300/2995 (3.32 batch/s, ETA 3.5 min) loss_corrente=0.0175
    [epoch 4/50 train] batch 2350/2995 (3.32 batch/s, ETA 3.2 min) loss_corrente=0.0172
    [epoch 4/50 train] batch 2400/2995 (3.33 batch/s, ETA 3.0 min) loss_corrente=0.0172
    [epoch 4/50 train] batch 2450/2995 (3.33 batch/s, ETA 2.7 min) loss_corrente=0.0176
    [epoch 4/50 train] batch 2500/2995 (3.33 batch/s, ETA 2.5 min) loss_corrente=0.0177
    [epoch 4/50 train] batch 2550/2995 (3.34 batch/s, ETA 2.2 min) loss_corrente=0.0176
    [epoch 4/50 train] batch 2600/2995 (3.34 batch/s, ETA 2.0 min) loss_corrente=0.0174
    [epoch 4/50 train] batch 2650/2995 (3.35 batch/s, ETA 1.7 min) loss_corrente=0.0173
    [epoch 4/50 train] batch 2700/2995 (3.35 batch/s, ETA 1.5 min) loss_corrente=0.0176
    [epoch 4/50 train] batch 2750/2995 (3.35 batch/s, ETA 1.2 min) loss_corrente=0.0175
    [epoch 4/50 train] batch 2800/2995 (3.35 batch/s, ETA 1.0 min) loss_corrente=0.0175
    [epoch 4/50 train] batch 2850/2995 (3.35 batch/s, ETA 0.7 min) loss_corrente=0.0173
    [epoch 4/50 train] batch 2900/2995 (3.35 batch/s, ETA 0.5 min) loss_corrente=0.0174
    [epoch 4/50 train] batch 2950/2995 (3.35 batch/s, ETA 0.2 min) loss_corrente=0.0173
    [epoch 4/50 train] batch 2995/2995 (3.36 batch/s, ETA 0.0 min) loss_corrente=0.0172
    [epoch 4/50 val] batch 50/528 (7.93 batch/s, ETA 1.0 min) loss_corrente=0.0973
    [epoch 4/50 val] batch 100/528 (8.13 batch/s, ETA 0.9 min) loss_corrente=0.0611
    [epoch 4/50 val] batch 150/528 (8.26 batch/s, ETA 0.8 min) loss_corrente=0.0557
    [epoch 4/50 val] batch 200/528 (8.34 batch/s, ETA 0.7 min) loss_corrente=0.0534
    [epoch 4/50 val] batch 250/528 (8.36 batch/s, ETA 0.6 min) loss_corrente=0.0600
    [epoch 4/50 val] batch 300/528 (8.38 batch/s, ETA 0.5 min) loss_corrente=0.0544
    [epoch 4/50 val] batch 350/528 (8.36 batch/s, ETA 0.4 min) loss_corrente=0.0540
    [epoch 4/50 val] batch 400/528 (8.35 batch/s, ETA 0.3 min) loss_corrente=0.0517
    [epoch 4/50 val] batch 450/528 (8.35 batch/s, ETA 0.2 min) loss_corrente=0.0528
    [epoch 4/50 val] batch 500/528 (8.36 batch/s, ETA 0.1 min) loss_corrente=0.0527
    [epoch 4/50 val] batch 528/528 (8.36 batch/s, ETA 0.0 min) loss_corrente=0.0517
Epoch   4/50 | train_loss=0.0172 train_acc=0.995 | val_loss=0.0517 val_acc=0.984
    [epoch 5/50 train] batch 50/2995 (3.39 batch/s, ETA 14.5 min) loss_corrente=0.0043
    [epoch 5/50 train] batch 100/2995 (3.42 batch/s, ETA 14.1 min) loss_corrente=0.0052
    [epoch 5/50 train] batch 150/2995 (3.43 batch/s, ETA 13.8 min) loss_corrente=0.0069
    [epoch 5/50 train] batch 200/2995 (3.41 batch/s, ETA 13.6 min) loss_corrente=0.0072
    [epoch 5/50 train] batch 250/2995 (3.42 batch/s, ETA 13.4 min) loss_corrente=0.0080
    [epoch 5/50 train] batch 300/2995 (3.42 batch/s, ETA 13.1 min) loss_corrente=0.0092
    [epoch 5/50 train] batch 350/2995 (3.42 batch/s, ETA 12.9 min) loss_corrente=0.0098
    [epoch 5/50 train] batch 400/2995 (3.43 batch/s, ETA 12.6 min) loss_corrente=0.0091
    [epoch 5/50 train] batch 450/2995 (3.43 batch/s, ETA 12.4 min) loss_corrente=0.0092
    [epoch 5/50 train] batch 500/2995 (3.44 batch/s, ETA 12.1 min) loss_corrente=0.0086
    [epoch 5/50 train] batch 550/2995 (3.44 batch/s, ETA 11.8 min) loss_corrente=0.0086
    [epoch 5/50 train] batch 600/2995 (3.45 batch/s, ETA 11.6 min) loss_corrente=0.0090
    [epoch 5/50 train] batch 650/2995 (3.45 batch/s, ETA 11.3 min) loss_corrente=0.0089
    [epoch 5/50 train] batch 700/2995 (3.45 batch/s, ETA 11.1 min) loss_corrente=0.0087
    [epoch 5/50 train] batch 750/2995 (3.44 batch/s, ETA 10.9 min) loss_corrente=0.0082
    [epoch 5/50 train] batch 800/2995 (3.44 batch/s, ETA 10.6 min) loss_corrente=0.0081
    [epoch 5/50 train] batch 850/2995 (3.45 batch/s, ETA 10.4 min) loss_corrente=0.0081
    [epoch 5/50 train] batch 900/2995 (3.45 batch/s, ETA 10.1 min) loss_corrente=0.0081
    [epoch 5/50 train] batch 950/2995 (3.45 batch/s, ETA 9.9 min) loss_corrente=0.0081
    [epoch 5/50 train] batch 1000/2995 (3.45 batch/s, ETA 9.6 min) loss_corrente=0.0078
    [epoch 5/50 train] batch 1050/2995 (3.45 batch/s, ETA 9.4 min) loss_corrente=0.0076
    [epoch 5/50 train] batch 1100/2995 (3.46 batch/s, ETA 9.1 min) loss_corrente=0.0083
    [epoch 5/50 train] batch 1150/2995 (3.45 batch/s, ETA 8.9 min) loss_corrente=0.0083
    [epoch 5/50 train] batch 1200/2995 (3.45 batch/s, ETA 8.7 min) loss_corrente=0.0085
    [epoch 5/50 train] batch 1250/2995 (3.45 batch/s, ETA 8.4 min) loss_corrente=0.0092
    [epoch 5/50 train] batch 1300/2995 (3.45 batch/s, ETA 8.2 min) loss_corrente=0.0095
    [epoch 5/50 train] batch 1350/2995 (3.45 batch/s, ETA 8.0 min) loss_corrente=0.0093
    [epoch 5/50 train] batch 1400/2995 (3.45 batch/s, ETA 7.7 min) loss_corrente=0.0097
    [epoch 5/50 train] batch 1450/2995 (3.45 batch/s, ETA 7.5 min) loss_corrente=0.0095
    [epoch 5/50 train] batch 1500/2995 (3.45 batch/s, ETA 7.2 min) loss_corrente=0.0093
    [epoch 5/50 train] batch 1550/2995 (3.45 batch/s, ETA 7.0 min) loss_corrente=0.0098
    [epoch 5/50 train] batch 1600/2995 (3.45 batch/s, ETA 6.7 min) loss_corrente=0.0097
    [epoch 5/50 train] batch 1650/2995 (3.45 batch/s, ETA 6.5 min) loss_corrente=0.0097
    [epoch 5/50 train] batch 1700/2995 (3.45 batch/s, ETA 6.3 min) loss_corrente=0.0099
    [epoch 5/50 train] batch 1750/2995 (3.44 batch/s, ETA 6.0 min) loss_corrente=0.0098
    [epoch 5/50 train] batch 1800/2995 (3.44 batch/s, ETA 5.8 min) loss_corrente=0.0101
    [epoch 5/50 train] batch 1850/2995 (3.44 batch/s, ETA 5.5 min) loss_corrente=0.0102
    [epoch 5/50 train] batch 1900/2995 (3.45 batch/s, ETA 5.3 min) loss_corrente=0.0102
    [epoch 5/50 train] batch 1950/2995 (3.44 batch/s, ETA 5.1 min) loss_corrente=0.0101
    [epoch 5/50 train] batch 2000/2995 (3.44 batch/s, ETA 4.8 min) loss_corrente=0.0100
    [epoch 5/50 train] batch 2050/2995 (3.44 batch/s, ETA 4.6 min) loss_corrente=0.0104
    [epoch 5/50 train] batch 2100/2995 (3.44 batch/s, ETA 4.3 min) loss_corrente=0.0104
    [epoch 5/50 train] batch 2150/2995 (3.44 batch/s, ETA 4.1 min) loss_corrente=0.0102
    [epoch 5/50 train] batch 2200/2995 (3.44 batch/s, ETA 3.8 min) loss_corrente=0.0104
    [epoch 5/50 train] batch 2250/2995 (3.44 batch/s, ETA 3.6 min) loss_corrente=0.0104
    [epoch 5/50 train] batch 2300/2995 (3.44 batch/s, ETA 3.4 min) loss_corrente=0.0103
    [epoch 5/50 train] batch 2350/2995 (3.45 batch/s, ETA 3.1 min) loss_corrente=0.0102
    [epoch 5/50 train] batch 2400/2995 (3.45 batch/s, ETA 2.9 min) loss_corrente=0.0101
    [epoch 5/50 train] batch 2450/2995 (3.45 batch/s, ETA 2.6 min) loss_corrente=0.0100
    [epoch 5/50 train] batch 2500/2995 (3.45 batch/s, ETA 2.4 min) loss_corrente=0.0104
    [epoch 5/50 train] batch 2550/2995 (3.45 batch/s, ETA 2.2 min) loss_corrente=0.0103
    [epoch 5/50 train] batch 2600/2995 (3.45 batch/s, ETA 1.9 min) loss_corrente=0.0106
    [epoch 5/50 train] batch 2650/2995 (3.45 batch/s, ETA 1.7 min) loss_corrente=0.0105
    [epoch 5/50 train] batch 2700/2995 (3.45 batch/s, ETA 1.4 min) loss_corrente=0.0106
    [epoch 5/50 train] batch 2750/2995 (3.45 batch/s, ETA 1.2 min) loss_corrente=0.0106
    [epoch 5/50 train] batch 2800/2995 (3.45 batch/s, ETA 0.9 min) loss_corrente=0.0108
    [epoch 5/50 train] batch 2850/2995 (3.45 batch/s, ETA 0.7 min) loss_corrente=0.0107
    [epoch 5/50 train] batch 2900/2995 (3.45 batch/s, ETA 0.5 min) loss_corrente=0.0106
    [epoch 5/50 train] batch 2950/2995 (3.45 batch/s, ETA 0.2 min) loss_corrente=0.0107
    [epoch 5/50 train] batch 2995/2995 (3.45 batch/s, ETA 0.0 min) loss_corrente=0.0109
    [epoch 5/50 val] batch 50/528 (8.24 batch/s, ETA 1.0 min) loss_corrente=0.0773
    [epoch 5/50 val] batch 100/528 (8.41 batch/s, ETA 0.8 min) loss_corrente=0.0587
    [epoch 5/50 val] batch 150/528 (8.43 batch/s, ETA 0.7 min) loss_corrente=0.0578
    [epoch 5/50 val] batch 200/528 (8.45 batch/s, ETA 0.6 min) loss_corrente=0.0513
    [epoch 5/50 val] batch 250/528 (8.47 batch/s, ETA 0.5 min) loss_corrente=0.0589
    [epoch 5/50 val] batch 300/528 (8.49 batch/s, ETA 0.4 min) loss_corrente=0.0555
    [epoch 5/50 val] batch 350/528 (8.50 batch/s, ETA 0.3 min) loss_corrente=0.0548
    [epoch 5/50 val] batch 400/528 (8.47 batch/s, ETA 0.3 min) loss_corrente=0.0531
    [epoch 5/50 val] batch 450/528 (8.47 batch/s, ETA 0.2 min) loss_corrente=0.0563
    [epoch 5/50 val] batch 500/528 (8.46 batch/s, ETA 0.1 min) loss_corrente=0.0562
    [epoch 5/50 val] batch 528/528 (8.46 batch/s, ETA 0.0 min) loss_corrente=0.0564
Epoch   5/50 | train_loss=0.0109 train_acc=0.997 | val_loss=0.0564 val_acc=0.986
    [epoch 6/50 train] batch 50/2995 (3.35 batch/s, ETA 14.7 min) loss_corrente=0.0081
    [epoch 6/50 train] batch 100/2995 (3.36 batch/s, ETA 14.3 min) loss_corrente=0.0046
    [epoch 6/50 train] batch 150/2995 (3.39 batch/s, ETA 14.0 min) loss_corrente=0.0076
    [epoch 6/50 train] batch 200/2995 (3.41 batch/s, ETA 13.6 min) loss_corrente=0.0061
    [epoch 6/50 train] batch 250/2995 (3.42 batch/s, ETA 13.4 min) loss_corrente=0.0053
    [epoch 6/50 train] batch 300/2995 (3.43 batch/s, ETA 13.1 min) loss_corrente=0.0049
    [epoch 6/50 train] batch 350/2995 (3.44 batch/s, ETA 12.8 min) loss_corrente=0.0059
    [epoch 6/50 train] batch 400/2995 (3.45 batch/s, ETA 12.5 min) loss_corrente=0.0061
    [epoch 6/50 train] batch 450/2995 (3.47 batch/s, ETA 12.2 min) loss_corrente=0.0058
    [epoch 6/50 train] batch 500/2995 (3.47 batch/s, ETA 12.0 min) loss_corrente=0.0057
    [epoch 6/50 train] batch 550/2995 (3.48 batch/s, ETA 11.7 min) loss_corrente=0.0062
    [epoch 6/50 train] batch 600/2995 (3.49 batch/s, ETA 11.4 min) loss_corrente=0.0063
    [epoch 6/50 train] batch 650/2995 (3.49 batch/s, ETA 11.2 min) loss_corrente=0.0064
    [epoch 6/50 train] batch 700/2995 (3.49 batch/s, ETA 10.9 min) loss_corrente=0.0063
    [epoch 6/50 train] batch 750/2995 (3.50 batch/s, ETA 10.7 min) loss_corrente=0.0061
    [epoch 6/50 train] batch 800/2995 (3.50 batch/s, ETA 10.5 min) loss_corrente=0.0060
    [epoch 6/50 train] batch 850/2995 (3.50 batch/s, ETA 10.2 min) loss_corrente=0.0059
    [epoch 6/50 train] batch 900/2995 (3.51 batch/s, ETA 10.0 min) loss_corrente=0.0057
    [epoch 6/50 train] batch 950/2995 (3.51 batch/s, ETA 9.7 min) loss_corrente=0.0055
    [epoch 6/50 train] batch 1000/2995 (3.51 batch/s, ETA 9.5 min) loss_corrente=0.0053
    [epoch 6/50 train] batch 1050/2995 (3.52 batch/s, ETA 9.2 min) loss_corrente=0.0051
    [epoch 6/50 train] batch 1100/2995 (3.52 batch/s, ETA 9.0 min) loss_corrente=0.0050
    [epoch 6/50 train] batch 1150/2995 (3.52 batch/s, ETA 8.7 min) loss_corrente=0.0050
    [epoch 6/50 train] batch 1200/2995 (3.52 batch/s, ETA 8.5 min) loss_corrente=0.0054
    [epoch 6/50 train] batch 1250/2995 (3.52 batch/s, ETA 8.3 min) loss_corrente=0.0057
    [epoch 6/50 train] batch 1300/2995 (3.53 batch/s, ETA 8.0 min) loss_corrente=0.0058
    [epoch 6/50 train] batch 1350/2995 (3.52 batch/s, ETA 7.8 min) loss_corrente=0.0057
    [epoch 6/50 train] batch 1400/2995 (3.52 batch/s, ETA 7.5 min) loss_corrente=0.0057
    [epoch 6/50 train] batch 1450/2995 (3.52 batch/s, ETA 7.3 min) loss_corrente=0.0056
    [epoch 6/50 train] batch 1500/2995 (3.51 batch/s, ETA 7.1 min) loss_corrente=0.0054
    [epoch 6/50 train] batch 1550/2995 (3.51 batch/s, ETA 6.9 min) loss_corrente=0.0053
    [epoch 6/50 train] batch 1600/2995 (3.51 batch/s, ETA 6.6 min) loss_corrente=0.0052
    [epoch 6/50 train] batch 1650/2995 (3.51 batch/s, ETA 6.4 min) loss_corrente=0.0056
    [epoch 6/50 train] batch 1700/2995 (3.50 batch/s, ETA 6.2 min) loss_corrente=0.0060
    [epoch 6/50 train] batch 1750/2995 (3.50 batch/s, ETA 5.9 min) loss_corrente=0.0061
    [epoch 6/50 train] batch 1800/2995 (3.50 batch/s, ETA 5.7 min) loss_corrente=0.0063
    [epoch 6/50 train] batch 1850/2995 (3.49 batch/s, ETA 5.5 min) loss_corrente=0.0064
    [epoch 6/50 train] batch 1900/2995 (3.49 batch/s, ETA 5.2 min) loss_corrente=0.0064
    [epoch 6/50 train] batch 1950/2995 (3.49 batch/s, ETA 5.0 min) loss_corrente=0.0062
    [epoch 6/50 train] batch 2000/2995 (3.49 batch/s, ETA 4.8 min) loss_corrente=0.0064
    [epoch 6/50 train] batch 2050/2995 (3.49 batch/s, ETA 4.5 min) loss_corrente=0.0062
    [epoch 6/50 train] batch 2100/2995 (3.49 batch/s, ETA 4.3 min) loss_corrente=0.0066
    [epoch 6/50 train] batch 2150/2995 (3.49 batch/s, ETA 4.0 min) loss_corrente=0.0065
    [epoch 6/50 train] batch 2200/2995 (3.49 batch/s, ETA 3.8 min) loss_corrente=0.0064
    [epoch 6/50 train] batch 2250/2995 (3.49 batch/s, ETA 3.6 min) loss_corrente=0.0063
    [epoch 6/50 train] batch 2300/2995 (3.49 batch/s, ETA 3.3 min) loss_corrente=0.0068
    [epoch 6/50 train] batch 2350/2995 (3.48 batch/s, ETA 3.1 min) loss_corrente=0.0067
    [epoch 6/50 train] batch 2400/2995 (3.48 batch/s, ETA 2.8 min) loss_corrente=0.0066
    [epoch 6/50 train] batch 2450/2995 (3.48 batch/s, ETA 2.6 min) loss_corrente=0.0067
    [epoch 6/50 train] batch 2500/2995 (3.48 batch/s, ETA 2.4 min) loss_corrente=0.0069
    [epoch 6/50 train] batch 2550/2995 (3.48 batch/s, ETA 2.1 min) loss_corrente=0.0068
    [epoch 6/50 train] batch 2600/2995 (3.48 batch/s, ETA 1.9 min) loss_corrente=0.0068
    [epoch 6/50 train] batch 2650/2995 (3.48 batch/s, ETA 1.7 min) loss_corrente=0.0069
    [epoch 6/50 train] batch 2700/2995 (3.47 batch/s, ETA 1.4 min) loss_corrente=0.0069
    [epoch 6/50 train] batch 2750/2995 (3.47 batch/s, ETA 1.2 min) loss_corrente=0.0071
    [epoch 6/50 train] batch 2800/2995 (3.47 batch/s, ETA 0.9 min) loss_corrente=0.0073
    [epoch 6/50 train] batch 2850/2995 (3.47 batch/s, ETA 0.7 min) loss_corrente=0.0073
    [epoch 6/50 train] batch 2900/2995 (3.47 batch/s, ETA 0.5 min) loss_corrente=0.0074
    [epoch 6/50 train] batch 2950/2995 (3.47 batch/s, ETA 0.2 min) loss_corrente=0.0074
    [epoch 6/50 train] batch 2995/2995 (3.47 batch/s, ETA 0.0 min) loss_corrente=0.0073
    [epoch 6/50 val] batch 50/528 (8.14 batch/s, ETA 1.0 min) loss_corrente=0.1020
    [epoch 6/50 val] batch 100/528 (8.40 batch/s, ETA 0.8 min) loss_corrente=0.0727
    [epoch 6/50 val] batch 150/528 (8.48 batch/s, ETA 0.7 min) loss_corrente=0.0645
    [epoch 6/50 val] batch 200/528 (8.51 batch/s, ETA 0.6 min) loss_corrente=0.0574
    [epoch 6/50 val] batch 250/528 (8.54 batch/s, ETA 0.5 min) loss_corrente=0.0654
    [epoch 6/50 val] batch 300/528 (8.55 batch/s, ETA 0.4 min) loss_corrente=0.0579
    [epoch 6/50 val] batch 350/528 (8.54 batch/s, ETA 0.3 min) loss_corrente=0.0566
    [epoch 6/50 val] batch 400/528 (8.54 batch/s, ETA 0.2 min) loss_corrente=0.0546
    [epoch 6/50 val] batch 450/528 (8.51 batch/s, ETA 0.2 min) loss_corrente=0.0626
    [epoch 6/50 val] batch 500/528 (8.51 batch/s, ETA 0.1 min) loss_corrente=0.0618
    [epoch 6/50 val] batch 528/528 (8.51 batch/s, ETA 0.0 min) loss_corrente=0.0624
Epoch   6/50 | train_loss=0.0073 train_acc=0.998 | val_loss=0.0624 val_acc=0.984
    [epoch 7/50 train] batch 50/2995 (3.31 batch/s, ETA 14.8 min) loss_corrente=0.0031
    [epoch 7/50 train] batch 100/2995 (3.36 batch/s, ETA 14.4 min) loss_corrente=0.0028
    [epoch 7/50 train] batch 150/2995 (3.43 batch/s, ETA 13.8 min) loss_corrente=0.0033
    [epoch 7/50 train] batch 200/2995 (3.45 batch/s, ETA 13.5 min) loss_corrente=0.0038
    [epoch 7/50 train] batch 250/2995 (3.48 batch/s, ETA 13.2 min) loss_corrente=0.0060
    [epoch 7/50 train] batch 300/2995 (3.48 batch/s, ETA 12.9 min) loss_corrente=0.0052
    [epoch 7/50 train] batch 350/2995 (3.49 batch/s, ETA 12.6 min) loss_corrente=0.0052
    [epoch 7/50 train] batch 400/2995 (3.49 batch/s, ETA 12.4 min) loss_corrente=0.0047
    [epoch 7/50 train] batch 450/2995 (3.49 batch/s, ETA 12.1 min) loss_corrente=0.0044
    [epoch 7/50 train] batch 500/2995 (3.49 batch/s, ETA 11.9 min) loss_corrente=0.0044
    [epoch 7/50 train] batch 550/2995 (3.50 batch/s, ETA 11.6 min) loss_corrente=0.0045
    [epoch 7/50 train] batch 600/2995 (3.50 batch/s, ETA 11.4 min) loss_corrente=0.0053
    [epoch 7/50 train] batch 650/2995 (3.50 batch/s, ETA 11.2 min) loss_corrente=0.0059
    [epoch 7/50 train] batch 700/2995 (3.51 batch/s, ETA 10.9 min) loss_corrente=0.0057
    [epoch 7/50 train] batch 750/2995 (3.51 batch/s, ETA 10.7 min) loss_corrente=0.0054
    [epoch 7/50 train] batch 800/2995 (3.50 batch/s, ETA 10.5 min) loss_corrente=0.0052
    [epoch 7/50 train] batch 850/2995 (3.49 batch/s, ETA 10.3 min) loss_corrente=0.0058
    [epoch 7/50 train] batch 900/2995 (3.48 batch/s, ETA 10.0 min) loss_corrente=0.0057
    [epoch 7/50 train] batch 950/2995 (3.47 batch/s, ETA 9.8 min) loss_corrente=0.0055
    [epoch 7/50 train] batch 1000/2995 (3.45 batch/s, ETA 9.6 min) loss_corrente=0.0053
    [epoch 7/50 train] batch 1050/2995 (3.43 batch/s, ETA 9.4 min) loss_corrente=0.0053
    [epoch 7/50 train] batch 1100/2995 (3.42 batch/s, ETA 9.2 min) loss_corrente=0.0055
    [epoch 7/50 train] batch 1150/2995 (3.42 batch/s, ETA 9.0 min) loss_corrente=0.0053
    [epoch 7/50 train] batch 1200/2995 (3.41 batch/s, ETA 8.8 min) loss_corrente=0.0057
    [epoch 7/50 train] batch 1250/2995 (3.40 batch/s, ETA 8.5 min) loss_corrente=0.0056
    [epoch 7/50 train] batch 1300/2995 (3.39 batch/s, ETA 8.3 min) loss_corrente=0.0054
    [epoch 7/50 train] batch 1350/2995 (3.38 batch/s, ETA 8.1 min) loss_corrente=0.0053
    [epoch 7/50 train] batch 1400/2995 (3.38 batch/s, ETA 7.9 min) loss_corrente=0.0052
    [epoch 7/50 train] batch 1450/2995 (3.37 batch/s, ETA 7.6 min) loss_corrente=0.0050
    [epoch 7/50 train] batch 1500/2995 (3.37 batch/s, ETA 7.4 min) loss_corrente=0.0049
    [epoch 7/50 train] batch 1550/2995 (3.36 batch/s, ETA 7.2 min) loss_corrente=0.0050
    [epoch 7/50 train] batch 1600/2995 (3.36 batch/s, ETA 6.9 min) loss_corrente=0.0049
    [epoch 7/50 train] batch 1650/2995 (3.35 batch/s, ETA 6.7 min) loss_corrente=0.0050
    [epoch 7/50 train] batch 1700/2995 (3.35 batch/s, ETA 6.4 min) loss_corrente=0.0049
    [epoch 7/50 train] batch 1750/2995 (3.35 batch/s, ETA 6.2 min) loss_corrente=0.0050
    [epoch 7/50 train] batch 1800/2995 (3.35 batch/s, ETA 6.0 min) loss_corrente=0.0049
    [epoch 7/50 train] batch 1850/2995 (3.34 batch/s, ETA 5.7 min) loss_corrente=0.0050
    [epoch 7/50 train] batch 1900/2995 (3.34 batch/s, ETA 5.5 min) loss_corrente=0.0049
    [epoch 7/50 train] batch 1950/2995 (3.34 batch/s, ETA 5.2 min) loss_corrente=0.0050
    [epoch 7/50 train] batch 2000/2995 (3.33 batch/s, ETA 5.0 min) loss_corrente=0.0052
    [epoch 7/50 train] batch 2050/2995 (3.33 batch/s, ETA 4.7 min) loss_corrente=0.0058
    [epoch 7/50 train] batch 2100/2995 (3.33 batch/s, ETA 4.5 min) loss_corrente=0.0060
    [epoch 7/50 train] batch 2150/2995 (3.33 batch/s, ETA 4.2 min) loss_corrente=0.0060
    [epoch 7/50 train] batch 2200/2995 (3.32 batch/s, ETA 4.0 min) loss_corrente=0.0059
    [epoch 7/50 train] batch 2250/2995 (3.32 batch/s, ETA 3.7 min) loss_corrente=0.0059
    [epoch 7/50 train] batch 2300/2995 (3.32 batch/s, ETA 3.5 min) loss_corrente=0.0058
    [epoch 7/50 train] batch 2350/2995 (3.32 batch/s, ETA 3.2 min) loss_corrente=0.0059
    [epoch 7/50 train] batch 2400/2995 (3.32 batch/s, ETA 3.0 min) loss_corrente=0.0059
    [epoch 7/50 train] batch 2450/2995 (3.32 batch/s, ETA 2.7 min) loss_corrente=0.0060
    [epoch 7/50 train] batch 2500/2995 (3.31 batch/s, ETA 2.5 min) loss_corrente=0.0060
    [epoch 7/50 train] batch 2550/2995 (3.32 batch/s, ETA 2.2 min) loss_corrente=0.0060
    [epoch 7/50 train] batch 2600/2995 (3.31 batch/s, ETA 2.0 min) loss_corrente=0.0059
    [epoch 7/50 train] batch 2650/2995 (3.31 batch/s, ETA 1.7 min) loss_corrente=0.0059
    [epoch 7/50 train] batch 2700/2995 (3.31 batch/s, ETA 1.5 min) loss_corrente=0.0060
    [epoch 7/50 train] batch 2750/2995 (3.31 batch/s, ETA 1.2 min) loss_corrente=0.0060
    [epoch 7/50 train] batch 2800/2995 (3.31 batch/s, ETA 1.0 min) loss_corrente=0.0059
    [epoch 7/50 train] batch 2850/2995 (3.31 batch/s, ETA 0.7 min) loss_corrente=0.0059
    [epoch 7/50 train] batch 2900/2995 (3.31 batch/s, ETA 0.5 min) loss_corrente=0.0060
    [epoch 7/50 train] batch 2950/2995 (3.31 batch/s, ETA 0.2 min) loss_corrente=0.0060
    [epoch 7/50 train] batch 2995/2995 (3.31 batch/s, ETA 0.0 min) loss_corrente=0.0060
    [epoch 7/50 val] batch 50/528 (7.92 batch/s, ETA 1.0 min) loss_corrente=0.1046
    [epoch 7/50 val] batch 100/528 (8.05 batch/s, ETA 0.9 min) loss_corrente=0.0845
    [epoch 7/50 val] batch 150/528 (8.04 batch/s, ETA 0.8 min) loss_corrente=0.0753
    [epoch 7/50 val] batch 200/528 (7.96 batch/s, ETA 0.7 min) loss_corrente=0.0635
    [epoch 7/50 val] batch 250/528 (7.99 batch/s, ETA 0.6 min) loss_corrente=0.0703
    [epoch 7/50 val] batch 300/528 (7.98 batch/s, ETA 0.5 min) loss_corrente=0.0664
    [epoch 7/50 val] batch 350/528 (7.96 batch/s, ETA 0.4 min) loss_corrente=0.0675
    [epoch 7/50 val] batch 400/528 (7.95 batch/s, ETA 0.3 min) loss_corrente=0.0672
    [epoch 7/50 val] batch 450/528 (7.95 batch/s, ETA 0.2 min) loss_corrente=0.0699
    [epoch 7/50 val] batch 500/528 (7.98 batch/s, ETA 0.1 min) loss_corrente=0.0680
    [epoch 7/50 val] batch 528/528 (7.98 batch/s, ETA 0.0 min) loss_corrente=0.0686
Epoch   7/50 | train_loss=0.0060 train_acc=0.998 | val_loss=0.0686 val_acc=0.985
    [epoch 8/50 train] batch 50/2995 (3.46 batch/s, ETA 14.2 min) loss_corrente=0.0078
    [epoch 8/50 train] batch 100/2995 (3.47 batch/s, ETA 13.9 min) loss_corrente=0.0047
    [epoch 8/50 train] batch 150/2995 (3.50 batch/s, ETA 13.6 min) loss_corrente=0.0035
    [epoch 8/50 train] batch 200/2995 (3.47 batch/s, ETA 13.4 min) loss_corrente=0.0033
    [epoch 8/50 train] batch 250/2995 (3.43 batch/s, ETA 13.3 min) loss_corrente=0.0032
    [epoch 8/50 train] batch 300/2995 (3.43 batch/s, ETA 13.1 min) loss_corrente=0.0033
    [epoch 8/50 train] batch 350/2995 (3.42 batch/s, ETA 12.9 min) loss_corrente=0.0031
    [epoch 8/50 train] batch 400/2995 (3.43 batch/s, ETA 12.6 min) loss_corrente=0.0049
    [epoch 8/50 train] batch 450/2995 (3.43 batch/s, ETA 12.4 min) loss_corrente=0.0053
    [epoch 8/50 train] batch 500/2995 (3.42 batch/s, ETA 12.1 min) loss_corrente=0.0059
    [epoch 8/50 train] batch 550/2995 (3.42 batch/s, ETA 11.9 min) loss_corrente=0.0056
    [epoch 8/50 train] batch 600/2995 (3.42 batch/s, ETA 11.7 min) loss_corrente=0.0053
    [epoch 8/50 train] batch 650/2995 (3.41 batch/s, ETA 11.4 min) loss_corrente=0.0049
    [epoch 8/50 train] batch 700/2995 (3.42 batch/s, ETA 11.2 min) loss_corrente=0.0046
    [epoch 8/50 train] batch 750/2995 (3.41 batch/s, ETA 11.0 min) loss_corrente=0.0043
    [epoch 8/50 train] batch 800/2995 (3.41 batch/s, ETA 10.7 min) loss_corrente=0.0043
    [epoch 8/50 train] batch 850/2995 (3.41 batch/s, ETA 10.5 min) loss_corrente=0.0046
    [epoch 8/50 train] batch 900/2995 (3.42 batch/s, ETA 10.2 min) loss_corrente=0.0047
    [epoch 8/50 train] batch 950/2995 (3.42 batch/s, ETA 10.0 min) loss_corrente=0.0045
    [epoch 8/50 train] batch 1000/2995 (3.42 batch/s, ETA 9.7 min) loss_corrente=0.0047
    [epoch 8/50 train] batch 1050/2995 (3.42 batch/s, ETA 9.5 min) loss_corrente=0.0045
    [epoch 8/50 train] batch 1100/2995 (3.42 batch/s, ETA 9.2 min) loss_corrente=0.0046
    [epoch 8/50 train] batch 1150/2995 (3.42 batch/s, ETA 9.0 min) loss_corrente=0.0046
    [epoch 8/50 train] batch 1200/2995 (3.42 batch/s, ETA 8.7 min) loss_corrente=0.0045
    [epoch 8/50 train] batch 1250/2995 (3.42 batch/s, ETA 8.5 min) loss_corrente=0.0045
    [epoch 8/50 train] batch 1300/2995 (3.42 batch/s, ETA 8.3 min) loss_corrente=0.0045
    [epoch 8/50 train] batch 1350/2995 (3.42 batch/s, ETA 8.0 min) loss_corrente=0.0045
    [epoch 8/50 train] batch 1400/2995 (3.42 batch/s, ETA 7.8 min) loss_corrente=0.0044
    [epoch 8/50 train] batch 1450/2995 (3.42 batch/s, ETA 7.5 min) loss_corrente=0.0044
    [epoch 8/50 train] batch 1500/2995 (3.42 batch/s, ETA 7.3 min) loss_corrente=0.0049
    [epoch 8/50 train] batch 1550/2995 (3.43 batch/s, ETA 7.0 min) loss_corrente=0.0048
    [epoch 8/50 train] batch 1600/2995 (3.43 batch/s, ETA 6.8 min) loss_corrente=0.0048
    [epoch 8/50 train] batch 1650/2995 (3.43 batch/s, ETA 6.5 min) loss_corrente=0.0049
    [epoch 8/50 train] batch 1700/2995 (3.43 batch/s, ETA 6.3 min) loss_corrente=0.0051
    [epoch 8/50 train] batch 1750/2995 (3.43 batch/s, ETA 6.1 min) loss_corrente=0.0051
    [epoch 8/50 train] batch 1800/2995 (3.43 batch/s, ETA 5.8 min) loss_corrente=0.0051
    [epoch 8/50 train] batch 1850/2995 (3.43 batch/s, ETA 5.6 min) loss_corrente=0.0051
    [epoch 8/50 train] batch 1900/2995 (3.42 batch/s, ETA 5.3 min) loss_corrente=0.0050
    [epoch 8/50 train] batch 1950/2995 (3.43 batch/s, ETA 5.1 min) loss_corrente=0.0049
    [epoch 8/50 train] batch 2000/2995 (3.43 batch/s, ETA 4.8 min) loss_corrente=0.0048
    [epoch 8/50 train] batch 2050/2995 (3.43 batch/s, ETA 4.6 min) loss_corrente=0.0047
    [epoch 8/50 train] batch 2100/2995 (3.43 batch/s, ETA 4.4 min) loss_corrente=0.0046
    [epoch 8/50 train] batch 2150/2995 (3.43 batch/s, ETA 4.1 min) loss_corrente=0.0045
    [epoch 8/50 train] batch 2200/2995 (3.43 batch/s, ETA 3.9 min) loss_corrente=0.0045
    [epoch 8/50 train] batch 2250/2995 (3.43 batch/s, ETA 3.6 min) loss_corrente=0.0051
    [epoch 8/50 train] batch 2300/2995 (3.43 batch/s, ETA 3.4 min) loss_corrente=0.0051
    [epoch 8/50 train] batch 2350/2995 (3.44 batch/s, ETA 3.1 min) loss_corrente=0.0050
    [epoch 8/50 train] batch 2400/2995 (3.44 batch/s, ETA 2.9 min) loss_corrente=0.0050
    [epoch 8/50 train] batch 2450/2995 (3.44 batch/s, ETA 2.6 min) loss_corrente=0.0049
    [epoch 8/50 train] batch 2500/2995 (3.44 batch/s, ETA 2.4 min) loss_corrente=0.0049
    [epoch 8/50 train] batch 2550/2995 (3.44 batch/s, ETA 2.2 min) loss_corrente=0.0049
    [epoch 8/50 train] batch 2600/2995 (3.44 batch/s, ETA 1.9 min) loss_corrente=0.0049
    [epoch 8/50 train] batch 2650/2995 (3.44 batch/s, ETA 1.7 min) loss_corrente=0.0049
    [epoch 8/50 train] batch 2700/2995 (3.44 batch/s, ETA 1.4 min) loss_corrente=0.0048
    [epoch 8/50 train] batch 2750/2995 (3.44 batch/s, ETA 1.2 min) loss_corrente=0.0048
    [epoch 8/50 train] batch 2800/2995 (3.44 batch/s, ETA 0.9 min) loss_corrente=0.0047
    [epoch 8/50 train] batch 2850/2995 (3.44 batch/s, ETA 0.7 min) loss_corrente=0.0047
    [epoch 8/50 train] batch 2900/2995 (3.44 batch/s, ETA 0.5 min) loss_corrente=0.0047
    [epoch 8/50 train] batch 2950/2995 (3.44 batch/s, ETA 0.2 min) loss_corrente=0.0046
    [epoch 8/50 train] batch 2995/2995 (3.44 batch/s, ETA 0.0 min) loss_corrente=0.0046
    [epoch 8/50 val] batch 50/528 (7.79 batch/s, ETA 1.0 min) loss_corrente=0.1112
    [epoch 8/50 val] batch 100/528 (8.08 batch/s, ETA 0.9 min) loss_corrente=0.0920
    [epoch 8/50 val] batch 150/528 (8.22 batch/s, ETA 0.8 min) loss_corrente=0.0840
    [epoch 8/50 val] batch 200/528 (8.26 batch/s, ETA 0.7 min) loss_corrente=0.0708
    [epoch 8/50 val] batch 250/528 (8.29 batch/s, ETA 0.6 min) loss_corrente=0.0795
    [epoch 8/50 val] batch 300/528 (8.33 batch/s, ETA 0.5 min) loss_corrente=0.0741
    [epoch 8/50 val] batch 350/528 (8.33 batch/s, ETA 0.4 min) loss_corrente=0.0717
    [epoch 8/50 val] batch 400/528 (8.36 batch/s, ETA 0.3 min) loss_corrente=0.0710
    [epoch 8/50 val] batch 450/528 (8.39 batch/s, ETA 0.2 min) loss_corrente=0.0768
    [epoch 8/50 val] batch 500/528 (8.41 batch/s, ETA 0.1 min) loss_corrente=0.0763
    [epoch 8/50 val] batch 528/528 (8.41 batch/s, ETA 0.0 min) loss_corrente=0.0774
Epoch   8/50 | train_loss=0.0046 train_acc=0.999 | val_loss=0.0774 val_acc=0.985

[Early stopping] Nessun miglioramento da 5 epoche

[Completato] Best val_loss=0.0447
[Output] weights/fase3_siglip_lora_full/fase3_siglip_lora_full_r16_neg05_pad50/results.csv  (compatibile con analyze_yolo_loss_magnitude.py)
[Output] weights/fase3_siglip_lora_full/fase3_siglip_lora_full_r16_neg05_pad50/best  (adapter LoRA visual+text, logit_scale/bias migliori)
==================================================
Job completato: Sat Aug  1 06:30:36 PM CEST 2026
==================================================
