==================================================
Job: oos_fase3_mlp_pad50 (MLP, rank=16, padding=0.50, neg_ratio 0.25 e 0.5)
Data: Sat Aug  1 01:36:17 PM CEST 2026
Nodo: ainode01
==================================================
NVIDIA H100 80GB HBM3, 81559 MiB
[Setup] Device: cuda
[Setup] Carico processor/modello: google/siglip2-giant-opt-patch16-384
[Dati] Costruisco dataset di training...
[Dataset] train: 32554 positivi, 7139 negativi (39693 campioni totali)
[Dati] Costruisco dataset di validazione...
[Dataset] val: 5783 positivi, 1237 negativi (7020 campioni totali)
[Modello] Costruisco SigLIP2 + LoRA + MLP...
[Modello] LoRA rank=16, alpha=32 (rapporto alpha/r=2.0)
[Modello] Parametri allenabili: 5,113,345 / 1,168,773,121 (0.44%)
[Optimizer] lr adapter LoRA=3e-05  |  lr MLP head=0.001

[Training] Inizio — 50 epoche, batch=16, lr=3e-05
    [epoch 1/50 train] batch 50/2481 (4.39 batch/s, ETA 9.2 min) loss_corrente=0.4637
    [epoch 1/50 train] batch 100/2481 (4.71 batch/s, ETA 8.4 min) loss_corrente=0.4189
    [epoch 1/50 train] batch 150/2481 (4.82 batch/s, ETA 8.1 min) loss_corrente=0.3549
    [epoch 1/50 train] batch 200/2481 (4.88 batch/s, ETA 7.8 min) loss_corrente=0.3216
    [epoch 1/50 train] batch 250/2481 (4.91 batch/s, ETA 7.6 min) loss_corrente=0.2868
    [epoch 1/50 train] batch 300/2481 (4.94 batch/s, ETA 7.4 min) loss_corrente=0.2571
    [epoch 1/50 train] batch 350/2481 (4.96 batch/s, ETA 7.2 min) loss_corrente=0.2368
    [epoch 1/50 train] batch 400/2481 (4.97 batch/s, ETA 7.0 min) loss_corrente=0.2226
    [epoch 1/50 train] batch 450/2481 (4.98 batch/s, ETA 6.8 min) loss_corrente=0.2111
    [epoch 1/50 train] batch 500/2481 (4.99 batch/s, ETA 6.6 min) loss_corrente=0.1985
    [epoch 1/50 train] batch 550/2481 (5.00 batch/s, ETA 6.4 min) loss_corrente=0.1864
    [epoch 1/50 train] batch 600/2481 (5.01 batch/s, ETA 6.3 min) loss_corrente=0.1748
    [epoch 1/50 train] batch 650/2481 (5.01 batch/s, ETA 6.1 min) loss_corrente=0.1652
    [epoch 1/50 train] batch 700/2481 (5.02 batch/s, ETA 5.9 min) loss_corrente=0.1611
    [epoch 1/50 train] batch 750/2481 (5.02 batch/s, ETA 5.7 min) loss_corrente=0.1550
    [epoch 1/50 train] batch 800/2481 (5.02 batch/s, ETA 5.6 min) loss_corrente=0.1496
    [epoch 1/50 train] batch 850/2481 (5.03 batch/s, ETA 5.4 min) loss_corrente=0.1456
    [epoch 1/50 train] batch 900/2481 (5.03 batch/s, ETA 5.2 min) loss_corrente=0.1418
    [epoch 1/50 train] batch 950/2481 (5.03 batch/s, ETA 5.1 min) loss_corrente=0.1376
    [epoch 1/50 train] batch 1000/2481 (5.04 batch/s, ETA 4.9 min) loss_corrente=0.1338
    [epoch 1/50 train] batch 1050/2481 (5.04 batch/s, ETA 4.7 min) loss_corrente=0.1315
    [epoch 1/50 train] batch 1100/2481 (5.04 batch/s, ETA 4.6 min) loss_corrente=0.1287
    [epoch 1/50 train] batch 1150/2481 (5.04 batch/s, ETA 4.4 min) loss_corrente=0.1256
    [epoch 1/50 train] batch 1200/2481 (5.04 batch/s, ETA 4.2 min) loss_corrente=0.1215
    [epoch 1/50 train] batch 1250/2481 (5.04 batch/s, ETA 4.1 min) loss_corrente=0.1181
    [epoch 1/50 train] batch 1300/2481 (5.04 batch/s, ETA 3.9 min) loss_corrente=0.1166
    [epoch 1/50 train] batch 1350/2481 (5.04 batch/s, ETA 3.7 min) loss_corrente=0.1141
    [epoch 1/50 train] batch 1400/2481 (5.04 batch/s, ETA 3.6 min) loss_corrente=0.1135
    [epoch 1/50 train] batch 1450/2481 (5.04 batch/s, ETA 3.4 min) loss_corrente=0.1118
    [epoch 1/50 train] batch 1500/2481 (5.04 batch/s, ETA 3.2 min) loss_corrente=0.1097
    [epoch 1/50 train] batch 1550/2481 (5.04 batch/s, ETA 3.1 min) loss_corrente=0.1085
    [epoch 1/50 train] batch 1600/2481 (5.04 batch/s, ETA 2.9 min) loss_corrente=0.1068
    [epoch 1/50 train] batch 1650/2481 (5.04 batch/s, ETA 2.7 min) loss_corrente=0.1053
    [epoch 1/50 train] batch 1700/2481 (5.04 batch/s, ETA 2.6 min) loss_corrente=0.1035
    [epoch 1/50 train] batch 1750/2481 (5.04 batch/s, ETA 2.4 min) loss_corrente=0.1020
    [epoch 1/50 train] batch 1800/2481 (5.05 batch/s, ETA 2.2 min) loss_corrente=0.1010
    [epoch 1/50 train] batch 1850/2481 (5.05 batch/s, ETA 2.1 min) loss_corrente=0.1000
    [epoch 1/50 train] batch 1900/2481 (5.05 batch/s, ETA 1.9 min) loss_corrente=0.0987
    [epoch 1/50 train] batch 1950/2481 (5.05 batch/s, ETA 1.8 min) loss_corrente=0.0974
    [epoch 1/50 train] batch 2000/2481 (5.05 batch/s, ETA 1.6 min) loss_corrente=0.0959
    [epoch 1/50 train] batch 2050/2481 (5.05 batch/s, ETA 1.4 min) loss_corrente=0.0942
    [epoch 1/50 train] batch 2100/2481 (5.05 batch/s, ETA 1.3 min) loss_corrente=0.0933
    [epoch 1/50 train] batch 2150/2481 (5.05 batch/s, ETA 1.1 min) loss_corrente=0.0926
    [epoch 1/50 train] batch 2200/2481 (5.05 batch/s, ETA 0.9 min) loss_corrente=0.0912
    [epoch 1/50 train] batch 2250/2481 (5.05 batch/s, ETA 0.8 min) loss_corrente=0.0903
    [epoch 1/50 train] batch 2300/2481 (5.05 batch/s, ETA 0.6 min) loss_corrente=0.0897
    [epoch 1/50 train] batch 2350/2481 (5.05 batch/s, ETA 0.4 min) loss_corrente=0.0888
    [epoch 1/50 train] batch 2400/2481 (5.05 batch/s, ETA 0.3 min) loss_corrente=0.0881
    [epoch 1/50 train] batch 2450/2481 (5.05 batch/s, ETA 0.1 min) loss_corrente=0.0871
    [epoch 1/50 train] batch 2481/2481 (5.05 batch/s, ETA 0.0 min) loss_corrente=0.0863
    [epoch 1/50 val] batch 50/439 (9.88 batch/s, ETA 0.7 min) loss_corrente=0.0820
    [epoch 1/50 val] batch 100/439 (10.69 batch/s, ETA 0.5 min) loss_corrente=0.0680
    [epoch 1/50 val] batch 150/439 (10.99 batch/s, ETA 0.4 min) loss_corrente=0.0572
    [epoch 1/50 val] batch 200/439 (11.15 batch/s, ETA 0.4 min) loss_corrente=0.0609
    [epoch 1/50 val] batch 250/439 (11.25 batch/s, ETA 0.3 min) loss_corrente=0.0593
    [epoch 1/50 val] batch 300/439 (11.31 batch/s, ETA 0.2 min) loss_corrente=0.0581
    [epoch 1/50 val] batch 350/439 (11.36 batch/s, ETA 0.1 min) loss_corrente=0.0550
    [epoch 1/50 val] batch 400/439 (11.38 batch/s, ETA 0.1 min) loss_corrente=0.0562
    [epoch 1/50 val] batch 439/439 (11.41 batch/s, ETA 0.0 min) loss_corrente=0.0546
Epoch   1/50 | train_loss=0.0863 train_acc=0.970 | val_loss=0.0546 val_acc=0.982
    [epoch 2/50 train] batch 50/2481 (4.97 batch/s, ETA 8.2 min) loss_corrente=0.0405
    [epoch 2/50 train] batch 100/2481 (5.02 batch/s, ETA 7.9 min) loss_corrente=0.0330
    [epoch 2/50 train] batch 150/2481 (5.03 batch/s, ETA 7.7 min) loss_corrente=0.0380
    [epoch 2/50 train] batch 200/2481 (5.04 batch/s, ETA 7.5 min) loss_corrente=0.0367
    [epoch 2/50 train] batch 250/2481 (5.05 batch/s, ETA 7.4 min) loss_corrente=0.0328
    [epoch 2/50 train] batch 300/2481 (5.04 batch/s, ETA 7.2 min) loss_corrente=0.0355
    [epoch 2/50 train] batch 350/2481 (5.05 batch/s, ETA 7.0 min) loss_corrente=0.0366
    [epoch 2/50 train] batch 400/2481 (5.05 batch/s, ETA 6.9 min) loss_corrente=0.0352
    [epoch 2/50 train] batch 450/2481 (5.05 batch/s, ETA 6.7 min) loss_corrente=0.0342
    [epoch 2/50 train] batch 500/2481 (5.06 batch/s, ETA 6.5 min) loss_corrente=0.0354
    [epoch 2/50 train] batch 550/2481 (5.06 batch/s, ETA 6.4 min) loss_corrente=0.0371
    [epoch 2/50 train] batch 600/2481 (5.06 batch/s, ETA 6.2 min) loss_corrente=0.0371
    [epoch 2/50 train] batch 650/2481 (5.06 batch/s, ETA 6.0 min) loss_corrente=0.0351
    [epoch 2/50 train] batch 700/2481 (5.06 batch/s, ETA 5.9 min) loss_corrente=0.0348
    [epoch 2/50 train] batch 750/2481 (5.06 batch/s, ETA 5.7 min) loss_corrente=0.0342
    [epoch 2/50 train] batch 800/2481 (5.06 batch/s, ETA 5.5 min) loss_corrente=0.0342
    [epoch 2/50 train] batch 850/2481 (5.06 batch/s, ETA 5.4 min) loss_corrente=0.0348
    [epoch 2/50 train] batch 900/2481 (5.06 batch/s, ETA 5.2 min) loss_corrente=0.0345
    [epoch 2/50 train] batch 950/2481 (5.06 batch/s, ETA 5.0 min) loss_corrente=0.0344
    [epoch 2/50 train] batch 1000/2481 (5.06 batch/s, ETA 4.9 min) loss_corrente=0.0352
    [epoch 2/50 train] batch 1050/2481 (5.06 batch/s, ETA 4.7 min) loss_corrente=0.0355
    [epoch 2/50 train] batch 1100/2481 (5.06 batch/s, ETA 4.5 min) loss_corrente=0.0360
    [epoch 2/50 train] batch 1150/2481 (5.06 batch/s, ETA 4.4 min) loss_corrente=0.0356
    [epoch 2/50 train] batch 1200/2481 (5.06 batch/s, ETA 4.2 min) loss_corrente=0.0357
    [epoch 2/50 train] batch 1250/2481 (5.06 batch/s, ETA 4.1 min) loss_corrente=0.0356
    [epoch 2/50 train] batch 1300/2481 (5.06 batch/s, ETA 3.9 min) loss_corrente=0.0359
    [epoch 2/50 train] batch 1350/2481 (5.06 batch/s, ETA 3.7 min) loss_corrente=0.0355
    [epoch 2/50 train] batch 1400/2481 (5.06 batch/s, ETA 3.6 min) loss_corrente=0.0351
    [epoch 2/50 train] batch 1450/2481 (5.06 batch/s, ETA 3.4 min) loss_corrente=0.0344
    [epoch 2/50 train] batch 1500/2481 (5.06 batch/s, ETA 3.2 min) loss_corrente=0.0343
    [epoch 2/50 train] batch 1550/2481 (5.06 batch/s, ETA 3.1 min) loss_corrente=0.0342
    [epoch 2/50 train] batch 1600/2481 (5.06 batch/s, ETA 2.9 min) loss_corrente=0.0341
    [epoch 2/50 train] batch 1650/2481 (5.06 batch/s, ETA 2.7 min) loss_corrente=0.0337
    [epoch 2/50 train] batch 1700/2481 (5.06 batch/s, ETA 2.6 min) loss_corrente=0.0336
    [epoch 2/50 train] batch 1750/2481 (5.06 batch/s, ETA 2.4 min) loss_corrente=0.0329
    [epoch 2/50 train] batch 1800/2481 (5.06 batch/s, ETA 2.2 min) loss_corrente=0.0331
    [epoch 2/50 train] batch 1850/2481 (5.06 batch/s, ETA 2.1 min) loss_corrente=0.0335
    [epoch 2/50 train] batch 1900/2481 (5.06 batch/s, ETA 1.9 min) loss_corrente=0.0336
    [epoch 2/50 train] batch 1950/2481 (5.07 batch/s, ETA 1.7 min) loss_corrente=0.0340
    [epoch 2/50 train] batch 2000/2481 (5.07 batch/s, ETA 1.6 min) loss_corrente=0.0336
    [epoch 2/50 train] batch 2050/2481 (5.07 batch/s, ETA 1.4 min) loss_corrente=0.0338
    [epoch 2/50 train] batch 2100/2481 (5.07 batch/s, ETA 1.3 min) loss_corrente=0.0338
    [epoch 2/50 train] batch 2150/2481 (5.07 batch/s, ETA 1.1 min) loss_corrente=0.0339
    [epoch 2/50 train] batch 2200/2481 (5.07 batch/s, ETA 0.9 min) loss_corrente=0.0340
    [epoch 2/50 train] batch 2250/2481 (5.07 batch/s, ETA 0.8 min) loss_corrente=0.0337
    [epoch 2/50 train] batch 2300/2481 (5.07 batch/s, ETA 0.6 min) loss_corrente=0.0336
    [epoch 2/50 train] batch 2350/2481 (5.07 batch/s, ETA 0.4 min) loss_corrente=0.0335
    [epoch 2/50 train] batch 2400/2481 (5.07 batch/s, ETA 0.3 min) loss_corrente=0.0336
    [epoch 2/50 train] batch 2450/2481 (5.07 batch/s, ETA 0.1 min) loss_corrente=0.0339
    [epoch 2/50 train] batch 2481/2481 (5.07 batch/s, ETA 0.0 min) loss_corrente=0.0343
    [epoch 2/50 val] batch 50/439 (11.20 batch/s, ETA 0.6 min) loss_corrente=0.0739
    [epoch 2/50 val] batch 100/439 (11.44 batch/s, ETA 0.5 min) loss_corrente=0.0639
    [epoch 2/50 val] batch 150/439 (11.52 batch/s, ETA 0.4 min) loss_corrente=0.0568
    [epoch 2/50 val] batch 200/439 (11.56 batch/s, ETA 0.3 min) loss_corrente=0.0612
    [epoch 2/50 val] batch 250/439 (11.59 batch/s, ETA 0.3 min) loss_corrente=0.0553
    [epoch 2/50 val] batch 300/439 (11.60 batch/s, ETA 0.2 min) loss_corrente=0.0538
    [epoch 2/50 val] batch 350/439 (11.62 batch/s, ETA 0.1 min) loss_corrente=0.0506
    [epoch 2/50 val] batch 400/439 (11.63 batch/s, ETA 0.1 min) loss_corrente=0.0516
    [epoch 2/50 val] batch 439/439 (11.64 batch/s, ETA 0.0 min) loss_corrente=0.0514
Epoch   2/50 | train_loss=0.0343 train_acc=0.989 | val_loss=0.0514 val_acc=0.982
    [epoch 3/50 train] batch 50/2481 (4.98 batch/s, ETA 8.1 min) loss_corrente=0.0289
    [epoch 3/50 train] batch 100/2481 (5.03 batch/s, ETA 7.9 min) loss_corrente=0.0229
    [epoch 3/50 train] batch 150/2481 (5.05 batch/s, ETA 7.7 min) loss_corrente=0.0215
    [epoch 3/50 train] batch 200/2481 (5.06 batch/s, ETA 7.5 min) loss_corrente=0.0226
    [epoch 3/50 train] batch 250/2481 (5.06 batch/s, ETA 7.3 min) loss_corrente=0.0195
    [epoch 3/50 train] batch 300/2481 (5.07 batch/s, ETA 7.2 min) loss_corrente=0.0211
    [epoch 3/50 train] batch 350/2481 (5.07 batch/s, ETA 7.0 min) loss_corrente=0.0200
    [epoch 3/50 train] batch 400/2481 (5.07 batch/s, ETA 6.8 min) loss_corrente=0.0183
    [epoch 3/50 train] batch 450/2481 (5.07 batch/s, ETA 6.7 min) loss_corrente=0.0176
    [epoch 3/50 train] batch 500/2481 (5.08 batch/s, ETA 6.5 min) loss_corrente=0.0194
    [epoch 3/50 train] batch 550/2481 (5.08 batch/s, ETA 6.3 min) loss_corrente=0.0200
    [epoch 3/50 train] batch 600/2481 (5.08 batch/s, ETA 6.2 min) loss_corrente=0.0198
    [epoch 3/50 train] batch 650/2481 (5.08 batch/s, ETA 6.0 min) loss_corrente=0.0216
    [epoch 3/50 train] batch 700/2481 (5.08 batch/s, ETA 5.8 min) loss_corrente=0.0211
    [epoch 3/50 train] batch 750/2481 (5.08 batch/s, ETA 5.7 min) loss_corrente=0.0218
    [epoch 3/50 train] batch 800/2481 (5.08 batch/s, ETA 5.5 min) loss_corrente=0.0228
    [epoch 3/50 train] batch 850/2481 (5.08 batch/s, ETA 5.4 min) loss_corrente=0.0231
    [epoch 3/50 train] batch 900/2481 (5.08 batch/s, ETA 5.2 min) loss_corrente=0.0232
    [epoch 3/50 train] batch 950/2481 (5.08 batch/s, ETA 5.0 min) loss_corrente=0.0239
    [epoch 3/50 train] batch 1000/2481 (5.08 batch/s, ETA 4.9 min) loss_corrente=0.0238
    [epoch 3/50 train] batch 1050/2481 (5.08 batch/s, ETA 4.7 min) loss_corrente=0.0235
    [epoch 3/50 train] batch 1100/2481 (5.08 batch/s, ETA 4.5 min) loss_corrente=0.0235
    [epoch 3/50 train] batch 1150/2481 (5.07 batch/s, ETA 4.4 min) loss_corrente=0.0240
    [epoch 3/50 train] batch 1200/2481 (5.07 batch/s, ETA 4.2 min) loss_corrente=0.0237
    [epoch 3/50 train] batch 1250/2481 (5.07 batch/s, ETA 4.0 min) loss_corrente=0.0236
    [epoch 3/50 train] batch 1300/2481 (5.07 batch/s, ETA 3.9 min) loss_corrente=0.0243
    [epoch 3/50 train] batch 1350/2481 (5.07 batch/s, ETA 3.7 min) loss_corrente=0.0242
    [epoch 3/50 train] batch 1400/2481 (5.07 batch/s, ETA 3.6 min) loss_corrente=0.0240
    [epoch 3/50 train] batch 1450/2481 (5.06 batch/s, ETA 3.4 min) loss_corrente=0.0244
    [epoch 3/50 train] batch 1500/2481 (5.06 batch/s, ETA 3.2 min) loss_corrente=0.0239
    [epoch 3/50 train] batch 1550/2481 (5.06 batch/s, ETA 3.1 min) loss_corrente=0.0232
    [epoch 3/50 train] batch 1600/2481 (5.06 batch/s, ETA 2.9 min) loss_corrente=0.0228
    [epoch 3/50 train] batch 1650/2481 (5.06 batch/s, ETA 2.7 min) loss_corrente=0.0229
    [epoch 3/50 train] batch 1700/2481 (5.06 batch/s, ETA 2.6 min) loss_corrente=0.0225
    [epoch 3/50 train] batch 1750/2481 (5.06 batch/s, ETA 2.4 min) loss_corrente=0.0222
    [epoch 3/50 train] batch 1800/2481 (5.06 batch/s, ETA 2.2 min) loss_corrente=0.0219
    [epoch 3/50 train] batch 1850/2481 (5.06 batch/s, ETA 2.1 min) loss_corrente=0.0219
    [epoch 3/50 train] batch 1900/2481 (5.06 batch/s, ETA 1.9 min) loss_corrente=0.0224
    [epoch 3/50 train] batch 1950/2481 (5.06 batch/s, ETA 1.7 min) loss_corrente=0.0226
    [epoch 3/50 train] batch 2000/2481 (5.06 batch/s, ETA 1.6 min) loss_corrente=0.0224
    [epoch 3/50 train] batch 2050/2481 (5.06 batch/s, ETA 1.4 min) loss_corrente=0.0223
    [epoch 3/50 train] batch 2100/2481 (5.06 batch/s, ETA 1.3 min) loss_corrente=0.0221
    [epoch 3/50 train] batch 2150/2481 (5.06 batch/s, ETA 1.1 min) loss_corrente=0.0221
    [epoch 3/50 train] batch 2200/2481 (5.06 batch/s, ETA 0.9 min) loss_corrente=0.0219
    [epoch 3/50 train] batch 2250/2481 (5.06 batch/s, ETA 0.8 min) loss_corrente=0.0219
    [epoch 3/50 train] batch 2300/2481 (5.06 batch/s, ETA 0.6 min) loss_corrente=0.0217
    [epoch 3/50 train] batch 2350/2481 (5.05 batch/s, ETA 0.4 min) loss_corrente=0.0222
    [epoch 3/50 train] batch 2400/2481 (5.05 batch/s, ETA 0.3 min) loss_corrente=0.0222
    [epoch 3/50 train] batch 2450/2481 (5.05 batch/s, ETA 0.1 min) loss_corrente=0.0222
    [epoch 3/50 train] batch 2481/2481 (5.05 batch/s, ETA 0.0 min) loss_corrente=0.0220
    [epoch 3/50 val] batch 50/439 (10.59 batch/s, ETA 0.6 min) loss_corrente=0.1039
    [epoch 3/50 val] batch 100/439 (11.06 batch/s, ETA 0.5 min) loss_corrente=0.0756
    [epoch 3/50 val] batch 150/439 (11.21 batch/s, ETA 0.4 min) loss_corrente=0.0620
    [epoch 3/50 val] batch 200/439 (11.26 batch/s, ETA 0.4 min) loss_corrente=0.0712
    [epoch 3/50 val] batch 250/439 (11.32 batch/s, ETA 0.3 min) loss_corrente=0.0655
    [epoch 3/50 val] batch 300/439 (11.35 batch/s, ETA 0.2 min) loss_corrente=0.0633
    [epoch 3/50 val] batch 350/439 (11.37 batch/s, ETA 0.1 min) loss_corrente=0.0592
    [epoch 3/50 val] batch 400/439 (11.38 batch/s, ETA 0.1 min) loss_corrente=0.0603
    [epoch 3/50 val] batch 439/439 (11.41 batch/s, ETA 0.0 min) loss_corrente=0.0583
Epoch   3/50 | train_loss=0.0220 train_acc=0.993 | val_loss=0.0583 val_acc=0.985
    [epoch 4/50 train] batch 50/2481 (4.90 batch/s, ETA 8.3 min) loss_corrente=0.0129
    [epoch 4/50 train] batch 100/2481 (4.97 batch/s, ETA 8.0 min) loss_corrente=0.0127
    [epoch 4/50 train] batch 150/2481 (5.01 batch/s, ETA 7.8 min) loss_corrente=0.0174
    [epoch 4/50 train] batch 200/2481 (5.01 batch/s, ETA 7.6 min) loss_corrente=0.0168
    [epoch 4/50 train] batch 250/2481 (5.02 batch/s, ETA 7.4 min) loss_corrente=0.0160
    [epoch 4/50 train] batch 300/2481 (5.02 batch/s, ETA 7.2 min) loss_corrente=0.0162
    [epoch 4/50 train] batch 350/2481 (5.02 batch/s, ETA 7.1 min) loss_corrente=0.0150
    [epoch 4/50 train] batch 400/2481 (5.03 batch/s, ETA 6.9 min) loss_corrente=0.0142
    [epoch 4/50 train] batch 450/2481 (5.04 batch/s, ETA 6.7 min) loss_corrente=0.0141
    [epoch 4/50 train] batch 500/2481 (5.04 batch/s, ETA 6.6 min) loss_corrente=0.0140
    [epoch 4/50 train] batch 550/2481 (5.04 batch/s, ETA 6.4 min) loss_corrente=0.0137
    [epoch 4/50 train] batch 600/2481 (5.04 batch/s, ETA 6.2 min) loss_corrente=0.0142
    [epoch 4/50 train] batch 650/2481 (5.05 batch/s, ETA 6.0 min) loss_corrente=0.0147
    [epoch 4/50 train] batch 700/2481 (5.04 batch/s, ETA 5.9 min) loss_corrente=0.0153
    [epoch 4/50 train] batch 750/2481 (5.04 batch/s, ETA 5.7 min) loss_corrente=0.0152
    [epoch 4/50 train] batch 800/2481 (5.05 batch/s, ETA 5.6 min) loss_corrente=0.0149
    [epoch 4/50 train] batch 850/2481 (5.05 batch/s, ETA 5.4 min) loss_corrente=0.0148
    [epoch 4/50 train] batch 900/2481 (5.05 batch/s, ETA 5.2 min) loss_corrente=0.0150
    [epoch 4/50 train] batch 950/2481 (5.05 batch/s, ETA 5.1 min) loss_corrente=0.0151
    [epoch 4/50 train] batch 1000/2481 (5.05 batch/s, ETA 4.9 min) loss_corrente=0.0153
    [epoch 4/50 train] batch 1050/2481 (5.05 batch/s, ETA 4.7 min) loss_corrente=0.0151
    [epoch 4/50 train] batch 1100/2481 (5.05 batch/s, ETA 4.6 min) loss_corrente=0.0151
    [epoch 4/50 train] batch 1150/2481 (5.05 batch/s, ETA 4.4 min) loss_corrente=0.0150
    [epoch 4/50 train] batch 1200/2481 (5.05 batch/s, ETA 4.2 min) loss_corrente=0.0153
    [epoch 4/50 train] batch 1250/2481 (5.05 batch/s, ETA 4.1 min) loss_corrente=0.0157
    [epoch 4/50 train] batch 1300/2481 (5.05 batch/s, ETA 3.9 min) loss_corrente=0.0157
    [epoch 4/50 train] batch 1350/2481 (5.06 batch/s, ETA 3.7 min) loss_corrente=0.0158
    [epoch 4/50 train] batch 1400/2481 (5.06 batch/s, ETA 3.6 min) loss_corrente=0.0157
    [epoch 4/50 train] batch 1450/2481 (5.06 batch/s, ETA 3.4 min) loss_corrente=0.0161
    [epoch 4/50 train] batch 1500/2481 (5.06 batch/s, ETA 3.2 min) loss_corrente=0.0159
    [epoch 4/50 train] batch 1550/2481 (5.05 batch/s, ETA 3.1 min) loss_corrente=0.0155
    [epoch 4/50 train] batch 1600/2481 (5.06 batch/s, ETA 2.9 min) loss_corrente=0.0155
    [epoch 4/50 train] batch 1650/2481 (5.06 batch/s, ETA 2.7 min) loss_corrente=0.0165
    [epoch 4/50 train] batch 1700/2481 (5.06 batch/s, ETA 2.6 min) loss_corrente=0.0163
    [epoch 4/50 train] batch 1750/2481 (5.05 batch/s, ETA 2.4 min) loss_corrente=0.0164
    [epoch 4/50 train] batch 1800/2481 (5.05 batch/s, ETA 2.2 min) loss_corrente=0.0164
    [epoch 4/50 train] batch 1850/2481 (5.05 batch/s, ETA 2.1 min) loss_corrente=0.0163
    [epoch 4/50 train] batch 1900/2481 (5.05 batch/s, ETA 1.9 min) loss_corrente=0.0164
    [epoch 4/50 train] batch 1950/2481 (5.05 batch/s, ETA 1.8 min) loss_corrente=0.0161
    [epoch 4/50 train] batch 2000/2481 (5.05 batch/s, ETA 1.6 min) loss_corrente=0.0158
    [epoch 4/50 train] batch 2050/2481 (5.05 batch/s, ETA 1.4 min) loss_corrente=0.0160
    [epoch 4/50 train] batch 2100/2481 (5.05 batch/s, ETA 1.3 min) loss_corrente=0.0161
    [epoch 4/50 train] batch 2150/2481 (5.05 batch/s, ETA 1.1 min) loss_corrente=0.0159
    [epoch 4/50 train] batch 2200/2481 (5.05 batch/s, ETA 0.9 min) loss_corrente=0.0157
    [epoch 4/50 train] batch 2250/2481 (5.05 batch/s, ETA 0.8 min) loss_corrente=0.0161
    [epoch 4/50 train] batch 2300/2481 (5.05 batch/s, ETA 0.6 min) loss_corrente=0.0161
    [epoch 4/50 train] batch 2350/2481 (5.05 batch/s, ETA 0.4 min) loss_corrente=0.0161
    [epoch 4/50 train] batch 2400/2481 (5.05 batch/s, ETA 0.3 min) loss_corrente=0.0159
    [epoch 4/50 train] batch 2450/2481 (5.05 batch/s, ETA 0.1 min) loss_corrente=0.0157
    [epoch 4/50 train] batch 2481/2481 (5.05 batch/s, ETA 0.0 min) loss_corrente=0.0157
    [epoch 4/50 val] batch 50/439 (10.72 batch/s, ETA 0.6 min) loss_corrente=0.0939
    [epoch 4/50 val] batch 100/439 (11.07 batch/s, ETA 0.5 min) loss_corrente=0.0660
    [epoch 4/50 val] batch 150/439 (11.22 batch/s, ETA 0.4 min) loss_corrente=0.0554
    [epoch 4/50 val] batch 200/439 (11.29 batch/s, ETA 0.4 min) loss_corrente=0.0694
    [epoch 4/50 val] batch 250/439 (11.34 batch/s, ETA 0.3 min) loss_corrente=0.0609
    [epoch 4/50 val] batch 300/439 (11.36 batch/s, ETA 0.2 min) loss_corrente=0.0572
    [epoch 4/50 val] batch 350/439 (11.38 batch/s, ETA 0.1 min) loss_corrente=0.0530
    [epoch 4/50 val] batch 400/439 (11.40 batch/s, ETA 0.1 min) loss_corrente=0.0600
    [epoch 4/50 val] batch 439/439 (11.43 batch/s, ETA 0.0 min) loss_corrente=0.0584
Epoch   4/50 | train_loss=0.0157 train_acc=0.995 | val_loss=0.0584 val_acc=0.984
    [epoch 5/50 train] batch 50/2481 (4.88 batch/s, ETA 8.3 min) loss_corrente=0.0097
    [epoch 5/50 train] batch 100/2481 (4.99 batch/s, ETA 7.9 min) loss_corrente=0.0057
    [epoch 5/50 train] batch 150/2481 (5.03 batch/s, ETA 7.7 min) loss_corrente=0.0048
    [epoch 5/50 train] batch 200/2481 (5.05 batch/s, ETA 7.5 min) loss_corrente=0.0046
    [epoch 5/50 train] batch 250/2481 (5.07 batch/s, ETA 7.3 min) loss_corrente=0.0051
    [epoch 5/50 train] batch 300/2481 (5.07 batch/s, ETA 7.2 min) loss_corrente=0.0073
    [epoch 5/50 train] batch 350/2481 (5.07 batch/s, ETA 7.0 min) loss_corrente=0.0085
    [epoch 5/50 train] batch 400/2481 (5.07 batch/s, ETA 6.8 min) loss_corrente=0.0090
    [epoch 5/50 train] batch 450/2481 (5.07 batch/s, ETA 6.7 min) loss_corrente=0.0100
    [epoch 5/50 train] batch 500/2481 (5.07 batch/s, ETA 6.5 min) loss_corrente=0.0097
    [epoch 5/50 train] batch 550/2481 (5.08 batch/s, ETA 6.3 min) loss_corrente=0.0093
    [epoch 5/50 train] batch 600/2481 (5.08 batch/s, ETA 6.2 min) loss_corrente=0.0098
    [epoch 5/50 train] batch 650/2481 (5.07 batch/s, ETA 6.0 min) loss_corrente=0.0096
    [epoch 5/50 train] batch 700/2481 (5.08 batch/s, ETA 5.8 min) loss_corrente=0.0091
    [epoch 5/50 train] batch 750/2481 (5.08 batch/s, ETA 5.7 min) loss_corrente=0.0087
    [epoch 5/50 train] batch 800/2481 (5.08 batch/s, ETA 5.5 min) loss_corrente=0.0084
    [epoch 5/50 train] batch 850/2481 (5.08 batch/s, ETA 5.4 min) loss_corrente=0.0084
    [epoch 5/50 train] batch 900/2481 (5.08 batch/s, ETA 5.2 min) loss_corrente=0.0087
    [epoch 5/50 train] batch 950/2481 (5.08 batch/s, ETA 5.0 min) loss_corrente=0.0088
    [epoch 5/50 train] batch 1000/2481 (5.08 batch/s, ETA 4.9 min) loss_corrente=0.0092
    [epoch 5/50 train] batch 1050/2481 (5.08 batch/s, ETA 4.7 min) loss_corrente=0.0098
    [epoch 5/50 train] batch 1100/2481 (5.08 batch/s, ETA 4.5 min) loss_corrente=0.0097
    [epoch 5/50 train] batch 1150/2481 (5.08 batch/s, ETA 4.4 min) loss_corrente=0.0099
    [epoch 5/50 train] batch 1200/2481 (5.08 batch/s, ETA 4.2 min) loss_corrente=0.0097
    [epoch 5/50 train] batch 1250/2481 (5.08 batch/s, ETA 4.0 min) loss_corrente=0.0108
    [epoch 5/50 train] batch 1300/2481 (5.08 batch/s, ETA 3.9 min) loss_corrente=0.0109
    [epoch 5/50 train] batch 1350/2481 (5.08 batch/s, ETA 3.7 min) loss_corrente=0.0110
    [epoch 5/50 train] batch 1400/2481 (5.08 batch/s, ETA 3.5 min) loss_corrente=0.0116
    [epoch 5/50 train] batch 1450/2481 (5.08 batch/s, ETA 3.4 min) loss_corrente=0.0115
    [epoch 5/50 train] batch 1500/2481 (5.08 batch/s, ETA 3.2 min) loss_corrente=0.0116
    [epoch 5/50 train] batch 1550/2481 (5.08 batch/s, ETA 3.1 min) loss_corrente=0.0120
    [epoch 5/50 train] batch 1600/2481 (5.08 batch/s, ETA 2.9 min) loss_corrente=0.0119
    [epoch 5/50 train] batch 1650/2481 (5.08 batch/s, ETA 2.7 min) loss_corrente=0.0118
    [epoch 5/50 train] batch 1700/2481 (5.08 batch/s, ETA 2.6 min) loss_corrente=0.0115
    [epoch 5/50 train] batch 1750/2481 (5.08 batch/s, ETA 2.4 min) loss_corrente=0.0114
    [epoch 5/50 train] batch 1800/2481 (5.08 batch/s, ETA 2.2 min) loss_corrente=0.0125
    [epoch 5/50 train] batch 1850/2481 (5.08 batch/s, ETA 2.1 min) loss_corrente=0.0132
    [epoch 5/50 train] batch 1900/2481 (5.08 batch/s, ETA 1.9 min) loss_corrente=0.0131
    [epoch 5/50 train] batch 1950/2481 (5.08 batch/s, ETA 1.7 min) loss_corrente=0.0129
    [epoch 5/50 train] batch 2000/2481 (5.08 batch/s, ETA 1.6 min) loss_corrente=0.0128
    [epoch 5/50 train] batch 2050/2481 (5.08 batch/s, ETA 1.4 min) loss_corrente=0.0125
    [epoch 5/50 train] batch 2100/2481 (5.08 batch/s, ETA 1.3 min) loss_corrente=0.0123
    [epoch 5/50 train] batch 2150/2481 (5.08 batch/s, ETA 1.1 min) loss_corrente=0.0120
    [epoch 5/50 train] batch 2200/2481 (5.08 batch/s, ETA 0.9 min) loss_corrente=0.0121
    [epoch 5/50 train] batch 2250/2481 (5.08 batch/s, ETA 0.8 min) loss_corrente=0.0123
    [epoch 5/50 train] batch 2300/2481 (5.08 batch/s, ETA 0.6 min) loss_corrente=0.0121
    [epoch 5/50 train] batch 2350/2481 (5.08 batch/s, ETA 0.4 min) loss_corrente=0.0121
    [epoch 5/50 train] batch 2400/2481 (5.08 batch/s, ETA 0.3 min) loss_corrente=0.0122
    [epoch 5/50 train] batch 2450/2481 (5.08 batch/s, ETA 0.1 min) loss_corrente=0.0122
    [epoch 5/50 train] batch 2481/2481 (5.08 batch/s, ETA 0.0 min) loss_corrente=0.0120
    [epoch 5/50 val] batch 50/439 (11.09 batch/s, ETA 0.6 min) loss_corrente=0.1330
    [epoch 5/50 val] batch 100/439 (11.41 batch/s, ETA 0.5 min) loss_corrente=0.0879
    [epoch 5/50 val] batch 150/439 (11.51 batch/s, ETA 0.4 min) loss_corrente=0.0726
    [epoch 5/50 val] batch 200/439 (11.56 batch/s, ETA 0.3 min) loss_corrente=0.0827
    [epoch 5/50 val] batch 250/439 (11.60 batch/s, ETA 0.3 min) loss_corrente=0.0737
    [epoch 5/50 val] batch 300/439 (11.62 batch/s, ETA 0.2 min) loss_corrente=0.0678
    [epoch 5/50 val] batch 350/439 (11.64 batch/s, ETA 0.1 min) loss_corrente=0.0629
    [epoch 5/50 val] batch 400/439 (11.64 batch/s, ETA 0.1 min) loss_corrente=0.0626
    [epoch 5/50 val] batch 439/439 (11.66 batch/s, ETA 0.0 min) loss_corrente=0.0596
Epoch   5/50 | train_loss=0.0120 train_acc=0.997 | val_loss=0.0596 val_acc=0.989
    [epoch 6/50 train] batch 50/2481 (4.99 batch/s, ETA 8.1 min) loss_corrente=0.0003
    [epoch 6/50 train] batch 100/2481 (5.04 batch/s, ETA 7.9 min) loss_corrente=0.0046
    [epoch 6/50 train] batch 150/2481 (5.06 batch/s, ETA 7.7 min) loss_corrente=0.0039
    [epoch 6/50 train] batch 200/2481 (5.07 batch/s, ETA 7.5 min) loss_corrente=0.0043
    [epoch 6/50 train] batch 250/2481 (5.08 batch/s, ETA 7.3 min) loss_corrente=0.0051
    [epoch 6/50 train] batch 300/2481 (5.08 batch/s, ETA 7.2 min) loss_corrente=0.0046
    [epoch 6/50 train] batch 350/2481 (5.08 batch/s, ETA 7.0 min) loss_corrente=0.0046
    [epoch 6/50 train] batch 400/2481 (5.08 batch/s, ETA 6.8 min) loss_corrente=0.0042
    [epoch 6/50 train] batch 450/2481 (5.09 batch/s, ETA 6.7 min) loss_corrente=0.0039
    [epoch 6/50 train] batch 500/2481 (5.09 batch/s, ETA 6.5 min) loss_corrente=0.0035
    [epoch 6/50 train] batch 550/2481 (5.09 batch/s, ETA 6.3 min) loss_corrente=0.0034
    [epoch 6/50 train] batch 600/2481 (5.09 batch/s, ETA 6.2 min) loss_corrente=0.0032
    [epoch 6/50 train] batch 650/2481 (5.09 batch/s, ETA 6.0 min) loss_corrente=0.0040
    [epoch 6/50 train] batch 700/2481 (5.09 batch/s, ETA 5.8 min) loss_corrente=0.0038
    [epoch 6/50 train] batch 750/2481 (5.09 batch/s, ETA 5.7 min) loss_corrente=0.0042
    [epoch 6/50 train] batch 800/2481 (5.10 batch/s, ETA 5.5 min) loss_corrente=0.0039
    [epoch 6/50 train] batch 850/2481 (5.10 batch/s, ETA 5.3 min) loss_corrente=0.0040
    [epoch 6/50 train] batch 900/2481 (5.10 batch/s, ETA 5.2 min) loss_corrente=0.0044
    [epoch 6/50 train] batch 950/2481 (5.10 batch/s, ETA 5.0 min) loss_corrente=0.0044
    [epoch 6/50 train] batch 1000/2481 (5.10 batch/s, ETA 4.8 min) loss_corrente=0.0042
    [epoch 6/50 train] batch 1050/2481 (5.10 batch/s, ETA 4.7 min) loss_corrente=0.0056
    [epoch 6/50 train] batch 1100/2481 (5.10 batch/s, ETA 4.5 min) loss_corrente=0.0072
    [epoch 6/50 train] batch 1150/2481 (5.09 batch/s, ETA 4.4 min) loss_corrente=0.0078
    [epoch 6/50 train] batch 1200/2481 (5.09 batch/s, ETA 4.2 min) loss_corrente=0.0078
    [epoch 6/50 train] batch 1250/2481 (5.09 batch/s, ETA 4.0 min) loss_corrente=0.0076
    [epoch 6/50 train] batch 1300/2481 (5.09 batch/s, ETA 3.9 min) loss_corrente=0.0074
    [epoch 6/50 train] batch 1350/2481 (5.09 batch/s, ETA 3.7 min) loss_corrente=0.0074
    [epoch 6/50 train] batch 1400/2481 (5.09 batch/s, ETA 3.5 min) loss_corrente=0.0073
    [epoch 6/50 train] batch 1450/2481 (5.08 batch/s, ETA 3.4 min) loss_corrente=0.0076
    [epoch 6/50 train] batch 1500/2481 (5.08 batch/s, ETA 3.2 min) loss_corrente=0.0079
    [epoch 6/50 train] batch 1550/2481 (5.08 batch/s, ETA 3.1 min) loss_corrente=0.0080
    [epoch 6/50 train] batch 1600/2481 (5.08 batch/s, ETA 2.9 min) loss_corrente=0.0080
    [epoch 6/50 train] batch 1650/2481 (5.08 batch/s, ETA 2.7 min) loss_corrente=0.0081
    [epoch 6/50 train] batch 1700/2481 (5.08 batch/s, ETA 2.6 min) loss_corrente=0.0084
    [epoch 6/50 train] batch 1750/2481 (5.08 batch/s, ETA 2.4 min) loss_corrente=0.0084
    [epoch 6/50 train] batch 1800/2481 (5.08 batch/s, ETA 2.2 min) loss_corrente=0.0083
    [epoch 6/50 train] batch 1850/2481 (5.08 batch/s, ETA 2.1 min) loss_corrente=0.0083
    [epoch 6/50 train] batch 1900/2481 (5.08 batch/s, ETA 1.9 min) loss_corrente=0.0083
    [epoch 6/50 train] batch 1950/2481 (5.08 batch/s, ETA 1.7 min) loss_corrente=0.0083
    [epoch 6/50 train] batch 2000/2481 (5.08 batch/s, ETA 1.6 min) loss_corrente=0.0086
    [epoch 6/50 train] batch 2050/2481 (5.08 batch/s, ETA 1.4 min) loss_corrente=0.0087
    [epoch 6/50 train] batch 2100/2481 (5.08 batch/s, ETA 1.3 min) loss_corrente=0.0090
    [epoch 6/50 train] batch 2150/2481 (5.08 batch/s, ETA 1.1 min) loss_corrente=0.0091
    [epoch 6/50 train] batch 2200/2481 (5.08 batch/s, ETA 0.9 min) loss_corrente=0.0093
    [epoch 6/50 train] batch 2250/2481 (5.08 batch/s, ETA 0.8 min) loss_corrente=0.0091
    [epoch 6/50 train] batch 2300/2481 (5.08 batch/s, ETA 0.6 min) loss_corrente=0.0092
    [epoch 6/50 train] batch 2350/2481 (5.08 batch/s, ETA 0.4 min) loss_corrente=0.0094
    [epoch 6/50 train] batch 2400/2481 (5.08 batch/s, ETA 0.3 min) loss_corrente=0.0097
    [epoch 6/50 train] batch 2450/2481 (5.08 batch/s, ETA 0.1 min) loss_corrente=0.0099
    [epoch 6/50 train] batch 2481/2481 (5.08 batch/s, ETA 0.0 min) loss_corrente=0.0098
    [epoch 6/50 val] batch 50/439 (11.07 batch/s, ETA 0.6 min) loss_corrente=0.1135
    [epoch 6/50 val] batch 100/439 (11.33 batch/s, ETA 0.5 min) loss_corrente=0.0734
    [epoch 6/50 val] batch 150/439 (11.41 batch/s, ETA 0.4 min) loss_corrente=0.0629
    [epoch 6/50 val] batch 200/439 (11.45 batch/s, ETA 0.3 min) loss_corrente=0.0726
    [epoch 6/50 val] batch 250/439 (11.48 batch/s, ETA 0.3 min) loss_corrente=0.0644
    [epoch 6/50 val] batch 300/439 (11.50 batch/s, ETA 0.2 min) loss_corrente=0.0585
    [epoch 6/50 val] batch 350/439 (11.51 batch/s, ETA 0.1 min) loss_corrente=0.0531
    [epoch 6/50 val] batch 400/439 (11.52 batch/s, ETA 0.1 min) loss_corrente=0.0558
    [epoch 6/50 val] batch 439/439 (11.53 batch/s, ETA 0.0 min) loss_corrente=0.0536
Epoch   6/50 | train_loss=0.0098 train_acc=0.997 | val_loss=0.0536 val_acc=0.987
    [epoch 7/50 train] batch 50/2481 (4.87 batch/s, ETA 8.3 min) loss_corrente=0.0021
    [epoch 7/50 train] batch 100/2481 (4.96 batch/s, ETA 8.0 min) loss_corrente=0.0020
    [epoch 7/50 train] batch 150/2481 (4.99 batch/s, ETA 7.8 min) loss_corrente=0.0015
    [epoch 7/50 train] batch 200/2481 (5.02 batch/s, ETA 7.6 min) loss_corrente=0.0013
    [epoch 7/50 train] batch 250/2481 (5.03 batch/s, ETA 7.4 min) loss_corrente=0.0035
    [epoch 7/50 train] batch 300/2481 (5.04 batch/s, ETA 7.2 min) loss_corrente=0.0049
    [epoch 7/50 train] batch 350/2481 (5.04 batch/s, ETA 7.0 min) loss_corrente=0.0045
    [epoch 7/50 train] batch 400/2481 (5.04 batch/s, ETA 6.9 min) loss_corrente=0.0040
    [epoch 7/50 train] batch 450/2481 (5.05 batch/s, ETA 6.7 min) loss_corrente=0.0037
    [epoch 7/50 train] batch 500/2481 (5.05 batch/s, ETA 6.5 min) loss_corrente=0.0034
    [epoch 7/50 train] batch 550/2481 (5.06 batch/s, ETA 6.4 min) loss_corrente=0.0031
    [epoch 7/50 train] batch 600/2481 (5.06 batch/s, ETA 6.2 min) loss_corrente=0.0029
    [epoch 7/50 train] batch 650/2481 (5.06 batch/s, ETA 6.0 min) loss_corrente=0.0027
    [epoch 7/50 train] batch 700/2481 (5.07 batch/s, ETA 5.9 min) loss_corrente=0.0033
    [epoch 7/50 train] batch 750/2481 (5.07 batch/s, ETA 5.7 min) loss_corrente=0.0039
    [epoch 7/50 train] batch 800/2481 (5.07 batch/s, ETA 5.5 min) loss_corrente=0.0037
    [epoch 7/50 train] batch 850/2481 (5.07 batch/s, ETA 5.4 min) loss_corrente=0.0049
    [epoch 7/50 train] batch 900/2481 (5.07 batch/s, ETA 5.2 min) loss_corrente=0.0049
    [epoch 7/50 train] batch 950/2481 (5.07 batch/s, ETA 5.0 min) loss_corrente=0.0047
    [epoch 7/50 train] batch 1000/2481 (5.07 batch/s, ETA 4.9 min) loss_corrente=0.0045
    [epoch 7/50 train] batch 1050/2481 (5.07 batch/s, ETA 4.7 min) loss_corrente=0.0046
    [epoch 7/50 train] batch 1100/2481 (5.07 batch/s, ETA 4.5 min) loss_corrente=0.0046
    [epoch 7/50 train] batch 1150/2481 (5.07 batch/s, ETA 4.4 min) loss_corrente=0.0047
    [epoch 7/50 train] batch 1200/2481 (5.07 batch/s, ETA 4.2 min) loss_corrente=0.0045
    [epoch 7/50 train] batch 1250/2481 (5.07 batch/s, ETA 4.0 min) loss_corrente=0.0046
    [epoch 7/50 train] batch 1300/2481 (5.07 batch/s, ETA 3.9 min) loss_corrente=0.0049
    [epoch 7/50 train] batch 1350/2481 (5.07 batch/s, ETA 3.7 min) loss_corrente=0.0047
    [epoch 7/50 train] batch 1400/2481 (5.07 batch/s, ETA 3.6 min) loss_corrente=0.0053
    [epoch 7/50 train] batch 1450/2481 (5.08 batch/s, ETA 3.4 min) loss_corrente=0.0055
    [epoch 7/50 train] batch 1500/2481 (5.07 batch/s, ETA 3.2 min) loss_corrente=0.0055
    [epoch 7/50 train] batch 1550/2481 (5.08 batch/s, ETA 3.1 min) loss_corrente=0.0055
    [epoch 7/50 train] batch 1600/2481 (5.07 batch/s, ETA 2.9 min) loss_corrente=0.0056
    [epoch 7/50 train] batch 1650/2481 (5.08 batch/s, ETA 2.7 min) loss_corrente=0.0058
    [epoch 7/50 train] batch 1700/2481 (5.07 batch/s, ETA 2.6 min) loss_corrente=0.0064
    [epoch 7/50 train] batch 1750/2481 (5.07 batch/s, ETA 2.4 min) loss_corrente=0.0064
    [epoch 7/50 train] batch 1800/2481 (5.07 batch/s, ETA 2.2 min) loss_corrente=0.0069
    [epoch 7/50 train] batch 1850/2481 (5.07 batch/s, ETA 2.1 min) loss_corrente=0.0068
    [epoch 7/50 train] batch 1900/2481 (5.07 batch/s, ETA 1.9 min) loss_corrente=0.0067
    [epoch 7/50 train] batch 1950/2481 (5.07 batch/s, ETA 1.7 min) loss_corrente=0.0069
    [epoch 7/50 train] batch 2000/2481 (5.08 batch/s, ETA 1.6 min) loss_corrente=0.0072
    [epoch 7/50 train] batch 2050/2481 (5.08 batch/s, ETA 1.4 min) loss_corrente=0.0072
    [epoch 7/50 train] batch 2100/2481 (5.08 batch/s, ETA 1.3 min) loss_corrente=0.0071
    [epoch 7/50 train] batch 2150/2481 (5.08 batch/s, ETA 1.1 min) loss_corrente=0.0070
    [epoch 7/50 train] batch 2200/2481 (5.08 batch/s, ETA 0.9 min) loss_corrente=0.0071
    [epoch 7/50 train] batch 2250/2481 (5.08 batch/s, ETA 0.8 min) loss_corrente=0.0071
    [epoch 7/50 train] batch 2300/2481 (5.08 batch/s, ETA 0.6 min) loss_corrente=0.0072
    [epoch 7/50 train] batch 2350/2481 (5.08 batch/s, ETA 0.4 min) loss_corrente=0.0072
    [epoch 7/50 train] batch 2400/2481 (5.08 batch/s, ETA 0.3 min) loss_corrente=0.0073
    [epoch 7/50 train] batch 2450/2481 (5.08 batch/s, ETA 0.1 min) loss_corrente=0.0073
    [epoch 7/50 train] batch 2481/2481 (5.08 batch/s, ETA 0.0 min) loss_corrente=0.0072
    [epoch 7/50 val] batch 50/439 (10.82 batch/s, ETA 0.6 min) loss_corrente=0.1579
    [epoch 7/50 val] batch 100/439 (11.22 batch/s, ETA 0.5 min) loss_corrente=0.1031
    [epoch 7/50 val] batch 150/439 (11.36 batch/s, ETA 0.4 min) loss_corrente=0.0875
    [epoch 7/50 val] batch 200/439 (11.41 batch/s, ETA 0.3 min) loss_corrente=0.1052
    [epoch 7/50 val] batch 250/439 (11.44 batch/s, ETA 0.3 min) loss_corrente=0.0934
    [epoch 7/50 val] batch 300/439 (11.47 batch/s, ETA 0.2 min) loss_corrente=0.0841
    [epoch 7/50 val] batch 350/439 (11.50 batch/s, ETA 0.1 min) loss_corrente=0.0777
    [epoch 7/50 val] batch 400/439 (11.51 batch/s, ETA 0.1 min) loss_corrente=0.0835
    [epoch 7/50 val] batch 439/439 (11.53 batch/s, ETA 0.0 min) loss_corrente=0.0821
Epoch   7/50 | train_loss=0.0072 train_acc=0.998 | val_loss=0.0821 val_acc=0.985
    [epoch 8/50 train] batch 50/2481 (4.94 batch/s, ETA 8.2 min) loss_corrente=0.0089
    [epoch 8/50 train] batch 100/2481 (5.01 batch/s, ETA 7.9 min) loss_corrente=0.0095
    [epoch 8/50 train] batch 150/2481 (5.03 batch/s, ETA 7.7 min) loss_corrente=0.0066
    [epoch 8/50 train] batch 200/2481 (5.04 batch/s, ETA 7.5 min) loss_corrente=0.0054
    [epoch 8/50 train] batch 250/2481 (5.05 batch/s, ETA 7.4 min) loss_corrente=0.0044
    [epoch 8/50 train] batch 300/2481 (5.07 batch/s, ETA 7.2 min) loss_corrente=0.0038
    [epoch 8/50 train] batch 350/2481 (5.07 batch/s, ETA 7.0 min) loss_corrente=0.0033
    [epoch 8/50 train] batch 400/2481 (5.08 batch/s, ETA 6.8 min) loss_corrente=0.0030
    [epoch 8/50 train] batch 450/2481 (5.08 batch/s, ETA 6.7 min) loss_corrente=0.0027
    [epoch 8/50 train] batch 500/2481 (5.08 batch/s, ETA 6.5 min) loss_corrente=0.0027
    [epoch 8/50 train] batch 550/2481 (5.08 batch/s, ETA 6.3 min) loss_corrente=0.0025
    [epoch 8/50 train] batch 600/2481 (5.08 batch/s, ETA 6.2 min) loss_corrente=0.0023
    [epoch 8/50 train] batch 650/2481 (5.08 batch/s, ETA 6.0 min) loss_corrente=0.0021
    [epoch 8/50 train] batch 700/2481 (5.08 batch/s, ETA 5.8 min) loss_corrente=0.0024
    [epoch 8/50 train] batch 750/2481 (5.09 batch/s, ETA 5.7 min) loss_corrente=0.0026
    [epoch 8/50 train] batch 800/2481 (5.09 batch/s, ETA 5.5 min) loss_corrente=0.0030
    [epoch 8/50 train] batch 850/2481 (5.09 batch/s, ETA 5.3 min) loss_corrente=0.0029
    [epoch 8/50 train] batch 900/2481 (5.09 batch/s, ETA 5.2 min) loss_corrente=0.0027
    [epoch 8/50 train] batch 950/2481 (5.09 batch/s, ETA 5.0 min) loss_corrente=0.0041
    [epoch 8/50 train] batch 1000/2481 (5.09 batch/s, ETA 4.8 min) loss_corrente=0.0040
    [epoch 8/50 train] batch 1050/2481 (5.09 batch/s, ETA 4.7 min) loss_corrente=0.0050
    [epoch 8/50 train] batch 1100/2481 (5.09 batch/s, ETA 4.5 min) loss_corrente=0.0052
    [epoch 8/50 train] batch 1150/2481 (5.09 batch/s, ETA 4.4 min) loss_corrente=0.0053
    [epoch 8/50 train] batch 1200/2481 (5.09 batch/s, ETA 4.2 min) loss_corrente=0.0051
    [epoch 8/50 train] batch 1250/2481 (5.09 batch/s, ETA 4.0 min) loss_corrente=0.0050
    [epoch 8/50 train] batch 1300/2481 (5.09 batch/s, ETA 3.9 min) loss_corrente=0.0051
    [epoch 8/50 train] batch 1350/2481 (5.09 batch/s, ETA 3.7 min) loss_corrente=0.0049
    [epoch 8/50 train] batch 1400/2481 (5.09 batch/s, ETA 3.5 min) loss_corrente=0.0048
    [epoch 8/50 train] batch 1450/2481 (5.09 batch/s, ETA 3.4 min) loss_corrente=0.0046
    [epoch 8/50 train] batch 1500/2481 (5.09 batch/s, ETA 3.2 min) loss_corrente=0.0050
    [epoch 8/50 train] batch 1550/2481 (5.09 batch/s, ETA 3.0 min) loss_corrente=0.0057
    [epoch 8/50 train] batch 1600/2481 (5.09 batch/s, ETA 2.9 min) loss_corrente=0.0059
    [epoch 8/50 train] batch 1650/2481 (5.09 batch/s, ETA 2.7 min) loss_corrente=0.0057
    [epoch 8/50 train] batch 1700/2481 (5.09 batch/s, ETA 2.6 min) loss_corrente=0.0066
    [epoch 8/50 train] batch 1750/2481 (5.09 batch/s, ETA 2.4 min) loss_corrente=0.0068
    [epoch 8/50 train] batch 1800/2481 (5.09 batch/s, ETA 2.2 min) loss_corrente=0.0067
    [epoch 8/50 train] batch 1850/2481 (5.09 batch/s, ETA 2.1 min) loss_corrente=0.0066
    [epoch 8/50 train] batch 1900/2481 (5.09 batch/s, ETA 1.9 min) loss_corrente=0.0065
    [epoch 8/50 train] batch 1950/2481 (5.09 batch/s, ETA 1.7 min) loss_corrente=0.0063
    [epoch 8/50 train] batch 2000/2481 (5.09 batch/s, ETA 1.6 min) loss_corrente=0.0062
    [epoch 8/50 train] batch 2050/2481 (5.09 batch/s, ETA 1.4 min) loss_corrente=0.0064
    [epoch 8/50 train] batch 2100/2481 (5.09 batch/s, ETA 1.2 min) loss_corrente=0.0063
    [epoch 8/50 train] batch 2150/2481 (5.09 batch/s, ETA 1.1 min) loss_corrente=0.0065
    [epoch 8/50 train] batch 2200/2481 (5.09 batch/s, ETA 0.9 min) loss_corrente=0.0064
    [epoch 8/50 train] batch 2250/2481 (5.09 batch/s, ETA 0.8 min) loss_corrente=0.0064
    [epoch 8/50 train] batch 2300/2481 (5.09 batch/s, ETA 0.6 min) loss_corrente=0.0063
    [epoch 8/50 train] batch 2350/2481 (5.09 batch/s, ETA 0.4 min) loss_corrente=0.0064
    [epoch 8/50 train] batch 2400/2481 (5.09 batch/s, ETA 0.3 min) loss_corrente=0.0065
    [epoch 8/50 train] batch 2450/2481 (5.09 batch/s, ETA 0.1 min) loss_corrente=0.0066
    [epoch 8/50 train] batch 2481/2481 (5.09 batch/s, ETA 0.0 min) loss_corrente=0.0065
    [epoch 8/50 val] batch 50/439 (11.14 batch/s, ETA 0.6 min) loss_corrente=0.1117
    [epoch 8/50 val] batch 100/439 (11.39 batch/s, ETA 0.5 min) loss_corrente=0.0978
    [epoch 8/50 val] batch 150/439 (11.46 batch/s, ETA 0.4 min) loss_corrente=0.0856
    [epoch 8/50 val] batch 200/439 (11.51 batch/s, ETA 0.3 min) loss_corrente=0.1030
    [epoch 8/50 val] batch 250/439 (11.54 batch/s, ETA 0.3 min) loss_corrente=0.0946
    [epoch 8/50 val] batch 300/439 (11.57 batch/s, ETA 0.2 min) loss_corrente=0.0911
    [epoch 8/50 val] batch 350/439 (11.59 batch/s, ETA 0.1 min) loss_corrente=0.0843
    [epoch 8/50 val] batch 400/439 (11.60 batch/s, ETA 0.1 min) loss_corrente=0.0818
    [epoch 8/50 val] batch 439/439 (11.61 batch/s, ETA 0.0 min) loss_corrente=0.0813
Epoch   8/50 | train_loss=0.0065 train_acc=0.998 | val_loss=0.0813 val_acc=0.986
    [epoch 9/50 train] batch 50/2481 (5.01 batch/s, ETA 8.1 min) loss_corrente=0.0105
    [epoch 9/50 train] batch 100/2481 (5.05 batch/s, ETA 7.9 min) loss_corrente=0.0061
    [epoch 9/50 train] batch 150/2481 (5.07 batch/s, ETA 7.7 min) loss_corrente=0.0072
    [epoch 9/50 train] batch 200/2481 (5.08 batch/s, ETA 7.5 min) loss_corrente=0.0059
    [epoch 9/50 train] batch 250/2481 (5.09 batch/s, ETA 7.3 min) loss_corrente=0.0069
    [epoch 9/50 train] batch 300/2481 (5.09 batch/s, ETA 7.1 min) loss_corrente=0.0059
    [epoch 9/50 train] batch 350/2481 (5.10 batch/s, ETA 7.0 min) loss_corrente=0.0051
    [epoch 9/50 train] batch 400/2481 (5.10 batch/s, ETA 6.8 min) loss_corrente=0.0045
    [epoch 9/50 train] batch 450/2481 (5.10 batch/s, ETA 6.6 min) loss_corrente=0.0040
    [epoch 9/50 train] batch 500/2481 (5.10 batch/s, ETA 6.5 min) loss_corrente=0.0037
    [epoch 9/50 train] batch 550/2481 (5.11 batch/s, ETA 6.3 min) loss_corrente=0.0036
    [epoch 9/50 train] batch 600/2481 (5.11 batch/s, ETA 6.1 min) loss_corrente=0.0049
    [epoch 9/50 train] batch 650/2481 (5.11 batch/s, ETA 6.0 min) loss_corrente=0.0047
    [epoch 9/50 train] batch 700/2481 (5.11 batch/s, ETA 5.8 min) loss_corrente=0.0043
    [epoch 9/50 train] batch 750/2481 (5.11 batch/s, ETA 5.6 min) loss_corrente=0.0043
    [epoch 9/50 train] batch 800/2481 (5.11 batch/s, ETA 5.5 min) loss_corrente=0.0042
    [epoch 9/50 train] batch 850/2481 (5.11 batch/s, ETA 5.3 min) loss_corrente=0.0040
    [epoch 9/50 train] batch 900/2481 (5.11 batch/s, ETA 5.2 min) loss_corrente=0.0039
    [epoch 9/50 train] batch 950/2481 (5.11 batch/s, ETA 5.0 min) loss_corrente=0.0040
    [epoch 9/50 train] batch 1000/2481 (5.11 batch/s, ETA 4.8 min) loss_corrente=0.0039
    [epoch 9/50 train] batch 1050/2481 (5.11 batch/s, ETA 4.7 min) loss_corrente=0.0038
    [epoch 9/50 train] batch 1100/2481 (5.12 batch/s, ETA 4.5 min) loss_corrente=0.0040
    [epoch 9/50 train] batch 1150/2481 (5.12 batch/s, ETA 4.3 min) loss_corrente=0.0038
    [epoch 9/50 train] batch 1200/2481 (5.12 batch/s, ETA 4.2 min) loss_corrente=0.0037
    [epoch 9/50 train] batch 1250/2481 (5.12 batch/s, ETA 4.0 min) loss_corrente=0.0035
    [epoch 9/50 train] batch 1300/2481 (5.12 batch/s, ETA 3.8 min) loss_corrente=0.0034
    [epoch 9/50 train] batch 1350/2481 (5.12 batch/s, ETA 3.7 min) loss_corrente=0.0035
    [epoch 9/50 train] batch 1400/2481 (5.12 batch/s, ETA 3.5 min) loss_corrente=0.0035
    [epoch 9/50 train] batch 1450/2481 (5.12 batch/s, ETA 3.4 min) loss_corrente=0.0036
    [epoch 9/50 train] batch 1500/2481 (5.12 batch/s, ETA 3.2 min) loss_corrente=0.0037
    [epoch 9/50 train] batch 1550/2481 (5.12 batch/s, ETA 3.0 min) loss_corrente=0.0036
    [epoch 9/50 train] batch 1600/2481 (5.12 batch/s, ETA 2.9 min) loss_corrente=0.0036
    [epoch 9/50 train] batch 1650/2481 (5.12 batch/s, ETA 2.7 min) loss_corrente=0.0036
    [epoch 9/50 train] batch 1700/2481 (5.11 batch/s, ETA 2.5 min) loss_corrente=0.0035
    [epoch 9/50 train] batch 1750/2481 (5.11 batch/s, ETA 2.4 min) loss_corrente=0.0036
    [epoch 9/50 train] batch 1800/2481 (5.11 batch/s, ETA 2.2 min) loss_corrente=0.0041
    [epoch 9/50 train] batch 1850/2481 (5.11 batch/s, ETA 2.1 min) loss_corrente=0.0046
    [epoch 9/50 train] batch 1900/2481 (5.11 batch/s, ETA 1.9 min) loss_corrente=0.0046
    [epoch 9/50 train] batch 1950/2481 (5.11 batch/s, ETA 1.7 min) loss_corrente=0.0045
    [epoch 9/50 train] batch 2000/2481 (5.11 batch/s, ETA 1.6 min) loss_corrente=0.0045
    [epoch 9/50 train] batch 2050/2481 (5.11 batch/s, ETA 1.4 min) loss_corrente=0.0045
    [epoch 9/50 train] batch 2100/2481 (5.11 batch/s, ETA 1.2 min) loss_corrente=0.0044
    [epoch 9/50 train] batch 2150/2481 (5.11 batch/s, ETA 1.1 min) loss_corrente=0.0046
    [epoch 9/50 train] batch 2200/2481 (5.11 batch/s, ETA 0.9 min) loss_corrente=0.0046
    [epoch 9/50 train] batch 2250/2481 (5.11 batch/s, ETA 0.8 min) loss_corrente=0.0045
    [epoch 9/50 train] batch 2300/2481 (5.11 batch/s, ETA 0.6 min) loss_corrente=0.0045
    [epoch 9/50 train] batch 2350/2481 (5.11 batch/s, ETA 0.4 min) loss_corrente=0.0044
    [epoch 9/50 train] batch 2400/2481 (5.11 batch/s, ETA 0.3 min) loss_corrente=0.0043
    [epoch 9/50 train] batch 2450/2481 (5.11 batch/s, ETA 0.1 min) loss_corrente=0.0043
    [epoch 9/50 train] batch 2481/2481 (5.11 batch/s, ETA 0.0 min) loss_corrente=0.0044
    [epoch 9/50 val] batch 50/439 (11.15 batch/s, ETA 0.6 min) loss_corrente=0.1927
    [epoch 9/50 val] batch 100/439 (11.37 batch/s, ETA 0.5 min) loss_corrente=0.1300
    [epoch 9/50 val] batch 150/439 (11.45 batch/s, ETA 0.4 min) loss_corrente=0.1074
    [epoch 9/50 val] batch 200/439 (11.49 batch/s, ETA 0.3 min) loss_corrente=0.1191
    [epoch 9/50 val] batch 250/439 (11.52 batch/s, ETA 0.3 min) loss_corrente=0.1123
    [epoch 9/50 val] batch 300/439 (11.53 batch/s, ETA 0.2 min) loss_corrente=0.1069
    [epoch 9/50 val] batch 350/439 (11.55 batch/s, ETA 0.1 min) loss_corrente=0.0971
    [epoch 9/50 val] batch 400/439 (11.55 batch/s, ETA 0.1 min) loss_corrente=0.0996
    [epoch 9/50 val] batch 439/439 (11.56 batch/s, ETA 0.0 min) loss_corrente=0.0961
Epoch   9/50 | train_loss=0.0044 train_acc=0.999 | val_loss=0.0961 val_acc=0.987
    [epoch 10/50 train] batch 50/2481 (4.89 batch/s, ETA 8.3 min) loss_corrente=0.0026
    [epoch 10/50 train] batch 100/2481 (5.00 batch/s, ETA 7.9 min) loss_corrente=0.0026
    [epoch 10/50 train] batch 150/2481 (5.04 batch/s, ETA 7.7 min) loss_corrente=0.0021
    [epoch 10/50 train] batch 200/2481 (5.05 batch/s, ETA 7.5 min) loss_corrente=0.0016
    [epoch 10/50 train] batch 250/2481 (5.06 batch/s, ETA 7.4 min) loss_corrente=0.0014
    [epoch 10/50 train] batch 300/2481 (5.06 batch/s, ETA 7.2 min) loss_corrente=0.0012
    [epoch 10/50 train] batch 350/2481 (5.07 batch/s, ETA 7.0 min) loss_corrente=0.0014
    [epoch 10/50 train] batch 400/2481 (5.07 batch/s, ETA 6.8 min) loss_corrente=0.0012
    [epoch 10/50 train] batch 450/2481 (5.08 batch/s, ETA 6.7 min) loss_corrente=0.0011
    [epoch 10/50 train] batch 500/2481 (5.08 batch/s, ETA 6.5 min) loss_corrente=0.0011
    [epoch 10/50 train] batch 550/2481 (5.08 batch/s, ETA 6.3 min) loss_corrente=0.0010
    [epoch 10/50 train] batch 600/2481 (5.08 batch/s, ETA 6.2 min) loss_corrente=0.0009
    [epoch 10/50 train] batch 650/2481 (5.08 batch/s, ETA 6.0 min) loss_corrente=0.0009
    [epoch 10/50 train] batch 700/2481 (5.09 batch/s, ETA 5.8 min) loss_corrente=0.0008
    [epoch 10/50 train] batch 750/2481 (5.09 batch/s, ETA 5.7 min) loss_corrente=0.0008
    [epoch 10/50 train] batch 800/2481 (5.09 batch/s, ETA 5.5 min) loss_corrente=0.0009
    [epoch 10/50 train] batch 850/2481 (5.09 batch/s, ETA 5.3 min) loss_corrente=0.0020
    [epoch 10/50 train] batch 900/2481 (5.09 batch/s, ETA 5.2 min) loss_corrente=0.0031
    [epoch 10/50 train] batch 950/2481 (5.09 batch/s, ETA 5.0 min) loss_corrente=0.0033
    [epoch 10/50 train] batch 1000/2481 (5.09 batch/s, ETA 4.9 min) loss_corrente=0.0033
    [epoch 10/50 train] batch 1050/2481 (5.09 batch/s, ETA 4.7 min) loss_corrente=0.0032
    [epoch 10/50 train] batch 1100/2481 (5.09 batch/s, ETA 4.5 min) loss_corrente=0.0031
    [epoch 10/50 train] batch 1150/2481 (5.09 batch/s, ETA 4.4 min) loss_corrente=0.0031
    [epoch 10/50 train] batch 1200/2481 (5.09 batch/s, ETA 4.2 min) loss_corrente=0.0031
    [epoch 10/50 train] batch 1250/2481 (5.09 batch/s, ETA 4.0 min) loss_corrente=0.0032
    [epoch 10/50 train] batch 1300/2481 (5.09 batch/s, ETA 3.9 min) loss_corrente=0.0040
    [epoch 10/50 train] batch 1350/2481 (5.09 batch/s, ETA 3.7 min) loss_corrente=0.0042
    [epoch 10/50 train] batch 1400/2481 (5.09 batch/s, ETA 3.5 min) loss_corrente=0.0047
    [epoch 10/50 train] batch 1450/2481 (5.09 batch/s, ETA 3.4 min) loss_corrente=0.0050
    [epoch 10/50 train] batch 1500/2481 (5.09 batch/s, ETA 3.2 min) loss_corrente=0.0051
    [epoch 10/50 train] batch 1550/2481 (5.09 batch/s, ETA 3.0 min) loss_corrente=0.0051
    [epoch 10/50 train] batch 1600/2481 (5.09 batch/s, ETA 2.9 min) loss_corrente=0.0051
    [epoch 10/50 train] batch 1650/2481 (5.09 batch/s, ETA 2.7 min) loss_corrente=0.0050
    [epoch 10/50 train] batch 1700/2481 (5.09 batch/s, ETA 2.6 min) loss_corrente=0.0048
    [epoch 10/50 train] batch 1750/2481 (5.09 batch/s, ETA 2.4 min) loss_corrente=0.0048
    [epoch 10/50 train] batch 1800/2481 (5.09 batch/s, ETA 2.2 min) loss_corrente=0.0051
    [epoch 10/50 train] batch 1850/2481 (5.09 batch/s, ETA 2.1 min) loss_corrente=0.0051
    [epoch 10/50 train] batch 1900/2481 (5.09 batch/s, ETA 1.9 min) loss_corrente=0.0051
    [epoch 10/50 train] batch 1950/2481 (5.09 batch/s, ETA 1.7 min) loss_corrente=0.0050
    [epoch 10/50 train] batch 2000/2481 (5.09 batch/s, ETA 1.6 min) loss_corrente=0.0048
    [epoch 10/50 train] batch 2050/2481 (5.09 batch/s, ETA 1.4 min) loss_corrente=0.0048
    [epoch 10/50 train] batch 2100/2481 (5.09 batch/s, ETA 1.2 min) loss_corrente=0.0051
    [epoch 10/50 train] batch 2150/2481 (5.09 batch/s, ETA 1.1 min) loss_corrente=0.0051
    [epoch 10/50 train] batch 2200/2481 (5.09 batch/s, ETA 0.9 min) loss_corrente=0.0050
    [epoch 10/50 train] batch 2250/2481 (5.10 batch/s, ETA 0.8 min) loss_corrente=0.0050
    [epoch 10/50 train] batch 2300/2481 (5.09 batch/s, ETA 0.6 min) loss_corrente=0.0052
    [epoch 10/50 train] batch 2350/2481 (5.10 batch/s, ETA 0.4 min) loss_corrente=0.0051
    [epoch 10/50 train] batch 2400/2481 (5.10 batch/s, ETA 0.3 min) loss_corrente=0.0053
    [epoch 10/50 train] batch 2450/2481 (5.10 batch/s, ETA 0.1 min) loss_corrente=0.0054
    [epoch 10/50 train] batch 2481/2481 (5.10 batch/s, ETA 0.0 min) loss_corrente=0.0054
    [epoch 10/50 val] batch 50/439 (10.78 batch/s, ETA 0.6 min) loss_corrente=0.1805
    [epoch 10/50 val] batch 100/439 (11.16 batch/s, ETA 0.5 min) loss_corrente=0.1520
    [epoch 10/50 val] batch 150/439 (11.29 batch/s, ETA 0.4 min) loss_corrente=0.1270
    [epoch 10/50 val] batch 200/439 (11.35 batch/s, ETA 0.4 min) loss_corrente=0.1417
    [epoch 10/50 val] batch 250/439 (11.41 batch/s, ETA 0.3 min) loss_corrente=0.1283
    [epoch 10/50 val] batch 300/439 (11.45 batch/s, ETA 0.2 min) loss_corrente=0.1235
    [epoch 10/50 val] batch 350/439 (11.48 batch/s, ETA 0.1 min) loss_corrente=0.1109
    [epoch 10/50 val] batch 400/439 (11.49 batch/s, ETA 0.1 min) loss_corrente=0.1127
    [epoch 10/50 val] batch 439/439 (11.50 batch/s, ETA 0.0 min) loss_corrente=0.1089
Epoch  10/50 | train_loss=0.0054 train_acc=0.999 | val_loss=0.1089 val_acc=0.986

[Early stopping] Nessun miglioramento da 8 epoche

[Completato] Best val_loss=0.0514
[Output] weights/fase3_siglip_lora/fase3_siglip_lora_r16_neg025_pad50/results.csv  (compatibile con analyze_yolo_loss_magnitude.py)
[Output] weights/fase3_siglip_lora/fase3_siglip_lora_r16_neg025_pad50/best  (adapter LoRA + MLP head migliori)
==================================================
Job completato: Sat Aug  1 03:04:40 PM CEST 2026
==================================================
