==================================================
Job: oos_fase3_mlp_r8_pad50 (MLP, rank=8, padding=0.50, neg_ratio 0.25 e 0.5)
Data: Tue Aug  4 04:23:25 PM CEST 2026
Nodo: ainode01
==================================================
NVIDIA H100 80GB HBM3, 81559 MiB
[Setup] Device: cuda
[Setup] Carico processor/modello: google/siglip2-giant-opt-patch16-384
[Dati] Costruisco dataset di training...
[Dataset] train: 32554 positivi, 15351 negativi (47905 campioni totali)
[Dati] Costruisco dataset di validazione...
[Dataset] val: 5783 positivi, 2662 negativi (8445 campioni totali)
[Modello] Costruisco SigLIP2 + LoRA + MLP...
[Modello] LoRA rank=8, alpha=16 (rapporto alpha/r=2.0)
[Modello] Parametri allenabili: 3,147,265 / 1,166,807,041 (0.27%)
[Optimizer] lr adapter LoRA=3e-05  |  lr MLP head=0.001

[Training] Inizio — 50 epoche, batch=16, lr=3e-05
    [epoch 1/50 train] batch 50/2995 (4.54 batch/s, ETA 10.8 min) loss_corrente=0.5348
    [epoch 1/50 train] batch 100/2995 (4.78 batch/s, ETA 10.1 min) loss_corrente=0.4811
    [epoch 1/50 train] batch 150/2995 (4.86 batch/s, ETA 9.8 min) loss_corrente=0.4334
    [epoch 1/50 train] batch 200/2995 (4.90 batch/s, ETA 9.5 min) loss_corrente=0.3874
    [epoch 1/50 train] batch 250/2995 (4.93 batch/s, ETA 9.3 min) loss_corrente=0.3614
    [epoch 1/50 train] batch 300/2995 (4.95 batch/s, ETA 9.1 min) loss_corrente=0.3282
    [epoch 1/50 train] batch 350/2995 (4.96 batch/s, ETA 8.9 min) loss_corrente=0.3042
    [epoch 1/50 train] batch 400/2995 (4.97 batch/s, ETA 8.7 min) loss_corrente=0.2870
    [epoch 1/50 train] batch 450/2995 (4.97 batch/s, ETA 8.5 min) loss_corrente=0.2709
    [epoch 1/50 train] batch 500/2995 (4.98 batch/s, ETA 8.3 min) loss_corrente=0.2567
    [epoch 1/50 train] batch 550/2995 (4.99 batch/s, ETA 8.2 min) loss_corrente=0.2424
    [epoch 1/50 train] batch 600/2995 (4.99 batch/s, ETA 8.0 min) loss_corrente=0.2322
    [epoch 1/50 train] batch 650/2995 (4.99 batch/s, ETA 7.8 min) loss_corrente=0.2209
    [epoch 1/50 train] batch 700/2995 (5.00 batch/s, ETA 7.7 min) loss_corrente=0.2119
    [epoch 1/50 train] batch 750/2995 (5.00 batch/s, ETA 7.5 min) loss_corrente=0.2039
    [epoch 1/50 train] batch 800/2995 (5.00 batch/s, ETA 7.3 min) loss_corrente=0.1982
    [epoch 1/50 train] batch 850/2995 (5.00 batch/s, ETA 7.1 min) loss_corrente=0.1922
    [epoch 1/50 train] batch 900/2995 (5.00 batch/s, ETA 7.0 min) loss_corrente=0.1886
    [epoch 1/50 train] batch 950/2995 (5.01 batch/s, ETA 6.8 min) loss_corrente=0.1824
    [epoch 1/50 train] batch 1000/2995 (5.01 batch/s, ETA 6.6 min) loss_corrente=0.1794
    [epoch 1/50 train] batch 1050/2995 (5.01 batch/s, ETA 6.5 min) loss_corrente=0.1754
    [epoch 1/50 train] batch 1100/2995 (5.01 batch/s, ETA 6.3 min) loss_corrente=0.1710
    [epoch 1/50 train] batch 1150/2995 (5.01 batch/s, ETA 6.1 min) loss_corrente=0.1664
    [epoch 1/50 train] batch 1200/2995 (5.01 batch/s, ETA 6.0 min) loss_corrente=0.1632
    [epoch 1/50 train] batch 1250/2995 (5.01 batch/s, ETA 5.8 min) loss_corrente=0.1593
    [epoch 1/50 train] batch 1300/2995 (5.01 batch/s, ETA 5.6 min) loss_corrente=0.1559
    [epoch 1/50 train] batch 1350/2995 (5.01 batch/s, ETA 5.5 min) loss_corrente=0.1531
    [epoch 1/50 train] batch 1400/2995 (5.01 batch/s, ETA 5.3 min) loss_corrente=0.1501
    [epoch 1/50 train] batch 1450/2995 (5.01 batch/s, ETA 5.1 min) loss_corrente=0.1477
    [epoch 1/50 train] batch 1500/2995 (5.02 batch/s, ETA 5.0 min) loss_corrente=0.1452
    [epoch 1/50 train] batch 1550/2995 (5.02 batch/s, ETA 4.8 min) loss_corrente=0.1426
    [epoch 1/50 train] batch 1600/2995 (5.02 batch/s, ETA 4.6 min) loss_corrente=0.1403
    [epoch 1/50 train] batch 1650/2995 (5.02 batch/s, ETA 4.5 min) loss_corrente=0.1381
    [epoch 1/50 train] batch 1700/2995 (5.02 batch/s, ETA 4.3 min) loss_corrente=0.1361
    [epoch 1/50 train] batch 1750/2995 (5.02 batch/s, ETA 4.1 min) loss_corrente=0.1339
    [epoch 1/50 train] batch 1800/2995 (5.02 batch/s, ETA 4.0 min) loss_corrente=0.1318
    [epoch 1/50 train] batch 1850/2995 (5.02 batch/s, ETA 3.8 min) loss_corrente=0.1302
    [epoch 1/50 train] batch 1900/2995 (5.02 batch/s, ETA 3.6 min) loss_corrente=0.1282
    [epoch 1/50 train] batch 1950/2995 (5.02 batch/s, ETA 3.5 min) loss_corrente=0.1269
    [epoch 1/50 train] batch 2000/2995 (5.02 batch/s, ETA 3.3 min) loss_corrente=0.1253
    [epoch 1/50 train] batch 2050/2995 (5.02 batch/s, ETA 3.1 min) loss_corrente=0.1232
    [epoch 1/50 train] batch 2100/2995 (5.02 batch/s, ETA 3.0 min) loss_corrente=0.1215
    [epoch 1/50 train] batch 2150/2995 (5.02 batch/s, ETA 2.8 min) loss_corrente=0.1203
    [epoch 1/50 train] batch 2200/2995 (5.02 batch/s, ETA 2.6 min) loss_corrente=0.1191
    [epoch 1/50 train] batch 2250/2995 (5.02 batch/s, ETA 2.5 min) loss_corrente=0.1177
    [epoch 1/50 train] batch 2300/2995 (5.02 batch/s, ETA 2.3 min) loss_corrente=0.1166
    [epoch 1/50 train] batch 2350/2995 (5.02 batch/s, ETA 2.1 min) loss_corrente=0.1158
    [epoch 1/50 train] batch 2400/2995 (5.02 batch/s, ETA 2.0 min) loss_corrente=0.1150
    [epoch 1/50 train] batch 2450/2995 (5.02 batch/s, ETA 1.8 min) loss_corrente=0.1142
    [epoch 1/50 train] batch 2500/2995 (5.02 batch/s, ETA 1.6 min) loss_corrente=0.1133
    [epoch 1/50 train] batch 2550/2995 (5.02 batch/s, ETA 1.5 min) loss_corrente=0.1123
    [epoch 1/50 train] batch 2600/2995 (5.02 batch/s, ETA 1.3 min) loss_corrente=0.1111
    [epoch 1/50 train] batch 2650/2995 (5.02 batch/s, ETA 1.1 min) loss_corrente=0.1099
    [epoch 1/50 train] batch 2700/2995 (5.02 batch/s, ETA 1.0 min) loss_corrente=0.1087
    [epoch 1/50 train] batch 2750/2995 (5.02 batch/s, ETA 0.8 min) loss_corrente=0.1073
    [epoch 1/50 train] batch 2800/2995 (5.02 batch/s, ETA 0.6 min) loss_corrente=0.1062
    [epoch 1/50 train] batch 2850/2995 (5.02 batch/s, ETA 0.5 min) loss_corrente=0.1049
    [epoch 1/50 train] batch 2900/2995 (5.03 batch/s, ETA 0.3 min) loss_corrente=0.1038
    [epoch 1/50 train] batch 2950/2995 (5.03 batch/s, ETA 0.1 min) loss_corrente=0.1026
    [epoch 1/50 train] batch 2995/2995 (5.03 batch/s, ETA 0.0 min) loss_corrente=0.1019
    [epoch 1/50 val] batch 50/528 (10.42 batch/s, ETA 0.8 min) loss_corrente=0.1164
    [epoch 1/50 val] batch 100/528 (11.05 batch/s, ETA 0.6 min) loss_corrente=0.1017
    [epoch 1/50 val] batch 150/528 (11.28 batch/s, ETA 0.6 min) loss_corrente=0.0971
    [epoch 1/50 val] batch 200/528 (11.40 batch/s, ETA 0.5 min) loss_corrente=0.0926
    [epoch 1/50 val] batch 250/528 (11.47 batch/s, ETA 0.4 min) loss_corrente=0.0957
    [epoch 1/50 val] batch 300/528 (11.52 batch/s, ETA 0.3 min) loss_corrente=0.0913
    [epoch 1/50 val] batch 350/528 (11.56 batch/s, ETA 0.3 min) loss_corrente=0.0902
    [epoch 1/50 val] batch 400/528 (11.58 batch/s, ETA 0.2 min) loss_corrente=0.0913
    [epoch 1/50 val] batch 450/528 (11.60 batch/s, ETA 0.1 min) loss_corrente=0.0907
    [epoch 1/50 val] batch 500/528 (11.62 batch/s, ETA 0.0 min) loss_corrente=0.0912
    [epoch 1/50 val] batch 528/528 (11.63 batch/s, ETA 0.0 min) loss_corrente=0.0927
Epoch   1/50 | train_loss=0.1019 train_acc=0.961 | val_loss=0.0927 val_acc=0.972
    [epoch 2/50 train] batch 50/2995 (4.96 batch/s, ETA 9.9 min) loss_corrente=0.0596
    [epoch 2/50 train] batch 100/2995 (5.00 batch/s, ETA 9.7 min) loss_corrente=0.0538
    [epoch 2/50 train] batch 150/2995 (5.01 batch/s, ETA 9.5 min) loss_corrente=0.0479
    [epoch 2/50 train] batch 200/2995 (5.01 batch/s, ETA 9.3 min) loss_corrente=0.0418
    [epoch 2/50 train] batch 250/2995 (5.02 batch/s, ETA 9.1 min) loss_corrente=0.0459
    [epoch 2/50 train] batch 300/2995 (5.02 batch/s, ETA 8.9 min) loss_corrente=0.0438
    [epoch 2/50 train] batch 350/2995 (5.02 batch/s, ETA 8.8 min) loss_corrente=0.0438
    [epoch 2/50 train] batch 400/2995 (5.02 batch/s, ETA 8.6 min) loss_corrente=0.0460
    [epoch 2/50 train] batch 450/2995 (5.02 batch/s, ETA 8.4 min) loss_corrente=0.0454
    [epoch 2/50 train] batch 500/2995 (5.02 batch/s, ETA 8.3 min) loss_corrente=0.0450
    [epoch 2/50 train] batch 550/2995 (5.03 batch/s, ETA 8.1 min) loss_corrente=0.0457
    [epoch 2/50 train] batch 600/2995 (5.03 batch/s, ETA 7.9 min) loss_corrente=0.0440
    [epoch 2/50 train] batch 650/2995 (5.03 batch/s, ETA 7.8 min) loss_corrente=0.0437
    [epoch 2/50 train] batch 700/2995 (5.03 batch/s, ETA 7.6 min) loss_corrente=0.0431
    [epoch 2/50 train] batch 750/2995 (5.03 batch/s, ETA 7.4 min) loss_corrente=0.0421
    [epoch 2/50 train] batch 800/2995 (5.03 batch/s, ETA 7.3 min) loss_corrente=0.0427
    [epoch 2/50 train] batch 850/2995 (5.03 batch/s, ETA 7.1 min) loss_corrente=0.0419
    [epoch 2/50 train] batch 900/2995 (5.03 batch/s, ETA 6.9 min) loss_corrente=0.0415
    [epoch 2/50 train] batch 950/2995 (5.03 batch/s, ETA 6.8 min) loss_corrente=0.0412
    [epoch 2/50 train] batch 1000/2995 (5.03 batch/s, ETA 6.6 min) loss_corrente=0.0411
    [epoch 2/50 train] batch 1050/2995 (5.03 batch/s, ETA 6.4 min) loss_corrente=0.0417
    [epoch 2/50 train] batch 1100/2995 (5.03 batch/s, ETA 6.3 min) loss_corrente=0.0422
    [epoch 2/50 train] batch 1150/2995 (5.03 batch/s, ETA 6.1 min) loss_corrente=0.0430
    [epoch 2/50 train] batch 1200/2995 (5.03 batch/s, ETA 5.9 min) loss_corrente=0.0419
    [epoch 2/50 train] batch 1250/2995 (5.03 batch/s, ETA 5.8 min) loss_corrente=0.0423
    [epoch 2/50 train] batch 1300/2995 (5.03 batch/s, ETA 5.6 min) loss_corrente=0.0429
    [epoch 2/50 train] batch 1350/2995 (5.03 batch/s, ETA 5.5 min) loss_corrente=0.0427
    [epoch 2/50 train] batch 1400/2995 (5.03 batch/s, ETA 5.3 min) loss_corrente=0.0428
    [epoch 2/50 train] batch 1450/2995 (5.03 batch/s, ETA 5.1 min) loss_corrente=0.0418
    [epoch 2/50 train] batch 1500/2995 (5.03 batch/s, ETA 5.0 min) loss_corrente=0.0410
    [epoch 2/50 train] batch 1550/2995 (5.03 batch/s, ETA 4.8 min) loss_corrente=0.0407
    [epoch 2/50 train] batch 1600/2995 (5.03 batch/s, ETA 4.6 min) loss_corrente=0.0405
    [epoch 2/50 train] batch 1650/2995 (5.03 batch/s, ETA 4.5 min) loss_corrente=0.0406
    [epoch 2/50 train] batch 1700/2995 (5.03 batch/s, ETA 4.3 min) loss_corrente=0.0408
    [epoch 2/50 train] batch 1750/2995 (5.03 batch/s, ETA 4.1 min) loss_corrente=0.0407
    [epoch 2/50 train] batch 1800/2995 (5.03 batch/s, ETA 4.0 min) loss_corrente=0.0403
    [epoch 2/50 train] batch 1850/2995 (5.03 batch/s, ETA 3.8 min) loss_corrente=0.0409
    [epoch 2/50 train] batch 1900/2995 (5.03 batch/s, ETA 3.6 min) loss_corrente=0.0412
    [epoch 2/50 train] batch 1950/2995 (5.03 batch/s, ETA 3.5 min) loss_corrente=0.0414
    [epoch 2/50 train] batch 2000/2995 (5.03 batch/s, ETA 3.3 min) loss_corrente=0.0412
    [epoch 2/50 train] batch 2050/2995 (5.03 batch/s, ETA 3.1 min) loss_corrente=0.0412
    [epoch 2/50 train] batch 2100/2995 (5.03 batch/s, ETA 3.0 min) loss_corrente=0.0411
    [epoch 2/50 train] batch 2150/2995 (5.03 batch/s, ETA 2.8 min) loss_corrente=0.0407
    [epoch 2/50 train] batch 2200/2995 (5.03 batch/s, ETA 2.6 min) loss_corrente=0.0407
    [epoch 2/50 train] batch 2250/2995 (5.03 batch/s, ETA 2.5 min) loss_corrente=0.0407
    [epoch 2/50 train] batch 2300/2995 (5.03 batch/s, ETA 2.3 min) loss_corrente=0.0406
    [epoch 2/50 train] batch 2350/2995 (5.03 batch/s, ETA 2.1 min) loss_corrente=0.0407
    [epoch 2/50 train] batch 2400/2995 (5.03 batch/s, ETA 2.0 min) loss_corrente=0.0405
    [epoch 2/50 train] batch 2450/2995 (5.03 batch/s, ETA 1.8 min) loss_corrente=0.0403
    [epoch 2/50 train] batch 2500/2995 (5.03 batch/s, ETA 1.6 min) loss_corrente=0.0401
    [epoch 2/50 train] batch 2550/2995 (5.03 batch/s, ETA 1.5 min) loss_corrente=0.0400
    [epoch 2/50 train] batch 2600/2995 (5.03 batch/s, ETA 1.3 min) loss_corrente=0.0401
    [epoch 2/50 train] batch 2650/2995 (5.03 batch/s, ETA 1.1 min) loss_corrente=0.0401
    [epoch 2/50 train] batch 2700/2995 (5.03 batch/s, ETA 1.0 min) loss_corrente=0.0399
    [epoch 2/50 train] batch 2750/2995 (5.03 batch/s, ETA 0.8 min) loss_corrente=0.0401
    [epoch 2/50 train] batch 2800/2995 (5.03 batch/s, ETA 0.6 min) loss_corrente=0.0402
    [epoch 2/50 train] batch 2850/2995 (5.03 batch/s, ETA 0.5 min) loss_corrente=0.0403
    [epoch 2/50 train] batch 2900/2995 (5.03 batch/s, ETA 0.3 min) loss_corrente=0.0400
    [epoch 2/50 train] batch 2950/2995 (5.03 batch/s, ETA 0.1 min) loss_corrente=0.0397
    [epoch 2/50 train] batch 2995/2995 (5.03 batch/s, ETA 0.0 min) loss_corrente=0.0396
    [epoch 2/50 val] batch 50/528 (11.30 batch/s, ETA 0.7 min) loss_corrente=0.0934
    [epoch 2/50 val] batch 100/528 (11.53 batch/s, ETA 0.6 min) loss_corrente=0.0632
    [epoch 2/50 val] batch 150/528 (11.61 batch/s, ETA 0.5 min) loss_corrente=0.0575
    [epoch 2/50 val] batch 200/528 (11.65 batch/s, ETA 0.5 min) loss_corrente=0.0546
    [epoch 2/50 val] batch 250/528 (11.68 batch/s, ETA 0.4 min) loss_corrente=0.0629
    [epoch 2/50 val] batch 300/528 (11.69 batch/s, ETA 0.3 min) loss_corrente=0.0564
    [epoch 2/50 val] batch 350/528 (11.71 batch/s, ETA 0.3 min) loss_corrente=0.0548
    [epoch 2/50 val] batch 400/528 (11.71 batch/s, ETA 0.2 min) loss_corrente=0.0532
    [epoch 2/50 val] batch 450/528 (11.72 batch/s, ETA 0.1 min) loss_corrente=0.0582
    [epoch 2/50 val] batch 500/528 (11.73 batch/s, ETA 0.0 min) loss_corrente=0.0569
    [epoch 2/50 val] batch 528/528 (11.73 batch/s, ETA 0.0 min) loss_corrente=0.0568
Epoch   2/50 | train_loss=0.0396 train_acc=0.988 | val_loss=0.0568 val_acc=0.983
    [epoch 3/50 train] batch 50/2995 (4.95 batch/s, ETA 9.9 min) loss_corrente=0.0410
    [epoch 3/50 train] batch 100/2995 (4.99 batch/s, ETA 9.7 min) loss_corrente=0.0332
    [epoch 3/50 train] batch 150/2995 (5.00 batch/s, ETA 9.5 min) loss_corrente=0.0254
    [epoch 3/50 train] batch 200/2995 (5.01 batch/s, ETA 9.3 min) loss_corrente=0.0264
    [epoch 3/50 train] batch 250/2995 (5.02 batch/s, ETA 9.1 min) loss_corrente=0.0266
    [epoch 3/50 train] batch 300/2995 (5.02 batch/s, ETA 9.0 min) loss_corrente=0.0254
    [epoch 3/50 train] batch 350/2995 (5.02 batch/s, ETA 8.8 min) loss_corrente=0.0266
    [epoch 3/50 train] batch 400/2995 (5.02 batch/s, ETA 8.6 min) loss_corrente=0.0257
    [epoch 3/50 train] batch 450/2995 (5.02 batch/s, ETA 8.4 min) loss_corrente=0.0244
    [epoch 3/50 train] batch 500/2995 (5.02 batch/s, ETA 8.3 min) loss_corrente=0.0261
    [epoch 3/50 train] batch 550/2995 (5.03 batch/s, ETA 8.1 min) loss_corrente=0.0262
    [epoch 3/50 train] batch 600/2995 (5.03 batch/s, ETA 7.9 min) loss_corrente=0.0263
    [epoch 3/50 train] batch 650/2995 (5.03 batch/s, ETA 7.8 min) loss_corrente=0.0252
    [epoch 3/50 train] batch 700/2995 (5.03 batch/s, ETA 7.6 min) loss_corrente=0.0243
    [epoch 3/50 train] batch 750/2995 (5.03 batch/s, ETA 7.4 min) loss_corrente=0.0243
    [epoch 3/50 train] batch 800/2995 (5.03 batch/s, ETA 7.3 min) loss_corrente=0.0239
    [epoch 3/50 train] batch 850/2995 (5.03 batch/s, ETA 7.1 min) loss_corrente=0.0237
    [epoch 3/50 train] batch 900/2995 (5.03 batch/s, ETA 6.9 min) loss_corrente=0.0243
    [epoch 3/50 train] batch 950/2995 (5.03 batch/s, ETA 6.8 min) loss_corrente=0.0246
    [epoch 3/50 train] batch 1000/2995 (5.03 batch/s, ETA 6.6 min) loss_corrente=0.0240
    [epoch 3/50 train] batch 1050/2995 (5.03 batch/s, ETA 6.4 min) loss_corrente=0.0251
    [epoch 3/50 train] batch 1100/2995 (5.03 batch/s, ETA 6.3 min) loss_corrente=0.0248
    [epoch 3/50 train] batch 1150/2995 (5.03 batch/s, ETA 6.1 min) loss_corrente=0.0251
    [epoch 3/50 train] batch 1200/2995 (5.03 batch/s, ETA 5.9 min) loss_corrente=0.0247
    [epoch 3/50 train] batch 1250/2995 (5.03 batch/s, ETA 5.8 min) loss_corrente=0.0244
    [epoch 3/50 train] batch 1300/2995 (5.03 batch/s, ETA 5.6 min) loss_corrente=0.0243
    [epoch 3/50 train] batch 1350/2995 (5.03 batch/s, ETA 5.5 min) loss_corrente=0.0250
    [epoch 3/50 train] batch 1400/2995 (5.03 batch/s, ETA 5.3 min) loss_corrente=0.0248
    [epoch 3/50 train] batch 1450/2995 (5.03 batch/s, ETA 5.1 min) loss_corrente=0.0251
    [epoch 3/50 train] batch 1500/2995 (5.03 batch/s, ETA 5.0 min) loss_corrente=0.0249
    [epoch 3/50 train] batch 1550/2995 (5.03 batch/s, ETA 4.8 min) loss_corrente=0.0258
    [epoch 3/50 train] batch 1600/2995 (5.03 batch/s, ETA 4.6 min) loss_corrente=0.0259
    [epoch 3/50 train] batch 1650/2995 (5.03 batch/s, ETA 4.5 min) loss_corrente=0.0261
    [epoch 3/50 train] batch 1700/2995 (5.03 batch/s, ETA 4.3 min) loss_corrente=0.0258
    [epoch 3/50 train] batch 1750/2995 (5.03 batch/s, ETA 4.1 min) loss_corrente=0.0257
    [epoch 3/50 train] batch 1800/2995 (5.03 batch/s, ETA 4.0 min) loss_corrente=0.0261
    [epoch 3/50 train] batch 1850/2995 (5.03 batch/s, ETA 3.8 min) loss_corrente=0.0262
    [epoch 3/50 train] batch 1900/2995 (5.03 batch/s, ETA 3.6 min) loss_corrente=0.0266
    [epoch 3/50 train] batch 1950/2995 (5.03 batch/s, ETA 3.5 min) loss_corrente=0.0271
    [epoch 3/50 train] batch 2000/2995 (5.03 batch/s, ETA 3.3 min) loss_corrente=0.0270
    [epoch 3/50 train] batch 2050/2995 (5.03 batch/s, ETA 3.1 min) loss_corrente=0.0271
    [epoch 3/50 train] batch 2100/2995 (5.03 batch/s, ETA 3.0 min) loss_corrente=0.0271
    [epoch 3/50 train] batch 2150/2995 (5.03 batch/s, ETA 2.8 min) loss_corrente=0.0269
    [epoch 3/50 train] batch 2200/2995 (5.03 batch/s, ETA 2.6 min) loss_corrente=0.0268
    [epoch 3/50 train] batch 2250/2995 (5.03 batch/s, ETA 2.5 min) loss_corrente=0.0265
    [epoch 3/50 train] batch 2300/2995 (5.03 batch/s, ETA 2.3 min) loss_corrente=0.0264
    [epoch 3/50 train] batch 2350/2995 (5.03 batch/s, ETA 2.1 min) loss_corrente=0.0265
    [epoch 3/50 train] batch 2400/2995 (5.03 batch/s, ETA 2.0 min) loss_corrente=0.0265
    [epoch 3/50 train] batch 2450/2995 (5.03 batch/s, ETA 1.8 min) loss_corrente=0.0263
    [epoch 3/50 train] batch 2500/2995 (5.03 batch/s, ETA 1.6 min) loss_corrente=0.0260
    [epoch 3/50 train] batch 2550/2995 (5.03 batch/s, ETA 1.5 min) loss_corrente=0.0260
    [epoch 3/50 train] batch 2600/2995 (5.03 batch/s, ETA 1.3 min) loss_corrente=0.0263
    [epoch 3/50 train] batch 2650/2995 (5.03 batch/s, ETA 1.1 min) loss_corrente=0.0262
    [epoch 3/50 train] batch 2700/2995 (5.03 batch/s, ETA 1.0 min) loss_corrente=0.0264
    [epoch 3/50 train] batch 2750/2995 (5.03 batch/s, ETA 0.8 min) loss_corrente=0.0263
    [epoch 3/50 train] batch 2800/2995 (5.03 batch/s, ETA 0.6 min) loss_corrente=0.0261
    [epoch 3/50 train] batch 2850/2995 (5.03 batch/s, ETA 0.5 min) loss_corrente=0.0261
    [epoch 3/50 train] batch 2900/2995 (5.03 batch/s, ETA 0.3 min) loss_corrente=0.0263
    [epoch 3/50 train] batch 2950/2995 (5.03 batch/s, ETA 0.1 min) loss_corrente=0.0264
    [epoch 3/50 train] batch 2995/2995 (5.03 batch/s, ETA 0.0 min) loss_corrente=0.0263
    [epoch 3/50 val] batch 50/528 (10.78 batch/s, ETA 0.7 min) loss_corrente=0.0731
    [epoch 3/50 val] batch 100/528 (11.26 batch/s, ETA 0.6 min) loss_corrente=0.0559
    [epoch 3/50 val] batch 150/528 (11.43 batch/s, ETA 0.6 min) loss_corrente=0.0521
    [epoch 3/50 val] batch 200/528 (11.52 batch/s, ETA 0.5 min) loss_corrente=0.0477
    [epoch 3/50 val] batch 250/528 (11.57 batch/s, ETA 0.4 min) loss_corrente=0.0544
    [epoch 3/50 val] batch 300/528 (11.60 batch/s, ETA 0.3 min) loss_corrente=0.0497
    [epoch 3/50 val] batch 350/528 (11.63 batch/s, ETA 0.3 min) loss_corrente=0.0484
    [epoch 3/50 val] batch 400/528 (11.65 batch/s, ETA 0.2 min) loss_corrente=0.0463
    [epoch 3/50 val] batch 450/528 (11.66 batch/s, ETA 0.1 min) loss_corrente=0.0477
    [epoch 3/50 val] batch 500/528 (11.67 batch/s, ETA 0.0 min) loss_corrente=0.0462
    [epoch 3/50 val] batch 528/528 (11.68 batch/s, ETA 0.0 min) loss_corrente=0.0476
Epoch   3/50 | train_loss=0.0263 train_acc=0.991 | val_loss=0.0476 val_acc=0.985
    [epoch 4/50 train] batch 50/2995 (4.96 batch/s, ETA 9.9 min) loss_corrente=0.0094
    [epoch 4/50 train] batch 100/2995 (5.00 batch/s, ETA 9.7 min) loss_corrente=0.0117
    [epoch 4/50 train] batch 150/2995 (5.01 batch/s, ETA 9.5 min) loss_corrente=0.0107
    [epoch 4/50 train] batch 200/2995 (5.02 batch/s, ETA 9.3 min) loss_corrente=0.0107
    [epoch 4/50 train] batch 250/2995 (5.02 batch/s, ETA 9.1 min) loss_corrente=0.0117
    [epoch 4/50 train] batch 300/2995 (5.03 batch/s, ETA 8.9 min) loss_corrente=0.0120
    [epoch 4/50 train] batch 350/2995 (5.03 batch/s, ETA 8.8 min) loss_corrente=0.0112
    [epoch 4/50 train] batch 400/2995 (5.03 batch/s, ETA 8.6 min) loss_corrente=0.0109
    [epoch 4/50 train] batch 450/2995 (5.03 batch/s, ETA 8.4 min) loss_corrente=0.0103
    [epoch 4/50 train] batch 500/2995 (5.04 batch/s, ETA 8.3 min) loss_corrente=0.0124
    [epoch 4/50 train] batch 550/2995 (5.04 batch/s, ETA 8.1 min) loss_corrente=0.0131
    [epoch 4/50 train] batch 600/2995 (5.04 batch/s, ETA 7.9 min) loss_corrente=0.0134
    [epoch 4/50 train] batch 650/2995 (5.04 batch/s, ETA 7.8 min) loss_corrente=0.0137
    [epoch 4/50 train] batch 700/2995 (5.04 batch/s, ETA 7.6 min) loss_corrente=0.0134
    [epoch 4/50 train] batch 750/2995 (5.04 batch/s, ETA 7.4 min) loss_corrente=0.0139
    [epoch 4/50 train] batch 800/2995 (5.04 batch/s, ETA 7.3 min) loss_corrente=0.0144
    [epoch 4/50 train] batch 850/2995 (5.04 batch/s, ETA 7.1 min) loss_corrente=0.0149
    [epoch 4/50 train] batch 900/2995 (5.04 batch/s, ETA 6.9 min) loss_corrente=0.0150
    [epoch 4/50 train] batch 950/2995 (5.04 batch/s, ETA 6.8 min) loss_corrente=0.0151
    [epoch 4/50 train] batch 1000/2995 (5.04 batch/s, ETA 6.6 min) loss_corrente=0.0151
    [epoch 4/50 train] batch 1050/2995 (5.04 batch/s, ETA 6.4 min) loss_corrente=0.0155
    [epoch 4/50 train] batch 1100/2995 (5.04 batch/s, ETA 6.3 min) loss_corrente=0.0160
    [epoch 4/50 train] batch 1150/2995 (5.04 batch/s, ETA 6.1 min) loss_corrente=0.0163
    [epoch 4/50 train] batch 1200/2995 (5.04 batch/s, ETA 5.9 min) loss_corrente=0.0165
    [epoch 4/50 train] batch 1250/2995 (5.04 batch/s, ETA 5.8 min) loss_corrente=0.0161
    [epoch 4/50 train] batch 1300/2995 (5.04 batch/s, ETA 5.6 min) loss_corrente=0.0160
    [epoch 4/50 train] batch 1350/2995 (5.04 batch/s, ETA 5.4 min) loss_corrente=0.0157
    [epoch 4/50 train] batch 1400/2995 (5.04 batch/s, ETA 5.3 min) loss_corrente=0.0159
    [epoch 4/50 train] batch 1450/2995 (5.04 batch/s, ETA 5.1 min) loss_corrente=0.0159
    [epoch 4/50 train] batch 1500/2995 (5.04 batch/s, ETA 4.9 min) loss_corrente=0.0164
    [epoch 4/50 train] batch 1550/2995 (5.04 batch/s, ETA 4.8 min) loss_corrente=0.0163
    [epoch 4/50 train] batch 1600/2995 (5.04 batch/s, ETA 4.6 min) loss_corrente=0.0168
    [epoch 4/50 train] batch 1650/2995 (5.04 batch/s, ETA 4.4 min) loss_corrente=0.0169
    [epoch 4/50 train] batch 1700/2995 (5.04 batch/s, ETA 4.3 min) loss_corrente=0.0167
    [epoch 4/50 train] batch 1750/2995 (5.04 batch/s, ETA 4.1 min) loss_corrente=0.0167
    [epoch 4/50 train] batch 1800/2995 (5.04 batch/s, ETA 4.0 min) loss_corrente=0.0166
    [epoch 4/50 train] batch 1850/2995 (5.04 batch/s, ETA 3.8 min) loss_corrente=0.0169
    [epoch 4/50 train] batch 1900/2995 (5.04 batch/s, ETA 3.6 min) loss_corrente=0.0169
    [epoch 4/50 train] batch 1950/2995 (5.04 batch/s, ETA 3.5 min) loss_corrente=0.0171
    [epoch 4/50 train] batch 2000/2995 (5.04 batch/s, ETA 3.3 min) loss_corrente=0.0174
    [epoch 4/50 train] batch 2050/2995 (5.04 batch/s, ETA 3.1 min) loss_corrente=0.0172
    [epoch 4/50 train] batch 2100/2995 (5.04 batch/s, ETA 3.0 min) loss_corrente=0.0170
    [epoch 4/50 train] batch 2150/2995 (5.04 batch/s, ETA 2.8 min) loss_corrente=0.0171
    [epoch 4/50 train] batch 2200/2995 (5.04 batch/s, ETA 2.6 min) loss_corrente=0.0171
    [epoch 4/50 train] batch 2250/2995 (5.04 batch/s, ETA 2.5 min) loss_corrente=0.0172
    [epoch 4/50 train] batch 2300/2995 (5.04 batch/s, ETA 2.3 min) loss_corrente=0.0173
    [epoch 4/50 train] batch 2350/2995 (5.04 batch/s, ETA 2.1 min) loss_corrente=0.0173
    [epoch 4/50 train] batch 2400/2995 (5.04 batch/s, ETA 2.0 min) loss_corrente=0.0172
    [epoch 4/50 train] batch 2450/2995 (5.04 batch/s, ETA 1.8 min) loss_corrente=0.0174
    [epoch 4/50 train] batch 2500/2995 (5.04 batch/s, ETA 1.6 min) loss_corrente=0.0174
    [epoch 4/50 train] batch 2550/2995 (5.04 batch/s, ETA 1.5 min) loss_corrente=0.0178
    [epoch 4/50 train] batch 2600/2995 (5.04 batch/s, ETA 1.3 min) loss_corrente=0.0177
    [epoch 4/50 train] batch 2650/2995 (5.04 batch/s, ETA 1.1 min) loss_corrente=0.0176
    [epoch 4/50 train] batch 2700/2995 (5.04 batch/s, ETA 1.0 min) loss_corrente=0.0176
    [epoch 4/50 train] batch 2750/2995 (5.04 batch/s, ETA 0.8 min) loss_corrente=0.0177
    [epoch 4/50 train] batch 2800/2995 (5.04 batch/s, ETA 0.6 min) loss_corrente=0.0179
    [epoch 4/50 train] batch 2850/2995 (5.04 batch/s, ETA 0.5 min) loss_corrente=0.0178
    [epoch 4/50 train] batch 2900/2995 (5.04 batch/s, ETA 0.3 min) loss_corrente=0.0180
    [epoch 4/50 train] batch 2950/2995 (5.04 batch/s, ETA 0.1 min) loss_corrente=0.0179
    [epoch 4/50 train] batch 2995/2995 (5.04 batch/s, ETA 0.0 min) loss_corrente=0.0180
    [epoch 4/50 val] batch 50/528 (11.13 batch/s, ETA 0.7 min) loss_corrente=0.1123
    [epoch 4/50 val] batch 100/528 (11.38 batch/s, ETA 0.6 min) loss_corrente=0.0798
    [epoch 4/50 val] batch 150/528 (11.49 batch/s, ETA 0.5 min) loss_corrente=0.0685
    [epoch 4/50 val] batch 200/528 (11.56 batch/s, ETA 0.5 min) loss_corrente=0.0608
    [epoch 4/50 val] batch 250/528 (11.58 batch/s, ETA 0.4 min) loss_corrente=0.0672
    [epoch 4/50 val] batch 300/528 (11.60 batch/s, ETA 0.3 min) loss_corrente=0.0608
    [epoch 4/50 val] batch 350/528 (11.61 batch/s, ETA 0.3 min) loss_corrente=0.0613
    [epoch 4/50 val] batch 400/528 (11.62 batch/s, ETA 0.2 min) loss_corrente=0.0584
    [epoch 4/50 val] batch 450/528 (11.63 batch/s, ETA 0.1 min) loss_corrente=0.0593
    [epoch 4/50 val] batch 500/528 (11.64 batch/s, ETA 0.0 min) loss_corrente=0.0580
    [epoch 4/50 val] batch 528/528 (11.65 batch/s, ETA 0.0 min) loss_corrente=0.0590
Epoch   4/50 | train_loss=0.0180 train_acc=0.995 | val_loss=0.0590 val_acc=0.984
    [epoch 5/50 train] batch 50/2995 (4.93 batch/s, ETA 10.0 min) loss_corrente=0.0038
    [epoch 5/50 train] batch 100/2995 (4.97 batch/s, ETA 9.7 min) loss_corrente=0.0072
    [epoch 5/50 train] batch 150/2995 (4.99 batch/s, ETA 9.5 min) loss_corrente=0.0093
    [epoch 5/50 train] batch 200/2995 (5.00 batch/s, ETA 9.3 min) loss_corrente=0.0083
    [epoch 5/50 train] batch 250/2995 (5.01 batch/s, ETA 9.1 min) loss_corrente=0.0093
    [epoch 5/50 train] batch 300/2995 (5.01 batch/s, ETA 9.0 min) loss_corrente=0.0094
    [epoch 5/50 train] batch 350/2995 (5.02 batch/s, ETA 8.8 min) loss_corrente=0.0103
    [epoch 5/50 train] batch 400/2995 (5.02 batch/s, ETA 8.6 min) loss_corrente=0.0110
    [epoch 5/50 train] batch 450/2995 (5.02 batch/s, ETA 8.5 min) loss_corrente=0.0108
    [epoch 5/50 train] batch 500/2995 (5.02 batch/s, ETA 8.3 min) loss_corrente=0.0113
    [epoch 5/50 train] batch 550/2995 (5.02 batch/s, ETA 8.1 min) loss_corrente=0.0119
    [epoch 5/50 train] batch 600/2995 (5.02 batch/s, ETA 7.9 min) loss_corrente=0.0129
    [epoch 5/50 train] batch 650/2995 (5.02 batch/s, ETA 7.8 min) loss_corrente=0.0123
    [epoch 5/50 train] batch 700/2995 (5.02 batch/s, ETA 7.6 min) loss_corrente=0.0127
    [epoch 5/50 train] batch 750/2995 (5.02 batch/s, ETA 7.4 min) loss_corrente=0.0135
    [epoch 5/50 train] batch 800/2995 (5.02 batch/s, ETA 7.3 min) loss_corrente=0.0129
    [epoch 5/50 train] batch 850/2995 (5.03 batch/s, ETA 7.1 min) loss_corrente=0.0131
    [epoch 5/50 train] batch 900/2995 (5.03 batch/s, ETA 6.9 min) loss_corrente=0.0125
    [epoch 5/50 train] batch 950/2995 (5.03 batch/s, ETA 6.8 min) loss_corrente=0.0122
    [epoch 5/50 train] batch 1000/2995 (5.03 batch/s, ETA 6.6 min) loss_corrente=0.0119
    [epoch 5/50 train] batch 1050/2995 (5.03 batch/s, ETA 6.4 min) loss_corrente=0.0116
    [epoch 5/50 train] batch 1100/2995 (5.03 batch/s, ETA 6.3 min) loss_corrente=0.0119
    [epoch 5/50 train] batch 1150/2995 (5.03 batch/s, ETA 6.1 min) loss_corrente=0.0117
    [epoch 5/50 train] batch 1200/2995 (5.03 batch/s, ETA 6.0 min) loss_corrente=0.0119
    [epoch 5/50 train] batch 1250/2995 (5.03 batch/s, ETA 5.8 min) loss_corrente=0.0125
    [epoch 5/50 train] batch 1300/2995 (5.03 batch/s, ETA 5.6 min) loss_corrente=0.0122
    [epoch 5/50 train] batch 1350/2995 (5.03 batch/s, ETA 5.5 min) loss_corrente=0.0120
    [epoch 5/50 train] batch 1400/2995 (5.03 batch/s, ETA 5.3 min) loss_corrente=0.0122
    [epoch 5/50 train] batch 1450/2995 (5.03 batch/s, ETA 5.1 min) loss_corrente=0.0139
    [epoch 5/50 train] batch 1500/2995 (5.03 batch/s, ETA 5.0 min) loss_corrente=0.0137
    [epoch 5/50 train] batch 1550/2995 (5.03 batch/s, ETA 4.8 min) loss_corrente=0.0137
    [epoch 5/50 train] batch 1600/2995 (5.03 batch/s, ETA 4.6 min) loss_corrente=0.0135
    [epoch 5/50 train] batch 1650/2995 (5.03 batch/s, ETA 4.5 min) loss_corrente=0.0134
    [epoch 5/50 train] batch 1700/2995 (5.03 batch/s, ETA 4.3 min) loss_corrente=0.0132
    [epoch 5/50 train] batch 1750/2995 (5.03 batch/s, ETA 4.1 min) loss_corrente=0.0136
    [epoch 5/50 train] batch 1800/2995 (5.03 batch/s, ETA 4.0 min) loss_corrente=0.0136
    [epoch 5/50 train] batch 1850/2995 (5.03 batch/s, ETA 3.8 min) loss_corrente=0.0135
    [epoch 5/50 train] batch 1900/2995 (5.03 batch/s, ETA 3.6 min) loss_corrente=0.0133
    [epoch 5/50 train] batch 1950/2995 (5.03 batch/s, ETA 3.5 min) loss_corrente=0.0133
    [epoch 5/50 train] batch 2000/2995 (5.03 batch/s, ETA 3.3 min) loss_corrente=0.0130
    [epoch 5/50 train] batch 2050/2995 (5.03 batch/s, ETA 3.1 min) loss_corrente=0.0129
    [epoch 5/50 train] batch 2100/2995 (5.03 batch/s, ETA 3.0 min) loss_corrente=0.0131
    [epoch 5/50 train] batch 2150/2995 (5.03 batch/s, ETA 2.8 min) loss_corrente=0.0129
    [epoch 5/50 train] batch 2200/2995 (5.03 batch/s, ETA 2.6 min) loss_corrente=0.0127
    [epoch 5/50 train] batch 2250/2995 (5.03 batch/s, ETA 2.5 min) loss_corrente=0.0126
    [epoch 5/50 train] batch 2300/2995 (5.03 batch/s, ETA 2.3 min) loss_corrente=0.0126
    [epoch 5/50 train] batch 2350/2995 (5.03 batch/s, ETA 2.1 min) loss_corrente=0.0127
    [epoch 5/50 train] batch 2400/2995 (5.03 batch/s, ETA 2.0 min) loss_corrente=0.0129
    [epoch 5/50 train] batch 2450/2995 (5.03 batch/s, ETA 1.8 min) loss_corrente=0.0128
    [epoch 5/50 train] batch 2500/2995 (5.03 batch/s, ETA 1.6 min) loss_corrente=0.0130
    [epoch 5/50 train] batch 2550/2995 (5.03 batch/s, ETA 1.5 min) loss_corrente=0.0130
    [epoch 5/50 train] batch 2600/2995 (5.03 batch/s, ETA 1.3 min) loss_corrente=0.0129
    [epoch 5/50 train] batch 2650/2995 (5.03 batch/s, ETA 1.1 min) loss_corrente=0.0133
    [epoch 5/50 train] batch 2700/2995 (5.03 batch/s, ETA 1.0 min) loss_corrente=0.0135
    [epoch 5/50 train] batch 2750/2995 (5.03 batch/s, ETA 0.8 min) loss_corrente=0.0138
    [epoch 5/50 train] batch 2800/2995 (5.03 batch/s, ETA 0.6 min) loss_corrente=0.0138
    [epoch 5/50 train] batch 2850/2995 (5.03 batch/s, ETA 0.5 min) loss_corrente=0.0139
    [epoch 5/50 train] batch 2900/2995 (5.03 batch/s, ETA 0.3 min) loss_corrente=0.0140
    [epoch 5/50 train] batch 2950/2995 (5.03 batch/s, ETA 0.1 min) loss_corrente=0.0141
    [epoch 5/50 train] batch 2995/2995 (5.03 batch/s, ETA 0.0 min) loss_corrente=0.0142
    [epoch 5/50 val] batch 50/528 (11.09 batch/s, ETA 0.7 min) loss_corrente=0.1096
    [epoch 5/50 val] batch 100/528 (11.36 batch/s, ETA 0.6 min) loss_corrente=0.0755
    [epoch 5/50 val] batch 150/528 (11.48 batch/s, ETA 0.5 min) loss_corrente=0.0641
    [epoch 5/50 val] batch 200/528 (11.55 batch/s, ETA 0.5 min) loss_corrente=0.0598
    [epoch 5/50 val] batch 250/528 (11.59 batch/s, ETA 0.4 min) loss_corrente=0.0669
    [epoch 5/50 val] batch 300/528 (11.62 batch/s, ETA 0.3 min) loss_corrente=0.0610
    [epoch 5/50 val] batch 350/528 (11.64 batch/s, ETA 0.3 min) loss_corrente=0.0613
    [epoch 5/50 val] batch 400/528 (11.66 batch/s, ETA 0.2 min) loss_corrente=0.0584
    [epoch 5/50 val] batch 450/528 (11.67 batch/s, ETA 0.1 min) loss_corrente=0.0583
    [epoch 5/50 val] batch 500/528 (11.68 batch/s, ETA 0.0 min) loss_corrente=0.0568
    [epoch 5/50 val] batch 528/528 (11.69 batch/s, ETA 0.0 min) loss_corrente=0.0589
Epoch   5/50 | train_loss=0.0142 train_acc=0.995 | val_loss=0.0589 val_acc=0.984
    [epoch 6/50 train] batch 50/2995 (4.97 batch/s, ETA 9.9 min) loss_corrente=0.0078
    [epoch 6/50 train] batch 100/2995 (5.01 batch/s, ETA 9.6 min) loss_corrente=0.0056
    [epoch 6/50 train] batch 150/2995 (5.03 batch/s, ETA 9.4 min) loss_corrente=0.0072
    [epoch 6/50 train] batch 200/2995 (5.03 batch/s, ETA 9.3 min) loss_corrente=0.0088
    [epoch 6/50 train] batch 250/2995 (5.04 batch/s, ETA 9.1 min) loss_corrente=0.0079
    [epoch 6/50 train] batch 300/2995 (5.04 batch/s, ETA 8.9 min) loss_corrente=0.0078
    [epoch 6/50 train] batch 350/2995 (5.04 batch/s, ETA 8.7 min) loss_corrente=0.0074
    [epoch 6/50 train] batch 400/2995 (5.04 batch/s, ETA 8.6 min) loss_corrente=0.0066
    [epoch 6/50 train] batch 450/2995 (5.04 batch/s, ETA 8.4 min) loss_corrente=0.0060
    [epoch 6/50 train] batch 500/2995 (5.04 batch/s, ETA 8.2 min) loss_corrente=0.0057
    [epoch 6/50 train] batch 550/2995 (5.04 batch/s, ETA 8.1 min) loss_corrente=0.0054
    [epoch 6/50 train] batch 600/2995 (5.04 batch/s, ETA 7.9 min) loss_corrente=0.0062
    [epoch 6/50 train] batch 650/2995 (5.04 batch/s, ETA 7.7 min) loss_corrente=0.0060
    [epoch 6/50 train] batch 700/2995 (5.04 batch/s, ETA 7.6 min) loss_corrente=0.0058
    [epoch 6/50 train] batch 750/2995 (5.04 batch/s, ETA 7.4 min) loss_corrente=0.0055
    [epoch 6/50 train] batch 800/2995 (5.04 batch/s, ETA 7.3 min) loss_corrente=0.0052
    [epoch 6/50 train] batch 850/2995 (5.04 batch/s, ETA 7.1 min) loss_corrente=0.0051
    [epoch 6/50 train] batch 900/2995 (5.04 batch/s, ETA 6.9 min) loss_corrente=0.0062
    [epoch 6/50 train] batch 950/2995 (5.04 batch/s, ETA 6.8 min) loss_corrente=0.0070
    [epoch 6/50 train] batch 1000/2995 (5.04 batch/s, ETA 6.6 min) loss_corrente=0.0075
    [epoch 6/50 train] batch 1050/2995 (5.04 batch/s, ETA 6.4 min) loss_corrente=0.0080
    [epoch 6/50 train] batch 1100/2995 (5.04 batch/s, ETA 6.3 min) loss_corrente=0.0082
    [epoch 6/50 train] batch 1150/2995 (5.04 batch/s, ETA 6.1 min) loss_corrente=0.0079
    [epoch 6/50 train] batch 1200/2995 (5.04 batch/s, ETA 5.9 min) loss_corrente=0.0078
    [epoch 6/50 train] batch 1250/2995 (5.04 batch/s, ETA 5.8 min) loss_corrente=0.0078
    [epoch 6/50 train] batch 1300/2995 (5.04 batch/s, ETA 5.6 min) loss_corrente=0.0079
    [epoch 6/50 train] batch 1350/2995 (5.04 batch/s, ETA 5.4 min) loss_corrente=0.0079
    [epoch 6/50 train] batch 1400/2995 (5.04 batch/s, ETA 5.3 min) loss_corrente=0.0079
    [epoch 6/50 train] batch 1450/2995 (5.04 batch/s, ETA 5.1 min) loss_corrente=0.0084
    [epoch 6/50 train] batch 1500/2995 (5.04 batch/s, ETA 4.9 min) loss_corrente=0.0095
    [epoch 6/50 train] batch 1550/2995 (5.04 batch/s, ETA 4.8 min) loss_corrente=0.0093
    [epoch 6/50 train] batch 1600/2995 (5.04 batch/s, ETA 4.6 min) loss_corrente=0.0091
    [epoch 6/50 train] batch 1650/2995 (5.04 batch/s, ETA 4.4 min) loss_corrente=0.0092
    [epoch 6/50 train] batch 1700/2995 (5.04 batch/s, ETA 4.3 min) loss_corrente=0.0094
    [epoch 6/50 train] batch 1750/2995 (5.04 batch/s, ETA 4.1 min) loss_corrente=0.0092
    [epoch 6/50 train] batch 1800/2995 (5.04 batch/s, ETA 4.0 min) loss_corrente=0.0092
    [epoch 6/50 train] batch 1850/2995 (5.04 batch/s, ETA 3.8 min) loss_corrente=0.0090
    [epoch 6/50 train] batch 1900/2995 (5.04 batch/s, ETA 3.6 min) loss_corrente=0.0089
    [epoch 6/50 train] batch 1950/2995 (5.04 batch/s, ETA 3.5 min) loss_corrente=0.0090
    [epoch 6/50 train] batch 2000/2995 (5.04 batch/s, ETA 3.3 min) loss_corrente=0.0094
    [epoch 6/50 train] batch 2050/2995 (5.04 batch/s, ETA 3.1 min) loss_corrente=0.0096
    [epoch 6/50 train] batch 2100/2995 (5.04 batch/s, ETA 3.0 min) loss_corrente=0.0095
    [epoch 6/50 train] batch 2150/2995 (5.04 batch/s, ETA 2.8 min) loss_corrente=0.0093
    [epoch 6/50 train] batch 2200/2995 (5.04 batch/s, ETA 2.6 min) loss_corrente=0.0094
    [epoch 6/50 train] batch 2250/2995 (5.04 batch/s, ETA 2.5 min) loss_corrente=0.0095
    [epoch 6/50 train] batch 2300/2995 (5.04 batch/s, ETA 2.3 min) loss_corrente=0.0093
    [epoch 6/50 train] batch 2350/2995 (5.04 batch/s, ETA 2.1 min) loss_corrente=0.0092
    [epoch 6/50 train] batch 2400/2995 (5.04 batch/s, ETA 2.0 min) loss_corrente=0.0092
    [epoch 6/50 train] batch 2450/2995 (5.04 batch/s, ETA 1.8 min) loss_corrente=0.0091
    [epoch 6/50 train] batch 2500/2995 (5.04 batch/s, ETA 1.6 min) loss_corrente=0.0090
    [epoch 6/50 train] batch 2550/2995 (5.04 batch/s, ETA 1.5 min) loss_corrente=0.0088
    [epoch 6/50 train] batch 2600/2995 (5.04 batch/s, ETA 1.3 min) loss_corrente=0.0087
    [epoch 6/50 train] batch 2650/2995 (5.04 batch/s, ETA 1.1 min) loss_corrente=0.0086
    [epoch 6/50 train] batch 2700/2995 (5.04 batch/s, ETA 1.0 min) loss_corrente=0.0087
    [epoch 6/50 train] batch 2750/2995 (5.04 batch/s, ETA 0.8 min) loss_corrente=0.0088
    [epoch 6/50 train] batch 2800/2995 (5.04 batch/s, ETA 0.6 min) loss_corrente=0.0087
    [epoch 6/50 train] batch 2850/2995 (5.04 batch/s, ETA 0.5 min) loss_corrente=0.0089
    [epoch 6/50 train] batch 2900/2995 (5.04 batch/s, ETA 0.3 min) loss_corrente=0.0089
    [epoch 6/50 train] batch 2950/2995 (5.04 batch/s, ETA 0.1 min) loss_corrente=0.0089
    [epoch 6/50 train] batch 2995/2995 (5.04 batch/s, ETA 0.0 min) loss_corrente=0.0090
    [epoch 6/50 val] batch 50/528 (11.33 batch/s, ETA 0.7 min) loss_corrente=0.1344
    [epoch 6/50 val] batch 100/528 (11.48 batch/s, ETA 0.6 min) loss_corrente=0.0940
    [epoch 6/50 val] batch 150/528 (11.57 batch/s, ETA 0.5 min) loss_corrente=0.0783
    [epoch 6/50 val] batch 200/528 (11.62 batch/s, ETA 0.5 min) loss_corrente=0.0701
    [epoch 6/50 val] batch 250/528 (11.65 batch/s, ETA 0.4 min) loss_corrente=0.0856
    [epoch 6/50 val] batch 300/528 (11.67 batch/s, ETA 0.3 min) loss_corrente=0.0768
    [epoch 6/50 val] batch 350/528 (11.68 batch/s, ETA 0.3 min) loss_corrente=0.0750
    [epoch 6/50 val] batch 400/528 (11.68 batch/s, ETA 0.2 min) loss_corrente=0.0694
    [epoch 6/50 val] batch 450/528 (11.69 batch/s, ETA 0.1 min) loss_corrente=0.0712
    [epoch 6/50 val] batch 500/528 (11.69 batch/s, ETA 0.0 min) loss_corrente=0.0681
    [epoch 6/50 val] batch 528/528 (11.70 batch/s, ETA 0.0 min) loss_corrente=0.0705
Epoch   6/50 | train_loss=0.0090 train_acc=0.997 | val_loss=0.0705 val_acc=0.984
    [epoch 7/50 train] batch 50/2995 (4.96 batch/s, ETA 9.9 min) loss_corrente=0.0031
    [epoch 7/50 train] batch 100/2995 (5.00 batch/s, ETA 9.6 min) loss_corrente=0.0029
    [epoch 7/50 train] batch 150/2995 (5.02 batch/s, ETA 9.4 min) loss_corrente=0.0030
    [epoch 7/50 train] batch 200/2995 (5.03 batch/s, ETA 9.3 min) loss_corrente=0.0042
    [epoch 7/50 train] batch 250/2995 (5.03 batch/s, ETA 9.1 min) loss_corrente=0.0034
    [epoch 7/50 train] batch 300/2995 (5.03 batch/s, ETA 8.9 min) loss_corrente=0.0053
    [epoch 7/50 train] batch 350/2995 (5.04 batch/s, ETA 8.8 min) loss_corrente=0.0050
    [epoch 7/50 train] batch 400/2995 (5.04 batch/s, ETA 8.6 min) loss_corrente=0.0049
    [epoch 7/50 train] batch 450/2995 (5.04 batch/s, ETA 8.4 min) loss_corrente=0.0049
    [epoch 7/50 train] batch 500/2995 (5.04 batch/s, ETA 8.2 min) loss_corrente=0.0044
    [epoch 7/50 train] batch 550/2995 (5.04 batch/s, ETA 8.1 min) loss_corrente=0.0042
    [epoch 7/50 train] batch 600/2995 (5.04 batch/s, ETA 7.9 min) loss_corrente=0.0046
    [epoch 7/50 train] batch 650/2995 (5.05 batch/s, ETA 7.7 min) loss_corrente=0.0047
    [epoch 7/50 train] batch 700/2995 (5.05 batch/s, ETA 7.6 min) loss_corrente=0.0045
    [epoch 7/50 train] batch 750/2995 (5.05 batch/s, ETA 7.4 min) loss_corrente=0.0054
    [epoch 7/50 train] batch 800/2995 (5.05 batch/s, ETA 7.2 min) loss_corrente=0.0051
    [epoch 7/50 train] batch 850/2995 (5.05 batch/s, ETA 7.1 min) loss_corrente=0.0065
    [epoch 7/50 train] batch 900/2995 (5.05 batch/s, ETA 6.9 min) loss_corrente=0.0065
    [epoch 7/50 train] batch 950/2995 (5.05 batch/s, ETA 6.8 min) loss_corrente=0.0065
    [epoch 7/50 train] batch 1000/2995 (5.05 batch/s, ETA 6.6 min) loss_corrente=0.0063
    [epoch 7/50 train] batch 1050/2995 (5.05 batch/s, ETA 6.4 min) loss_corrente=0.0065
    [epoch 7/50 train] batch 1100/2995 (5.05 batch/s, ETA 6.3 min) loss_corrente=0.0067
    [epoch 7/50 train] batch 1150/2995 (5.05 batch/s, ETA 6.1 min) loss_corrente=0.0070
    [epoch 7/50 train] batch 1200/2995 (5.05 batch/s, ETA 5.9 min) loss_corrente=0.0070
    [epoch 7/50 train] batch 1250/2995 (5.05 batch/s, ETA 5.8 min) loss_corrente=0.0070
    [epoch 7/50 train] batch 1300/2995 (5.05 batch/s, ETA 5.6 min) loss_corrente=0.0068
    [epoch 7/50 train] batch 1350/2995 (5.05 batch/s, ETA 5.4 min) loss_corrente=0.0069
    [epoch 7/50 train] batch 1400/2995 (5.05 batch/s, ETA 5.3 min) loss_corrente=0.0067
    [epoch 7/50 train] batch 1450/2995 (5.05 batch/s, ETA 5.1 min) loss_corrente=0.0065
    [epoch 7/50 train] batch 1500/2995 (5.05 batch/s, ETA 4.9 min) loss_corrente=0.0074
    [epoch 7/50 train] batch 1550/2995 (5.05 batch/s, ETA 4.8 min) loss_corrente=0.0079
    [epoch 7/50 train] batch 1600/2995 (5.05 batch/s, ETA 4.6 min) loss_corrente=0.0081
    [epoch 7/50 train] batch 1650/2995 (5.05 batch/s, ETA 4.4 min) loss_corrente=0.0083
    [epoch 7/50 train] batch 1700/2995 (5.05 batch/s, ETA 4.3 min) loss_corrente=0.0081
    [epoch 7/50 train] batch 1750/2995 (5.05 batch/s, ETA 4.1 min) loss_corrente=0.0084
    [epoch 7/50 train] batch 1800/2995 (5.05 batch/s, ETA 3.9 min) loss_corrente=0.0087
    [epoch 7/50 train] batch 1850/2995 (5.05 batch/s, ETA 3.8 min) loss_corrente=0.0085
    [epoch 7/50 train] batch 1900/2995 (5.05 batch/s, ETA 3.6 min) loss_corrente=0.0083
    [epoch 7/50 train] batch 1950/2995 (5.05 batch/s, ETA 3.4 min) loss_corrente=0.0083
    [epoch 7/50 train] batch 2000/2995 (5.05 batch/s, ETA 3.3 min) loss_corrente=0.0082
    [epoch 7/50 train] batch 2050/2995 (5.05 batch/s, ETA 3.1 min) loss_corrente=0.0080
    [epoch 7/50 train] batch 2100/2995 (5.05 batch/s, ETA 3.0 min) loss_corrente=0.0080
    [epoch 7/50 train] batch 2150/2995 (5.05 batch/s, ETA 2.8 min) loss_corrente=0.0078
    [epoch 7/50 train] batch 2200/2995 (5.05 batch/s, ETA 2.6 min) loss_corrente=0.0077
    [epoch 7/50 train] batch 2250/2995 (5.05 batch/s, ETA 2.5 min) loss_corrente=0.0076
    [epoch 7/50 train] batch 2300/2995 (5.05 batch/s, ETA 2.3 min) loss_corrente=0.0075
    [epoch 7/50 train] batch 2350/2995 (5.05 batch/s, ETA 2.1 min) loss_corrente=0.0074
    [epoch 7/50 train] batch 2400/2995 (5.05 batch/s, ETA 2.0 min) loss_corrente=0.0073
    [epoch 7/50 train] batch 2450/2995 (5.05 batch/s, ETA 1.8 min) loss_corrente=0.0072
    [epoch 7/50 train] batch 2500/2995 (5.05 batch/s, ETA 1.6 min) loss_corrente=0.0072
    [epoch 7/50 train] batch 2550/2995 (5.05 batch/s, ETA 1.5 min) loss_corrente=0.0072
    [epoch 7/50 train] batch 2600/2995 (5.05 batch/s, ETA 1.3 min) loss_corrente=0.0074
    [epoch 7/50 train] batch 2650/2995 (5.05 batch/s, ETA 1.1 min) loss_corrente=0.0075
    [epoch 7/50 train] batch 2700/2995 (5.05 batch/s, ETA 1.0 min) loss_corrente=0.0078
    [epoch 7/50 train] batch 2750/2995 (5.05 batch/s, ETA 0.8 min) loss_corrente=0.0080
    [epoch 7/50 train] batch 2800/2995 (5.05 batch/s, ETA 0.6 min) loss_corrente=0.0080
    [epoch 7/50 train] batch 2850/2995 (5.05 batch/s, ETA 0.5 min) loss_corrente=0.0081
    [epoch 7/50 train] batch 2900/2995 (5.05 batch/s, ETA 0.3 min) loss_corrente=0.0082
    [epoch 7/50 train] batch 2950/2995 (5.05 batch/s, ETA 0.1 min) loss_corrente=0.0082
    [epoch 7/50 train] batch 2995/2995 (5.05 batch/s, ETA 0.0 min) loss_corrente=0.0082
    [epoch 7/50 val] batch 50/528 (11.39 batch/s, ETA 0.7 min) loss_corrente=0.1506
    [epoch 7/50 val] batch 100/528 (11.59 batch/s, ETA 0.6 min) loss_corrente=0.0969
    [epoch 7/50 val] batch 150/528 (11.65 batch/s, ETA 0.5 min) loss_corrente=0.0787
    [epoch 7/50 val] batch 200/528 (11.68 batch/s, ETA 0.5 min) loss_corrente=0.0692
    [epoch 7/50 val] batch 250/528 (11.70 batch/s, ETA 0.4 min) loss_corrente=0.0801
    [epoch 7/50 val] batch 300/528 (11.72 batch/s, ETA 0.3 min) loss_corrente=0.0745
    [epoch 7/50 val] batch 350/528 (11.73 batch/s, ETA 0.3 min) loss_corrente=0.0730
    [epoch 7/50 val] batch 400/528 (11.73 batch/s, ETA 0.2 min) loss_corrente=0.0672
    [epoch 7/50 val] batch 450/528 (11.74 batch/s, ETA 0.1 min) loss_corrente=0.0691
    [epoch 7/50 val] batch 500/528 (11.74 batch/s, ETA 0.0 min) loss_corrente=0.0678
    [epoch 7/50 val] batch 528/528 (11.75 batch/s, ETA 0.0 min) loss_corrente=0.0708
Epoch   7/50 | train_loss=0.0082 train_acc=0.998 | val_loss=0.0708 val_acc=0.986
    [epoch 8/50 train] batch 50/2995 (4.99 batch/s, ETA 9.8 min) loss_corrente=0.0024
    [epoch 8/50 train] batch 100/2995 (5.02 batch/s, ETA 9.6 min) loss_corrente=0.0025
    [epoch 8/50 train] batch 150/2995 (5.04 batch/s, ETA 9.4 min) loss_corrente=0.0023
    [epoch 8/50 train] batch 200/2995 (5.04 batch/s, ETA 9.2 min) loss_corrente=0.0024
    [epoch 8/50 train] batch 250/2995 (5.05 batch/s, ETA 9.1 min) loss_corrente=0.0027
    [epoch 8/50 train] batch 300/2995 (5.05 batch/s, ETA 8.9 min) loss_corrente=0.0024
    [epoch 8/50 train] batch 350/2995 (5.05 batch/s, ETA 8.7 min) loss_corrente=0.0031
    [epoch 8/50 train] batch 400/2995 (5.05 batch/s, ETA 8.6 min) loss_corrente=0.0050
    [epoch 8/50 train] batch 450/2995 (5.05 batch/s, ETA 8.4 min) loss_corrente=0.0051
    [epoch 8/50 train] batch 500/2995 (5.05 batch/s, ETA 8.2 min) loss_corrente=0.0047
    [epoch 8/50 train] batch 550/2995 (5.05 batch/s, ETA 8.1 min) loss_corrente=0.0046
    [epoch 8/50 train] batch 600/2995 (5.05 batch/s, ETA 7.9 min) loss_corrente=0.0043
    [epoch 8/50 train] batch 650/2995 (5.05 batch/s, ETA 7.7 min) loss_corrente=0.0040
    [epoch 8/50 train] batch 700/2995 (5.05 batch/s, ETA 7.6 min) loss_corrente=0.0038
    [epoch 8/50 train] batch 750/2995 (5.06 batch/s, ETA 7.4 min) loss_corrente=0.0036
    [epoch 8/50 train] batch 800/2995 (5.06 batch/s, ETA 7.2 min) loss_corrente=0.0034
    [epoch 8/50 train] batch 850/2995 (5.06 batch/s, ETA 7.1 min) loss_corrente=0.0032
    [epoch 8/50 train] batch 900/2995 (5.06 batch/s, ETA 6.9 min) loss_corrente=0.0031
    [epoch 8/50 train] batch 950/2995 (5.06 batch/s, ETA 6.7 min) loss_corrente=0.0031
    [epoch 8/50 train] batch 1000/2995 (5.06 batch/s, ETA 6.6 min) loss_corrente=0.0031
    [epoch 8/50 train] batch 1050/2995 (5.06 batch/s, ETA 6.4 min) loss_corrente=0.0048
    [epoch 8/50 train] batch 1100/2995 (5.06 batch/s, ETA 6.2 min) loss_corrente=0.0052
    [epoch 8/50 train] batch 1150/2995 (5.06 batch/s, ETA 6.1 min) loss_corrente=0.0054
    [epoch 8/50 train] batch 1200/2995 (5.06 batch/s, ETA 5.9 min) loss_corrente=0.0053
    [epoch 8/50 train] batch 1250/2995 (5.06 batch/s, ETA 5.8 min) loss_corrente=0.0054
    [epoch 8/50 train] batch 1300/2995 (5.06 batch/s, ETA 5.6 min) loss_corrente=0.0054
    [epoch 8/50 train] batch 1350/2995 (5.06 batch/s, ETA 5.4 min) loss_corrente=0.0053
    [epoch 8/50 train] batch 1400/2995 (5.06 batch/s, ETA 5.3 min) loss_corrente=0.0051
    [epoch 8/50 train] batch 1450/2995 (5.06 batch/s, ETA 5.1 min) loss_corrente=0.0051
    [epoch 8/50 train] batch 1500/2995 (5.06 batch/s, ETA 4.9 min) loss_corrente=0.0050
    [epoch 8/50 train] batch 1550/2995 (5.06 batch/s, ETA 4.8 min) loss_corrente=0.0048
    [epoch 8/50 train] batch 1600/2995 (5.06 batch/s, ETA 4.6 min) loss_corrente=0.0048
    [epoch 8/50 train] batch 1650/2995 (5.06 batch/s, ETA 4.4 min) loss_corrente=0.0046
    [epoch 8/50 train] batch 1700/2995 (5.06 batch/s, ETA 4.3 min) loss_corrente=0.0045
    [epoch 8/50 train] batch 1750/2995 (5.06 batch/s, ETA 4.1 min) loss_corrente=0.0044
    [epoch 8/50 train] batch 1800/2995 (5.06 batch/s, ETA 3.9 min) loss_corrente=0.0047
    [epoch 8/50 train] batch 1850/2995 (5.06 batch/s, ETA 3.8 min) loss_corrente=0.0048
    [epoch 8/50 train] batch 1900/2995 (5.06 batch/s, ETA 3.6 min) loss_corrente=0.0050
    [epoch 8/50 train] batch 1950/2995 (5.06 batch/s, ETA 3.4 min) loss_corrente=0.0050
    [epoch 8/50 train] batch 2000/2995 (5.06 batch/s, ETA 3.3 min) loss_corrente=0.0051
    [epoch 8/50 train] batch 2050/2995 (5.06 batch/s, ETA 3.1 min) loss_corrente=0.0052
    [epoch 8/50 train] batch 2100/2995 (5.06 batch/s, ETA 2.9 min) loss_corrente=0.0051
    [epoch 8/50 train] batch 2150/2995 (5.06 batch/s, ETA 2.8 min) loss_corrente=0.0051
    [epoch 8/50 train] batch 2200/2995 (5.06 batch/s, ETA 2.6 min) loss_corrente=0.0050
    [epoch 8/50 train] batch 2250/2995 (5.06 batch/s, ETA 2.5 min) loss_corrente=0.0050
    [epoch 8/50 train] batch 2300/2995 (5.06 batch/s, ETA 2.3 min) loss_corrente=0.0051
    [epoch 8/50 train] batch 2350/2995 (5.06 batch/s, ETA 2.1 min) loss_corrente=0.0051
    [epoch 8/50 train] batch 2400/2995 (5.06 batch/s, ETA 2.0 min) loss_corrente=0.0050
    [epoch 8/50 train] batch 2450/2995 (5.06 batch/s, ETA 1.8 min) loss_corrente=0.0049
    [epoch 8/50 train] batch 2500/2995 (5.06 batch/s, ETA 1.6 min) loss_corrente=0.0048
    [epoch 8/50 train] batch 2550/2995 (5.06 batch/s, ETA 1.5 min) loss_corrente=0.0048
    [epoch 8/50 train] batch 2600/2995 (5.06 batch/s, ETA 1.3 min) loss_corrente=0.0048
    [epoch 8/50 train] batch 2650/2995 (5.06 batch/s, ETA 1.1 min) loss_corrente=0.0047
    [epoch 8/50 train] batch 2700/2995 (5.06 batch/s, ETA 1.0 min) loss_corrente=0.0047
    [epoch 8/50 train] batch 2750/2995 (5.06 batch/s, ETA 0.8 min) loss_corrente=0.0048
    [epoch 8/50 train] batch 2800/2995 (5.06 batch/s, ETA 0.6 min) loss_corrente=0.0049
    [epoch 8/50 train] batch 2850/2995 (5.06 batch/s, ETA 0.5 min) loss_corrente=0.0051
    [epoch 8/50 train] batch 2900/2995 (5.06 batch/s, ETA 0.3 min) loss_corrente=0.0050
    [epoch 8/50 train] batch 2950/2995 (5.06 batch/s, ETA 0.1 min) loss_corrente=0.0053
    [epoch 8/50 train] batch 2995/2995 (5.06 batch/s, ETA 0.0 min) loss_corrente=0.0053
    [epoch 8/50 val] batch 50/528 (11.34 batch/s, ETA 0.7 min) loss_corrente=0.1657
    [epoch 8/50 val] batch 100/528 (11.55 batch/s, ETA 0.6 min) loss_corrente=0.1103
    [epoch 8/50 val] batch 150/528 (11.63 batch/s, ETA 0.5 min) loss_corrente=0.0879
    [epoch 8/50 val] batch 200/528 (11.67 batch/s, ETA 0.5 min) loss_corrente=0.0813
    [epoch 8/50 val] batch 250/528 (11.69 batch/s, ETA 0.4 min) loss_corrente=0.0989
    [epoch 8/50 val] batch 300/528 (11.70 batch/s, ETA 0.3 min) loss_corrente=0.0901
    [epoch 8/50 val] batch 350/528 (11.71 batch/s, ETA 0.3 min) loss_corrente=0.0888
    [epoch 8/50 val] batch 400/528 (11.72 batch/s, ETA 0.2 min) loss_corrente=0.0829
    [epoch 8/50 val] batch 450/528 (11.73 batch/s, ETA 0.1 min) loss_corrente=0.0928
    [epoch 8/50 val] batch 500/528 (11.73 batch/s, ETA 0.0 min) loss_corrente=0.0902
    [epoch 8/50 val] batch 528/528 (11.74 batch/s, ETA 0.0 min) loss_corrente=0.0925
Epoch   8/50 | train_loss=0.0053 train_acc=0.998 | val_loss=0.0925 val_acc=0.985
    [epoch 9/50 train] batch 50/2995 (4.95 batch/s, ETA 9.9 min) loss_corrente=0.0049
    [epoch 9/50 train] batch 100/2995 (5.00 batch/s, ETA 9.6 min) loss_corrente=0.0031
    [epoch 9/50 train] batch 150/2995 (5.02 batch/s, ETA 9.4 min) loss_corrente=0.0025
    [epoch 9/50 train] batch 200/2995 (5.03 batch/s, ETA 9.3 min) loss_corrente=0.0019
    [epoch 9/50 train] batch 250/2995 (5.04 batch/s, ETA 9.1 min) loss_corrente=0.0018
    [epoch 9/50 train] batch 300/2995 (5.04 batch/s, ETA 8.9 min) loss_corrente=0.0025
    [epoch 9/50 train] batch 350/2995 (5.04 batch/s, ETA 8.7 min) loss_corrente=0.0024
    [epoch 9/50 train] batch 400/2995 (5.05 batch/s, ETA 8.6 min) loss_corrente=0.0023
    [epoch 9/50 train] batch 450/2995 (5.05 batch/s, ETA 8.4 min) loss_corrente=0.0022
    [epoch 9/50 train] batch 500/2995 (5.05 batch/s, ETA 8.2 min) loss_corrente=0.0038
    [epoch 9/50 train] batch 550/2995 (5.05 batch/s, ETA 8.1 min) loss_corrente=0.0071
    [epoch 9/50 train] batch 600/2995 (5.05 batch/s, ETA 7.9 min) loss_corrente=0.0076
    [epoch 9/50 train] batch 650/2995 (5.05 batch/s, ETA 7.7 min) loss_corrente=0.0074
    [epoch 9/50 train] batch 700/2995 (5.05 batch/s, ETA 7.6 min) loss_corrente=0.0075
    [epoch 9/50 train] batch 750/2995 (5.05 batch/s, ETA 7.4 min) loss_corrente=0.0075
    [epoch 9/50 train] batch 800/2995 (5.05 batch/s, ETA 7.2 min) loss_corrente=0.0075
    [epoch 9/50 train] batch 850/2995 (5.05 batch/s, ETA 7.1 min) loss_corrente=0.0072
    [epoch 9/50 train] batch 900/2995 (5.05 batch/s, ETA 6.9 min) loss_corrente=0.0071
    [epoch 9/50 train] batch 950/2995 (5.05 batch/s, ETA 6.7 min) loss_corrente=0.0070
    [epoch 9/50 train] batch 1000/2995 (5.05 batch/s, ETA 6.6 min) loss_corrente=0.0067
    [epoch 9/50 train] batch 1050/2995 (5.05 batch/s, ETA 6.4 min) loss_corrente=0.0064
    [epoch 9/50 train] batch 1100/2995 (5.05 batch/s, ETA 6.3 min) loss_corrente=0.0061
    [epoch 9/50 train] batch 1150/2995 (5.05 batch/s, ETA 6.1 min) loss_corrente=0.0061
    [epoch 9/50 train] batch 1200/2995 (5.05 batch/s, ETA 5.9 min) loss_corrente=0.0068
    [epoch 9/50 train] batch 1250/2995 (5.05 batch/s, ETA 5.8 min) loss_corrente=0.0068
    [epoch 9/50 train] batch 1300/2995 (5.05 batch/s, ETA 5.6 min) loss_corrente=0.0069
    [epoch 9/50 train] batch 1350/2995 (5.05 batch/s, ETA 5.4 min) loss_corrente=0.0067
    [epoch 9/50 train] batch 1400/2995 (5.06 batch/s, ETA 5.3 min) loss_corrente=0.0064
    [epoch 9/50 train] batch 1450/2995 (5.06 batch/s, ETA 5.1 min) loss_corrente=0.0066
    [epoch 9/50 train] batch 1500/2995 (5.06 batch/s, ETA 4.9 min) loss_corrente=0.0065
    [epoch 9/50 train] batch 1550/2995 (5.06 batch/s, ETA 4.8 min) loss_corrente=0.0064
    [epoch 9/50 train] batch 1600/2995 (5.06 batch/s, ETA 4.6 min) loss_corrente=0.0063
    [epoch 9/50 train] batch 1650/2995 (5.06 batch/s, ETA 4.4 min) loss_corrente=0.0070
    [epoch 9/50 train] batch 1700/2995 (5.06 batch/s, ETA 4.3 min) loss_corrente=0.0068
    [epoch 9/50 train] batch 1750/2995 (5.06 batch/s, ETA 4.1 min) loss_corrente=0.0069
    [epoch 9/50 train] batch 1800/2995 (5.06 batch/s, ETA 3.9 min) loss_corrente=0.0069
    [epoch 9/50 train] batch 1850/2995 (5.06 batch/s, ETA 3.8 min) loss_corrente=0.0069
    [epoch 9/50 train] batch 1900/2995 (5.06 batch/s, ETA 3.6 min) loss_corrente=0.0067
    [epoch 9/50 train] batch 1950/2995 (5.06 batch/s, ETA 3.4 min) loss_corrente=0.0069
    [epoch 9/50 train] batch 2000/2995 (5.06 batch/s, ETA 3.3 min) loss_corrente=0.0069
    [epoch 9/50 train] batch 2050/2995 (5.06 batch/s, ETA 3.1 min) loss_corrente=0.0068
    [epoch 9/50 train] batch 2100/2995 (5.06 batch/s, ETA 3.0 min) loss_corrente=0.0068
    [epoch 9/50 train] batch 2150/2995 (5.06 batch/s, ETA 2.8 min) loss_corrente=0.0067
    [epoch 9/50 train] batch 2200/2995 (5.06 batch/s, ETA 2.6 min) loss_corrente=0.0068
    [epoch 9/50 train] batch 2250/2995 (5.06 batch/s, ETA 2.5 min) loss_corrente=0.0067
    [epoch 9/50 train] batch 2300/2995 (5.06 batch/s, ETA 2.3 min) loss_corrente=0.0066
    [epoch 9/50 train] batch 2350/2995 (5.06 batch/s, ETA 2.1 min) loss_corrente=0.0066
    [epoch 9/50 train] batch 2400/2995 (5.06 batch/s, ETA 2.0 min) loss_corrente=0.0065
    [epoch 9/50 train] batch 2450/2995 (5.06 batch/s, ETA 1.8 min) loss_corrente=0.0064
    [epoch 9/50 train] batch 2500/2995 (5.06 batch/s, ETA 1.6 min) loss_corrente=0.0063
    [epoch 9/50 train] batch 2550/2995 (5.06 batch/s, ETA 1.5 min) loss_corrente=0.0062
    [epoch 9/50 train] batch 2600/2995 (5.06 batch/s, ETA 1.3 min) loss_corrente=0.0064
    [epoch 9/50 train] batch 2650/2995 (5.06 batch/s, ETA 1.1 min) loss_corrente=0.0064
    [epoch 9/50 train] batch 2700/2995 (5.06 batch/s, ETA 1.0 min) loss_corrente=0.0063
    [epoch 9/50 train] batch 2750/2995 (5.06 batch/s, ETA 0.8 min) loss_corrente=0.0062
    [epoch 9/50 train] batch 2800/2995 (5.06 batch/s, ETA 0.6 min) loss_corrente=0.0061
    [epoch 9/50 train] batch 2850/2995 (5.06 batch/s, ETA 0.5 min) loss_corrente=0.0060
    [epoch 9/50 train] batch 2900/2995 (5.06 batch/s, ETA 0.3 min) loss_corrente=0.0060
    [epoch 9/50 train] batch 2950/2995 (5.06 batch/s, ETA 0.1 min) loss_corrente=0.0060
    [epoch 9/50 train] batch 2995/2995 (5.06 batch/s, ETA 0.0 min) loss_corrente=0.0063
    [epoch 9/50 val] batch 50/528 (11.38 batch/s, ETA 0.7 min) loss_corrente=0.1612
    [epoch 9/50 val] batch 100/528 (11.58 batch/s, ETA 0.6 min) loss_corrente=0.1159
    [epoch 9/50 val] batch 150/528 (11.64 batch/s, ETA 0.5 min) loss_corrente=0.0937
    [epoch 9/50 val] batch 200/528 (11.68 batch/s, ETA 0.5 min) loss_corrente=0.0806
    [epoch 9/50 val] batch 250/528 (11.70 batch/s, ETA 0.4 min) loss_corrente=0.0872
    [epoch 9/50 val] batch 300/528 (11.71 batch/s, ETA 0.3 min) loss_corrente=0.0774
    [epoch 9/50 val] batch 350/528 (11.72 batch/s, ETA 0.3 min) loss_corrente=0.0764
    [epoch 9/50 val] batch 400/528 (11.73 batch/s, ETA 0.2 min) loss_corrente=0.0749
    [epoch 9/50 val] batch 450/528 (11.73 batch/s, ETA 0.1 min) loss_corrente=0.0739
    [epoch 9/50 val] batch 500/528 (11.74 batch/s, ETA 0.0 min) loss_corrente=0.0734
    [epoch 9/50 val] batch 528/528 (11.74 batch/s, ETA 0.0 min) loss_corrente=0.0771
Epoch   9/50 | train_loss=0.0063 train_acc=0.998 | val_loss=0.0771 val_acc=0.985
    [epoch 10/50 train] batch 50/2995 (4.98 batch/s, ETA 9.9 min) loss_corrente=0.0014
    [epoch 10/50 train] batch 100/2995 (5.02 batch/s, ETA 9.6 min) loss_corrente=0.0016
    [epoch 10/50 train] batch 150/2995 (5.03 batch/s, ETA 9.4 min) loss_corrente=0.0017
    [epoch 10/50 train] batch 200/2995 (5.04 batch/s, ETA 9.2 min) loss_corrente=0.0018
    [epoch 10/50 train] batch 250/2995 (5.04 batch/s, ETA 9.1 min) loss_corrente=0.0057
    [epoch 10/50 train] batch 300/2995 (5.05 batch/s, ETA 8.9 min) loss_corrente=0.0100
    [epoch 10/50 train] batch 350/2995 (5.05 batch/s, ETA 8.7 min) loss_corrente=0.0091
    [epoch 10/50 train] batch 400/2995 (5.05 batch/s, ETA 8.6 min) loss_corrente=0.0092
    [epoch 10/50 train] batch 450/2995 (5.05 batch/s, ETA 8.4 min) loss_corrente=0.0091
    [epoch 10/50 train] batch 500/2995 (5.05 batch/s, ETA 8.2 min) loss_corrente=0.0085
    [epoch 10/50 train] batch 550/2995 (5.05 batch/s, ETA 8.1 min) loss_corrente=0.0082
    [epoch 10/50 train] batch 600/2995 (5.05 batch/s, ETA 7.9 min) loss_corrente=0.0080
    [epoch 10/50 train] batch 650/2995 (5.06 batch/s, ETA 7.7 min) loss_corrente=0.0075
    [epoch 10/50 train] batch 700/2995 (5.06 batch/s, ETA 7.6 min) loss_corrente=0.0070
    [epoch 10/50 train] batch 750/2995 (5.06 batch/s, ETA 7.4 min) loss_corrente=0.0067
    [epoch 10/50 train] batch 800/2995 (5.06 batch/s, ETA 7.2 min) loss_corrente=0.0065
    [epoch 10/50 train] batch 850/2995 (5.06 batch/s, ETA 7.1 min) loss_corrente=0.0064
    [epoch 10/50 train] batch 900/2995 (5.06 batch/s, ETA 6.9 min) loss_corrente=0.0064
    [epoch 10/50 train] batch 950/2995 (5.06 batch/s, ETA 6.7 min) loss_corrente=0.0072
    [epoch 10/50 train] batch 1000/2995 (5.06 batch/s, ETA 6.6 min) loss_corrente=0.0075
    [epoch 10/50 train] batch 1050/2995 (5.06 batch/s, ETA 6.4 min) loss_corrente=0.0073
    [epoch 10/50 train] batch 1100/2995 (5.06 batch/s, ETA 6.2 min) loss_corrente=0.0070
    [epoch 10/50 train] batch 1150/2995 (5.06 batch/s, ETA 6.1 min) loss_corrente=0.0075
    [epoch 10/50 train] batch 1200/2995 (5.06 batch/s, ETA 5.9 min) loss_corrente=0.0073
    [epoch 10/50 train] batch 1250/2995 (5.06 batch/s, ETA 5.8 min) loss_corrente=0.0074
    [epoch 10/50 train] batch 1300/2995 (5.06 batch/s, ETA 5.6 min) loss_corrente=0.0074
    [epoch 10/50 train] batch 1350/2995 (5.06 batch/s, ETA 5.4 min) loss_corrente=0.0076
    [epoch 10/50 train] batch 1400/2995 (5.06 batch/s, ETA 5.3 min) loss_corrente=0.0075
    [epoch 10/50 train] batch 1450/2995 (5.06 batch/s, ETA 5.1 min) loss_corrente=0.0076
    [epoch 10/50 train] batch 1500/2995 (5.06 batch/s, ETA 4.9 min) loss_corrente=0.0073
    [epoch 10/50 train] batch 1550/2995 (5.06 batch/s, ETA 4.8 min) loss_corrente=0.0071
    [epoch 10/50 train] batch 1600/2995 (5.06 batch/s, ETA 4.6 min) loss_corrente=0.0069
    [epoch 10/50 train] batch 1650/2995 (5.06 batch/s, ETA 4.4 min) loss_corrente=0.0067
    [epoch 10/50 train] batch 1700/2995 (5.06 batch/s, ETA 4.3 min) loss_corrente=0.0065
    [epoch 10/50 train] batch 1750/2995 (5.06 batch/s, ETA 4.1 min) loss_corrente=0.0064
    [epoch 10/50 train] batch 1800/2995 (5.06 batch/s, ETA 3.9 min) loss_corrente=0.0065
    [epoch 10/50 train] batch 1850/2995 (5.06 batch/s, ETA 3.8 min) loss_corrente=0.0063
    [epoch 10/50 train] batch 1900/2995 (5.06 batch/s, ETA 3.6 min) loss_corrente=0.0062
    [epoch 10/50 train] batch 1950/2995 (5.06 batch/s, ETA 3.4 min) loss_corrente=0.0061
    [epoch 10/50 train] batch 2000/2995 (5.06 batch/s, ETA 3.3 min) loss_corrente=0.0060
    [epoch 10/50 train] batch 2050/2995 (5.06 batch/s, ETA 3.1 min) loss_corrente=0.0063
    [epoch 10/50 train] batch 2100/2995 (5.06 batch/s, ETA 2.9 min) loss_corrente=0.0061
    [epoch 10/50 train] batch 2150/2995 (5.06 batch/s, ETA 2.8 min) loss_corrente=0.0060
    [epoch 10/50 train] batch 2200/2995 (5.06 batch/s, ETA 2.6 min) loss_corrente=0.0059
    [epoch 10/50 train] batch 2250/2995 (5.06 batch/s, ETA 2.5 min) loss_corrente=0.0059
    [epoch 10/50 train] batch 2300/2995 (5.06 batch/s, ETA 2.3 min) loss_corrente=0.0058
    [epoch 10/50 train] batch 2350/2995 (5.06 batch/s, ETA 2.1 min) loss_corrente=0.0056
    [epoch 10/50 train] batch 2400/2995 (5.06 batch/s, ETA 2.0 min) loss_corrente=0.0055
    [epoch 10/50 train] batch 2450/2995 (5.06 batch/s, ETA 1.8 min) loss_corrente=0.0056
    [epoch 10/50 train] batch 2500/2995 (5.06 batch/s, ETA 1.6 min) loss_corrente=0.0055
    [epoch 10/50 train] batch 2550/2995 (5.06 batch/s, ETA 1.5 min) loss_corrente=0.0054
    [epoch 10/50 train] batch 2600/2995 (5.06 batch/s, ETA 1.3 min) loss_corrente=0.0054
    [epoch 10/50 train] batch 2650/2995 (5.06 batch/s, ETA 1.1 min) loss_corrente=0.0053
    [epoch 10/50 train] batch 2700/2995 (5.06 batch/s, ETA 1.0 min) loss_corrente=0.0052
    [epoch 10/50 train] batch 2750/2995 (5.06 batch/s, ETA 0.8 min) loss_corrente=0.0051
    [epoch 10/50 train] batch 2800/2995 (5.06 batch/s, ETA 0.6 min) loss_corrente=0.0050
    [epoch 10/50 train] batch 2850/2995 (5.06 batch/s, ETA 0.5 min) loss_corrente=0.0049
    [epoch 10/50 train] batch 2900/2995 (5.06 batch/s, ETA 0.3 min) loss_corrente=0.0048
    [epoch 10/50 train] batch 2950/2995 (5.06 batch/s, ETA 0.1 min) loss_corrente=0.0048
    [epoch 10/50 train] batch 2995/2995 (5.06 batch/s, ETA 0.0 min) loss_corrente=0.0052
    [epoch 10/50 val] batch 50/528 (11.35 batch/s, ETA 0.7 min) loss_corrente=0.2040
    [epoch 10/50 val] batch 100/528 (11.56 batch/s, ETA 0.6 min) loss_corrente=0.1350
    [epoch 10/50 val] batch 150/528 (11.63 batch/s, ETA 0.5 min) loss_corrente=0.1083
    [epoch 10/50 val] batch 200/528 (11.66 batch/s, ETA 0.5 min) loss_corrente=0.0948
    [epoch 10/50 val] batch 250/528 (11.69 batch/s, ETA 0.4 min) loss_corrente=0.1092
    [epoch 10/50 val] batch 300/528 (11.70 batch/s, ETA 0.3 min) loss_corrente=0.0995
    [epoch 10/50 val] batch 350/528 (11.71 batch/s, ETA 0.3 min) loss_corrente=0.0974
    [epoch 10/50 val] batch 400/528 (11.72 batch/s, ETA 0.2 min) loss_corrente=0.0936
    [epoch 10/50 val] batch 450/528 (11.72 batch/s, ETA 0.1 min) loss_corrente=0.0950
    [epoch 10/50 val] batch 500/528 (11.73 batch/s, ETA 0.0 min) loss_corrente=0.0940
    [epoch 10/50 val] batch 528/528 (11.73 batch/s, ETA 0.0 min) loss_corrente=0.0966
Epoch  10/50 | train_loss=0.0052 train_acc=0.998 | val_loss=0.0966 val_acc=0.986
    [epoch 11/50 train] batch 50/2995 (4.93 batch/s, ETA 9.9 min) loss_corrente=0.0035
    [epoch 11/50 train] batch 100/2995 (4.99 batch/s, ETA 9.7 min) loss_corrente=0.0037
    [epoch 11/50 train] batch 150/2995 (5.01 batch/s, ETA 9.5 min) loss_corrente=0.0025
    [epoch 11/50 train] batch 200/2995 (5.02 batch/s, ETA 9.3 min) loss_corrente=0.0019
    [epoch 11/50 train] batch 250/2995 (5.03 batch/s, ETA 9.1 min) loss_corrente=0.0021
    [epoch 11/50 train] batch 300/2995 (5.04 batch/s, ETA 8.9 min) loss_corrente=0.0018
    [epoch 11/50 train] batch 350/2995 (5.04 batch/s, ETA 8.7 min) loss_corrente=0.0034
    [epoch 11/50 train] batch 400/2995 (5.04 batch/s, ETA 8.6 min) loss_corrente=0.0037
    [epoch 11/50 train] batch 450/2995 (5.04 batch/s, ETA 8.4 min) loss_corrente=0.0033
    [epoch 11/50 train] batch 500/2995 (5.04 batch/s, ETA 8.2 min) loss_corrente=0.0037
    [epoch 11/50 train] batch 550/2995 (5.04 batch/s, ETA 8.1 min) loss_corrente=0.0034
    [epoch 11/50 train] batch 600/2995 (5.04 batch/s, ETA 7.9 min) loss_corrente=0.0031
    [epoch 11/50 train] batch 650/2995 (5.05 batch/s, ETA 7.7 min) loss_corrente=0.0029
    [epoch 11/50 train] batch 700/2995 (5.05 batch/s, ETA 7.6 min) loss_corrente=0.0027
    [epoch 11/50 train] batch 750/2995 (5.05 batch/s, ETA 7.4 min) loss_corrente=0.0025
    [epoch 11/50 train] batch 800/2995 (5.05 batch/s, ETA 7.2 min) loss_corrente=0.0024
    [epoch 11/50 train] batch 850/2995 (5.05 batch/s, ETA 7.1 min) loss_corrente=0.0023
    [epoch 11/50 train] batch 900/2995 (5.05 batch/s, ETA 6.9 min) loss_corrente=0.0027
    [epoch 11/50 train] batch 950/2995 (5.05 batch/s, ETA 6.7 min) loss_corrente=0.0027
    [epoch 11/50 train] batch 1000/2995 (5.05 batch/s, ETA 6.6 min) loss_corrente=0.0032
    [epoch 11/50 train] batch 1050/2995 (5.05 batch/s, ETA 6.4 min) loss_corrente=0.0035
    [epoch 11/50 train] batch 1100/2995 (5.05 batch/s, ETA 6.3 min) loss_corrente=0.0034
    [epoch 11/50 train] batch 1150/2995 (5.05 batch/s, ETA 6.1 min) loss_corrente=0.0039
    [epoch 11/50 train] batch 1200/2995 (5.05 batch/s, ETA 5.9 min) loss_corrente=0.0042
    [epoch 11/50 train] batch 1250/2995 (5.05 batch/s, ETA 5.8 min) loss_corrente=0.0041
    [epoch 11/50 train] batch 1300/2995 (5.05 batch/s, ETA 5.6 min) loss_corrente=0.0042
    [epoch 11/50 train] batch 1350/2995 (5.05 batch/s, ETA 5.4 min) loss_corrente=0.0041
    [epoch 11/50 train] batch 1400/2995 (5.05 batch/s, ETA 5.3 min) loss_corrente=0.0041
    [epoch 11/50 train] batch 1450/2995 (5.05 batch/s, ETA 5.1 min) loss_corrente=0.0040
    [epoch 11/50 train] batch 1500/2995 (5.05 batch/s, ETA 4.9 min) loss_corrente=0.0039
    [epoch 11/50 train] batch 1550/2995 (5.05 batch/s, ETA 4.8 min) loss_corrente=0.0038
    [epoch 11/50 train] batch 1600/2995 (5.05 batch/s, ETA 4.6 min) loss_corrente=0.0039
    [epoch 11/50 train] batch 1650/2995 (5.05 batch/s, ETA 4.4 min) loss_corrente=0.0040
    [epoch 11/50 train] batch 1700/2995 (5.05 batch/s, ETA 4.3 min) loss_corrente=0.0042
    [epoch 11/50 train] batch 1750/2995 (5.05 batch/s, ETA 4.1 min) loss_corrente=0.0040
    [epoch 11/50 train] batch 1800/2995 (5.05 batch/s, ETA 3.9 min) loss_corrente=0.0041
    [epoch 11/50 train] batch 1850/2995 (5.05 batch/s, ETA 3.8 min) loss_corrente=0.0046
    [epoch 11/50 train] batch 1900/2995 (5.05 batch/s, ETA 3.6 min) loss_corrente=0.0053
    [epoch 11/50 train] batch 1950/2995 (5.05 batch/s, ETA 3.4 min) loss_corrente=0.0055
    [epoch 11/50 train] batch 2000/2995 (5.05 batch/s, ETA 3.3 min) loss_corrente=0.0055
    [epoch 11/50 train] batch 2050/2995 (5.05 batch/s, ETA 3.1 min) loss_corrente=0.0054
    [epoch 11/50 train] batch 2100/2995 (5.05 batch/s, ETA 3.0 min) loss_corrente=0.0053
    [epoch 11/50 train] batch 2150/2995 (5.05 batch/s, ETA 2.8 min) loss_corrente=0.0053
    [epoch 11/50 train] batch 2200/2995 (5.06 batch/s, ETA 2.6 min) loss_corrente=0.0057
    [epoch 11/50 train] batch 2250/2995 (5.06 batch/s, ETA 2.5 min) loss_corrente=0.0061
    [epoch 11/50 train] batch 2300/2995 (5.05 batch/s, ETA 2.3 min) loss_corrente=0.0062
    [epoch 11/50 train] batch 2350/2995 (5.05 batch/s, ETA 2.1 min) loss_corrente=0.0061
    [epoch 11/50 train] batch 2400/2995 (5.05 batch/s, ETA 2.0 min) loss_corrente=0.0060
    [epoch 11/50 train] batch 2450/2995 (5.06 batch/s, ETA 1.8 min) loss_corrente=0.0059
    [epoch 11/50 train] batch 2500/2995 (5.06 batch/s, ETA 1.6 min) loss_corrente=0.0060
    [epoch 11/50 train] batch 2550/2995 (5.06 batch/s, ETA 1.5 min) loss_corrente=0.0060
    [epoch 11/50 train] batch 2600/2995 (5.06 batch/s, ETA 1.3 min) loss_corrente=0.0059
    [epoch 11/50 train] batch 2650/2995 (5.06 batch/s, ETA 1.1 min) loss_corrente=0.0057
    [epoch 11/50 train] batch 2700/2995 (5.06 batch/s, ETA 1.0 min) loss_corrente=0.0057
    [epoch 11/50 train] batch 2750/2995 (5.06 batch/s, ETA 0.8 min) loss_corrente=0.0056
    [epoch 11/50 train] batch 2800/2995 (5.06 batch/s, ETA 0.6 min) loss_corrente=0.0058
    [epoch 11/50 train] batch 2850/2995 (5.06 batch/s, ETA 0.5 min) loss_corrente=0.0058
    [epoch 11/50 train] batch 2900/2995 (5.06 batch/s, ETA 0.3 min) loss_corrente=0.0057
    [epoch 11/50 train] batch 2950/2995 (5.06 batch/s, ETA 0.1 min) loss_corrente=0.0057
    [epoch 11/50 train] batch 2995/2995 (5.06 batch/s, ETA 0.0 min) loss_corrente=0.0056
    [epoch 11/50 val] batch 50/528 (11.36 batch/s, ETA 0.7 min) loss_corrente=0.2321
    [epoch 11/50 val] batch 100/528 (11.56 batch/s, ETA 0.6 min) loss_corrente=0.1458
    [epoch 11/50 val] batch 150/528 (11.63 batch/s, ETA 0.5 min) loss_corrente=0.1167
    [epoch 11/50 val] batch 200/528 (11.66 batch/s, ETA 0.5 min) loss_corrente=0.1050
    [epoch 11/50 val] batch 250/528 (11.68 batch/s, ETA 0.4 min) loss_corrente=0.1225
    [epoch 11/50 val] batch 300/528 (11.70 batch/s, ETA 0.3 min) loss_corrente=0.1122
    [epoch 11/50 val] batch 350/528 (11.71 batch/s, ETA 0.3 min) loss_corrente=0.1125
    [epoch 11/50 val] batch 400/528 (11.71 batch/s, ETA 0.2 min) loss_corrente=0.1055
    [epoch 11/50 val] batch 450/528 (11.72 batch/s, ETA 0.1 min) loss_corrente=0.1066
    [epoch 11/50 val] batch 500/528 (11.72 batch/s, ETA 0.0 min) loss_corrente=0.1050
    [epoch 11/50 val] batch 528/528 (11.73 batch/s, ETA 0.0 min) loss_corrente=0.1057
Epoch  11/50 | train_loss=0.0056 train_acc=0.998 | val_loss=0.1057 val_acc=0.986

[Early stopping] Nessun miglioramento da 8 epoche

[Completato] Best val_loss=0.0476
[Output] weights/fase3_siglip_lora/fase3_siglip_lora_r8_neg05_pad50/results.csv  (compatibile con analyze_yolo_loss_magnitude.py)
[Output] weights/fase3_siglip_lora/fase3_siglip_lora_r8_neg05_pad50/best  (adapter LoRA + MLP head migliori)
==================================================
Job completato: Tue Aug  4 06:21:05 PM CEST 2026
==================================================
