==================================================
Job: oos_fase3_full_r8_pad50 (Completo, rank=8, padding=0.50, neg_ratio 0.25 e 0.5)
Data: Tue Aug  4 10:31:27 AM CEST 2026
Nodo: ainode01
==================================================
NVIDIA H100 80GB HBM3, 81559 MiB
[Setup] Device: cuda
[Setup] Carico processor/modello: google/siglip2-giant-opt-patch16-384
[Dati] Costruisco dataset di training...
[Dataset] train: 32554 positivi, 7139 negativi (39693 campioni totali)
[Dati] Costruisco dataset di validazione...
[Dataset] val: 5783 positivi, 1237 negativi (7020 campioni totali)
[Modello] Costruisco SigLIP2 completo (vision+text) + LoRA su entrambe le torri...
[Modello] LoRA visual: rank=8, alpha=16 (rapporto=2.0)
[Modello] LoRA text  : rank=4, alpha=8
[Modello] Parametri allenabili: 2,463,746 / 1,874,349,168 (0.13%)

[Training] Inizio — 50 epoche, batch=16, lr=2e-05
    [epoch 1/50 train] batch 50/2481 (3.19 batch/s, ETA 12.7 min) loss_corrente=1.0972
    [epoch 1/50 train] batch 100/2481 (3.37 batch/s, ETA 11.8 min) loss_corrente=0.8659
    [epoch 1/50 train] batch 150/2481 (3.43 batch/s, ETA 11.3 min) loss_corrente=0.7508
    [epoch 1/50 train] batch 200/2481 (3.45 batch/s, ETA 11.0 min) loss_corrente=0.6855
    [epoch 1/50 train] batch 250/2481 (3.47 batch/s, ETA 10.7 min) loss_corrente=0.6479
    [epoch 1/50 train] batch 300/2481 (3.49 batch/s, ETA 10.4 min) loss_corrente=0.6216
    [epoch 1/50 train] batch 350/2481 (3.49 batch/s, ETA 10.2 min) loss_corrente=0.5857
    [epoch 1/50 train] batch 400/2481 (3.50 batch/s, ETA 9.9 min) loss_corrente=0.5543
    [epoch 1/50 train] batch 450/2481 (3.51 batch/s, ETA 9.7 min) loss_corrente=0.5249
    [epoch 1/50 train] batch 500/2481 (3.51 batch/s, ETA 9.4 min) loss_corrente=0.4990
    [epoch 1/50 train] batch 550/2481 (3.52 batch/s, ETA 9.1 min) loss_corrente=0.4719
    [epoch 1/50 train] batch 600/2481 (3.54 batch/s, ETA 8.9 min) loss_corrente=0.4454
    [epoch 1/50 train] batch 650/2481 (3.55 batch/s, ETA 8.6 min) loss_corrente=0.4220
    [epoch 1/50 train] batch 700/2481 (3.56 batch/s, ETA 8.3 min) loss_corrente=0.4001
    [epoch 1/50 train] batch 750/2481 (3.57 batch/s, ETA 8.1 min) loss_corrente=0.3796
    [epoch 1/50 train] batch 800/2481 (3.58 batch/s, ETA 7.8 min) loss_corrente=0.3638
    [epoch 1/50 train] batch 850/2481 (3.59 batch/s, ETA 7.6 min) loss_corrente=0.3471
    [epoch 1/50 train] batch 900/2481 (3.59 batch/s, ETA 7.3 min) loss_corrente=0.3332
    [epoch 1/50 train] batch 950/2481 (3.60 batch/s, ETA 7.1 min) loss_corrente=0.3216
    [epoch 1/50 train] batch 1000/2481 (3.60 batch/s, ETA 6.9 min) loss_corrente=0.3091
    [epoch 1/50 train] batch 1050/2481 (3.61 batch/s, ETA 6.6 min) loss_corrente=0.2988
    [epoch 1/50 train] batch 1100/2481 (3.61 batch/s, ETA 6.4 min) loss_corrente=0.2888
    [epoch 1/50 train] batch 1150/2481 (3.61 batch/s, ETA 6.1 min) loss_corrente=0.2800
    [epoch 1/50 train] batch 1200/2481 (3.62 batch/s, ETA 5.9 min) loss_corrente=0.2719
    [epoch 1/50 train] batch 1250/2481 (3.62 batch/s, ETA 5.7 min) loss_corrente=0.2637
    [epoch 1/50 train] batch 1300/2481 (3.62 batch/s, ETA 5.4 min) loss_corrente=0.2564
    [epoch 1/50 train] batch 1350/2481 (3.63 batch/s, ETA 5.2 min) loss_corrente=0.2497
    [epoch 1/50 train] batch 1400/2481 (3.63 batch/s, ETA 5.0 min) loss_corrente=0.2435
    [epoch 1/50 train] batch 1450/2481 (3.63 batch/s, ETA 4.7 min) loss_corrente=0.2378
    [epoch 1/50 train] batch 1500/2481 (3.63 batch/s, ETA 4.5 min) loss_corrente=0.2330
    [epoch 1/50 train] batch 1550/2481 (3.63 batch/s, ETA 4.3 min) loss_corrente=0.2279
    [epoch 1/50 train] batch 1600/2481 (3.64 batch/s, ETA 4.0 min) loss_corrente=0.2231
    [epoch 1/50 train] batch 1650/2481 (3.64 batch/s, ETA 3.8 min) loss_corrente=0.2184
    [epoch 1/50 train] batch 1700/2481 (3.64 batch/s, ETA 3.6 min) loss_corrente=0.2136
    [epoch 1/50 train] batch 1750/2481 (3.64 batch/s, ETA 3.3 min) loss_corrente=0.2096
    [epoch 1/50 train] batch 1800/2481 (3.64 batch/s, ETA 3.1 min) loss_corrente=0.2057
    [epoch 1/50 train] batch 1850/2481 (3.64 batch/s, ETA 2.9 min) loss_corrente=0.2017
    [epoch 1/50 train] batch 1900/2481 (3.64 batch/s, ETA 2.7 min) loss_corrente=0.1979
    [epoch 1/50 train] batch 1950/2481 (3.64 batch/s, ETA 2.4 min) loss_corrente=0.1948
    [epoch 1/50 train] batch 2000/2481 (3.65 batch/s, ETA 2.2 min) loss_corrente=0.1914
    [epoch 1/50 train] batch 2050/2481 (3.65 batch/s, ETA 2.0 min) loss_corrente=0.1886
    [epoch 1/50 train] batch 2100/2481 (3.65 batch/s, ETA 1.7 min) loss_corrente=0.1852
    [epoch 1/50 train] batch 2150/2481 (3.65 batch/s, ETA 1.5 min) loss_corrente=0.1821
    [epoch 1/50 train] batch 2200/2481 (3.65 batch/s, ETA 1.3 min) loss_corrente=0.1791
    [epoch 1/50 train] batch 2250/2481 (3.65 batch/s, ETA 1.1 min) loss_corrente=0.1762
    [epoch 1/50 train] batch 2300/2481 (3.65 batch/s, ETA 0.8 min) loss_corrente=0.1736
    [epoch 1/50 train] batch 2350/2481 (3.65 batch/s, ETA 0.6 min) loss_corrente=0.1715
    [epoch 1/50 train] batch 2400/2481 (3.65 batch/s, ETA 0.4 min) loss_corrente=0.1687
    [epoch 1/50 train] batch 2450/2481 (3.65 batch/s, ETA 0.1 min) loss_corrente=0.1666
    [epoch 1/50 train] batch 2481/2481 (3.65 batch/s, ETA 0.0 min) loss_corrente=0.1653
    [epoch 1/50 val] batch 50/439 (7.97 batch/s, ETA 0.8 min) loss_corrente=0.1027
    [epoch 1/50 val] batch 100/439 (8.40 batch/s, ETA 0.7 min) loss_corrente=0.0992
    [epoch 1/50 val] batch 150/439 (8.56 batch/s, ETA 0.6 min) loss_corrente=0.0865
    [epoch 1/50 val] batch 200/439 (8.64 batch/s, ETA 0.5 min) loss_corrente=0.0922
    [epoch 1/50 val] batch 250/439 (8.69 batch/s, ETA 0.4 min) loss_corrente=0.0913
    [epoch 1/50 val] batch 300/439 (8.72 batch/s, ETA 0.3 min) loss_corrente=0.0944
    [epoch 1/50 val] batch 350/439 (8.74 batch/s, ETA 0.2 min) loss_corrente=0.0925
    [epoch 1/50 val] batch 400/439 (8.75 batch/s, ETA 0.1 min) loss_corrente=0.0940
    [epoch 1/50 val] batch 439/439 (8.77 batch/s, ETA 0.0 min) loss_corrente=0.0940
Epoch   1/50 | train_loss=0.1653 train_acc=0.948 | val_loss=0.0940 val_acc=0.970
    [epoch 2/50 train] batch 50/2481 (3.56 batch/s, ETA 11.4 min) loss_corrente=0.0686
    [epoch 2/50 train] batch 100/2481 (3.60 batch/s, ETA 11.0 min) loss_corrente=0.0555
    [epoch 2/50 train] batch 150/2481 (3.61 batch/s, ETA 10.8 min) loss_corrente=0.0502
    [epoch 2/50 train] batch 200/2481 (3.62 batch/s, ETA 10.5 min) loss_corrente=0.0455
    [epoch 2/50 train] batch 250/2481 (3.62 batch/s, ETA 10.3 min) loss_corrente=0.0399
    [epoch 2/50 train] batch 300/2481 (3.62 batch/s, ETA 10.0 min) loss_corrente=0.0412
    [epoch 2/50 train] batch 350/2481 (3.63 batch/s, ETA 9.8 min) loss_corrente=0.0397
    [epoch 2/50 train] batch 400/2481 (3.63 batch/s, ETA 9.6 min) loss_corrente=0.0421
    [epoch 2/50 train] batch 450/2481 (3.63 batch/s, ETA 9.3 min) loss_corrente=0.0420
    [epoch 2/50 train] batch 500/2481 (3.63 batch/s, ETA 9.1 min) loss_corrente=0.0421
    [epoch 2/50 train] batch 550/2481 (3.63 batch/s, ETA 8.9 min) loss_corrente=0.0434
    [epoch 2/50 train] batch 600/2481 (3.63 batch/s, ETA 8.6 min) loss_corrente=0.0439
    [epoch 2/50 train] batch 650/2481 (3.63 batch/s, ETA 8.4 min) loss_corrente=0.0460
    [epoch 2/50 train] batch 700/2481 (3.63 batch/s, ETA 8.2 min) loss_corrente=0.0453
    [epoch 2/50 train] batch 750/2481 (3.63 batch/s, ETA 7.9 min) loss_corrente=0.0450
    [epoch 2/50 train] batch 800/2481 (3.63 batch/s, ETA 7.7 min) loss_corrente=0.0445
    [epoch 2/50 train] batch 850/2481 (3.63 batch/s, ETA 7.5 min) loss_corrente=0.0441
    [epoch 2/50 train] batch 900/2481 (3.62 batch/s, ETA 7.3 min) loss_corrente=0.0448
    [epoch 2/50 train] batch 950/2481 (3.62 batch/s, ETA 7.0 min) loss_corrente=0.0449
    [epoch 2/50 train] batch 1000/2481 (3.62 batch/s, ETA 6.8 min) loss_corrente=0.0444
    [epoch 2/50 train] batch 1050/2481 (3.62 batch/s, ETA 6.6 min) loss_corrente=0.0453
    [epoch 2/50 train] batch 1100/2481 (3.62 batch/s, ETA 6.4 min) loss_corrente=0.0454
    [epoch 2/50 train] batch 1150/2481 (3.62 batch/s, ETA 6.1 min) loss_corrente=0.0454
    [epoch 2/50 train] batch 1200/2481 (3.62 batch/s, ETA 5.9 min) loss_corrente=0.0447
    [epoch 2/50 train] batch 1250/2481 (3.62 batch/s, ETA 5.7 min) loss_corrente=0.0448
    [epoch 2/50 train] batch 1300/2481 (3.62 batch/s, ETA 5.4 min) loss_corrente=0.0443
    [epoch 2/50 train] batch 1350/2481 (3.62 batch/s, ETA 5.2 min) loss_corrente=0.0442
    [epoch 2/50 train] batch 1400/2481 (3.62 batch/s, ETA 5.0 min) loss_corrente=0.0445
    [epoch 2/50 train] batch 1450/2481 (3.62 batch/s, ETA 4.7 min) loss_corrente=0.0439
    [epoch 2/50 train] batch 1500/2481 (3.62 batch/s, ETA 4.5 min) loss_corrente=0.0444
    [epoch 2/50 train] batch 1550/2481 (3.62 batch/s, ETA 4.3 min) loss_corrente=0.0438
    [epoch 2/50 train] batch 1600/2481 (3.62 batch/s, ETA 4.1 min) loss_corrente=0.0437
    [epoch 2/50 train] batch 1650/2481 (3.62 batch/s, ETA 3.8 min) loss_corrente=0.0431
    [epoch 2/50 train] batch 1700/2481 (3.62 batch/s, ETA 3.6 min) loss_corrente=0.0426
    [epoch 2/50 train] batch 1750/2481 (3.62 batch/s, ETA 3.4 min) loss_corrente=0.0426
    [epoch 2/50 train] batch 1800/2481 (3.63 batch/s, ETA 3.1 min) loss_corrente=0.0428
    [epoch 2/50 train] batch 1850/2481 (3.62 batch/s, ETA 2.9 min) loss_corrente=0.0430
    [epoch 2/50 train] batch 1900/2481 (3.62 batch/s, ETA 2.7 min) loss_corrente=0.0429
    [epoch 2/50 train] batch 1950/2481 (3.62 batch/s, ETA 2.4 min) loss_corrente=0.0432
    [epoch 2/50 train] batch 2000/2481 (3.62 batch/s, ETA 2.2 min) loss_corrente=0.0431
    [epoch 2/50 train] batch 2050/2481 (3.62 batch/s, ETA 2.0 min) loss_corrente=0.0429
    [epoch 2/50 train] batch 2100/2481 (3.62 batch/s, ETA 1.8 min) loss_corrente=0.0424
    [epoch 2/50 train] batch 2150/2481 (3.62 batch/s, ETA 1.5 min) loss_corrente=0.0420
    [epoch 2/50 train] batch 2200/2481 (3.62 batch/s, ETA 1.3 min) loss_corrente=0.0417
    [epoch 2/50 train] batch 2250/2481 (3.62 batch/s, ETA 1.1 min) loss_corrente=0.0413
    [epoch 2/50 train] batch 2300/2481 (3.63 batch/s, ETA 0.8 min) loss_corrente=0.0412
    [epoch 2/50 train] batch 2350/2481 (3.63 batch/s, ETA 0.6 min) loss_corrente=0.0413
    [epoch 2/50 train] batch 2400/2481 (3.63 batch/s, ETA 0.4 min) loss_corrente=0.0417
    [epoch 2/50 train] batch 2450/2481 (3.63 batch/s, ETA 0.1 min) loss_corrente=0.0417
    [epoch 2/50 train] batch 2481/2481 (3.63 batch/s, ETA 0.0 min) loss_corrente=0.0417
    [epoch 2/50 val] batch 50/439 (8.53 batch/s, ETA 0.8 min) loss_corrente=0.0822
    [epoch 2/50 val] batch 100/439 (8.58 batch/s, ETA 0.7 min) loss_corrente=0.0666
    [epoch 2/50 val] batch 150/439 (8.64 batch/s, ETA 0.6 min) loss_corrente=0.0547
    [epoch 2/50 val] batch 200/439 (8.70 batch/s, ETA 0.5 min) loss_corrente=0.0573
    [epoch 2/50 val] batch 250/439 (8.73 batch/s, ETA 0.4 min) loss_corrente=0.0547
    [epoch 2/50 val] batch 300/439 (8.76 batch/s, ETA 0.3 min) loss_corrente=0.0537
    [epoch 2/50 val] batch 350/439 (8.79 batch/s, ETA 0.2 min) loss_corrente=0.0506
    [epoch 2/50 val] batch 400/439 (8.80 batch/s, ETA 0.1 min) loss_corrente=0.0525
    [epoch 2/50 val] batch 439/439 (8.82 batch/s, ETA 0.0 min) loss_corrente=0.0526
Epoch   2/50 | train_loss=0.0417 train_acc=0.987 | val_loss=0.0526 val_acc=0.983
    [epoch 3/50 train] batch 50/2481 (3.59 batch/s, ETA 11.3 min) loss_corrente=0.0380
    [epoch 3/50 train] batch 100/2481 (3.58 batch/s, ETA 11.1 min) loss_corrente=0.0328
    [epoch 3/50 train] batch 150/2481 (3.59 batch/s, ETA 10.8 min) loss_corrente=0.0302
    [epoch 3/50 train] batch 200/2481 (3.60 batch/s, ETA 10.6 min) loss_corrente=0.0290
    [epoch 3/50 train] batch 250/2481 (3.61 batch/s, ETA 10.3 min) loss_corrente=0.0293
    [epoch 3/50 train] batch 300/2481 (3.61 batch/s, ETA 10.1 min) loss_corrente=0.0270
    [epoch 3/50 train] batch 350/2481 (3.61 batch/s, ETA 9.8 min) loss_corrente=0.0253
    [epoch 3/50 train] batch 400/2481 (3.61 batch/s, ETA 9.6 min) loss_corrente=0.0250
    [epoch 3/50 train] batch 450/2481 (3.62 batch/s, ETA 9.4 min) loss_corrente=0.0256
    [epoch 3/50 train] batch 500/2481 (3.62 batch/s, ETA 9.1 min) loss_corrente=0.0255
    [epoch 3/50 train] batch 550/2481 (3.62 batch/s, ETA 8.9 min) loss_corrente=0.0259
    [epoch 3/50 train] batch 600/2481 (3.62 batch/s, ETA 8.7 min) loss_corrente=0.0263
    [epoch 3/50 train] batch 650/2481 (3.62 batch/s, ETA 8.4 min) loss_corrente=0.0268
    [epoch 3/50 train] batch 700/2481 (3.61 batch/s, ETA 8.2 min) loss_corrente=0.0257
    [epoch 3/50 train] batch 750/2481 (3.62 batch/s, ETA 8.0 min) loss_corrente=0.0276
    [epoch 3/50 train] batch 800/2481 (3.62 batch/s, ETA 7.7 min) loss_corrente=0.0271
    [epoch 3/50 train] batch 850/2481 (3.62 batch/s, ETA 7.5 min) loss_corrente=0.0278
    [epoch 3/50 train] batch 900/2481 (3.62 batch/s, ETA 7.3 min) loss_corrente=0.0278
    [epoch 3/50 train] batch 950/2481 (3.62 batch/s, ETA 7.0 min) loss_corrente=0.0278
    [epoch 3/50 train] batch 1000/2481 (3.62 batch/s, ETA 6.8 min) loss_corrente=0.0282
    [epoch 3/50 train] batch 1050/2481 (3.62 batch/s, ETA 6.6 min) loss_corrente=0.0280
    [epoch 3/50 train] batch 1100/2481 (3.62 batch/s, ETA 6.4 min) loss_corrente=0.0275
    [epoch 3/50 train] batch 1150/2481 (3.62 batch/s, ETA 6.1 min) loss_corrente=0.0275
    [epoch 3/50 train] batch 1200/2481 (3.62 batch/s, ETA 5.9 min) loss_corrente=0.0293
    [epoch 3/50 train] batch 1250/2481 (3.62 batch/s, ETA 5.7 min) loss_corrente=0.0290
    [epoch 3/50 train] batch 1300/2481 (3.62 batch/s, ETA 5.4 min) loss_corrente=0.0292
    [epoch 3/50 train] batch 1350/2481 (3.62 batch/s, ETA 5.2 min) loss_corrente=0.0289
    [epoch 3/50 train] batch 1400/2481 (3.62 batch/s, ETA 5.0 min) loss_corrente=0.0294
    [epoch 3/50 train] batch 1450/2481 (3.63 batch/s, ETA 4.7 min) loss_corrente=0.0289
    [epoch 3/50 train] batch 1500/2481 (3.63 batch/s, ETA 4.5 min) loss_corrente=0.0293
    [epoch 3/50 train] batch 1550/2481 (3.63 batch/s, ETA 4.3 min) loss_corrente=0.0293
    [epoch 3/50 train] batch 1600/2481 (3.63 batch/s, ETA 4.0 min) loss_corrente=0.0292
    [epoch 3/50 train] batch 1650/2481 (3.63 batch/s, ETA 3.8 min) loss_corrente=0.0298
    [epoch 3/50 train] batch 1700/2481 (3.63 batch/s, ETA 3.6 min) loss_corrente=0.0295
    [epoch 3/50 train] batch 1750/2481 (3.63 batch/s, ETA 3.4 min) loss_corrente=0.0293
    [epoch 3/50 train] batch 1800/2481 (3.63 batch/s, ETA 3.1 min) loss_corrente=0.0290
    [epoch 3/50 train] batch 1850/2481 (3.64 batch/s, ETA 2.9 min) loss_corrente=0.0296
    [epoch 3/50 train] batch 1900/2481 (3.64 batch/s, ETA 2.7 min) loss_corrente=0.0295
    [epoch 3/50 train] batch 1950/2481 (3.64 batch/s, ETA 2.4 min) loss_corrente=0.0293
    [epoch 3/50 train] batch 2000/2481 (3.64 batch/s, ETA 2.2 min) loss_corrente=0.0291
    [epoch 3/50 train] batch 2050/2481 (3.64 batch/s, ETA 2.0 min) loss_corrente=0.0288
    [epoch 3/50 train] batch 2100/2481 (3.64 batch/s, ETA 1.7 min) loss_corrente=0.0287
    [epoch 3/50 train] batch 2150/2481 (3.64 batch/s, ETA 1.5 min) loss_corrente=0.0287
    [epoch 3/50 train] batch 2200/2481 (3.65 batch/s, ETA 1.3 min) loss_corrente=0.0287
    [epoch 3/50 train] batch 2250/2481 (3.65 batch/s, ETA 1.1 min) loss_corrente=0.0287
    [epoch 3/50 train] batch 2300/2481 (3.65 batch/s, ETA 0.8 min) loss_corrente=0.0286
    [epoch 3/50 train] batch 2350/2481 (3.65 batch/s, ETA 0.6 min) loss_corrente=0.0283
    [epoch 3/50 train] batch 2400/2481 (3.65 batch/s, ETA 0.4 min) loss_corrente=0.0282
    [epoch 3/50 train] batch 2450/2481 (3.65 batch/s, ETA 0.1 min) loss_corrente=0.0280
    [epoch 3/50 train] batch 2481/2481 (3.65 batch/s, ETA 0.0 min) loss_corrente=0.0280
    [epoch 3/50 val] batch 50/439 (8.84 batch/s, ETA 0.7 min) loss_corrente=0.0975
    [epoch 3/50 val] batch 100/439 (8.96 batch/s, ETA 0.6 min) loss_corrente=0.0925
    [epoch 3/50 val] batch 150/439 (9.00 batch/s, ETA 0.5 min) loss_corrente=0.0723
    [epoch 3/50 val] batch 200/439 (9.02 batch/s, ETA 0.4 min) loss_corrente=0.0750
    [epoch 3/50 val] batch 250/439 (9.03 batch/s, ETA 0.3 min) loss_corrente=0.0707
    [epoch 3/50 val] batch 300/439 (9.04 batch/s, ETA 0.3 min) loss_corrente=0.0697
    [epoch 3/50 val] batch 350/439 (9.04 batch/s, ETA 0.2 min) loss_corrente=0.0668
    [epoch 3/50 val] batch 400/439 (9.04 batch/s, ETA 0.1 min) loss_corrente=0.0678
    [epoch 3/50 val] batch 439/439 (9.05 batch/s, ETA 0.0 min) loss_corrente=0.0676
Epoch   3/50 | train_loss=0.0280 train_acc=0.991 | val_loss=0.0676 val_acc=0.981
    [epoch 4/50 train] batch 50/2481 (3.65 batch/s, ETA 11.1 min) loss_corrente=0.0259
    [epoch 4/50 train] batch 100/2481 (3.68 batch/s, ETA 10.8 min) loss_corrente=0.0203
    [epoch 4/50 train] batch 150/2481 (3.66 batch/s, ETA 10.6 min) loss_corrente=0.0202
    [epoch 4/50 train] batch 200/2481 (3.66 batch/s, ETA 10.4 min) loss_corrente=0.0189
    [epoch 4/50 train] batch 250/2481 (3.67 batch/s, ETA 10.1 min) loss_corrente=0.0199
    [epoch 4/50 train] batch 300/2481 (3.67 batch/s, ETA 9.9 min) loss_corrente=0.0179
    [epoch 4/50 train] batch 350/2481 (3.67 batch/s, ETA 9.7 min) loss_corrente=0.0160
    [epoch 4/50 train] batch 400/2481 (3.67 batch/s, ETA 9.5 min) loss_corrente=0.0176
    [epoch 4/50 train] batch 450/2481 (3.67 batch/s, ETA 9.2 min) loss_corrente=0.0193
    [epoch 4/50 train] batch 500/2481 (3.67 batch/s, ETA 9.0 min) loss_corrente=0.0196
    [epoch 4/50 train] batch 550/2481 (3.68 batch/s, ETA 8.8 min) loss_corrente=0.0197
    [epoch 4/50 train] batch 600/2481 (3.68 batch/s, ETA 8.5 min) loss_corrente=0.0208
    [epoch 4/50 train] batch 650/2481 (3.68 batch/s, ETA 8.3 min) loss_corrente=0.0197
    [epoch 4/50 train] batch 700/2481 (3.68 batch/s, ETA 8.1 min) loss_corrente=0.0191
    [epoch 4/50 train] batch 750/2481 (3.68 batch/s, ETA 7.8 min) loss_corrente=0.0191
    [epoch 4/50 train] batch 800/2481 (3.69 batch/s, ETA 7.6 min) loss_corrente=0.0186
    [epoch 4/50 train] batch 850/2481 (3.69 batch/s, ETA 7.4 min) loss_corrente=0.0193
    [epoch 4/50 train] batch 900/2481 (3.69 batch/s, ETA 7.1 min) loss_corrente=0.0192
    [epoch 4/50 train] batch 950/2481 (3.68 batch/s, ETA 6.9 min) loss_corrente=0.0187
    [epoch 4/50 train] batch 1000/2481 (3.68 batch/s, ETA 6.7 min) loss_corrente=0.0186
    [epoch 4/50 train] batch 1050/2481 (3.68 batch/s, ETA 6.5 min) loss_corrente=0.0189
    [epoch 4/50 train] batch 1100/2481 (3.68 batch/s, ETA 6.2 min) loss_corrente=0.0193
    [epoch 4/50 train] batch 1150/2481 (3.69 batch/s, ETA 6.0 min) loss_corrente=0.0199
    [epoch 4/50 train] batch 1200/2481 (3.69 batch/s, ETA 5.8 min) loss_corrente=0.0202
    [epoch 4/50 train] batch 1250/2481 (3.69 batch/s, ETA 5.6 min) loss_corrente=0.0202
    [epoch 4/50 train] batch 1300/2481 (3.69 batch/s, ETA 5.3 min) loss_corrente=0.0200
    [epoch 4/50 train] batch 1350/2481 (3.69 batch/s, ETA 5.1 min) loss_corrente=0.0203
    [epoch 4/50 train] batch 1400/2481 (3.69 batch/s, ETA 4.9 min) loss_corrente=0.0202
    [epoch 4/50 train] batch 1450/2481 (3.68 batch/s, ETA 4.7 min) loss_corrente=0.0203
    [epoch 4/50 train] batch 1500/2481 (3.69 batch/s, ETA 4.4 min) loss_corrente=0.0209
    [epoch 4/50 train] batch 1550/2481 (3.69 batch/s, ETA 4.2 min) loss_corrente=0.0208
    [epoch 4/50 train] batch 1600/2481 (3.69 batch/s, ETA 4.0 min) loss_corrente=0.0207
    [epoch 4/50 train] batch 1650/2481 (3.69 batch/s, ETA 3.8 min) loss_corrente=0.0206
    [epoch 4/50 train] batch 1700/2481 (3.69 batch/s, ETA 3.5 min) loss_corrente=0.0204
    [epoch 4/50 train] batch 1750/2481 (3.69 batch/s, ETA 3.3 min) loss_corrente=0.0203
    [epoch 4/50 train] batch 1800/2481 (3.69 batch/s, ETA 3.1 min) loss_corrente=0.0207
    [epoch 4/50 train] batch 1850/2481 (3.69 batch/s, ETA 2.9 min) loss_corrente=0.0209
    [epoch 4/50 train] batch 1900/2481 (3.69 batch/s, ETA 2.6 min) loss_corrente=0.0204
    [epoch 4/50 train] batch 1950/2481 (3.69 batch/s, ETA 2.4 min) loss_corrente=0.0201
    [epoch 4/50 train] batch 2000/2481 (3.69 batch/s, ETA 2.2 min) loss_corrente=0.0200
    [epoch 4/50 train] batch 2050/2481 (3.69 batch/s, ETA 1.9 min) loss_corrente=0.0201
    [epoch 4/50 train] batch 2100/2481 (3.69 batch/s, ETA 1.7 min) loss_corrente=0.0203
    [epoch 4/50 train] batch 2150/2481 (3.69 batch/s, ETA 1.5 min) loss_corrente=0.0203
    [epoch 4/50 train] batch 2200/2481 (3.69 batch/s, ETA 1.3 min) loss_corrente=0.0201
    [epoch 4/50 train] batch 2250/2481 (3.69 batch/s, ETA 1.0 min) loss_corrente=0.0202
    [epoch 4/50 train] batch 2300/2481 (3.69 batch/s, ETA 0.8 min) loss_corrente=0.0203
    [epoch 4/50 train] batch 2350/2481 (3.69 batch/s, ETA 0.6 min) loss_corrente=0.0206
    [epoch 4/50 train] batch 2400/2481 (3.69 batch/s, ETA 0.4 min) loss_corrente=0.0206
    [epoch 4/50 train] batch 2450/2481 (3.69 batch/s, ETA 0.1 min) loss_corrente=0.0205
    [epoch 4/50 train] batch 2481/2481 (3.69 batch/s, ETA 0.0 min) loss_corrente=0.0205
    [epoch 4/50 val] batch 50/439 (8.82 batch/s, ETA 0.7 min) loss_corrente=0.0911
    [epoch 4/50 val] batch 100/439 (8.95 batch/s, ETA 0.6 min) loss_corrente=0.0762
    [epoch 4/50 val] batch 150/439 (8.93 batch/s, ETA 0.5 min) loss_corrente=0.0602
    [epoch 4/50 val] batch 200/439 (8.97 batch/s, ETA 0.4 min) loss_corrente=0.0633
    [epoch 4/50 val] batch 250/439 (8.99 batch/s, ETA 0.4 min) loss_corrente=0.0579
    [epoch 4/50 val] batch 300/439 (9.00 batch/s, ETA 0.3 min) loss_corrente=0.0571
    [epoch 4/50 val] batch 350/439 (8.97 batch/s, ETA 0.2 min) loss_corrente=0.0539
    [epoch 4/50 val] batch 400/439 (8.88 batch/s, ETA 0.1 min) loss_corrente=0.0543
    [epoch 4/50 val] batch 439/439 (8.87 batch/s, ETA 0.0 min) loss_corrente=0.0546
Epoch   4/50 | train_loss=0.0205 train_acc=0.994 | val_loss=0.0546 val_acc=0.986
    [epoch 5/50 train] batch 50/2481 (3.50 batch/s, ETA 11.6 min) loss_corrente=0.0150
    [epoch 5/50 train] batch 100/2481 (3.58 batch/s, ETA 11.1 min) loss_corrente=0.0168
    [epoch 5/50 train] batch 150/2481 (3.57 batch/s, ETA 10.9 min) loss_corrente=0.0166
    [epoch 5/50 train] batch 200/2481 (3.55 batch/s, ETA 10.7 min) loss_corrente=0.0181
    [epoch 5/50 train] batch 250/2481 (3.54 batch/s, ETA 10.5 min) loss_corrente=0.0156
    [epoch 5/50 train] batch 300/2481 (3.55 batch/s, ETA 10.3 min) loss_corrente=0.0139
    [epoch 5/50 train] batch 350/2481 (3.55 batch/s, ETA 10.0 min) loss_corrente=0.0151
    [epoch 5/50 train] batch 400/2481 (3.55 batch/s, ETA 9.8 min) loss_corrente=0.0157
    [epoch 5/50 train] batch 450/2481 (3.55 batch/s, ETA 9.5 min) loss_corrente=0.0160
    [epoch 5/50 train] batch 500/2481 (3.54 batch/s, ETA 9.3 min) loss_corrente=0.0153
    [epoch 5/50 train] batch 550/2481 (3.53 batch/s, ETA 9.1 min) loss_corrente=0.0146
    [epoch 5/50 train] batch 600/2481 (3.53 batch/s, ETA 8.9 min) loss_corrente=0.0141
    [epoch 5/50 train] batch 650/2481 (3.53 batch/s, ETA 8.6 min) loss_corrente=0.0139
    [epoch 5/50 train] batch 700/2481 (3.53 batch/s, ETA 8.4 min) loss_corrente=0.0148
    [epoch 5/50 train] batch 750/2481 (3.53 batch/s, ETA 8.2 min) loss_corrente=0.0146
    [epoch 5/50 train] batch 800/2481 (3.53 batch/s, ETA 7.9 min) loss_corrente=0.0153
    [epoch 5/50 train] batch 850/2481 (3.54 batch/s, ETA 7.7 min) loss_corrente=0.0150
    [epoch 5/50 train] batch 900/2481 (3.53 batch/s, ETA 7.5 min) loss_corrente=0.0153
    [epoch 5/50 train] batch 950/2481 (3.53 batch/s, ETA 7.2 min) loss_corrente=0.0153
    [epoch 5/50 train] batch 1000/2481 (3.53 batch/s, ETA 7.0 min) loss_corrente=0.0150
    [epoch 5/50 train] batch 1050/2481 (3.53 batch/s, ETA 6.8 min) loss_corrente=0.0150
    [epoch 5/50 train] batch 1100/2481 (3.54 batch/s, ETA 6.5 min) loss_corrente=0.0144
    [epoch 5/50 train] batch 1150/2481 (3.54 batch/s, ETA 6.3 min) loss_corrente=0.0150
    [epoch 5/50 train] batch 1200/2481 (3.54 batch/s, ETA 6.0 min) loss_corrente=0.0152
    [epoch 5/50 train] batch 1250/2481 (3.54 batch/s, ETA 5.8 min) loss_corrente=0.0155
    [epoch 5/50 train] batch 1300/2481 (3.54 batch/s, ETA 5.6 min) loss_corrente=0.0156
    [epoch 5/50 train] batch 1350/2481 (3.53 batch/s, ETA 5.3 min) loss_corrente=0.0155
    [epoch 5/50 train] batch 1400/2481 (3.53 batch/s, ETA 5.1 min) loss_corrente=0.0155
    [epoch 5/50 train] batch 1450/2481 (3.53 batch/s, ETA 4.9 min) loss_corrente=0.0154
    [epoch 5/50 train] batch 1500/2481 (3.53 batch/s, ETA 4.6 min) loss_corrente=0.0150
    [epoch 5/50 train] batch 1550/2481 (3.53 batch/s, ETA 4.4 min) loss_corrente=0.0152
    [epoch 5/50 train] batch 1600/2481 (3.53 batch/s, ETA 4.2 min) loss_corrente=0.0148
    [epoch 5/50 train] batch 1650/2481 (3.53 batch/s, ETA 3.9 min) loss_corrente=0.0149
    [epoch 5/50 train] batch 1700/2481 (3.54 batch/s, ETA 3.7 min) loss_corrente=0.0146
    [epoch 5/50 train] batch 1750/2481 (3.53 batch/s, ETA 3.4 min) loss_corrente=0.0147
    [epoch 5/50 train] batch 1800/2481 (3.53 batch/s, ETA 3.2 min) loss_corrente=0.0145
    [epoch 5/50 train] batch 1850/2481 (3.53 batch/s, ETA 3.0 min) loss_corrente=0.0143
    [epoch 5/50 train] batch 1900/2481 (3.53 batch/s, ETA 2.7 min) loss_corrente=0.0141
    [epoch 5/50 train] batch 1950/2481 (3.53 batch/s, ETA 2.5 min) loss_corrente=0.0142
    [epoch 5/50 train] batch 2000/2481 (3.53 batch/s, ETA 2.3 min) loss_corrente=0.0140
    [epoch 5/50 train] batch 2050/2481 (3.53 batch/s, ETA 2.0 min) loss_corrente=0.0139
    [epoch 5/50 train] batch 2100/2481 (3.53 batch/s, ETA 1.8 min) loss_corrente=0.0144
    [epoch 5/50 train] batch 2150/2481 (3.53 batch/s, ETA 1.6 min) loss_corrente=0.0146
    [epoch 5/50 train] batch 2200/2481 (3.53 batch/s, ETA 1.3 min) loss_corrente=0.0149
    [epoch 5/50 train] batch 2250/2481 (3.53 batch/s, ETA 1.1 min) loss_corrente=0.0149
    [epoch 5/50 train] batch 2300/2481 (3.53 batch/s, ETA 0.9 min) loss_corrente=0.0147
    [epoch 5/50 train] batch 2350/2481 (3.53 batch/s, ETA 0.6 min) loss_corrente=0.0149
    [epoch 5/50 train] batch 2400/2481 (3.53 batch/s, ETA 0.4 min) loss_corrente=0.0150
    [epoch 5/50 train] batch 2450/2481 (3.53 batch/s, ETA 0.1 min) loss_corrente=0.0151
    [epoch 5/50 train] batch 2481/2481 (3.53 batch/s, ETA 0.0 min) loss_corrente=0.0152
    [epoch 5/50 val] batch 50/439 (8.41 batch/s, ETA 0.8 min) loss_corrente=0.0849
    [epoch 5/50 val] batch 100/439 (8.58 batch/s, ETA 0.7 min) loss_corrente=0.0699
    [epoch 5/50 val] batch 150/439 (8.62 batch/s, ETA 0.6 min) loss_corrente=0.0549
    [epoch 5/50 val] batch 200/439 (8.66 batch/s, ETA 0.5 min) loss_corrente=0.0589
    [epoch 5/50 val] batch 250/439 (8.65 batch/s, ETA 0.4 min) loss_corrente=0.0534
    [epoch 5/50 val] batch 300/439 (8.66 batch/s, ETA 0.3 min) loss_corrente=0.0521
    [epoch 5/50 val] batch 350/439 (8.66 batch/s, ETA 0.2 min) loss_corrente=0.0480
    [epoch 5/50 val] batch 400/439 (8.66 batch/s, ETA 0.1 min) loss_corrente=0.0491
    [epoch 5/50 val] batch 439/439 (8.66 batch/s, ETA 0.0 min) loss_corrente=0.0509
Epoch   5/50 | train_loss=0.0152 train_acc=0.995 | val_loss=0.0509 val_acc=0.987
    [epoch 6/50 train] batch 50/2481 (3.49 batch/s, ETA 11.6 min) loss_corrente=0.0039
    [epoch 6/50 train] batch 100/2481 (3.53 batch/s, ETA 11.2 min) loss_corrente=0.0134
    [epoch 6/50 train] batch 150/2481 (3.54 batch/s, ETA 11.0 min) loss_corrente=0.0105
    [epoch 6/50 train] batch 200/2481 (3.54 batch/s, ETA 10.7 min) loss_corrente=0.0130
    [epoch 6/50 train] batch 250/2481 (3.54 batch/s, ETA 10.5 min) loss_corrente=0.0125
    [epoch 6/50 train] batch 300/2481 (3.54 batch/s, ETA 10.3 min) loss_corrente=0.0115
    [epoch 6/50 train] batch 350/2481 (3.55 batch/s, ETA 10.0 min) loss_corrente=0.0108
    [epoch 6/50 train] batch 400/2481 (3.55 batch/s, ETA 9.8 min) loss_corrente=0.0113
    [epoch 6/50 train] batch 450/2481 (3.54 batch/s, ETA 9.6 min) loss_corrente=0.0107
    [epoch 6/50 train] batch 500/2481 (3.54 batch/s, ETA 9.3 min) loss_corrente=0.0099
    [epoch 6/50 train] batch 550/2481 (3.54 batch/s, ETA 9.1 min) loss_corrente=0.0101
    [epoch 6/50 train] batch 600/2481 (3.55 batch/s, ETA 8.8 min) loss_corrente=0.0096
    [epoch 6/50 train] batch 650/2481 (3.54 batch/s, ETA 8.6 min) loss_corrente=0.0106
    [epoch 6/50 train] batch 700/2481 (3.54 batch/s, ETA 8.4 min) loss_corrente=0.0110
    [epoch 6/50 train] batch 750/2481 (3.54 batch/s, ETA 8.1 min) loss_corrente=0.0112
    [epoch 6/50 train] batch 800/2481 (3.55 batch/s, ETA 7.9 min) loss_corrente=0.0107
    [epoch 6/50 train] batch 850/2481 (3.54 batch/s, ETA 7.7 min) loss_corrente=0.0105
    [epoch 6/50 train] batch 900/2481 (3.54 batch/s, ETA 7.4 min) loss_corrente=0.0101
    [epoch 6/50 train] batch 950/2481 (3.54 batch/s, ETA 7.2 min) loss_corrente=0.0097
    [epoch 6/50 train] batch 1000/2481 (3.54 batch/s, ETA 7.0 min) loss_corrente=0.0102
    [epoch 6/50 train] batch 1050/2481 (3.54 batch/s, ETA 6.7 min) loss_corrente=0.0105
    [epoch 6/50 train] batch 1100/2481 (3.54 batch/s, ETA 6.5 min) loss_corrente=0.0105
    [epoch 6/50 train] batch 1150/2481 (3.54 batch/s, ETA 6.3 min) loss_corrente=0.0105
    [epoch 6/50 train] batch 1200/2481 (3.54 batch/s, ETA 6.0 min) loss_corrente=0.0102
    [epoch 6/50 train] batch 1250/2481 (3.54 batch/s, ETA 5.8 min) loss_corrente=0.0101
    [epoch 6/50 train] batch 1300/2481 (3.54 batch/s, ETA 5.6 min) loss_corrente=0.0100
    [epoch 6/50 train] batch 1350/2481 (3.53 batch/s, ETA 5.3 min) loss_corrente=0.0098
    [epoch 6/50 train] batch 1400/2481 (3.53 batch/s, ETA 5.1 min) loss_corrente=0.0096
    [epoch 6/50 train] batch 1450/2481 (3.52 batch/s, ETA 4.9 min) loss_corrente=0.0095
    [epoch 6/50 train] batch 1500/2481 (3.52 batch/s, ETA 4.6 min) loss_corrente=0.0094
    [epoch 6/50 train] batch 1550/2481 (3.53 batch/s, ETA 4.4 min) loss_corrente=0.0092
    [epoch 6/50 train] batch 1600/2481 (3.53 batch/s, ETA 4.2 min) loss_corrente=0.0090
    [epoch 6/50 train] batch 1650/2481 (3.53 batch/s, ETA 3.9 min) loss_corrente=0.0089
    [epoch 6/50 train] batch 1700/2481 (3.52 batch/s, ETA 3.7 min) loss_corrente=0.0095
    [epoch 6/50 train] batch 1750/2481 (3.52 batch/s, ETA 3.5 min) loss_corrente=0.0100
    [epoch 6/50 train] batch 1800/2481 (3.50 batch/s, ETA 3.2 min) loss_corrente=0.0098
    [epoch 6/50 train] batch 1850/2481 (3.50 batch/s, ETA 3.0 min) loss_corrente=0.0097
    [epoch 6/50 train] batch 1900/2481 (3.49 batch/s, ETA 2.8 min) loss_corrente=0.0097
    [epoch 6/50 train] batch 1950/2481 (3.49 batch/s, ETA 2.5 min) loss_corrente=0.0098
    [epoch 6/50 train] batch 2000/2481 (3.49 batch/s, ETA 2.3 min) loss_corrente=0.0098
    [epoch 6/50 train] batch 2050/2481 (3.48 batch/s, ETA 2.1 min) loss_corrente=0.0103
    [epoch 6/50 train] batch 2100/2481 (3.48 batch/s, ETA 1.8 min) loss_corrente=0.0102
    [epoch 6/50 train] batch 2150/2481 (3.48 batch/s, ETA 1.6 min) loss_corrente=0.0102
    [epoch 6/50 train] batch 2200/2481 (3.48 batch/s, ETA 1.3 min) loss_corrente=0.0104
    [epoch 6/50 train] batch 2250/2481 (3.47 batch/s, ETA 1.1 min) loss_corrente=0.0104
    [epoch 6/50 train] batch 2300/2481 (3.47 batch/s, ETA 0.9 min) loss_corrente=0.0103
    [epoch 6/50 train] batch 2350/2481 (3.47 batch/s, ETA 0.6 min) loss_corrente=0.0103
    [epoch 6/50 train] batch 2400/2481 (3.47 batch/s, ETA 0.4 min) loss_corrente=0.0106
    [epoch 6/50 train] batch 2450/2481 (3.46 batch/s, ETA 0.1 min) loss_corrente=0.0107
    [epoch 6/50 train] batch 2481/2481 (3.46 batch/s, ETA 0.0 min) loss_corrente=0.0107
    [epoch 6/50 val] batch 50/439 (8.03 batch/s, ETA 0.8 min) loss_corrente=0.1057
    [epoch 6/50 val] batch 100/439 (8.27 batch/s, ETA 0.7 min) loss_corrente=0.0758
    [epoch 6/50 val] batch 150/439 (8.36 batch/s, ETA 0.6 min) loss_corrente=0.0569
    [epoch 6/50 val] batch 200/439 (8.30 batch/s, ETA 0.5 min) loss_corrente=0.0656
    [epoch 6/50 val] batch 250/439 (8.29 batch/s, ETA 0.4 min) loss_corrente=0.0593
    [epoch 6/50 val] batch 300/439 (8.30 batch/s, ETA 0.3 min) loss_corrente=0.0586
    [epoch 6/50 val] batch 350/439 (8.29 batch/s, ETA 0.2 min) loss_corrente=0.0545
    [epoch 6/50 val] batch 400/439 (8.29 batch/s, ETA 0.1 min) loss_corrente=0.0563
    [epoch 6/50 val] batch 439/439 (8.32 batch/s, ETA 0.0 min) loss_corrente=0.0574
Epoch   6/50 | train_loss=0.0107 train_acc=0.997 | val_loss=0.0574 val_acc=0.985
    [epoch 7/50 train] batch 50/2481 (3.19 batch/s, ETA 12.7 min) loss_corrente=0.0017
    [epoch 7/50 train] batch 100/2481 (3.13 batch/s, ETA 12.7 min) loss_corrente=0.0038
    [epoch 7/50 train] batch 150/2481 (3.22 batch/s, ETA 12.1 min) loss_corrente=0.0039
    [epoch 7/50 train] batch 200/2481 (3.26 batch/s, ETA 11.7 min) loss_corrente=0.0048
    [epoch 7/50 train] batch 250/2481 (3.27 batch/s, ETA 11.4 min) loss_corrente=0.0052
    [epoch 7/50 train] batch 300/2481 (3.29 batch/s, ETA 11.1 min) loss_corrente=0.0046
    [epoch 7/50 train] batch 350/2481 (3.27 batch/s, ETA 10.9 min) loss_corrente=0.0044
    [epoch 7/50 train] batch 400/2481 (3.27 batch/s, ETA 10.6 min) loss_corrente=0.0051
    [epoch 7/50 train] batch 450/2481 (3.27 batch/s, ETA 10.3 min) loss_corrente=0.0059
    [epoch 7/50 train] batch 500/2481 (3.26 batch/s, ETA 10.1 min) loss_corrente=0.0075
    [epoch 7/50 train] batch 550/2481 (3.24 batch/s, ETA 9.9 min) loss_corrente=0.0075
    [epoch 7/50 train] batch 600/2481 (3.25 batch/s, ETA 9.6 min) loss_corrente=0.0072
    [epoch 7/50 train] batch 650/2481 (3.27 batch/s, ETA 9.3 min) loss_corrente=0.0085
    [epoch 7/50 train] batch 700/2481 (3.29 batch/s, ETA 9.0 min) loss_corrente=0.0082
    [epoch 7/50 train] batch 750/2481 (3.30 batch/s, ETA 8.7 min) loss_corrente=0.0080
    [epoch 7/50 train] batch 800/2481 (3.32 batch/s, ETA 8.4 min) loss_corrente=0.0084
    [epoch 7/50 train] batch 850/2481 (3.33 batch/s, ETA 8.2 min) loss_corrente=0.0083
    [epoch 7/50 train] batch 900/2481 (3.34 batch/s, ETA 7.9 min) loss_corrente=0.0086
    [epoch 7/50 train] batch 950/2481 (3.35 batch/s, ETA 7.6 min) loss_corrente=0.0083
    [epoch 7/50 train] batch 1000/2481 (3.36 batch/s, ETA 7.3 min) loss_corrente=0.0080
    [epoch 7/50 train] batch 1050/2481 (3.37 batch/s, ETA 7.1 min) loss_corrente=0.0077
    [epoch 7/50 train] batch 1100/2481 (3.38 batch/s, ETA 6.8 min) loss_corrente=0.0074
    [epoch 7/50 train] batch 1150/2481 (3.38 batch/s, ETA 6.6 min) loss_corrente=0.0073
    [epoch 7/50 train] batch 1200/2481 (3.39 batch/s, ETA 6.3 min) loss_corrente=0.0077
    [epoch 7/50 train] batch 1250/2481 (3.39 batch/s, ETA 6.0 min) loss_corrente=0.0080
    [epoch 7/50 train] batch 1300/2481 (3.40 batch/s, ETA 5.8 min) loss_corrente=0.0078
    [epoch 7/50 train] batch 1350/2481 (3.40 batch/s, ETA 5.5 min) loss_corrente=0.0075
    [epoch 7/50 train] batch 1400/2481 (3.41 batch/s, ETA 5.3 min) loss_corrente=0.0074
    [epoch 7/50 train] batch 1450/2481 (3.41 batch/s, ETA 5.0 min) loss_corrente=0.0074
    [epoch 7/50 train] batch 1500/2481 (3.42 batch/s, ETA 4.8 min) loss_corrente=0.0080
    [epoch 7/50 train] batch 1550/2481 (3.42 batch/s, ETA 4.5 min) loss_corrente=0.0078
    [epoch 7/50 train] batch 1600/2481 (3.43 batch/s, ETA 4.3 min) loss_corrente=0.0081
    [epoch 7/50 train] batch 1650/2481 (3.43 batch/s, ETA 4.0 min) loss_corrente=0.0081
    [epoch 7/50 train] batch 1700/2481 (3.44 batch/s, ETA 3.8 min) loss_corrente=0.0081
    [epoch 7/50 train] batch 1750/2481 (3.44 batch/s, ETA 3.5 min) loss_corrente=0.0083
    [epoch 7/50 train] batch 1800/2481 (3.44 batch/s, ETA 3.3 min) loss_corrente=0.0083
    [epoch 7/50 train] batch 1850/2481 (3.45 batch/s, ETA 3.1 min) loss_corrente=0.0084
    [epoch 7/50 train] batch 1900/2481 (3.45 batch/s, ETA 2.8 min) loss_corrente=0.0083
    [epoch 7/50 train] batch 1950/2481 (3.45 batch/s, ETA 2.6 min) loss_corrente=0.0083
    [epoch 7/50 train] batch 2000/2481 (3.45 batch/s, ETA 2.3 min) loss_corrente=0.0083
    [epoch 7/50 train] batch 2050/2481 (3.46 batch/s, ETA 2.1 min) loss_corrente=0.0082
    [epoch 7/50 train] batch 2100/2481 (3.46 batch/s, ETA 1.8 min) loss_corrente=0.0082
    [epoch 7/50 train] batch 2150/2481 (3.47 batch/s, ETA 1.6 min) loss_corrente=0.0082
    [epoch 7/50 train] batch 2200/2481 (3.47 batch/s, ETA 1.3 min) loss_corrente=0.0080
    [epoch 7/50 train] batch 2250/2481 (3.48 batch/s, ETA 1.1 min) loss_corrente=0.0081
    [epoch 7/50 train] batch 2300/2481 (3.48 batch/s, ETA 0.9 min) loss_corrente=0.0079
    [epoch 7/50 train] batch 2350/2481 (3.49 batch/s, ETA 0.6 min) loss_corrente=0.0080
    [epoch 7/50 train] batch 2400/2481 (3.49 batch/s, ETA 0.4 min) loss_corrente=0.0079
    [epoch 7/50 train] batch 2450/2481 (3.50 batch/s, ETA 0.1 min) loss_corrente=0.0081
    [epoch 7/50 train] batch 2481/2481 (3.50 batch/s, ETA 0.0 min) loss_corrente=0.0081
    [epoch 7/50 val] batch 50/439 (8.79 batch/s, ETA 0.7 min) loss_corrente=0.1157
    [epoch 7/50 val] batch 100/439 (8.95 batch/s, ETA 0.6 min) loss_corrente=0.0827
    [epoch 7/50 val] batch 150/439 (9.00 batch/s, ETA 0.5 min) loss_corrente=0.0716
    [epoch 7/50 val] batch 200/439 (9.03 batch/s, ETA 0.4 min) loss_corrente=0.0792
    [epoch 7/50 val] batch 250/439 (9.05 batch/s, ETA 0.3 min) loss_corrente=0.0689
    [epoch 7/50 val] batch 300/439 (9.06 batch/s, ETA 0.3 min) loss_corrente=0.0670
    [epoch 7/50 val] batch 350/439 (9.07 batch/s, ETA 0.2 min) loss_corrente=0.0602
    [epoch 7/50 val] batch 400/439 (9.08 batch/s, ETA 0.1 min) loss_corrente=0.0673
    [epoch 7/50 val] batch 439/439 (9.08 batch/s, ETA 0.0 min) loss_corrente=0.0688
Epoch   7/50 | train_loss=0.0081 train_acc=0.998 | val_loss=0.0688 val_acc=0.984
    [epoch 8/50 train] batch 50/2481 (3.68 batch/s, ETA 11.0 min) loss_corrente=0.0071
    [epoch 8/50 train] batch 100/2481 (3.70 batch/s, ETA 10.7 min) loss_corrente=0.0070
    [epoch 8/50 train] batch 150/2481 (3.71 batch/s, ETA 10.5 min) loss_corrente=0.0093
    [epoch 8/50 train] batch 200/2481 (3.72 batch/s, ETA 10.2 min) loss_corrente=0.0075
    [epoch 8/50 train] batch 250/2481 (3.73 batch/s, ETA 10.0 min) loss_corrente=0.0065
    [epoch 8/50 train] batch 300/2481 (3.74 batch/s, ETA 9.7 min) loss_corrente=0.0063
    [epoch 8/50 train] batch 350/2481 (3.75 batch/s, ETA 9.5 min) loss_corrente=0.0057
    [epoch 8/50 train] batch 400/2481 (3.75 batch/s, ETA 9.3 min) loss_corrente=0.0051
    [epoch 8/50 train] batch 450/2481 (3.75 batch/s, ETA 9.0 min) loss_corrente=0.0057
    [epoch 8/50 train] batch 500/2481 (3.75 batch/s, ETA 8.8 min) loss_corrente=0.0058
    [epoch 8/50 train] batch 550/2481 (3.75 batch/s, ETA 8.6 min) loss_corrente=0.0061
    [epoch 8/50 train] batch 600/2481 (3.75 batch/s, ETA 8.4 min) loss_corrente=0.0060
    [epoch 8/50 train] batch 650/2481 (3.75 batch/s, ETA 8.1 min) loss_corrente=0.0058
    [epoch 8/50 train] batch 700/2481 (3.75 batch/s, ETA 7.9 min) loss_corrente=0.0058
    [epoch 8/50 train] batch 750/2481 (3.76 batch/s, ETA 7.7 min) loss_corrente=0.0055
    [epoch 8/50 train] batch 800/2481 (3.76 batch/s, ETA 7.5 min) loss_corrente=0.0058
    [epoch 8/50 train] batch 850/2481 (3.76 batch/s, ETA 7.2 min) loss_corrente=0.0057
    [epoch 8/50 train] batch 900/2481 (3.76 batch/s, ETA 7.0 min) loss_corrente=0.0059
    [epoch 8/50 train] batch 950/2481 (3.76 batch/s, ETA 6.8 min) loss_corrente=0.0064
    [epoch 8/50 train] batch 1000/2481 (3.76 batch/s, ETA 6.6 min) loss_corrente=0.0063
    [epoch 8/50 train] batch 1050/2481 (3.76 batch/s, ETA 6.3 min) loss_corrente=0.0064
    [epoch 8/50 train] batch 1100/2481 (3.76 batch/s, ETA 6.1 min) loss_corrente=0.0063
    [epoch 8/50 train] batch 1150/2481 (3.76 batch/s, ETA 5.9 min) loss_corrente=0.0066
    [epoch 8/50 train] batch 1200/2481 (3.76 batch/s, ETA 5.7 min) loss_corrente=0.0064
    [epoch 8/50 train] batch 1250/2481 (3.76 batch/s, ETA 5.5 min) loss_corrente=0.0065
    [epoch 8/50 train] batch 1300/2481 (3.76 batch/s, ETA 5.2 min) loss_corrente=0.0065
    [epoch 8/50 train] batch 1350/2481 (3.76 batch/s, ETA 5.0 min) loss_corrente=0.0064
    [epoch 8/50 train] batch 1400/2481 (3.76 batch/s, ETA 4.8 min) loss_corrente=0.0062
    [epoch 8/50 train] batch 1450/2481 (3.76 batch/s, ETA 4.6 min) loss_corrente=0.0061
    [epoch 8/50 train] batch 1500/2481 (3.76 batch/s, ETA 4.3 min) loss_corrente=0.0067
    [epoch 8/50 train] batch 1550/2481 (3.76 batch/s, ETA 4.1 min) loss_corrente=0.0066
    [epoch 8/50 train] batch 1600/2481 (3.76 batch/s, ETA 3.9 min) loss_corrente=0.0065
    [epoch 8/50 train] batch 1650/2481 (3.76 batch/s, ETA 3.7 min) loss_corrente=0.0065
    [epoch 8/50 train] batch 1700/2481 (3.76 batch/s, ETA 3.5 min) loss_corrente=0.0064
    [epoch 8/50 train] batch 1750/2481 (3.76 batch/s, ETA 3.2 min) loss_corrente=0.0063
    [epoch 8/50 train] batch 1800/2481 (3.76 batch/s, ETA 3.0 min) loss_corrente=0.0062
    [epoch 8/50 train] batch 1850/2481 (3.76 batch/s, ETA 2.8 min) loss_corrente=0.0062
    [epoch 8/50 train] batch 1900/2481 (3.76 batch/s, ETA 2.6 min) loss_corrente=0.0061
    [epoch 8/50 train] batch 1950/2481 (3.76 batch/s, ETA 2.4 min) loss_corrente=0.0064
    [epoch 8/50 train] batch 2000/2481 (3.76 batch/s, ETA 2.1 min) loss_corrente=0.0064
    [epoch 8/50 train] batch 2050/2481 (3.76 batch/s, ETA 1.9 min) loss_corrente=0.0065
    [epoch 8/50 train] batch 2100/2481 (3.76 batch/s, ETA 1.7 min) loss_corrente=0.0068
    [epoch 8/50 train] batch 2150/2481 (3.76 batch/s, ETA 1.5 min) loss_corrente=0.0067
    [epoch 8/50 train] batch 2200/2481 (3.76 batch/s, ETA 1.2 min) loss_corrente=0.0066
    [epoch 8/50 train] batch 2250/2481 (3.76 batch/s, ETA 1.0 min) loss_corrente=0.0064
    [epoch 8/50 train] batch 2300/2481 (3.76 batch/s, ETA 0.8 min) loss_corrente=0.0063
    [epoch 8/50 train] batch 2350/2481 (3.76 batch/s, ETA 0.6 min) loss_corrente=0.0065
    [epoch 8/50 train] batch 2400/2481 (3.76 batch/s, ETA 0.4 min) loss_corrente=0.0064
    [epoch 8/50 train] batch 2450/2481 (3.76 batch/s, ETA 0.1 min) loss_corrente=0.0063
    [epoch 8/50 train] batch 2481/2481 (3.76 batch/s, ETA 0.0 min) loss_corrente=0.0066
    [epoch 8/50 val] batch 50/439 (8.94 batch/s, ETA 0.7 min) loss_corrente=0.1161
    [epoch 8/50 val] batch 100/439 (9.05 batch/s, ETA 0.6 min) loss_corrente=0.1092
    [epoch 8/50 val] batch 150/439 (9.09 batch/s, ETA 0.5 min) loss_corrente=0.0821
    [epoch 8/50 val] batch 200/439 (9.10 batch/s, ETA 0.4 min) loss_corrente=0.0886
    [epoch 8/50 val] batch 250/439 (9.12 batch/s, ETA 0.3 min) loss_corrente=0.0771
    [epoch 8/50 val] batch 300/439 (9.13 batch/s, ETA 0.3 min) loss_corrente=0.0766
    [epoch 8/50 val] batch 350/439 (9.14 batch/s, ETA 0.2 min) loss_corrente=0.0708
    [epoch 8/50 val] batch 400/439 (9.13 batch/s, ETA 0.1 min) loss_corrente=0.0703
    [epoch 8/50 val] batch 439/439 (9.14 batch/s, ETA 0.0 min) loss_corrente=0.0712
Epoch   8/50 | train_loss=0.0066 train_acc=0.998 | val_loss=0.0712 val_acc=0.985
    [epoch 9/50 train] batch 50/2481 (3.73 batch/s, ETA 10.9 min) loss_corrente=0.0029
    [epoch 9/50 train] batch 100/2481 (3.75 batch/s, ETA 10.6 min) loss_corrente=0.0023
    [epoch 9/50 train] batch 150/2481 (3.75 batch/s, ETA 10.4 min) loss_corrente=0.0031
    [epoch 9/50 train] batch 200/2481 (3.76 batch/s, ETA 10.1 min) loss_corrente=0.0027
    [epoch 9/50 train] batch 250/2481 (3.76 batch/s, ETA 9.9 min) loss_corrente=0.0025
    [epoch 9/50 train] batch 300/2481 (3.76 batch/s, ETA 9.7 min) loss_corrente=0.0034
    [epoch 9/50 train] batch 350/2481 (3.75 batch/s, ETA 9.5 min) loss_corrente=0.0033
    [epoch 9/50 train] batch 400/2481 (3.76 batch/s, ETA 9.2 min) loss_corrente=0.0034
    [epoch 9/50 train] batch 450/2481 (3.76 batch/s, ETA 9.0 min) loss_corrente=0.0031
    [epoch 9/50 train] batch 500/2481 (3.76 batch/s, ETA 8.8 min) loss_corrente=0.0028
    [epoch 9/50 train] batch 550/2481 (3.76 batch/s, ETA 8.6 min) loss_corrente=0.0036
    [epoch 9/50 train] batch 600/2481 (3.76 batch/s, ETA 8.3 min) loss_corrente=0.0034
    [epoch 9/50 train] batch 650/2481 (3.76 batch/s, ETA 8.1 min) loss_corrente=0.0037
    [epoch 9/50 train] batch 700/2481 (3.76 batch/s, ETA 7.9 min) loss_corrente=0.0036
    [epoch 9/50 train] batch 750/2481 (3.76 batch/s, ETA 7.7 min) loss_corrente=0.0036
    [epoch 9/50 train] batch 800/2481 (3.76 batch/s, ETA 7.4 min) loss_corrente=0.0037
    [epoch 9/50 train] batch 850/2481 (3.76 batch/s, ETA 7.2 min) loss_corrente=0.0039
    [epoch 9/50 train] batch 900/2481 (3.76 batch/s, ETA 7.0 min) loss_corrente=0.0038
    [epoch 9/50 train] batch 950/2481 (3.76 batch/s, ETA 6.8 min) loss_corrente=0.0037
    [epoch 9/50 train] batch 1000/2481 (3.76 batch/s, ETA 6.6 min) loss_corrente=0.0039
    [epoch 9/50 train] batch 1050/2481 (3.77 batch/s, ETA 6.3 min) loss_corrente=0.0043
    [epoch 9/50 train] batch 1100/2481 (3.77 batch/s, ETA 6.1 min) loss_corrente=0.0042
    [epoch 9/50 train] batch 1150/2481 (3.77 batch/s, ETA 5.9 min) loss_corrente=0.0041
    [epoch 9/50 train] batch 1200/2481 (3.77 batch/s, ETA 5.7 min) loss_corrente=0.0040
    [epoch 9/50 train] batch 1250/2481 (3.77 batch/s, ETA 5.4 min) loss_corrente=0.0042
    [epoch 9/50 train] batch 1300/2481 (3.77 batch/s, ETA 5.2 min) loss_corrente=0.0042
    [epoch 9/50 train] batch 1350/2481 (3.77 batch/s, ETA 5.0 min) loss_corrente=0.0042
    [epoch 9/50 train] batch 1400/2481 (3.77 batch/s, ETA 4.8 min) loss_corrente=0.0042
    [epoch 9/50 train] batch 1450/2481 (3.77 batch/s, ETA 4.6 min) loss_corrente=0.0047
    [epoch 9/50 train] batch 1500/2481 (3.77 batch/s, ETA 4.3 min) loss_corrente=0.0051
    [epoch 9/50 train] batch 1550/2481 (3.77 batch/s, ETA 4.1 min) loss_corrente=0.0051
    [epoch 9/50 train] batch 1600/2481 (3.77 batch/s, ETA 3.9 min) loss_corrente=0.0050
    [epoch 9/50 train] batch 1650/2481 (3.77 batch/s, ETA 3.7 min) loss_corrente=0.0055
    [epoch 9/50 train] batch 1700/2481 (3.77 batch/s, ETA 3.5 min) loss_corrente=0.0054
    [epoch 9/50 train] batch 1750/2481 (3.77 batch/s, ETA 3.2 min) loss_corrente=0.0053
    [epoch 9/50 train] batch 1800/2481 (3.77 batch/s, ETA 3.0 min) loss_corrente=0.0052
    [epoch 9/50 train] batch 1850/2481 (3.77 batch/s, ETA 2.8 min) loss_corrente=0.0051
    [epoch 9/50 train] batch 1900/2481 (3.77 batch/s, ETA 2.6 min) loss_corrente=0.0050
    [epoch 9/50 train] batch 1950/2481 (3.77 batch/s, ETA 2.3 min) loss_corrente=0.0052
    [epoch 9/50 train] batch 2000/2481 (3.77 batch/s, ETA 2.1 min) loss_corrente=0.0051
    [epoch 9/50 train] batch 2050/2481 (3.77 batch/s, ETA 1.9 min) loss_corrente=0.0050
    [epoch 9/50 train] batch 2100/2481 (3.77 batch/s, ETA 1.7 min) loss_corrente=0.0049
    [epoch 9/50 train] batch 2150/2481 (3.77 batch/s, ETA 1.5 min) loss_corrente=0.0048
    [epoch 9/50 train] batch 2200/2481 (3.77 batch/s, ETA 1.2 min) loss_corrente=0.0049
    [epoch 9/50 train] batch 2250/2481 (3.77 batch/s, ETA 1.0 min) loss_corrente=0.0049
    [epoch 9/50 train] batch 2300/2481 (3.77 batch/s, ETA 0.8 min) loss_corrente=0.0048
    [epoch 9/50 train] batch 2350/2481 (3.77 batch/s, ETA 0.6 min) loss_corrente=0.0047
    [epoch 9/50 train] batch 2400/2481 (3.77 batch/s, ETA 0.4 min) loss_corrente=0.0047
    [epoch 9/50 train] batch 2450/2481 (3.77 batch/s, ETA 0.1 min) loss_corrente=0.0046
    [epoch 9/50 train] batch 2481/2481 (3.77 batch/s, ETA 0.0 min) loss_corrente=0.0046
    [epoch 9/50 val] batch 50/439 (8.90 batch/s, ETA 0.7 min) loss_corrente=0.1579
    [epoch 9/50 val] batch 100/439 (9.02 batch/s, ETA 0.6 min) loss_corrente=0.1579
    [epoch 9/50 val] batch 150/439 (9.06 batch/s, ETA 0.5 min) loss_corrente=0.1253
    [epoch 9/50 val] batch 200/439 (9.08 batch/s, ETA 0.4 min) loss_corrente=0.1292
    [epoch 9/50 val] batch 250/439 (9.10 batch/s, ETA 0.3 min) loss_corrente=0.1175
    [epoch 9/50 val] batch 300/439 (9.11 batch/s, ETA 0.3 min) loss_corrente=0.1185
    [epoch 9/50 val] batch 350/439 (9.11 batch/s, ETA 0.2 min) loss_corrente=0.1113
    [epoch 9/50 val] batch 400/439 (9.12 batch/s, ETA 0.1 min) loss_corrente=0.1147
    [epoch 9/50 val] batch 439/439 (9.13 batch/s, ETA 0.0 min) loss_corrente=0.1160
Epoch   9/50 | train_loss=0.0046 train_acc=0.999 | val_loss=0.1160 val_acc=0.980
    [epoch 10/50 train] batch 50/2481 (3.72 batch/s, ETA 10.9 min) loss_corrente=0.0037
    [epoch 10/50 train] batch 100/2481 (3.74 batch/s, ETA 10.6 min) loss_corrente=0.0035
    [epoch 10/50 train] batch 150/2481 (3.75 batch/s, ETA 10.4 min) loss_corrente=0.0047
    [epoch 10/50 train] batch 200/2481 (3.76 batch/s, ETA 10.1 min) loss_corrente=0.0052
    [epoch 10/50 train] batch 250/2481 (3.76 batch/s, ETA 9.9 min) loss_corrente=0.0085
    [epoch 10/50 train] batch 300/2481 (3.76 batch/s, ETA 9.7 min) loss_corrente=0.0079
    [epoch 10/50 train] batch 350/2481 (3.76 batch/s, ETA 9.4 min) loss_corrente=0.0069
    [epoch 10/50 train] batch 400/2481 (3.76 batch/s, ETA 9.2 min) loss_corrente=0.0068
    [epoch 10/50 train] batch 450/2481 (3.76 batch/s, ETA 9.0 min) loss_corrente=0.0068
    [epoch 10/50 train] batch 500/2481 (3.76 batch/s, ETA 8.8 min) loss_corrente=0.0062
    [epoch 10/50 train] batch 550/2481 (3.76 batch/s, ETA 8.6 min) loss_corrente=0.0059
    [epoch 10/50 train] batch 600/2481 (3.76 batch/s, ETA 8.3 min) loss_corrente=0.0057
    [epoch 10/50 train] batch 650/2481 (3.76 batch/s, ETA 8.1 min) loss_corrente=0.0054
    [epoch 10/50 train] batch 700/2481 (3.76 batch/s, ETA 7.9 min) loss_corrente=0.0052
    [epoch 10/50 train] batch 750/2481 (3.76 batch/s, ETA 7.7 min) loss_corrente=0.0049
    [epoch 10/50 train] batch 800/2481 (3.76 batch/s, ETA 7.4 min) loss_corrente=0.0046
    [epoch 10/50 train] batch 850/2481 (3.76 batch/s, ETA 7.2 min) loss_corrente=0.0044
    [epoch 10/50 train] batch 900/2481 (3.76 batch/s, ETA 7.0 min) loss_corrente=0.0041
    [epoch 10/50 train] batch 950/2481 (3.76 batch/s, ETA 6.8 min) loss_corrente=0.0039
    [epoch 10/50 train] batch 1000/2481 (3.76 batch/s, ETA 6.6 min) loss_corrente=0.0038
    [epoch 10/50 train] batch 1050/2481 (3.76 batch/s, ETA 6.3 min) loss_corrente=0.0036
    [epoch 10/50 train] batch 1100/2481 (3.76 batch/s, ETA 6.1 min) loss_corrente=0.0037
    [epoch 10/50 train] batch 1150/2481 (3.76 batch/s, ETA 5.9 min) loss_corrente=0.0037
    [epoch 10/50 train] batch 1200/2481 (3.76 batch/s, ETA 5.7 min) loss_corrente=0.0036
    [epoch 10/50 train] batch 1250/2481 (3.76 batch/s, ETA 5.5 min) loss_corrente=0.0035
    [epoch 10/50 train] batch 1300/2481 (3.76 batch/s, ETA 5.2 min) loss_corrente=0.0034
    [epoch 10/50 train] batch 1350/2481 (3.76 batch/s, ETA 5.0 min) loss_corrente=0.0035
    [epoch 10/50 train] batch 1400/2481 (3.76 batch/s, ETA 4.8 min) loss_corrente=0.0035
    [epoch 10/50 train] batch 1450/2481 (3.76 batch/s, ETA 4.6 min) loss_corrente=0.0037
    [epoch 10/50 train] batch 1500/2481 (3.76 batch/s, ETA 4.3 min) loss_corrente=0.0044
    [epoch 10/50 train] batch 1550/2481 (3.76 batch/s, ETA 4.1 min) loss_corrente=0.0048
    [epoch 10/50 train] batch 1600/2481 (3.76 batch/s, ETA 3.9 min) loss_corrente=0.0048
    [epoch 10/50 train] batch 1650/2481 (3.76 batch/s, ETA 3.7 min) loss_corrente=0.0047
    [epoch 10/50 train] batch 1700/2481 (3.76 batch/s, ETA 3.5 min) loss_corrente=0.0048
    [epoch 10/50 train] batch 1750/2481 (3.76 batch/s, ETA 3.2 min) loss_corrente=0.0050
    [epoch 10/50 train] batch 1800/2481 (3.76 batch/s, ETA 3.0 min) loss_corrente=0.0049
    [epoch 10/50 train] batch 1850/2481 (3.77 batch/s, ETA 2.8 min) loss_corrente=0.0049
    [epoch 10/50 train] batch 1900/2481 (3.77 batch/s, ETA 2.6 min) loss_corrente=0.0048
    [epoch 10/50 train] batch 1950/2481 (3.77 batch/s, ETA 2.4 min) loss_corrente=0.0047
    [epoch 10/50 train] batch 2000/2481 (3.77 batch/s, ETA 2.1 min) loss_corrente=0.0046
    [epoch 10/50 train] batch 2050/2481 (3.77 batch/s, ETA 1.9 min) loss_corrente=0.0045
    [epoch 10/50 train] batch 2100/2481 (3.77 batch/s, ETA 1.7 min) loss_corrente=0.0044
    [epoch 10/50 train] batch 2150/2481 (3.77 batch/s, ETA 1.5 min) loss_corrente=0.0044
    [epoch 10/50 train] batch 2200/2481 (3.77 batch/s, ETA 1.2 min) loss_corrente=0.0043
    [epoch 10/50 train] batch 2250/2481 (3.77 batch/s, ETA 1.0 min) loss_corrente=0.0043
    [epoch 10/50 train] batch 2300/2481 (3.77 batch/s, ETA 0.8 min) loss_corrente=0.0042
    [epoch 10/50 train] batch 2350/2481 (3.77 batch/s, ETA 0.6 min) loss_corrente=0.0045
    [epoch 10/50 train] batch 2400/2481 (3.77 batch/s, ETA 0.4 min) loss_corrente=0.0045
    [epoch 10/50 train] batch 2450/2481 (3.77 batch/s, ETA 0.1 min) loss_corrente=0.0047
    [epoch 10/50 train] batch 2481/2481 (3.77 batch/s, ETA 0.0 min) loss_corrente=0.0047
    [epoch 10/50 val] batch 50/439 (8.85 batch/s, ETA 0.7 min) loss_corrente=0.1051
    [epoch 10/50 val] batch 100/439 (9.00 batch/s, ETA 0.6 min) loss_corrente=0.0858
    [epoch 10/50 val] batch 150/439 (9.04 batch/s, ETA 0.5 min) loss_corrente=0.0706
    [epoch 10/50 val] batch 200/439 (9.07 batch/s, ETA 0.4 min) loss_corrente=0.0745
    [epoch 10/50 val] batch 250/439 (9.09 batch/s, ETA 0.3 min) loss_corrente=0.0689
    [epoch 10/50 val] batch 300/439 (9.10 batch/s, ETA 0.3 min) loss_corrente=0.0686
    [epoch 10/50 val] batch 350/439 (9.11 batch/s, ETA 0.2 min) loss_corrente=0.0626
    [epoch 10/50 val] batch 400/439 (9.11 batch/s, ETA 0.1 min) loss_corrente=0.0630
    [epoch 10/50 val] batch 439/439 (9.12 batch/s, ETA 0.0 min) loss_corrente=0.0631
Epoch  10/50 | train_loss=0.0047 train_acc=0.999 | val_loss=0.0631 val_acc=0.985

[Early stopping] Nessun miglioramento da 5 epoche

[Completato] Best val_loss=0.0509
[Output] weights/fase3_siglip_lora_full/fase3_siglip_lora_full_r8_neg025_pad50/results.csv  (compatibile con analyze_yolo_loss_magnitude.py)
[Output] weights/fase3_siglip_lora_full/fase3_siglip_lora_full_r8_neg025_pad50/best  (adapter LoRA visual+text, logit_scale/bias migliori)
==================================================
Job completato: Tue Aug  4 12:34:06 PM CEST 2026
==================================================
