==================================================
Job: oos_fase3_full_pad50 (Completo, rank=16, padding=0.50, neg_ratio 0.25 e 0.5)
Data: Sat Aug  1 01:38:55 PM CEST 2026
Nodo: ainode01
==================================================
NVIDIA H100 80GB HBM3, 81559 MiB
[Setup] Device: cuda
[Setup] Carico processor/modello: google/siglip2-giant-opt-patch16-384
[Dati] Costruisco dataset di training...
[Dataset] train: 32554 positivi, 7139 negativi (39693 campioni totali)
[Dati] Costruisco dataset di validazione...
[Dataset] val: 5783 positivi, 1237 negativi (7020 campioni totali)
[Modello] Costruisco SigLIP2 completo (vision+text) + LoRA su entrambe le torri...
[Modello] LoRA visual: rank=16, alpha=32 (rapporto=2.0)
[Modello] LoRA text  : rank=8, alpha=16
[Modello] Parametri allenabili: 4,927,490 / 1,876,812,912 (0.26%)

[Training] Inizio — 50 epoche, batch=16, lr=2e-05
    [epoch 1/50 train] batch 50/2481 (3.04 batch/s, ETA 13.3 min) loss_corrente=1.0376
    [epoch 1/50 train] batch 100/2481 (3.24 batch/s, ETA 12.2 min) loss_corrente=0.7984
    [epoch 1/50 train] batch 150/2481 (3.28 batch/s, ETA 11.8 min) loss_corrente=0.6902
    [epoch 1/50 train] batch 200/2481 (3.27 batch/s, ETA 11.6 min) loss_corrente=0.6318
    [epoch 1/50 train] batch 250/2481 (3.26 batch/s, ETA 11.4 min) loss_corrente=0.5781
    [epoch 1/50 train] batch 300/2481 (3.25 batch/s, ETA 11.2 min) loss_corrente=0.5413
    [epoch 1/50 train] batch 350/2481 (3.25 batch/s, ETA 10.9 min) loss_corrente=0.5029
    [epoch 1/50 train] batch 400/2481 (3.25 batch/s, ETA 10.7 min) loss_corrente=0.4652
    [epoch 1/50 train] batch 450/2481 (3.25 batch/s, ETA 10.4 min) loss_corrente=0.4292
    [epoch 1/50 train] batch 500/2481 (3.26 batch/s, ETA 10.1 min) loss_corrente=0.3961
    [epoch 1/50 train] batch 550/2481 (3.28 batch/s, ETA 9.8 min) loss_corrente=0.3695
    [epoch 1/50 train] batch 600/2481 (3.29 batch/s, ETA 9.5 min) loss_corrente=0.3491
    [epoch 1/50 train] batch 650/2481 (3.31 batch/s, ETA 9.2 min) loss_corrente=0.3300
    [epoch 1/50 train] batch 700/2481 (3.32 batch/s, ETA 8.9 min) loss_corrente=0.3120
    [epoch 1/50 train] batch 750/2481 (3.32 batch/s, ETA 8.7 min) loss_corrente=0.2970
    [epoch 1/50 train] batch 800/2481 (3.32 batch/s, ETA 8.4 min) loss_corrente=0.2824
    [epoch 1/50 train] batch 850/2481 (3.33 batch/s, ETA 8.2 min) loss_corrente=0.2704
    [epoch 1/50 train] batch 900/2481 (3.34 batch/s, ETA 7.9 min) loss_corrente=0.2584
    [epoch 1/50 train] batch 950/2481 (3.34 batch/s, ETA 7.6 min) loss_corrente=0.2498
    [epoch 1/50 train] batch 1000/2481 (3.34 batch/s, ETA 7.4 min) loss_corrente=0.2426
    [epoch 1/50 train] batch 1050/2481 (3.35 batch/s, ETA 7.1 min) loss_corrente=0.2340
    [epoch 1/50 train] batch 1100/2481 (3.35 batch/s, ETA 6.9 min) loss_corrente=0.2260
    [epoch 1/50 train] batch 1150/2481 (3.35 batch/s, ETA 6.6 min) loss_corrente=0.2187
    [epoch 1/50 train] batch 1200/2481 (3.35 batch/s, ETA 6.4 min) loss_corrente=0.2120
    [epoch 1/50 train] batch 1250/2481 (3.35 batch/s, ETA 6.1 min) loss_corrente=0.2059
    [epoch 1/50 train] batch 1300/2481 (3.36 batch/s, ETA 5.9 min) loss_corrente=0.2006
    [epoch 1/50 train] batch 1350/2481 (3.36 batch/s, ETA 5.6 min) loss_corrente=0.1944
    [epoch 1/50 train] batch 1400/2481 (3.37 batch/s, ETA 5.3 min) loss_corrente=0.1897
    [epoch 1/50 train] batch 1450/2481 (3.37 batch/s, ETA 5.1 min) loss_corrente=0.1859
    [epoch 1/50 train] batch 1500/2481 (3.38 batch/s, ETA 4.8 min) loss_corrente=0.1820
    [epoch 1/50 train] batch 1550/2481 (3.38 batch/s, ETA 4.6 min) loss_corrente=0.1785
    [epoch 1/50 train] batch 1600/2481 (3.38 batch/s, ETA 4.3 min) loss_corrente=0.1746
    [epoch 1/50 train] batch 1650/2481 (3.39 batch/s, ETA 4.1 min) loss_corrente=0.1717
    [epoch 1/50 train] batch 1700/2481 (3.38 batch/s, ETA 3.8 min) loss_corrente=0.1685
    [epoch 1/50 train] batch 1750/2481 (3.39 batch/s, ETA 3.6 min) loss_corrente=0.1656
    [epoch 1/50 train] batch 1800/2481 (3.39 batch/s, ETA 3.3 min) loss_corrente=0.1621
    [epoch 1/50 train] batch 1850/2481 (3.39 batch/s, ETA 3.1 min) loss_corrente=0.1590
    [epoch 1/50 train] batch 1900/2481 (3.39 batch/s, ETA 2.9 min) loss_corrente=0.1559
    [epoch 1/50 train] batch 1950/2481 (3.39 batch/s, ETA 2.6 min) loss_corrente=0.1532
    [epoch 1/50 train] batch 2000/2481 (3.39 batch/s, ETA 2.4 min) loss_corrente=0.1512
    [epoch 1/50 train] batch 2050/2481 (3.40 batch/s, ETA 2.1 min) loss_corrente=0.1490
    [epoch 1/50 train] batch 2100/2481 (3.40 batch/s, ETA 1.9 min) loss_corrente=0.1465
    [epoch 1/50 train] batch 2150/2481 (3.40 batch/s, ETA 1.6 min) loss_corrente=0.1447
    [epoch 1/50 train] batch 2200/2481 (3.40 batch/s, ETA 1.4 min) loss_corrente=0.1427
    [epoch 1/50 train] batch 2250/2481 (3.40 batch/s, ETA 1.1 min) loss_corrente=0.1407
    [epoch 1/50 train] batch 2300/2481 (3.40 batch/s, ETA 0.9 min) loss_corrente=0.1388
    [epoch 1/50 train] batch 2350/2481 (3.40 batch/s, ETA 0.6 min) loss_corrente=0.1371
    [epoch 1/50 train] batch 2400/2481 (3.40 batch/s, ETA 0.4 min) loss_corrente=0.1354
    [epoch 1/50 train] batch 2450/2481 (3.40 batch/s, ETA 0.2 min) loss_corrente=0.1337
    [epoch 1/50 train] batch 2481/2481 (3.40 batch/s, ETA 0.0 min) loss_corrente=0.1326
    [epoch 1/50 val] batch 50/439 (7.38 batch/s, ETA 0.9 min) loss_corrente=0.0884
    [epoch 1/50 val] batch 100/439 (7.92 batch/s, ETA 0.7 min) loss_corrente=0.0790
    [epoch 1/50 val] batch 150/439 (8.11 batch/s, ETA 0.6 min) loss_corrente=0.0662
    [epoch 1/50 val] batch 200/439 (8.20 batch/s, ETA 0.5 min) loss_corrente=0.0691
    [epoch 1/50 val] batch 250/439 (8.24 batch/s, ETA 0.4 min) loss_corrente=0.0660
    [epoch 1/50 val] batch 300/439 (8.28 batch/s, ETA 0.3 min) loss_corrente=0.0675
    [epoch 1/50 val] batch 350/439 (8.34 batch/s, ETA 0.2 min) loss_corrente=0.0640
    [epoch 1/50 val] batch 400/439 (8.37 batch/s, ETA 0.1 min) loss_corrente=0.0655
    [epoch 1/50 val] batch 439/439 (8.40 batch/s, ETA 0.0 min) loss_corrente=0.0649
Epoch   1/50 | train_loss=0.1326 train_acc=0.959 | val_loss=0.0649 val_acc=0.980
    [epoch 2/50 train] batch 50/2481 (3.47 batch/s, ETA 11.7 min) loss_corrente=0.0569
    [epoch 2/50 train] batch 100/2481 (3.53 batch/s, ETA 11.2 min) loss_corrente=0.0473
    [epoch 2/50 train] batch 150/2481 (3.55 batch/s, ETA 10.9 min) loss_corrente=0.0496
    [epoch 2/50 train] batch 200/2481 (3.58 batch/s, ETA 10.6 min) loss_corrente=0.0443
    [epoch 2/50 train] batch 250/2481 (3.58 batch/s, ETA 10.4 min) loss_corrente=0.0434
    [epoch 2/50 train] batch 300/2481 (3.59 batch/s, ETA 10.1 min) loss_corrente=0.0473
    [epoch 2/50 train] batch 350/2481 (3.60 batch/s, ETA 9.9 min) loss_corrente=0.0472
    [epoch 2/50 train] batch 400/2481 (3.61 batch/s, ETA 9.6 min) loss_corrente=0.0453
    [epoch 2/50 train] batch 450/2481 (3.61 batch/s, ETA 9.4 min) loss_corrente=0.0438
    [epoch 2/50 train] batch 500/2481 (3.60 batch/s, ETA 9.2 min) loss_corrente=0.0426
    [epoch 2/50 train] batch 550/2481 (3.60 batch/s, ETA 8.9 min) loss_corrente=0.0405
    [epoch 2/50 train] batch 600/2481 (3.60 batch/s, ETA 8.7 min) loss_corrente=0.0399
    [epoch 2/50 train] batch 650/2481 (3.59 batch/s, ETA 8.5 min) loss_corrente=0.0390
    [epoch 2/50 train] batch 700/2481 (3.59 batch/s, ETA 8.3 min) loss_corrente=0.0400
    [epoch 2/50 train] batch 750/2481 (3.59 batch/s, ETA 8.0 min) loss_corrente=0.0397
    [epoch 2/50 train] batch 800/2481 (3.59 batch/s, ETA 7.8 min) loss_corrente=0.0396
    [epoch 2/50 train] batch 850/2481 (3.59 batch/s, ETA 7.6 min) loss_corrente=0.0400
    [epoch 2/50 train] batch 900/2481 (3.58 batch/s, ETA 7.4 min) loss_corrente=0.0405
    [epoch 2/50 train] batch 950/2481 (3.58 batch/s, ETA 7.1 min) loss_corrente=0.0399
    [epoch 2/50 train] batch 1000/2481 (3.58 batch/s, ETA 6.9 min) loss_corrente=0.0407
    [epoch 2/50 train] batch 1050/2481 (3.58 batch/s, ETA 6.7 min) loss_corrente=0.0398
    [epoch 2/50 train] batch 1100/2481 (3.57 batch/s, ETA 6.5 min) loss_corrente=0.0395
    [epoch 2/50 train] batch 1150/2481 (3.55 batch/s, ETA 6.3 min) loss_corrente=0.0396
    [epoch 2/50 train] batch 1200/2481 (3.54 batch/s, ETA 6.0 min) loss_corrente=0.0387
    [epoch 2/50 train] batch 1250/2481 (3.52 batch/s, ETA 5.8 min) loss_corrente=0.0388
    [epoch 2/50 train] batch 1300/2481 (3.52 batch/s, ETA 5.6 min) loss_corrente=0.0394
    [epoch 2/50 train] batch 1350/2481 (3.51 batch/s, ETA 5.4 min) loss_corrente=0.0390
    [epoch 2/50 train] batch 1400/2481 (3.51 batch/s, ETA 5.1 min) loss_corrente=0.0395
    [epoch 2/50 train] batch 1450/2481 (3.51 batch/s, ETA 4.9 min) loss_corrente=0.0393
    [epoch 2/50 train] batch 1500/2481 (3.50 batch/s, ETA 4.7 min) loss_corrente=0.0388
    [epoch 2/50 train] batch 1550/2481 (3.50 batch/s, ETA 4.4 min) loss_corrente=0.0391
    [epoch 2/50 train] batch 1600/2481 (3.50 batch/s, ETA 4.2 min) loss_corrente=0.0390
    [epoch 2/50 train] batch 1650/2481 (3.49 batch/s, ETA 4.0 min) loss_corrente=0.0385
    [epoch 2/50 train] batch 1700/2481 (3.49 batch/s, ETA 3.7 min) loss_corrente=0.0381
    [epoch 2/50 train] batch 1750/2481 (3.49 batch/s, ETA 3.5 min) loss_corrente=0.0382
    [epoch 2/50 train] batch 1800/2481 (3.48 batch/s, ETA 3.3 min) loss_corrente=0.0381
    [epoch 2/50 train] batch 1850/2481 (3.48 batch/s, ETA 3.0 min) loss_corrente=0.0384
    [epoch 2/50 train] batch 1900/2481 (3.48 batch/s, ETA 2.8 min) loss_corrente=0.0382
    [epoch 2/50 train] batch 1950/2481 (3.47 batch/s, ETA 2.5 min) loss_corrente=0.0379
    [epoch 2/50 train] batch 2000/2481 (3.47 batch/s, ETA 2.3 min) loss_corrente=0.0374
    [epoch 2/50 train] batch 2050/2481 (3.47 batch/s, ETA 2.1 min) loss_corrente=0.0373
    [epoch 2/50 train] batch 2100/2481 (3.46 batch/s, ETA 1.8 min) loss_corrente=0.0372
    [epoch 2/50 train] batch 2150/2481 (3.47 batch/s, ETA 1.6 min) loss_corrente=0.0370
    [epoch 2/50 train] batch 2200/2481 (3.47 batch/s, ETA 1.4 min) loss_corrente=0.0371
    [epoch 2/50 train] batch 2250/2481 (3.46 batch/s, ETA 1.1 min) loss_corrente=0.0375
    [epoch 2/50 train] batch 2300/2481 (3.46 batch/s, ETA 0.9 min) loss_corrente=0.0371
    [epoch 2/50 train] batch 2350/2481 (3.46 batch/s, ETA 0.6 min) loss_corrente=0.0369
    [epoch 2/50 train] batch 2400/2481 (3.46 batch/s, ETA 0.4 min) loss_corrente=0.0367
    [epoch 2/50 train] batch 2450/2481 (3.46 batch/s, ETA 0.1 min) loss_corrente=0.0365
    [epoch 2/50 train] batch 2481/2481 (3.46 batch/s, ETA 0.0 min) loss_corrente=0.0364
    [epoch 2/50 val] batch 50/439 (8.06 batch/s, ETA 0.8 min) loss_corrente=0.0845
    [epoch 2/50 val] batch 100/439 (8.24 batch/s, ETA 0.7 min) loss_corrente=0.0633
    [epoch 2/50 val] batch 150/439 (8.33 batch/s, ETA 0.6 min) loss_corrente=0.0518
    [epoch 2/50 val] batch 200/439 (8.40 batch/s, ETA 0.5 min) loss_corrente=0.0565
    [epoch 2/50 val] batch 250/439 (8.44 batch/s, ETA 0.4 min) loss_corrente=0.0516
    [epoch 2/50 val] batch 300/439 (8.36 batch/s, ETA 0.3 min) loss_corrente=0.0499
    [epoch 2/50 val] batch 350/439 (8.33 batch/s, ETA 0.2 min) loss_corrente=0.0462
    [epoch 2/50 val] batch 400/439 (8.34 batch/s, ETA 0.1 min) loss_corrente=0.0473
    [epoch 2/50 val] batch 439/439 (8.34 batch/s, ETA 0.0 min) loss_corrente=0.0464
Epoch   2/50 | train_loss=0.0364 train_acc=0.988 | val_loss=0.0464 val_acc=0.986
    [epoch 3/50 train] batch 50/2481 (3.35 batch/s, ETA 12.1 min) loss_corrente=0.0177
    [epoch 3/50 train] batch 100/2481 (3.30 batch/s, ETA 12.0 min) loss_corrente=0.0245
    [epoch 3/50 train] batch 150/2481 (3.35 batch/s, ETA 11.6 min) loss_corrente=0.0270
    [epoch 3/50 train] batch 200/2481 (3.41 batch/s, ETA 11.1 min) loss_corrente=0.0242
    [epoch 3/50 train] batch 250/2481 (3.43 batch/s, ETA 10.8 min) loss_corrente=0.0252
    [epoch 3/50 train] batch 300/2481 (3.41 batch/s, ETA 10.7 min) loss_corrente=0.0256
    [epoch 3/50 train] batch 350/2481 (3.43 batch/s, ETA 10.4 min) loss_corrente=0.0253
    [epoch 3/50 train] batch 400/2481 (3.42 batch/s, ETA 10.1 min) loss_corrente=0.0261
    [epoch 3/50 train] batch 450/2481 (3.40 batch/s, ETA 10.0 min) loss_corrente=0.0256
    [epoch 3/50 train] batch 500/2481 (3.40 batch/s, ETA 9.7 min) loss_corrente=0.0268
    [epoch 3/50 train] batch 550/2481 (3.39 batch/s, ETA 9.5 min) loss_corrente=0.0267
    [epoch 3/50 train] batch 600/2481 (3.38 batch/s, ETA 9.3 min) loss_corrente=0.0273
    [epoch 3/50 train] batch 650/2481 (3.38 batch/s, ETA 9.0 min) loss_corrente=0.0266
    [epoch 3/50 train] batch 700/2481 (3.38 batch/s, ETA 8.8 min) loss_corrente=0.0259
    [epoch 3/50 train] batch 750/2481 (3.39 batch/s, ETA 8.5 min) loss_corrente=0.0253
    [epoch 3/50 train] batch 800/2481 (3.38 batch/s, ETA 8.3 min) loss_corrente=0.0250
    [epoch 3/50 train] batch 850/2481 (3.37 batch/s, ETA 8.1 min) loss_corrente=0.0250
    [epoch 3/50 train] batch 900/2481 (3.38 batch/s, ETA 7.8 min) loss_corrente=0.0241
    [epoch 3/50 train] batch 950/2481 (3.38 batch/s, ETA 7.6 min) loss_corrente=0.0235
    [epoch 3/50 train] batch 1000/2481 (3.37 batch/s, ETA 7.3 min) loss_corrente=0.0243
    [epoch 3/50 train] batch 1050/2481 (3.38 batch/s, ETA 7.1 min) loss_corrente=0.0249
    [epoch 3/50 train] batch 1100/2481 (3.37 batch/s, ETA 6.8 min) loss_corrente=0.0247
    [epoch 3/50 train] batch 1150/2481 (3.37 batch/s, ETA 6.6 min) loss_corrente=0.0245
    [epoch 3/50 train] batch 1200/2481 (3.38 batch/s, ETA 6.3 min) loss_corrente=0.0246
    [epoch 3/50 train] batch 1250/2481 (3.38 batch/s, ETA 6.1 min) loss_corrente=0.0245
    [epoch 3/50 train] batch 1300/2481 (3.38 batch/s, ETA 5.8 min) loss_corrente=0.0248
    [epoch 3/50 train] batch 1350/2481 (3.38 batch/s, ETA 5.6 min) loss_corrente=0.0245
    [epoch 3/50 train] batch 1400/2481 (3.38 batch/s, ETA 5.3 min) loss_corrente=0.0247
    [epoch 3/50 train] batch 1450/2481 (3.39 batch/s, ETA 5.1 min) loss_corrente=0.0251
    [epoch 3/50 train] batch 1500/2481 (3.39 batch/s, ETA 4.8 min) loss_corrente=0.0246
    [epoch 3/50 train] batch 1550/2481 (3.39 batch/s, ETA 4.6 min) loss_corrente=0.0247
    [epoch 3/50 train] batch 1600/2481 (3.39 batch/s, ETA 4.3 min) loss_corrente=0.0245
    [epoch 3/50 train] batch 1650/2481 (3.39 batch/s, ETA 4.1 min) loss_corrente=0.0245
    [epoch 3/50 train] batch 1700/2481 (3.39 batch/s, ETA 3.8 min) loss_corrente=0.0247
    [epoch 3/50 train] batch 1750/2481 (3.39 batch/s, ETA 3.6 min) loss_corrente=0.0250
    [epoch 3/50 train] batch 1800/2481 (3.39 batch/s, ETA 3.4 min) loss_corrente=0.0249
    [epoch 3/50 train] batch 1850/2481 (3.39 batch/s, ETA 3.1 min) loss_corrente=0.0247
    [epoch 3/50 train] batch 1900/2481 (3.39 batch/s, ETA 2.9 min) loss_corrente=0.0247
    [epoch 3/50 train] batch 1950/2481 (3.39 batch/s, ETA 2.6 min) loss_corrente=0.0248
    [epoch 3/50 train] batch 2000/2481 (3.39 batch/s, ETA 2.4 min) loss_corrente=0.0245
    [epoch 3/50 train] batch 2050/2481 (3.39 batch/s, ETA 2.1 min) loss_corrente=0.0248
    [epoch 3/50 train] batch 2100/2481 (3.39 batch/s, ETA 1.9 min) loss_corrente=0.0250
    [epoch 3/50 train] batch 2150/2481 (3.38 batch/s, ETA 1.6 min) loss_corrente=0.0250
    [epoch 3/50 train] batch 2200/2481 (3.38 batch/s, ETA 1.4 min) loss_corrente=0.0249
    [epoch 3/50 train] batch 2250/2481 (3.38 batch/s, ETA 1.1 min) loss_corrente=0.0244
    [epoch 3/50 train] batch 2300/2481 (3.38 batch/s, ETA 0.9 min) loss_corrente=0.0246
    [epoch 3/50 train] batch 2350/2481 (3.38 batch/s, ETA 0.6 min) loss_corrente=0.0251
    [epoch 3/50 train] batch 2400/2481 (3.39 batch/s, ETA 0.4 min) loss_corrente=0.0249
    [epoch 3/50 train] batch 2450/2481 (3.39 batch/s, ETA 0.2 min) loss_corrente=0.0247
    [epoch 3/50 train] batch 2481/2481 (3.39 batch/s, ETA 0.0 min) loss_corrente=0.0246
    [epoch 3/50 val] batch 50/439 (7.91 batch/s, ETA 0.8 min) loss_corrente=0.0940
    [epoch 3/50 val] batch 100/439 (8.15 batch/s, ETA 0.7 min) loss_corrente=0.0687
    [epoch 3/50 val] batch 150/439 (8.17 batch/s, ETA 0.6 min) loss_corrente=0.0547
    [epoch 3/50 val] batch 200/439 (8.23 batch/s, ETA 0.5 min) loss_corrente=0.0612
    [epoch 3/50 val] batch 250/439 (8.26 batch/s, ETA 0.4 min) loss_corrente=0.0543
    [epoch 3/50 val] batch 300/439 (8.29 batch/s, ETA 0.3 min) loss_corrente=0.0512
    [epoch 3/50 val] batch 350/439 (8.28 batch/s, ETA 0.2 min) loss_corrente=0.0470
    [epoch 3/50 val] batch 400/439 (8.26 batch/s, ETA 0.1 min) loss_corrente=0.0476
    [epoch 3/50 val] batch 439/439 (8.26 batch/s, ETA 0.0 min) loss_corrente=0.0466
Epoch   3/50 | train_loss=0.0246 train_acc=0.993 | val_loss=0.0466 val_acc=0.988
    [epoch 4/50 train] batch 50/2481 (3.35 batch/s, ETA 12.1 min) loss_corrente=0.0265
    [epoch 4/50 train] batch 100/2481 (3.35 batch/s, ETA 11.8 min) loss_corrente=0.0236
    [epoch 4/50 train] batch 150/2481 (3.36 batch/s, ETA 11.6 min) loss_corrente=0.0190
    [epoch 4/50 train] batch 200/2481 (3.34 batch/s, ETA 11.4 min) loss_corrente=0.0214
    [epoch 4/50 train] batch 250/2481 (3.37 batch/s, ETA 11.0 min) loss_corrente=0.0233
    [epoch 4/50 train] batch 300/2481 (3.36 batch/s, ETA 10.8 min) loss_corrente=0.0218
    [epoch 4/50 train] batch 350/2481 (3.38 batch/s, ETA 10.5 min) loss_corrente=0.0203
    [epoch 4/50 train] batch 400/2481 (3.38 batch/s, ETA 10.2 min) loss_corrente=0.0212
    [epoch 4/50 train] batch 450/2481 (3.40 batch/s, ETA 10.0 min) loss_corrente=0.0195
    [epoch 4/50 train] batch 500/2481 (3.41 batch/s, ETA 9.7 min) loss_corrente=0.0181
    [epoch 4/50 train] batch 550/2481 (3.42 batch/s, ETA 9.4 min) loss_corrente=0.0175
    [epoch 4/50 train] batch 600/2481 (3.43 batch/s, ETA 9.1 min) loss_corrente=0.0171
    [epoch 4/50 train] batch 650/2481 (3.44 batch/s, ETA 8.9 min) loss_corrente=0.0181
    [epoch 4/50 train] batch 700/2481 (3.44 batch/s, ETA 8.6 min) loss_corrente=0.0172
    [epoch 4/50 train] batch 750/2481 (3.44 batch/s, ETA 8.4 min) loss_corrente=0.0176
    [epoch 4/50 train] batch 800/2481 (3.44 batch/s, ETA 8.1 min) loss_corrente=0.0177
    [epoch 4/50 train] batch 850/2481 (3.45 batch/s, ETA 7.9 min) loss_corrente=0.0188
    [epoch 4/50 train] batch 900/2481 (3.45 batch/s, ETA 7.6 min) loss_corrente=0.0183
    [epoch 4/50 train] batch 950/2481 (3.46 batch/s, ETA 7.4 min) loss_corrente=0.0178
    [epoch 4/50 train] batch 1000/2481 (3.46 batch/s, ETA 7.1 min) loss_corrente=0.0173
    [epoch 4/50 train] batch 1050/2481 (3.46 batch/s, ETA 6.9 min) loss_corrente=0.0173
    [epoch 4/50 train] batch 1100/2481 (3.47 batch/s, ETA 6.6 min) loss_corrente=0.0169
    [epoch 4/50 train] batch 1150/2481 (3.47 batch/s, ETA 6.4 min) loss_corrente=0.0167
    [epoch 4/50 train] batch 1200/2481 (3.48 batch/s, ETA 6.1 min) loss_corrente=0.0167
    [epoch 4/50 train] batch 1250/2481 (3.48 batch/s, ETA 5.9 min) loss_corrente=0.0174
    [epoch 4/50 train] batch 1300/2481 (3.48 batch/s, ETA 5.7 min) loss_corrente=0.0173
    [epoch 4/50 train] batch 1350/2481 (3.48 batch/s, ETA 5.4 min) loss_corrente=0.0172
    [epoch 4/50 train] batch 1400/2481 (3.48 batch/s, ETA 5.2 min) loss_corrente=0.0168
    [epoch 4/50 train] batch 1450/2481 (3.48 batch/s, ETA 4.9 min) loss_corrente=0.0172
    [epoch 4/50 train] batch 1500/2481 (3.47 batch/s, ETA 4.7 min) loss_corrente=0.0173
    [epoch 4/50 train] batch 1550/2481 (3.47 batch/s, ETA 4.5 min) loss_corrente=0.0173
    [epoch 4/50 train] batch 1600/2481 (3.47 batch/s, ETA 4.2 min) loss_corrente=0.0173
    [epoch 4/50 train] batch 1650/2481 (3.46 batch/s, ETA 4.0 min) loss_corrente=0.0172
    [epoch 4/50 train] batch 1700/2481 (3.46 batch/s, ETA 3.8 min) loss_corrente=0.0170
    [epoch 4/50 train] batch 1750/2481 (3.45 batch/s, ETA 3.5 min) loss_corrente=0.0174
    [epoch 4/50 train] batch 1800/2481 (3.45 batch/s, ETA 3.3 min) loss_corrente=0.0171
    [epoch 4/50 train] batch 1850/2481 (3.45 batch/s, ETA 3.1 min) loss_corrente=0.0168
    [epoch 4/50 train] batch 1900/2481 (3.44 batch/s, ETA 2.8 min) loss_corrente=0.0169
    [epoch 4/50 train] batch 1950/2481 (3.44 batch/s, ETA 2.6 min) loss_corrente=0.0168
    [epoch 4/50 train] batch 2000/2481 (3.44 batch/s, ETA 2.3 min) loss_corrente=0.0166
    [epoch 4/50 train] batch 2050/2481 (3.44 batch/s, ETA 2.1 min) loss_corrente=0.0166
    [epoch 4/50 train] batch 2100/2481 (3.44 batch/s, ETA 1.8 min) loss_corrente=0.0166
    [epoch 4/50 train] batch 2150/2481 (3.44 batch/s, ETA 1.6 min) loss_corrente=0.0165
    [epoch 4/50 train] batch 2200/2481 (3.44 batch/s, ETA 1.4 min) loss_corrente=0.0162
    [epoch 4/50 train] batch 2250/2481 (3.44 batch/s, ETA 1.1 min) loss_corrente=0.0162
    [epoch 4/50 train] batch 2300/2481 (3.43 batch/s, ETA 0.9 min) loss_corrente=0.0165
    [epoch 4/50 train] batch 2350/2481 (3.44 batch/s, ETA 0.6 min) loss_corrente=0.0165
    [epoch 4/50 train] batch 2400/2481 (3.43 batch/s, ETA 0.4 min) loss_corrente=0.0165
    [epoch 4/50 train] batch 2450/2481 (3.43 batch/s, ETA 0.2 min) loss_corrente=0.0163
    [epoch 4/50 train] batch 2481/2481 (3.43 batch/s, ETA 0.0 min) loss_corrente=0.0163
    [epoch 4/50 val] batch 50/439 (7.86 batch/s, ETA 0.8 min) loss_corrente=0.0938
    [epoch 4/50 val] batch 100/439 (8.08 batch/s, ETA 0.7 min) loss_corrente=0.0703
    [epoch 4/50 val] batch 150/439 (8.15 batch/s, ETA 0.6 min) loss_corrente=0.0535
    [epoch 4/50 val] batch 200/439 (8.21 batch/s, ETA 0.5 min) loss_corrente=0.0633
    [epoch 4/50 val] batch 250/439 (8.28 batch/s, ETA 0.4 min) loss_corrente=0.0546
    [epoch 4/50 val] batch 300/439 (8.32 batch/s, ETA 0.3 min) loss_corrente=0.0538
    [epoch 4/50 val] batch 350/439 (8.32 batch/s, ETA 0.2 min) loss_corrente=0.0503
    [epoch 4/50 val] batch 400/439 (8.33 batch/s, ETA 0.1 min) loss_corrente=0.0501
    [epoch 4/50 val] batch 439/439 (8.35 batch/s, ETA 0.0 min) loss_corrente=0.0493
Epoch   4/50 | train_loss=0.0163 train_acc=0.995 | val_loss=0.0493 val_acc=0.988
    [epoch 5/50 train] batch 50/2481 (3.36 batch/s, ETA 12.1 min) loss_corrente=0.0060
    [epoch 5/50 train] batch 100/2481 (3.41 batch/s, ETA 11.6 min) loss_corrente=0.0076
    [epoch 5/50 train] batch 150/2481 (3.41 batch/s, ETA 11.4 min) loss_corrente=0.0065
    [epoch 5/50 train] batch 200/2481 (3.40 batch/s, ETA 11.2 min) loss_corrente=0.0073
    [epoch 5/50 train] batch 250/2481 (3.39 batch/s, ETA 11.0 min) loss_corrente=0.0101
    [epoch 5/50 train] batch 300/2481 (3.38 batch/s, ETA 10.7 min) loss_corrente=0.0097
    [epoch 5/50 train] batch 350/2481 (3.39 batch/s, ETA 10.5 min) loss_corrente=0.0098
    [epoch 5/50 train] batch 400/2481 (3.40 batch/s, ETA 10.2 min) loss_corrente=0.0098
    [epoch 5/50 train] batch 450/2481 (3.41 batch/s, ETA 9.9 min) loss_corrente=0.0091
    [epoch 5/50 train] batch 500/2481 (3.44 batch/s, ETA 9.6 min) loss_corrente=0.0088
    [epoch 5/50 train] batch 550/2481 (3.42 batch/s, ETA 9.4 min) loss_corrente=0.0092
    [epoch 5/50 train] batch 600/2481 (3.41 batch/s, ETA 9.2 min) loss_corrente=0.0089
    [epoch 5/50 train] batch 650/2481 (3.41 batch/s, ETA 8.9 min) loss_corrente=0.0087
    [epoch 5/50 train] batch 700/2481 (3.40 batch/s, ETA 8.7 min) loss_corrente=0.0087
    [epoch 5/50 train] batch 750/2481 (3.40 batch/s, ETA 8.5 min) loss_corrente=0.0084
    [epoch 5/50 train] batch 800/2481 (3.39 batch/s, ETA 8.3 min) loss_corrente=0.0080
    [epoch 5/50 train] batch 850/2481 (3.38 batch/s, ETA 8.0 min) loss_corrente=0.0080
    [epoch 5/50 train] batch 900/2481 (3.38 batch/s, ETA 7.8 min) loss_corrente=0.0086
    [epoch 5/50 train] batch 950/2481 (3.38 batch/s, ETA 7.6 min) loss_corrente=0.0089
    [epoch 5/50 train] batch 1000/2481 (3.38 batch/s, ETA 7.3 min) loss_corrente=0.0086
    [epoch 5/50 train] batch 1050/2481 (3.38 batch/s, ETA 7.1 min) loss_corrente=0.0092
    [epoch 5/50 train] batch 1100/2481 (3.38 batch/s, ETA 6.8 min) loss_corrente=0.0090
    [epoch 5/50 train] batch 1150/2481 (3.38 batch/s, ETA 6.6 min) loss_corrente=0.0095
    [epoch 5/50 train] batch 1200/2481 (3.38 batch/s, ETA 6.3 min) loss_corrente=0.0097
    [epoch 5/50 train] batch 1250/2481 (3.38 batch/s, ETA 6.1 min) loss_corrente=0.0096
    [epoch 5/50 train] batch 1300/2481 (3.38 batch/s, ETA 5.8 min) loss_corrente=0.0102
    [epoch 5/50 train] batch 1350/2481 (3.38 batch/s, ETA 5.6 min) loss_corrente=0.0103
    [epoch 5/50 train] batch 1400/2481 (3.38 batch/s, ETA 5.3 min) loss_corrente=0.0105
    [epoch 5/50 train] batch 1450/2481 (3.38 batch/s, ETA 5.1 min) loss_corrente=0.0107
    [epoch 5/50 train] batch 1500/2481 (3.38 batch/s, ETA 4.8 min) loss_corrente=0.0105
    [epoch 5/50 train] batch 1550/2481 (3.38 batch/s, ETA 4.6 min) loss_corrente=0.0106
    [epoch 5/50 train] batch 1600/2481 (3.38 batch/s, ETA 4.3 min) loss_corrente=0.0105
    [epoch 5/50 train] batch 1650/2481 (3.39 batch/s, ETA 4.1 min) loss_corrente=0.0103
    [epoch 5/50 train] batch 1700/2481 (3.39 batch/s, ETA 3.8 min) loss_corrente=0.0105
    [epoch 5/50 train] batch 1750/2481 (3.39 batch/s, ETA 3.6 min) loss_corrente=0.0102
    [epoch 5/50 train] batch 1800/2481 (3.39 batch/s, ETA 3.3 min) loss_corrente=0.0100
    [epoch 5/50 train] batch 1850/2481 (3.39 batch/s, ETA 3.1 min) loss_corrente=0.0098
    [epoch 5/50 train] batch 1900/2481 (3.39 batch/s, ETA 2.9 min) loss_corrente=0.0098
    [epoch 5/50 train] batch 1950/2481 (3.39 batch/s, ETA 2.6 min) loss_corrente=0.0102
    [epoch 5/50 train] batch 2000/2481 (3.39 batch/s, ETA 2.4 min) loss_corrente=0.0102
    [epoch 5/50 train] batch 2050/2481 (3.39 batch/s, ETA 2.1 min) loss_corrente=0.0105
    [epoch 5/50 train] batch 2100/2481 (3.39 batch/s, ETA 1.9 min) loss_corrente=0.0105
    [epoch 5/50 train] batch 2150/2481 (3.39 batch/s, ETA 1.6 min) loss_corrente=0.0104
    [epoch 5/50 train] batch 2200/2481 (3.39 batch/s, ETA 1.4 min) loss_corrente=0.0103
    [epoch 5/50 train] batch 2250/2481 (3.39 batch/s, ETA 1.1 min) loss_corrente=0.0105
    [epoch 5/50 train] batch 2300/2481 (3.39 batch/s, ETA 0.9 min) loss_corrente=0.0107
    [epoch 5/50 train] batch 2350/2481 (3.39 batch/s, ETA 0.6 min) loss_corrente=0.0108
    [epoch 5/50 train] batch 2400/2481 (3.39 batch/s, ETA 0.4 min) loss_corrente=0.0110
    [epoch 5/50 train] batch 2450/2481 (3.39 batch/s, ETA 0.2 min) loss_corrente=0.0111
    [epoch 5/50 train] batch 2481/2481 (3.39 batch/s, ETA 0.0 min) loss_corrente=0.0110
    [epoch 5/50 val] batch 50/439 (8.03 batch/s, ETA 0.8 min) loss_corrente=0.1131
    [epoch 5/50 val] batch 100/439 (8.22 batch/s, ETA 0.7 min) loss_corrente=0.0829
    [epoch 5/50 val] batch 150/439 (8.26 batch/s, ETA 0.6 min) loss_corrente=0.0630
    [epoch 5/50 val] batch 200/439 (8.29 batch/s, ETA 0.5 min) loss_corrente=0.0685
    [epoch 5/50 val] batch 250/439 (8.32 batch/s, ETA 0.4 min) loss_corrente=0.0607
    [epoch 5/50 val] batch 300/439 (8.33 batch/s, ETA 0.3 min) loss_corrente=0.0588
    [epoch 5/50 val] batch 350/439 (8.33 batch/s, ETA 0.2 min) loss_corrente=0.0541
    [epoch 5/50 val] batch 400/439 (8.34 batch/s, ETA 0.1 min) loss_corrente=0.0552
    [epoch 5/50 val] batch 439/439 (8.34 batch/s, ETA 0.0 min) loss_corrente=0.0543
Epoch   5/50 | train_loss=0.0110 train_acc=0.997 | val_loss=0.0543 val_acc=0.987
    [epoch 6/50 train] batch 50/2481 (3.35 batch/s, ETA 12.1 min) loss_corrente=0.0014
    [epoch 6/50 train] batch 100/2481 (3.38 batch/s, ETA 11.7 min) loss_corrente=0.0028
    [epoch 6/50 train] batch 150/2481 (3.41 batch/s, ETA 11.4 min) loss_corrente=0.0055
    [epoch 6/50 train] batch 200/2481 (3.41 batch/s, ETA 11.2 min) loss_corrente=0.0056
    [epoch 6/50 train] batch 250/2481 (3.41 batch/s, ETA 10.9 min) loss_corrente=0.0053
    [epoch 6/50 train] batch 300/2481 (3.40 batch/s, ETA 10.7 min) loss_corrente=0.0047
    [epoch 6/50 train] batch 350/2481 (3.40 batch/s, ETA 10.4 min) loss_corrente=0.0071
    [epoch 6/50 train] batch 400/2481 (3.41 batch/s, ETA 10.2 min) loss_corrente=0.0065
    [epoch 6/50 train] batch 450/2481 (3.41 batch/s, ETA 9.9 min) loss_corrente=0.0067
    [epoch 6/50 train] batch 500/2481 (3.42 batch/s, ETA 9.7 min) loss_corrente=0.0073
    [epoch 6/50 train] batch 550/2481 (3.42 batch/s, ETA 9.4 min) loss_corrente=0.0071
    [epoch 6/50 train] batch 600/2481 (3.43 batch/s, ETA 9.1 min) loss_corrente=0.0071
    [epoch 6/50 train] batch 650/2481 (3.44 batch/s, ETA 8.9 min) loss_corrente=0.0076
    [epoch 6/50 train] batch 700/2481 (3.44 batch/s, ETA 8.6 min) loss_corrente=0.0079
    [epoch 6/50 train] batch 750/2481 (3.45 batch/s, ETA 8.4 min) loss_corrente=0.0080
    [epoch 6/50 train] batch 800/2481 (3.45 batch/s, ETA 8.1 min) loss_corrente=0.0085
    [epoch 6/50 train] batch 850/2481 (3.46 batch/s, ETA 7.9 min) loss_corrente=0.0094
    [epoch 6/50 train] batch 900/2481 (3.46 batch/s, ETA 7.6 min) loss_corrente=0.0094
    [epoch 6/50 train] batch 950/2481 (3.47 batch/s, ETA 7.4 min) loss_corrente=0.0095
    [epoch 6/50 train] batch 1000/2481 (3.47 batch/s, ETA 7.1 min) loss_corrente=0.0093
    [epoch 6/50 train] batch 1050/2481 (3.48 batch/s, ETA 6.9 min) loss_corrente=0.0091
    [epoch 6/50 train] batch 1100/2481 (3.48 batch/s, ETA 6.6 min) loss_corrente=0.0087
    [epoch 6/50 train] batch 1150/2481 (3.49 batch/s, ETA 6.4 min) loss_corrente=0.0086
    [epoch 6/50 train] batch 1200/2481 (3.49 batch/s, ETA 6.1 min) loss_corrente=0.0086
    [epoch 6/50 train] batch 1250/2481 (3.50 batch/s, ETA 5.9 min) loss_corrente=0.0084
    [epoch 6/50 train] batch 1300/2481 (3.50 batch/s, ETA 5.6 min) loss_corrente=0.0086
    [epoch 6/50 train] batch 1350/2481 (3.51 batch/s, ETA 5.4 min) loss_corrente=0.0085
    [epoch 6/50 train] batch 1400/2481 (3.51 batch/s, ETA 5.1 min) loss_corrente=0.0084
    [epoch 6/50 train] batch 1450/2481 (3.51 batch/s, ETA 4.9 min) loss_corrente=0.0089
    [epoch 6/50 train] batch 1500/2481 (3.51 batch/s, ETA 4.7 min) loss_corrente=0.0087
    [epoch 6/50 train] batch 1550/2481 (3.51 batch/s, ETA 4.4 min) loss_corrente=0.0085
    [epoch 6/50 train] batch 1600/2481 (3.51 batch/s, ETA 4.2 min) loss_corrente=0.0082
    [epoch 6/50 train] batch 1650/2481 (3.52 batch/s, ETA 3.9 min) loss_corrente=0.0082
    [epoch 6/50 train] batch 1700/2481 (3.51 batch/s, ETA 3.7 min) loss_corrente=0.0086
    [epoch 6/50 train] batch 1750/2481 (3.50 batch/s, ETA 3.5 min) loss_corrente=0.0083
    [epoch 6/50 train] batch 1800/2481 (3.50 batch/s, ETA 3.2 min) loss_corrente=0.0083
    [epoch 6/50 train] batch 1850/2481 (3.50 batch/s, ETA 3.0 min) loss_corrente=0.0082
    [epoch 6/50 train] batch 1900/2481 (3.50 batch/s, ETA 2.8 min) loss_corrente=0.0082
    [epoch 6/50 train] batch 1950/2481 (3.50 batch/s, ETA 2.5 min) loss_corrente=0.0080
    [epoch 6/50 train] batch 2000/2481 (3.49 batch/s, ETA 2.3 min) loss_corrente=0.0080
    [epoch 6/50 train] batch 2050/2481 (3.49 batch/s, ETA 2.1 min) loss_corrente=0.0083
    [epoch 6/50 train] batch 2100/2481 (3.49 batch/s, ETA 1.8 min) loss_corrente=0.0085
    [epoch 6/50 train] batch 2150/2481 (3.49 batch/s, ETA 1.6 min) loss_corrente=0.0085
    [epoch 6/50 train] batch 2200/2481 (3.49 batch/s, ETA 1.3 min) loss_corrente=0.0086
    [epoch 6/50 train] batch 2250/2481 (3.49 batch/s, ETA 1.1 min) loss_corrente=0.0085
    [epoch 6/50 train] batch 2300/2481 (3.48 batch/s, ETA 0.9 min) loss_corrente=0.0084
    [epoch 6/50 train] batch 2350/2481 (3.48 batch/s, ETA 0.6 min) loss_corrente=0.0083
    [epoch 6/50 train] batch 2400/2481 (3.48 batch/s, ETA 0.4 min) loss_corrente=0.0083
    [epoch 6/50 train] batch 2450/2481 (3.48 batch/s, ETA 0.1 min) loss_corrente=0.0081
    [epoch 6/50 train] batch 2481/2481 (3.48 batch/s, ETA 0.0 min) loss_corrente=0.0081
    [epoch 6/50 val] batch 50/439 (7.96 batch/s, ETA 0.8 min) loss_corrente=0.1410
    [epoch 6/50 val] batch 100/439 (8.08 batch/s, ETA 0.7 min) loss_corrente=0.1211
    [epoch 6/50 val] batch 150/439 (8.17 batch/s, ETA 0.6 min) loss_corrente=0.0925
    [epoch 6/50 val] batch 200/439 (8.19 batch/s, ETA 0.5 min) loss_corrente=0.0974
    [epoch 6/50 val] batch 250/439 (8.20 batch/s, ETA 0.4 min) loss_corrente=0.0857
    [epoch 6/50 val] batch 300/439 (8.28 batch/s, ETA 0.3 min) loss_corrente=0.0865
    [epoch 6/50 val] batch 350/439 (8.31 batch/s, ETA 0.2 min) loss_corrente=0.0814
    [epoch 6/50 val] batch 400/439 (8.30 batch/s, ETA 0.1 min) loss_corrente=0.0805
    [epoch 6/50 val] batch 439/439 (8.30 batch/s, ETA 0.0 min) loss_corrente=0.0793
Epoch   6/50 | train_loss=0.0081 train_acc=0.998 | val_loss=0.0793 val_acc=0.985
    [epoch 7/50 train] batch 50/2481 (3.36 batch/s, ETA 12.0 min) loss_corrente=0.0015
    [epoch 7/50 train] batch 100/2481 (3.45 batch/s, ETA 11.5 min) loss_corrente=0.0051
    [epoch 7/50 train] batch 150/2481 (3.41 batch/s, ETA 11.4 min) loss_corrente=0.0076
    [epoch 7/50 train] batch 200/2481 (3.40 batch/s, ETA 11.2 min) loss_corrente=0.0062
    [epoch 7/50 train] batch 250/2481 (3.40 batch/s, ETA 10.9 min) loss_corrente=0.0055
    [epoch 7/50 train] batch 300/2481 (3.38 batch/s, ETA 10.8 min) loss_corrente=0.0048
    [epoch 7/50 train] batch 350/2481 (3.40 batch/s, ETA 10.4 min) loss_corrente=0.0045
    [epoch 7/50 train] batch 400/2481 (3.40 batch/s, ETA 10.2 min) loss_corrente=0.0045
    [epoch 7/50 train] batch 450/2481 (3.40 batch/s, ETA 10.0 min) loss_corrente=0.0041
    [epoch 7/50 train] batch 500/2481 (3.39 batch/s, ETA 9.7 min) loss_corrente=0.0037
    [epoch 7/50 train] batch 550/2481 (3.39 batch/s, ETA 9.5 min) loss_corrente=0.0035
    [epoch 7/50 train] batch 600/2481 (3.38 batch/s, ETA 9.3 min) loss_corrente=0.0032
    [epoch 7/50 train] batch 650/2481 (3.39 batch/s, ETA 9.0 min) loss_corrente=0.0051
    [epoch 7/50 train] batch 700/2481 (3.38 batch/s, ETA 8.8 min) loss_corrente=0.0052
    [epoch 7/50 train] batch 750/2481 (3.38 batch/s, ETA 8.5 min) loss_corrente=0.0058
    [epoch 7/50 train] batch 800/2481 (3.38 batch/s, ETA 8.3 min) loss_corrente=0.0056
    [epoch 7/50 train] batch 850/2481 (3.38 batch/s, ETA 8.0 min) loss_corrente=0.0055
    [epoch 7/50 train] batch 900/2481 (3.38 batch/s, ETA 7.8 min) loss_corrente=0.0057
    [epoch 7/50 train] batch 950/2481 (3.37 batch/s, ETA 7.6 min) loss_corrente=0.0056
    [epoch 7/50 train] batch 1000/2481 (3.37 batch/s, ETA 7.3 min) loss_corrente=0.0055
    [epoch 7/50 train] batch 1050/2481 (3.38 batch/s, ETA 7.1 min) loss_corrente=0.0054
    [epoch 7/50 train] batch 1100/2481 (3.38 batch/s, ETA 6.8 min) loss_corrente=0.0054
    [epoch 7/50 train] batch 1150/2481 (3.38 batch/s, ETA 6.6 min) loss_corrente=0.0055
    [epoch 7/50 train] batch 1200/2481 (3.39 batch/s, ETA 6.3 min) loss_corrente=0.0053
    [epoch 7/50 train] batch 1250/2481 (3.39 batch/s, ETA 6.1 min) loss_corrente=0.0054
    [epoch 7/50 train] batch 1300/2481 (3.39 batch/s, ETA 5.8 min) loss_corrente=0.0053
    [epoch 7/50 train] batch 1350/2481 (3.40 batch/s, ETA 5.5 min) loss_corrente=0.0051
    [epoch 7/50 train] batch 1400/2481 (3.40 batch/s, ETA 5.3 min) loss_corrente=0.0050
    [epoch 7/50 train] batch 1450/2481 (3.39 batch/s, ETA 5.1 min) loss_corrente=0.0048
    [epoch 7/50 train] batch 1500/2481 (3.40 batch/s, ETA 4.8 min) loss_corrente=0.0052
    [epoch 7/50 train] batch 1550/2481 (3.39 batch/s, ETA 4.6 min) loss_corrente=0.0055
    [epoch 7/50 train] batch 1600/2481 (3.39 batch/s, ETA 4.3 min) loss_corrente=0.0059
    [epoch 7/50 train] batch 1650/2481 (3.40 batch/s, ETA 4.1 min) loss_corrente=0.0060
    [epoch 7/50 train] batch 1700/2481 (3.40 batch/s, ETA 3.8 min) loss_corrente=0.0061
    [epoch 7/50 train] batch 1750/2481 (3.40 batch/s, ETA 3.6 min) loss_corrente=0.0060
    [epoch 7/50 train] batch 1800/2481 (3.40 batch/s, ETA 3.3 min) loss_corrente=0.0063
    [epoch 7/50 train] batch 1850/2481 (3.40 batch/s, ETA 3.1 min) loss_corrente=0.0062
    [epoch 7/50 train] batch 1900/2481 (3.41 batch/s, ETA 2.8 min) loss_corrente=0.0062
    [epoch 7/50 train] batch 1950/2481 (3.40 batch/s, ETA 2.6 min) loss_corrente=0.0064
    [epoch 7/50 train] batch 2000/2481 (3.41 batch/s, ETA 2.4 min) loss_corrente=0.0064
    [epoch 7/50 train] batch 2050/2481 (3.41 batch/s, ETA 2.1 min) loss_corrente=0.0063
    [epoch 7/50 train] batch 2100/2481 (3.42 batch/s, ETA 1.9 min) loss_corrente=0.0064
    [epoch 7/50 train] batch 2150/2481 (3.42 batch/s, ETA 1.6 min) loss_corrente=0.0063
    [epoch 7/50 train] batch 2200/2481 (3.42 batch/s, ETA 1.4 min) loss_corrente=0.0064
    [epoch 7/50 train] batch 2250/2481 (3.42 batch/s, ETA 1.1 min) loss_corrente=0.0063
    [epoch 7/50 train] batch 2300/2481 (3.42 batch/s, ETA 0.9 min) loss_corrente=0.0062
    [epoch 7/50 train] batch 2350/2481 (3.42 batch/s, ETA 0.6 min) loss_corrente=0.0061
    [epoch 7/50 train] batch 2400/2481 (3.42 batch/s, ETA 0.4 min) loss_corrente=0.0061
    [epoch 7/50 train] batch 2450/2481 (3.42 batch/s, ETA 0.2 min) loss_corrente=0.0061
    [epoch 7/50 train] batch 2481/2481 (3.42 batch/s, ETA 0.0 min) loss_corrente=0.0060
    [epoch 7/50 val] batch 50/439 (8.47 batch/s, ETA 0.8 min) loss_corrente=0.1218
    [epoch 7/50 val] batch 100/439 (8.44 batch/s, ETA 0.7 min) loss_corrente=0.0937
    [epoch 7/50 val] batch 150/439 (8.42 batch/s, ETA 0.6 min) loss_corrente=0.0725
    [epoch 7/50 val] batch 200/439 (8.43 batch/s, ETA 0.5 min) loss_corrente=0.0818
    [epoch 7/50 val] batch 250/439 (8.45 batch/s, ETA 0.4 min) loss_corrente=0.0733
    [epoch 7/50 val] batch 300/439 (8.47 batch/s, ETA 0.3 min) loss_corrente=0.0713
    [epoch 7/50 val] batch 350/439 (8.47 batch/s, ETA 0.2 min) loss_corrente=0.0666
    [epoch 7/50 val] batch 400/439 (8.45 batch/s, ETA 0.1 min) loss_corrente=0.0668
    [epoch 7/50 val] batch 439/439 (8.47 batch/s, ETA 0.0 min) loss_corrente=0.0658
Epoch   7/50 | train_loss=0.0060 train_acc=0.998 | val_loss=0.0658 val_acc=0.987

[Early stopping] Nessun miglioramento da 5 epoche

[Completato] Best val_loss=0.0464
[Output] weights/fase3_siglip_lora_full/fase3_siglip_lora_full_r16_neg025_pad50/results.csv  (compatibile con analyze_yolo_loss_magnitude.py)
[Output] weights/fase3_siglip_lora_full/fase3_siglip_lora_full_r16_neg025_pad50/best  (adapter LoRA visual+text, logit_scale/bias migliori)
==================================================
Job completato: Sat Aug  1 03:10:11 PM CEST 2026
==================================================
