==================================================
Job: oos_fase3_full_r16 (SigLIP completo, LoRA rank=16, alpha=32)
Data: Sat Jul 25 11:25:19 AM CEST 2026
Nodo: ainode01
==================================================
NVIDIA H100 80GB HBM3, 81559 MiB
[Setup] Device: cuda
[Setup] Carico processor/modello: google/siglip2-giant-opt-patch16-384
[Dati] Costruisco dataset di training...
[Dataset] train: 32554 positivi, 7139 negativi (39693 campioni totali)
[Dati] Costruisco dataset di validazione...
[Dataset] val: 5783 positivi, 1237 negativi (7020 campioni totali)
[Modello] Costruisco SigLIP2 completo (vision+text) + LoRA su entrambe le torri...
[Modello] LoRA visual: rank=16, alpha=32 (rapporto=2.0)
[Modello] LoRA text  : rank=8, alpha=16
[Modello] Parametri allenabili: 4,927,490 / 1,876,812,912 (0.26%)

[Training] Inizio — 50 epoche, batch=16, lr=2e-05
    [epoch 1/50 train] batch 50/2481 (3.34 batch/s, ETA 12.1 min) loss_corrente=1.2367
    [epoch 1/50 train] batch 100/2481 (3.52 batch/s, ETA 11.3 min) loss_corrente=0.9126
    [epoch 1/50 train] batch 150/2481 (3.58 batch/s, ETA 10.8 min) loss_corrente=0.7737
    [epoch 1/50 train] batch 200/2481 (3.62 batch/s, ETA 10.5 min) loss_corrente=0.6772
    [epoch 1/50 train] batch 250/2481 (3.64 batch/s, ETA 10.2 min) loss_corrente=0.6077
    [epoch 1/50 train] batch 300/2481 (3.65 batch/s, ETA 10.0 min) loss_corrente=0.5528
    [epoch 1/50 train] batch 350/2481 (3.66 batch/s, ETA 9.7 min) loss_corrente=0.5038
    [epoch 1/50 train] batch 400/2481 (3.67 batch/s, ETA 9.4 min) loss_corrente=0.4604
    [epoch 1/50 train] batch 450/2481 (3.68 batch/s, ETA 9.2 min) loss_corrente=0.4255
    [epoch 1/50 train] batch 500/2481 (3.68 batch/s, ETA 9.0 min) loss_corrente=0.3964
    [epoch 1/50 train] batch 550/2481 (3.69 batch/s, ETA 8.7 min) loss_corrente=0.3696
    [epoch 1/50 train] batch 600/2481 (3.69 batch/s, ETA 8.5 min) loss_corrente=0.3464
    [epoch 1/50 train] batch 650/2481 (3.69 batch/s, ETA 8.3 min) loss_corrente=0.3258
    [epoch 1/50 train] batch 700/2481 (3.69 batch/s, ETA 8.0 min) loss_corrente=0.3063
    [epoch 1/50 train] batch 750/2481 (3.70 batch/s, ETA 7.8 min) loss_corrente=0.2901
    [epoch 1/50 train] batch 800/2481 (3.70 batch/s, ETA 7.6 min) loss_corrente=0.2764
    [epoch 1/50 train] batch 850/2481 (3.70 batch/s, ETA 7.3 min) loss_corrente=0.2649
    [epoch 1/50 train] batch 900/2481 (3.70 batch/s, ETA 7.1 min) loss_corrente=0.2532
    [epoch 1/50 train] batch 950/2481 (3.70 batch/s, ETA 6.9 min) loss_corrente=0.2431
    [epoch 1/50 train] batch 1000/2481 (3.70 batch/s, ETA 6.7 min) loss_corrente=0.2340
    [epoch 1/50 train] batch 1050/2481 (3.70 batch/s, ETA 6.4 min) loss_corrente=0.2256
    [epoch 1/50 train] batch 1100/2481 (3.70 batch/s, ETA 6.2 min) loss_corrente=0.2172
    [epoch 1/50 train] batch 1150/2481 (3.71 batch/s, ETA 6.0 min) loss_corrente=0.2098
    [epoch 1/50 train] batch 1200/2481 (3.71 batch/s, ETA 5.8 min) loss_corrente=0.2043
    [epoch 1/50 train] batch 1250/2481 (3.71 batch/s, ETA 5.5 min) loss_corrente=0.1982
    [epoch 1/50 train] batch 1300/2481 (3.71 batch/s, ETA 5.3 min) loss_corrente=0.1926
    [epoch 1/50 train] batch 1350/2481 (3.71 batch/s, ETA 5.1 min) loss_corrente=0.1868
    [epoch 1/50 train] batch 1400/2481 (3.71 batch/s, ETA 4.9 min) loss_corrente=0.1819
    [epoch 1/50 train] batch 1450/2481 (3.71 batch/s, ETA 4.6 min) loss_corrente=0.1773
    [epoch 1/50 train] batch 1500/2481 (3.71 batch/s, ETA 4.4 min) loss_corrente=0.1727
    [epoch 1/50 train] batch 1550/2481 (3.71 batch/s, ETA 4.2 min) loss_corrente=0.1687
    [epoch 1/50 train] batch 1600/2481 (3.71 batch/s, ETA 4.0 min) loss_corrente=0.1651
    [epoch 1/50 train] batch 1650/2481 (3.71 batch/s, ETA 3.7 min) loss_corrente=0.1614
    [epoch 1/50 train] batch 1700/2481 (3.71 batch/s, ETA 3.5 min) loss_corrente=0.1586
    [epoch 1/50 train] batch 1750/2481 (3.71 batch/s, ETA 3.3 min) loss_corrente=0.1555
    [epoch 1/50 train] batch 1800/2481 (3.71 batch/s, ETA 3.1 min) loss_corrente=0.1522
    [epoch 1/50 train] batch 1850/2481 (3.71 batch/s, ETA 2.8 min) loss_corrente=0.1491
    [epoch 1/50 train] batch 1900/2481 (3.71 batch/s, ETA 2.6 min) loss_corrente=0.1470
    [epoch 1/50 train] batch 1950/2481 (3.71 batch/s, ETA 2.4 min) loss_corrente=0.1446
    [epoch 1/50 train] batch 2000/2481 (3.71 batch/s, ETA 2.2 min) loss_corrente=0.1419
    [epoch 1/50 train] batch 2050/2481 (3.71 batch/s, ETA 1.9 min) loss_corrente=0.1395
    [epoch 1/50 train] batch 2100/2481 (3.71 batch/s, ETA 1.7 min) loss_corrente=0.1371
    [epoch 1/50 train] batch 2150/2481 (3.71 batch/s, ETA 1.5 min) loss_corrente=0.1353
    [epoch 1/50 train] batch 2200/2481 (3.71 batch/s, ETA 1.3 min) loss_corrente=0.1335
    [epoch 1/50 train] batch 2250/2481 (3.71 batch/s, ETA 1.0 min) loss_corrente=0.1312
    [epoch 1/50 train] batch 2300/2481 (3.71 batch/s, ETA 0.8 min) loss_corrente=0.1293
    [epoch 1/50 train] batch 2350/2481 (3.71 batch/s, ETA 0.6 min) loss_corrente=0.1275
    [epoch 1/50 train] batch 2400/2481 (3.71 batch/s, ETA 0.4 min) loss_corrente=0.1254
    [epoch 1/50 train] batch 2450/2481 (3.71 batch/s, ETA 0.1 min) loss_corrente=0.1233
    [epoch 1/50 train] batch 2481/2481 (3.71 batch/s, ETA 0.0 min) loss_corrente=0.1222
    [epoch 1/50 val] batch 50/439 (7.90 batch/s, ETA 0.8 min) loss_corrente=0.1048
    [epoch 1/50 val] batch 100/439 (8.36 batch/s, ETA 0.7 min) loss_corrente=0.0739
    [epoch 1/50 val] batch 150/439 (8.52 batch/s, ETA 0.6 min) loss_corrente=0.0701
    [epoch 1/50 val] batch 200/439 (8.61 batch/s, ETA 0.5 min) loss_corrente=0.0737
    [epoch 1/50 val] batch 250/439 (8.65 batch/s, ETA 0.4 min) loss_corrente=0.0647
    [epoch 1/50 val] batch 300/439 (8.69 batch/s, ETA 0.3 min) loss_corrente=0.0650
    [epoch 1/50 val] batch 350/439 (8.71 batch/s, ETA 0.2 min) loss_corrente=0.0598
    [epoch 1/50 val] batch 400/439 (8.73 batch/s, ETA 0.1 min) loss_corrente=0.0623
    [epoch 1/50 val] batch 439/439 (8.74 batch/s, ETA 0.0 min) loss_corrente=0.0626
Epoch   1/50 | train_loss=0.1222 train_acc=0.964 | val_loss=0.0626 val_acc=0.981
    [epoch 2/50 train] batch 50/2481 (3.70 batch/s, ETA 11.0 min) loss_corrente=0.0268
    [epoch 2/50 train] batch 100/2481 (3.72 batch/s, ETA 10.7 min) loss_corrente=0.0358
    [epoch 2/50 train] batch 150/2481 (3.73 batch/s, ETA 10.4 min) loss_corrente=0.0336
    [epoch 2/50 train] batch 200/2481 (3.73 batch/s, ETA 10.2 min) loss_corrente=0.0306
    [epoch 2/50 train] batch 250/2481 (3.73 batch/s, ETA 10.0 min) loss_corrente=0.0329
    [epoch 2/50 train] batch 300/2481 (3.73 batch/s, ETA 9.7 min) loss_corrente=0.0344
    [epoch 2/50 train] batch 350/2481 (3.73 batch/s, ETA 9.5 min) loss_corrente=0.0337
    [epoch 2/50 train] batch 400/2481 (3.73 batch/s, ETA 9.3 min) loss_corrente=0.0350
    [epoch 2/50 train] batch 450/2481 (3.73 batch/s, ETA 9.1 min) loss_corrente=0.0347
    [epoch 2/50 train] batch 500/2481 (3.73 batch/s, ETA 8.8 min) loss_corrente=0.0348
    [epoch 2/50 train] batch 550/2481 (3.73 batch/s, ETA 8.6 min) loss_corrente=0.0340
    [epoch 2/50 train] batch 600/2481 (3.73 batch/s, ETA 8.4 min) loss_corrente=0.0335
    [epoch 2/50 train] batch 650/2481 (3.73 batch/s, ETA 8.2 min) loss_corrente=0.0332
    [epoch 2/50 train] batch 700/2481 (3.73 batch/s, ETA 8.0 min) loss_corrente=0.0326
    [epoch 2/50 train] batch 750/2481 (3.73 batch/s, ETA 7.7 min) loss_corrente=0.0324
    [epoch 2/50 train] batch 800/2481 (3.73 batch/s, ETA 7.5 min) loss_corrente=0.0312
    [epoch 2/50 train] batch 850/2481 (3.73 batch/s, ETA 7.3 min) loss_corrente=0.0317
    [epoch 2/50 train] batch 900/2481 (3.73 batch/s, ETA 7.1 min) loss_corrente=0.0311
    [epoch 2/50 train] batch 950/2481 (3.73 batch/s, ETA 6.8 min) loss_corrente=0.0308
    [epoch 2/50 train] batch 1000/2481 (3.73 batch/s, ETA 6.6 min) loss_corrente=0.0314
    [epoch 2/50 train] batch 1050/2481 (3.73 batch/s, ETA 6.4 min) loss_corrente=0.0314
    [epoch 2/50 train] batch 1100/2481 (3.73 batch/s, ETA 6.2 min) loss_corrente=0.0308
    [epoch 2/50 train] batch 1150/2481 (3.73 batch/s, ETA 5.9 min) loss_corrente=0.0313
    [epoch 2/50 train] batch 1200/2481 (3.73 batch/s, ETA 5.7 min) loss_corrente=0.0307
    [epoch 2/50 train] batch 1250/2481 (3.73 batch/s, ETA 5.5 min) loss_corrente=0.0309
    [epoch 2/50 train] batch 1300/2481 (3.73 batch/s, ETA 5.3 min) loss_corrente=0.0314
    [epoch 2/50 train] batch 1350/2481 (3.73 batch/s, ETA 5.1 min) loss_corrente=0.0317
    [epoch 2/50 train] batch 1400/2481 (3.73 batch/s, ETA 4.8 min) loss_corrente=0.0313
    [epoch 2/50 train] batch 1450/2481 (3.73 batch/s, ETA 4.6 min) loss_corrente=0.0319
    [epoch 2/50 train] batch 1500/2481 (3.73 batch/s, ETA 4.4 min) loss_corrente=0.0316
    [epoch 2/50 train] batch 1550/2481 (3.73 batch/s, ETA 4.2 min) loss_corrente=0.0320
    [epoch 2/50 train] batch 1600/2481 (3.73 batch/s, ETA 3.9 min) loss_corrente=0.0318
    [epoch 2/50 train] batch 1650/2481 (3.73 batch/s, ETA 3.7 min) loss_corrente=0.0318
    [epoch 2/50 train] batch 1700/2481 (3.73 batch/s, ETA 3.5 min) loss_corrente=0.0315
    [epoch 2/50 train] batch 1750/2481 (3.73 batch/s, ETA 3.3 min) loss_corrente=0.0313
    [epoch 2/50 train] batch 1800/2481 (3.73 batch/s, ETA 3.0 min) loss_corrente=0.0311
    [epoch 2/50 train] batch 1850/2481 (3.73 batch/s, ETA 2.8 min) loss_corrente=0.0310
    [epoch 2/50 train] batch 1900/2481 (3.73 batch/s, ETA 2.6 min) loss_corrente=0.0312
    [epoch 2/50 train] batch 1950/2481 (3.73 batch/s, ETA 2.4 min) loss_corrente=0.0314
    [epoch 2/50 train] batch 2000/2481 (3.73 batch/s, ETA 2.1 min) loss_corrente=0.0316
    [epoch 2/50 train] batch 2050/2481 (3.73 batch/s, ETA 1.9 min) loss_corrente=0.0316
    [epoch 2/50 train] batch 2100/2481 (3.73 batch/s, ETA 1.7 min) loss_corrente=0.0314
    [epoch 2/50 train] batch 2150/2481 (3.73 batch/s, ETA 1.5 min) loss_corrente=0.0313
    [epoch 2/50 train] batch 2200/2481 (3.73 batch/s, ETA 1.3 min) loss_corrente=0.0309
    [epoch 2/50 train] batch 2250/2481 (3.73 batch/s, ETA 1.0 min) loss_corrente=0.0308
    [epoch 2/50 train] batch 2300/2481 (3.73 batch/s, ETA 0.8 min) loss_corrente=0.0309
    [epoch 2/50 train] batch 2350/2481 (3.73 batch/s, ETA 0.6 min) loss_corrente=0.0308
    [epoch 2/50 train] batch 2400/2481 (3.73 batch/s, ETA 0.4 min) loss_corrente=0.0314
    [epoch 2/50 train] batch 2450/2481 (3.73 batch/s, ETA 0.1 min) loss_corrente=0.0314
    [epoch 2/50 train] batch 2481/2481 (3.73 batch/s, ETA 0.0 min) loss_corrente=0.0315
    [epoch 2/50 val] batch 50/439 (8.62 batch/s, ETA 0.8 min) loss_corrente=0.0726
    [epoch 2/50 val] batch 100/439 (8.73 batch/s, ETA 0.6 min) loss_corrente=0.0591
    [epoch 2/50 val] batch 150/439 (8.78 batch/s, ETA 0.5 min) loss_corrente=0.0506
    [epoch 2/50 val] batch 200/439 (8.80 batch/s, ETA 0.5 min) loss_corrente=0.0509
    [epoch 2/50 val] batch 250/439 (8.81 batch/s, ETA 0.4 min) loss_corrente=0.0451
    [epoch 2/50 val] batch 300/439 (8.82 batch/s, ETA 0.3 min) loss_corrente=0.0470
    [epoch 2/50 val] batch 350/439 (8.83 batch/s, ETA 0.2 min) loss_corrente=0.0426
    [epoch 2/50 val] batch 400/439 (8.83 batch/s, ETA 0.1 min) loss_corrente=0.0434
    [epoch 2/50 val] batch 439/439 (8.84 batch/s, ETA 0.0 min) loss_corrente=0.0436
Epoch   2/50 | train_loss=0.0315 train_acc=0.990 | val_loss=0.0436 val_acc=0.986
    [epoch 3/50 train] batch 50/2481 (3.70 batch/s, ETA 10.9 min) loss_corrente=0.0227
    [epoch 3/50 train] batch 100/2481 (3.70 batch/s, ETA 10.7 min) loss_corrente=0.0248
    [epoch 3/50 train] batch 150/2481 (3.71 batch/s, ETA 10.5 min) loss_corrente=0.0239
    [epoch 3/50 train] batch 200/2481 (3.72 batch/s, ETA 10.2 min) loss_corrente=0.0214
    [epoch 3/50 train] batch 250/2481 (3.72 batch/s, ETA 10.0 min) loss_corrente=0.0207
    [epoch 3/50 train] batch 300/2481 (3.73 batch/s, ETA 9.8 min) loss_corrente=0.0215
    [epoch 3/50 train] batch 350/2481 (3.73 batch/s, ETA 9.5 min) loss_corrente=0.0198
    [epoch 3/50 train] batch 400/2481 (3.73 batch/s, ETA 9.3 min) loss_corrente=0.0186
    [epoch 3/50 train] batch 450/2481 (3.73 batch/s, ETA 9.1 min) loss_corrente=0.0189
    [epoch 3/50 train] batch 500/2481 (3.73 batch/s, ETA 8.9 min) loss_corrente=0.0192
    [epoch 3/50 train] batch 550/2481 (3.73 batch/s, ETA 8.6 min) loss_corrente=0.0182
    [epoch 3/50 train] batch 600/2481 (3.73 batch/s, ETA 8.4 min) loss_corrente=0.0180
    [epoch 3/50 train] batch 650/2481 (3.73 batch/s, ETA 8.2 min) loss_corrente=0.0175
    [epoch 3/50 train] batch 700/2481 (3.73 batch/s, ETA 8.0 min) loss_corrente=0.0166
    [epoch 3/50 train] batch 750/2481 (3.73 batch/s, ETA 7.7 min) loss_corrente=0.0171
    [epoch 3/50 train] batch 800/2481 (3.73 batch/s, ETA 7.5 min) loss_corrente=0.0180
    [epoch 3/50 train] batch 850/2481 (3.73 batch/s, ETA 7.3 min) loss_corrente=0.0177
    [epoch 3/50 train] batch 900/2481 (3.73 batch/s, ETA 7.1 min) loss_corrente=0.0181
    [epoch 3/50 train] batch 950/2481 (3.74 batch/s, ETA 6.8 min) loss_corrente=0.0179
    [epoch 3/50 train] batch 1000/2481 (3.74 batch/s, ETA 6.6 min) loss_corrente=0.0184
    [epoch 3/50 train] batch 1050/2481 (3.74 batch/s, ETA 6.4 min) loss_corrente=0.0187
    [epoch 3/50 train] batch 1100/2481 (3.74 batch/s, ETA 6.2 min) loss_corrente=0.0186
    [epoch 3/50 train] batch 1150/2481 (3.74 batch/s, ETA 5.9 min) loss_corrente=0.0190
    [epoch 3/50 train] batch 1200/2481 (3.74 batch/s, ETA 5.7 min) loss_corrente=0.0193
    [epoch 3/50 train] batch 1250/2481 (3.74 batch/s, ETA 5.5 min) loss_corrente=0.0197
    [epoch 3/50 train] batch 1300/2481 (3.74 batch/s, ETA 5.3 min) loss_corrente=0.0195
    [epoch 3/50 train] batch 1350/2481 (3.74 batch/s, ETA 5.0 min) loss_corrente=0.0191
    [epoch 3/50 train] batch 1400/2481 (3.74 batch/s, ETA 4.8 min) loss_corrente=0.0194
    [epoch 3/50 train] batch 1450/2481 (3.74 batch/s, ETA 4.6 min) loss_corrente=0.0200
    [epoch 3/50 train] batch 1500/2481 (3.74 batch/s, ETA 4.4 min) loss_corrente=0.0197
    [epoch 3/50 train] batch 1550/2481 (3.74 batch/s, ETA 4.1 min) loss_corrente=0.0198
    [epoch 3/50 train] batch 1600/2481 (3.74 batch/s, ETA 3.9 min) loss_corrente=0.0207
    [epoch 3/50 train] batch 1650/2481 (3.74 batch/s, ETA 3.7 min) loss_corrente=0.0205
    [epoch 3/50 train] batch 1700/2481 (3.74 batch/s, ETA 3.5 min) loss_corrente=0.0204
    [epoch 3/50 train] batch 1750/2481 (3.74 batch/s, ETA 3.3 min) loss_corrente=0.0203
    [epoch 3/50 train] batch 1800/2481 (3.74 batch/s, ETA 3.0 min) loss_corrente=0.0204
    [epoch 3/50 train] batch 1850/2481 (3.74 batch/s, ETA 2.8 min) loss_corrente=0.0204
    [epoch 3/50 train] batch 1900/2481 (3.74 batch/s, ETA 2.6 min) loss_corrente=0.0205
    [epoch 3/50 train] batch 1950/2481 (3.74 batch/s, ETA 2.4 min) loss_corrente=0.0205
    [epoch 3/50 train] batch 2000/2481 (3.74 batch/s, ETA 2.1 min) loss_corrente=0.0203
    [epoch 3/50 train] batch 2050/2481 (3.74 batch/s, ETA 1.9 min) loss_corrente=0.0205
    [epoch 3/50 train] batch 2100/2481 (3.74 batch/s, ETA 1.7 min) loss_corrente=0.0204
    [epoch 3/50 train] batch 2150/2481 (3.74 batch/s, ETA 1.5 min) loss_corrente=0.0204
    [epoch 3/50 train] batch 2200/2481 (3.74 batch/s, ETA 1.3 min) loss_corrente=0.0202
    [epoch 3/50 train] batch 2250/2481 (3.74 batch/s, ETA 1.0 min) loss_corrente=0.0205
    [epoch 3/50 train] batch 2300/2481 (3.74 batch/s, ETA 0.8 min) loss_corrente=0.0209
    [epoch 3/50 train] batch 2350/2481 (3.74 batch/s, ETA 0.6 min) loss_corrente=0.0215
    [epoch 3/50 train] batch 2400/2481 (3.74 batch/s, ETA 0.4 min) loss_corrente=0.0215
    [epoch 3/50 train] batch 2450/2481 (3.74 batch/s, ETA 0.1 min) loss_corrente=0.0214
    [epoch 3/50 train] batch 2481/2481 (3.74 batch/s, ETA 0.0 min) loss_corrente=0.0212
    [epoch 3/50 val] batch 50/439 (8.65 batch/s, ETA 0.7 min) loss_corrente=0.0724
    [epoch 3/50 val] batch 100/439 (8.77 batch/s, ETA 0.6 min) loss_corrente=0.0556
    [epoch 3/50 val] batch 150/439 (8.80 batch/s, ETA 0.5 min) loss_corrente=0.0515
    [epoch 3/50 val] batch 200/439 (8.82 batch/s, ETA 0.5 min) loss_corrente=0.0502
    [epoch 3/50 val] batch 250/439 (8.83 batch/s, ETA 0.4 min) loss_corrente=0.0449
    [epoch 3/50 val] batch 300/439 (8.83 batch/s, ETA 0.3 min) loss_corrente=0.0464
    [epoch 3/50 val] batch 350/439 (8.84 batch/s, ETA 0.2 min) loss_corrente=0.0417
    [epoch 3/50 val] batch 400/439 (8.84 batch/s, ETA 0.1 min) loss_corrente=0.0431
    [epoch 3/50 val] batch 439/439 (8.85 batch/s, ETA 0.0 min) loss_corrente=0.0426
Epoch   3/50 | train_loss=0.0212 train_acc=0.993 | val_loss=0.0426 val_acc=0.985
    [epoch 4/50 train] batch 50/2481 (3.69 batch/s, ETA 11.0 min) loss_corrente=0.0083
    [epoch 4/50 train] batch 100/2481 (3.71 batch/s, ETA 10.7 min) loss_corrente=0.0109
    [epoch 4/50 train] batch 150/2481 (3.72 batch/s, ETA 10.5 min) loss_corrente=0.0121
    [epoch 4/50 train] batch 200/2481 (3.72 batch/s, ETA 10.2 min) loss_corrente=0.0134
    [epoch 4/50 train] batch 250/2481 (3.73 batch/s, ETA 10.0 min) loss_corrente=0.0137
    [epoch 4/50 train] batch 300/2481 (3.73 batch/s, ETA 9.7 min) loss_corrente=0.0179
    [epoch 4/50 train] batch 350/2481 (3.73 batch/s, ETA 9.5 min) loss_corrente=0.0203
    [epoch 4/50 train] batch 400/2481 (3.74 batch/s, ETA 9.3 min) loss_corrente=0.0193
    [epoch 4/50 train] batch 450/2481 (3.74 batch/s, ETA 9.1 min) loss_corrente=0.0178
    [epoch 4/50 train] batch 500/2481 (3.74 batch/s, ETA 8.8 min) loss_corrente=0.0165
    [epoch 4/50 train] batch 550/2481 (3.74 batch/s, ETA 8.6 min) loss_corrente=0.0156
    [epoch 4/50 train] batch 600/2481 (3.74 batch/s, ETA 8.4 min) loss_corrente=0.0146
    [epoch 4/50 train] batch 650/2481 (3.74 batch/s, ETA 8.2 min) loss_corrente=0.0152
    [epoch 4/50 train] batch 700/2481 (3.74 batch/s, ETA 7.9 min) loss_corrente=0.0151
    [epoch 4/50 train] batch 750/2481 (3.74 batch/s, ETA 7.7 min) loss_corrente=0.0149
    [epoch 4/50 train] batch 800/2481 (3.74 batch/s, ETA 7.5 min) loss_corrente=0.0151
    [epoch 4/50 train] batch 850/2481 (3.74 batch/s, ETA 7.3 min) loss_corrente=0.0150
    [epoch 4/50 train] batch 900/2481 (3.74 batch/s, ETA 7.0 min) loss_corrente=0.0149
    [epoch 4/50 train] batch 950/2481 (3.74 batch/s, ETA 6.8 min) loss_corrente=0.0145
    [epoch 4/50 train] batch 1000/2481 (3.74 batch/s, ETA 6.6 min) loss_corrente=0.0147
    [epoch 4/50 train] batch 1050/2481 (3.74 batch/s, ETA 6.4 min) loss_corrente=0.0142
    [epoch 4/50 train] batch 1100/2481 (3.74 batch/s, ETA 6.2 min) loss_corrente=0.0139
    [epoch 4/50 train] batch 1150/2481 (3.74 batch/s, ETA 5.9 min) loss_corrente=0.0138
    [epoch 4/50 train] batch 1200/2481 (3.74 batch/s, ETA 5.7 min) loss_corrente=0.0138
    [epoch 4/50 train] batch 1250/2481 (3.74 batch/s, ETA 5.5 min) loss_corrente=0.0134
    [epoch 4/50 train] batch 1300/2481 (3.74 batch/s, ETA 5.3 min) loss_corrente=0.0140
    [epoch 4/50 train] batch 1350/2481 (3.74 batch/s, ETA 5.0 min) loss_corrente=0.0145
    [epoch 4/50 train] batch 1400/2481 (3.74 batch/s, ETA 4.8 min) loss_corrente=0.0146
    [epoch 4/50 train] batch 1450/2481 (3.74 batch/s, ETA 4.6 min) loss_corrente=0.0143
    [epoch 4/50 train] batch 1500/2481 (3.74 batch/s, ETA 4.4 min) loss_corrente=0.0142
    [epoch 4/50 train] batch 1550/2481 (3.74 batch/s, ETA 4.1 min) loss_corrente=0.0149
    [epoch 4/50 train] batch 1600/2481 (3.74 batch/s, ETA 3.9 min) loss_corrente=0.0149
    [epoch 4/50 train] batch 1650/2481 (3.74 batch/s, ETA 3.7 min) loss_corrente=0.0149
    [epoch 4/50 train] batch 1700/2481 (3.74 batch/s, ETA 3.5 min) loss_corrente=0.0148
    [epoch 4/50 train] batch 1750/2481 (3.74 batch/s, ETA 3.3 min) loss_corrente=0.0146
    [epoch 4/50 train] batch 1800/2481 (3.74 batch/s, ETA 3.0 min) loss_corrente=0.0147
    [epoch 4/50 train] batch 1850/2481 (3.74 batch/s, ETA 2.8 min) loss_corrente=0.0155
    [epoch 4/50 train] batch 1900/2481 (3.74 batch/s, ETA 2.6 min) loss_corrente=0.0156
    [epoch 4/50 train] batch 1950/2481 (3.74 batch/s, ETA 2.4 min) loss_corrente=0.0153
    [epoch 4/50 train] batch 2000/2481 (3.74 batch/s, ETA 2.1 min) loss_corrente=0.0153
    [epoch 4/50 train] batch 2050/2481 (3.74 batch/s, ETA 1.9 min) loss_corrente=0.0155
    [epoch 4/50 train] batch 2100/2481 (3.74 batch/s, ETA 1.7 min) loss_corrente=0.0153
    [epoch 4/50 train] batch 2150/2481 (3.74 batch/s, ETA 1.5 min) loss_corrente=0.0154
    [epoch 4/50 train] batch 2200/2481 (3.74 batch/s, ETA 1.3 min) loss_corrente=0.0153
    [epoch 4/50 train] batch 2250/2481 (3.74 batch/s, ETA 1.0 min) loss_corrente=0.0150
    [epoch 4/50 train] batch 2300/2481 (3.74 batch/s, ETA 0.8 min) loss_corrente=0.0151
    [epoch 4/50 train] batch 2350/2481 (3.74 batch/s, ETA 0.6 min) loss_corrente=0.0150
    [epoch 4/50 train] batch 2400/2481 (3.74 batch/s, ETA 0.4 min) loss_corrente=0.0150
    [epoch 4/50 train] batch 2450/2481 (3.74 batch/s, ETA 0.1 min) loss_corrente=0.0150
    [epoch 4/50 train] batch 2481/2481 (3.74 batch/s, ETA 0.0 min) loss_corrente=0.0149
    [epoch 4/50 val] batch 50/439 (8.59 batch/s, ETA 0.8 min) loss_corrente=0.0813
    [epoch 4/50 val] batch 100/439 (8.72 batch/s, ETA 0.6 min) loss_corrente=0.0716
    [epoch 4/50 val] batch 150/439 (8.77 batch/s, ETA 0.5 min) loss_corrente=0.0647
    [epoch 4/50 val] batch 200/439 (8.78 batch/s, ETA 0.5 min) loss_corrente=0.0636
    [epoch 4/50 val] batch 250/439 (8.80 batch/s, ETA 0.4 min) loss_corrente=0.0570
    [epoch 4/50 val] batch 300/439 (8.81 batch/s, ETA 0.3 min) loss_corrente=0.0598
    [epoch 4/50 val] batch 350/439 (8.81 batch/s, ETA 0.2 min) loss_corrente=0.0540
    [epoch 4/50 val] batch 400/439 (8.82 batch/s, ETA 0.1 min) loss_corrente=0.0554
    [epoch 4/50 val] batch 439/439 (8.83 batch/s, ETA 0.0 min) loss_corrente=0.0545
Epoch   4/50 | train_loss=0.0149 train_acc=0.996 | val_loss=0.0545 val_acc=0.984
    [epoch 5/50 train] batch 50/2481 (3.70 batch/s, ETA 11.0 min) loss_corrente=0.0047
    [epoch 5/50 train] batch 100/2481 (3.72 batch/s, ETA 10.7 min) loss_corrente=0.0067
    [epoch 5/50 train] batch 150/2481 (3.71 batch/s, ETA 10.5 min) loss_corrente=0.0066
    [epoch 5/50 train] batch 200/2481 (3.71 batch/s, ETA 10.2 min) loss_corrente=0.0091
    [epoch 5/50 train] batch 250/2481 (3.72 batch/s, ETA 10.0 min) loss_corrente=0.0092
    [epoch 5/50 train] batch 300/2481 (3.72 batch/s, ETA 9.8 min) loss_corrente=0.0090
    [epoch 5/50 train] batch 350/2481 (3.73 batch/s, ETA 9.5 min) loss_corrente=0.0115
    [epoch 5/50 train] batch 400/2481 (3.73 batch/s, ETA 9.3 min) loss_corrente=0.0117
    [epoch 5/50 train] batch 450/2481 (3.73 batch/s, ETA 9.1 min) loss_corrente=0.0120
    [epoch 5/50 train] batch 500/2481 (3.73 batch/s, ETA 8.8 min) loss_corrente=0.0114
    [epoch 5/50 train] batch 550/2481 (3.73 batch/s, ETA 8.6 min) loss_corrente=0.0123
    [epoch 5/50 train] batch 600/2481 (3.73 batch/s, ETA 8.4 min) loss_corrente=0.0124
    [epoch 5/50 train] batch 650/2481 (3.73 batch/s, ETA 8.2 min) loss_corrente=0.0128
    [epoch 5/50 train] batch 700/2481 (3.73 batch/s, ETA 8.0 min) loss_corrente=0.0126
    [epoch 5/50 train] batch 750/2481 (3.73 batch/s, ETA 7.7 min) loss_corrente=0.0118
    [epoch 5/50 train] batch 800/2481 (3.73 batch/s, ETA 7.5 min) loss_corrente=0.0114
    [epoch 5/50 train] batch 850/2481 (3.73 batch/s, ETA 7.3 min) loss_corrente=0.0113
    [epoch 5/50 train] batch 900/2481 (3.73 batch/s, ETA 7.1 min) loss_corrente=0.0110
    [epoch 5/50 train] batch 950/2481 (3.73 batch/s, ETA 6.8 min) loss_corrente=0.0112
    [epoch 5/50 train] batch 1000/2481 (3.73 batch/s, ETA 6.6 min) loss_corrente=0.0108
    [epoch 5/50 train] batch 1050/2481 (3.73 batch/s, ETA 6.4 min) loss_corrente=0.0112
    [epoch 5/50 train] batch 1100/2481 (3.73 batch/s, ETA 6.2 min) loss_corrente=0.0119
    [epoch 5/50 train] batch 1150/2481 (3.73 batch/s, ETA 5.9 min) loss_corrente=0.0117
    [epoch 5/50 train] batch 1200/2481 (3.73 batch/s, ETA 5.7 min) loss_corrente=0.0115
    [epoch 5/50 train] batch 1250/2481 (3.73 batch/s, ETA 5.5 min) loss_corrente=0.0114
    [epoch 5/50 train] batch 1300/2481 (3.73 batch/s, ETA 5.3 min) loss_corrente=0.0114
    [epoch 5/50 train] batch 1350/2481 (3.73 batch/s, ETA 5.1 min) loss_corrente=0.0111
    [epoch 5/50 train] batch 1400/2481 (3.73 batch/s, ETA 4.8 min) loss_corrente=0.0112
    [epoch 5/50 train] batch 1450/2481 (3.73 batch/s, ETA 4.6 min) loss_corrente=0.0110
    [epoch 5/50 train] batch 1500/2481 (3.73 batch/s, ETA 4.4 min) loss_corrente=0.0107
    [epoch 5/50 train] batch 1550/2481 (3.73 batch/s, ETA 4.2 min) loss_corrente=0.0110
    [epoch 5/50 train] batch 1600/2481 (3.73 batch/s, ETA 3.9 min) loss_corrente=0.0109
    [epoch 5/50 train] batch 1650/2481 (3.73 batch/s, ETA 3.7 min) loss_corrente=0.0108
    [epoch 5/50 train] batch 1700/2481 (3.73 batch/s, ETA 3.5 min) loss_corrente=0.0106
    [epoch 5/50 train] batch 1750/2481 (3.73 batch/s, ETA 3.3 min) loss_corrente=0.0104
    [epoch 5/50 train] batch 1800/2481 (3.73 batch/s, ETA 3.0 min) loss_corrente=0.0104
    [epoch 5/50 train] batch 1850/2481 (3.73 batch/s, ETA 2.8 min) loss_corrente=0.0105
    [epoch 5/50 train] batch 1900/2481 (3.73 batch/s, ETA 2.6 min) loss_corrente=0.0103
    [epoch 5/50 train] batch 1950/2481 (3.73 batch/s, ETA 2.4 min) loss_corrente=0.0101
    [epoch 5/50 train] batch 2000/2481 (3.73 batch/s, ETA 2.2 min) loss_corrente=0.0102
    [epoch 5/50 train] batch 2050/2481 (3.73 batch/s, ETA 1.9 min) loss_corrente=0.0103
    [epoch 5/50 train] batch 2100/2481 (3.73 batch/s, ETA 1.7 min) loss_corrente=0.0102
    [epoch 5/50 train] batch 2150/2481 (3.73 batch/s, ETA 1.5 min) loss_corrente=0.0105
    [epoch 5/50 train] batch 2200/2481 (3.73 batch/s, ETA 1.3 min) loss_corrente=0.0106
    [epoch 5/50 train] batch 2250/2481 (3.73 batch/s, ETA 1.0 min) loss_corrente=0.0105
    [epoch 5/50 train] batch 2300/2481 (3.73 batch/s, ETA 0.8 min) loss_corrente=0.0103
    [epoch 5/50 train] batch 2350/2481 (3.73 batch/s, ETA 0.6 min) loss_corrente=0.0102
    [epoch 5/50 train] batch 2400/2481 (3.73 batch/s, ETA 0.4 min) loss_corrente=0.0104
    [epoch 5/50 train] batch 2450/2481 (3.73 batch/s, ETA 0.1 min) loss_corrente=0.0105
    [epoch 5/50 train] batch 2481/2481 (3.73 batch/s, ETA 0.0 min) loss_corrente=0.0106
    [epoch 5/50 val] batch 50/439 (8.64 batch/s, ETA 0.8 min) loss_corrente=0.1091
    [epoch 5/50 val] batch 100/439 (8.76 batch/s, ETA 0.6 min) loss_corrente=0.0762
    [epoch 5/50 val] batch 150/439 (8.80 batch/s, ETA 0.5 min) loss_corrente=0.0675
    [epoch 5/50 val] batch 200/439 (8.82 batch/s, ETA 0.5 min) loss_corrente=0.0712
    [epoch 5/50 val] batch 250/439 (8.83 batch/s, ETA 0.4 min) loss_corrente=0.0617
    [epoch 5/50 val] batch 300/439 (8.83 batch/s, ETA 0.3 min) loss_corrente=0.0615
    [epoch 5/50 val] batch 350/439 (8.84 batch/s, ETA 0.2 min) loss_corrente=0.0545
    [epoch 5/50 val] batch 400/439 (8.84 batch/s, ETA 0.1 min) loss_corrente=0.0523
    [epoch 5/50 val] batch 439/439 (8.85 batch/s, ETA 0.0 min) loss_corrente=0.0509
Epoch   5/50 | train_loss=0.0106 train_acc=0.997 | val_loss=0.0509 val_acc=0.984
    [epoch 6/50 train] batch 50/2481 (3.68 batch/s, ETA 11.0 min) loss_corrente=0.0197
    [epoch 6/50 train] batch 100/2481 (3.70 batch/s, ETA 10.7 min) loss_corrente=0.0130
    [epoch 6/50 train] batch 150/2481 (3.71 batch/s, ETA 10.5 min) loss_corrente=0.0126
    [epoch 6/50 train] batch 200/2481 (3.71 batch/s, ETA 10.2 min) loss_corrente=0.0099
    [epoch 6/50 train] batch 250/2481 (3.72 batch/s, ETA 10.0 min) loss_corrente=0.0095
    [epoch 6/50 train] batch 300/2481 (3.72 batch/s, ETA 9.8 min) loss_corrente=0.0095
    [epoch 6/50 train] batch 350/2481 (3.72 batch/s, ETA 9.5 min) loss_corrente=0.0087
    [epoch 6/50 train] batch 400/2481 (3.72 batch/s, ETA 9.3 min) loss_corrente=0.0083
    [epoch 6/50 train] batch 450/2481 (3.72 batch/s, ETA 9.1 min) loss_corrente=0.0076
    [epoch 6/50 train] batch 500/2481 (3.72 batch/s, ETA 8.9 min) loss_corrente=0.0078
    [epoch 6/50 train] batch 550/2481 (3.72 batch/s, ETA 8.6 min) loss_corrente=0.0075
    [epoch 6/50 train] batch 600/2481 (3.72 batch/s, ETA 8.4 min) loss_corrente=0.0079
    [epoch 6/50 train] batch 650/2481 (3.73 batch/s, ETA 8.2 min) loss_corrente=0.0075
    [epoch 6/50 train] batch 700/2481 (3.73 batch/s, ETA 8.0 min) loss_corrente=0.0071
    [epoch 6/50 train] batch 750/2481 (3.73 batch/s, ETA 7.7 min) loss_corrente=0.0071
    [epoch 6/50 train] batch 800/2481 (3.73 batch/s, ETA 7.5 min) loss_corrente=0.0071
    [epoch 6/50 train] batch 850/2481 (3.73 batch/s, ETA 7.3 min) loss_corrente=0.0067
    [epoch 6/50 train] batch 900/2481 (3.73 batch/s, ETA 7.1 min) loss_corrente=0.0064
    [epoch 6/50 train] batch 950/2481 (3.73 batch/s, ETA 6.8 min) loss_corrente=0.0069
    [epoch 6/50 train] batch 1000/2481 (3.73 batch/s, ETA 6.6 min) loss_corrente=0.0071
    [epoch 6/50 train] batch 1050/2481 (3.73 batch/s, ETA 6.4 min) loss_corrente=0.0075
    [epoch 6/50 train] batch 1100/2481 (3.73 batch/s, ETA 6.2 min) loss_corrente=0.0075
    [epoch 6/50 train] batch 1150/2481 (3.73 batch/s, ETA 6.0 min) loss_corrente=0.0073
    [epoch 6/50 train] batch 1200/2481 (3.73 batch/s, ETA 5.7 min) loss_corrente=0.0073
    [epoch 6/50 train] batch 1250/2481 (3.73 batch/s, ETA 5.5 min) loss_corrente=0.0072
    [epoch 6/50 train] batch 1300/2481 (3.73 batch/s, ETA 5.3 min) loss_corrente=0.0071
    [epoch 6/50 train] batch 1350/2481 (3.73 batch/s, ETA 5.1 min) loss_corrente=0.0069
    [epoch 6/50 train] batch 1400/2481 (3.73 batch/s, ETA 4.8 min) loss_corrente=0.0070
    [epoch 6/50 train] batch 1450/2481 (3.73 batch/s, ETA 4.6 min) loss_corrente=0.0076
    [epoch 6/50 train] batch 1500/2481 (3.73 batch/s, ETA 4.4 min) loss_corrente=0.0074
    [epoch 6/50 train] batch 1550/2481 (3.73 batch/s, ETA 4.2 min) loss_corrente=0.0073
    [epoch 6/50 train] batch 1600/2481 (3.73 batch/s, ETA 3.9 min) loss_corrente=0.0074
    [epoch 6/50 train] batch 1650/2481 (3.73 batch/s, ETA 3.7 min) loss_corrente=0.0073
    [epoch 6/50 train] batch 1700/2481 (3.73 batch/s, ETA 3.5 min) loss_corrente=0.0072
    [epoch 6/50 train] batch 1750/2481 (3.73 batch/s, ETA 3.3 min) loss_corrente=0.0071
    [epoch 6/50 train] batch 1800/2481 (3.73 batch/s, ETA 3.0 min) loss_corrente=0.0074
    [epoch 6/50 train] batch 1850/2481 (3.73 batch/s, ETA 2.8 min) loss_corrente=0.0078
    [epoch 6/50 train] batch 1900/2481 (3.73 batch/s, ETA 2.6 min) loss_corrente=0.0078
    [epoch 6/50 train] batch 1950/2481 (3.73 batch/s, ETA 2.4 min) loss_corrente=0.0076
    [epoch 6/50 train] batch 2000/2481 (3.73 batch/s, ETA 2.2 min) loss_corrente=0.0075
    [epoch 6/50 train] batch 2050/2481 (3.73 batch/s, ETA 1.9 min) loss_corrente=0.0076
    [epoch 6/50 train] batch 2100/2481 (3.73 batch/s, ETA 1.7 min) loss_corrente=0.0074
    [epoch 6/50 train] batch 2150/2481 (3.73 batch/s, ETA 1.5 min) loss_corrente=0.0073
    [epoch 6/50 train] batch 2200/2481 (3.73 batch/s, ETA 1.3 min) loss_corrente=0.0072
    [epoch 6/50 train] batch 2250/2481 (3.73 batch/s, ETA 1.0 min) loss_corrente=0.0072
    [epoch 6/50 train] batch 2300/2481 (3.73 batch/s, ETA 0.8 min) loss_corrente=0.0072
    [epoch 6/50 train] batch 2350/2481 (3.73 batch/s, ETA 0.6 min) loss_corrente=0.0071
    [epoch 6/50 train] batch 2400/2481 (3.73 batch/s, ETA 0.4 min) loss_corrente=0.0072
    [epoch 6/50 train] batch 2450/2481 (3.73 batch/s, ETA 0.1 min) loss_corrente=0.0072
    [epoch 6/50 train] batch 2481/2481 (3.73 batch/s, ETA 0.0 min) loss_corrente=0.0072
    [epoch 6/50 val] batch 50/439 (8.65 batch/s, ETA 0.7 min) loss_corrente=0.0863
    [epoch 6/50 val] batch 100/439 (8.76 batch/s, ETA 0.6 min) loss_corrente=0.0796
    [epoch 6/50 val] batch 150/439 (8.80 batch/s, ETA 0.5 min) loss_corrente=0.0679
    [epoch 6/50 val] batch 200/439 (8.82 batch/s, ETA 0.5 min) loss_corrente=0.0686
    [epoch 6/50 val] batch 250/439 (8.83 batch/s, ETA 0.4 min) loss_corrente=0.0597
    [epoch 6/50 val] batch 300/439 (8.84 batch/s, ETA 0.3 min) loss_corrente=0.0618
    [epoch 6/50 val] batch 350/439 (8.85 batch/s, ETA 0.2 min) loss_corrente=0.0581
    [epoch 6/50 val] batch 400/439 (8.85 batch/s, ETA 0.1 min) loss_corrente=0.0584
    [epoch 6/50 val] batch 439/439 (8.86 batch/s, ETA 0.0 min) loss_corrente=0.0576
Epoch   6/50 | train_loss=0.0072 train_acc=0.998 | val_loss=0.0576 val_acc=0.985
    [epoch 7/50 train] batch 50/2481 (3.69 batch/s, ETA 11.0 min) loss_corrente=0.0176
    [epoch 7/50 train] batch 100/2481 (3.70 batch/s, ETA 10.7 min) loss_corrente=0.0142
    [epoch 7/50 train] batch 150/2481 (3.71 batch/s, ETA 10.5 min) loss_corrente=0.0134
    [epoch 7/50 train] batch 200/2481 (3.71 batch/s, ETA 10.2 min) loss_corrente=0.0108
    [epoch 7/50 train] batch 250/2481 (3.70 batch/s, ETA 10.0 min) loss_corrente=0.0090
    [epoch 7/50 train] batch 300/2481 (3.71 batch/s, ETA 9.8 min) loss_corrente=0.0080
    [epoch 7/50 train] batch 350/2481 (3.71 batch/s, ETA 9.6 min) loss_corrente=0.0074
    [epoch 7/50 train] batch 400/2481 (3.71 batch/s, ETA 9.4 min) loss_corrente=0.0067
    [epoch 7/50 train] batch 450/2481 (3.71 batch/s, ETA 9.1 min) loss_corrente=0.0060
    [epoch 7/50 train] batch 500/2481 (3.71 batch/s, ETA 8.9 min) loss_corrente=0.0059
    [epoch 7/50 train] batch 550/2481 (3.71 batch/s, ETA 8.7 min) loss_corrente=0.0057
    [epoch 7/50 train] batch 600/2481 (3.71 batch/s, ETA 8.4 min) loss_corrente=0.0055
    [epoch 7/50 train] batch 650/2481 (3.72 batch/s, ETA 8.2 min) loss_corrente=0.0060
    [epoch 7/50 train] batch 700/2481 (3.72 batch/s, ETA 8.0 min) loss_corrente=0.0058
    [epoch 7/50 train] batch 750/2481 (3.72 batch/s, ETA 7.8 min) loss_corrente=0.0059
    [epoch 7/50 train] batch 800/2481 (3.72 batch/s, ETA 7.5 min) loss_corrente=0.0058
    [epoch 7/50 train] batch 850/2481 (3.72 batch/s, ETA 7.3 min) loss_corrente=0.0060
    [epoch 7/50 train] batch 900/2481 (3.72 batch/s, ETA 7.1 min) loss_corrente=0.0068
    [epoch 7/50 train] batch 950/2481 (3.72 batch/s, ETA 6.9 min) loss_corrente=0.0065
    [epoch 7/50 train] batch 1000/2481 (3.72 batch/s, ETA 6.6 min) loss_corrente=0.0062
    [epoch 7/50 train] batch 1050/2481 (3.72 batch/s, ETA 6.4 min) loss_corrente=0.0061
    [epoch 7/50 train] batch 1100/2481 (3.72 batch/s, ETA 6.2 min) loss_corrente=0.0058
    [epoch 7/50 train] batch 1150/2481 (3.72 batch/s, ETA 6.0 min) loss_corrente=0.0057
    [epoch 7/50 train] batch 1200/2481 (3.72 batch/s, ETA 5.7 min) loss_corrente=0.0056
    [epoch 7/50 train] batch 1250/2481 (3.72 batch/s, ETA 5.5 min) loss_corrente=0.0055
    [epoch 7/50 train] batch 1300/2481 (3.72 batch/s, ETA 5.3 min) loss_corrente=0.0053
    [epoch 7/50 train] batch 1350/2481 (3.72 batch/s, ETA 5.1 min) loss_corrente=0.0052
    [epoch 7/50 train] batch 1400/2481 (3.72 batch/s, ETA 4.8 min) loss_corrente=0.0055
    [epoch 7/50 train] batch 1450/2481 (3.72 batch/s, ETA 4.6 min) loss_corrente=0.0055
    [epoch 7/50 train] batch 1500/2481 (3.73 batch/s, ETA 4.4 min) loss_corrente=0.0059
    [epoch 7/50 train] batch 1550/2481 (3.73 batch/s, ETA 4.2 min) loss_corrente=0.0064
    [epoch 7/50 train] batch 1600/2481 (3.73 batch/s, ETA 3.9 min) loss_corrente=0.0067
    [epoch 7/50 train] batch 1650/2481 (3.73 batch/s, ETA 3.7 min) loss_corrente=0.0067
    [epoch 7/50 train] batch 1700/2481 (3.73 batch/s, ETA 3.5 min) loss_corrente=0.0066
    [epoch 7/50 train] batch 1750/2481 (3.73 batch/s, ETA 3.3 min) loss_corrente=0.0067
    [epoch 7/50 train] batch 1800/2481 (3.73 batch/s, ETA 3.0 min) loss_corrente=0.0065
    [epoch 7/50 train] batch 1850/2481 (3.73 batch/s, ETA 2.8 min) loss_corrente=0.0065
    [epoch 7/50 train] batch 1900/2481 (3.73 batch/s, ETA 2.6 min) loss_corrente=0.0064
    [epoch 7/50 train] batch 1950/2481 (3.73 batch/s, ETA 2.4 min) loss_corrente=0.0063
    [epoch 7/50 train] batch 2000/2481 (3.73 batch/s, ETA 2.2 min) loss_corrente=0.0063
    [epoch 7/50 train] batch 2050/2481 (3.73 batch/s, ETA 1.9 min) loss_corrente=0.0062
    [epoch 7/50 train] batch 2100/2481 (3.73 batch/s, ETA 1.7 min) loss_corrente=0.0060
    [epoch 7/50 train] batch 2150/2481 (3.72 batch/s, ETA 1.5 min) loss_corrente=0.0059
    [epoch 7/50 train] batch 2200/2481 (3.72 batch/s, ETA 1.3 min) loss_corrente=0.0059
    [epoch 7/50 train] batch 2250/2481 (3.72 batch/s, ETA 1.0 min) loss_corrente=0.0059
    [epoch 7/50 train] batch 2300/2481 (3.72 batch/s, ETA 0.8 min) loss_corrente=0.0057
    [epoch 7/50 train] batch 2350/2481 (3.72 batch/s, ETA 0.6 min) loss_corrente=0.0057
    [epoch 7/50 train] batch 2400/2481 (3.72 batch/s, ETA 0.4 min) loss_corrente=0.0061
    [epoch 7/50 train] batch 2450/2481 (3.72 batch/s, ETA 0.1 min) loss_corrente=0.0060
    [epoch 7/50 train] batch 2481/2481 (3.72 batch/s, ETA 0.0 min) loss_corrente=0.0060
    [epoch 7/50 val] batch 50/439 (8.60 batch/s, ETA 0.8 min) loss_corrente=0.1133
    [epoch 7/50 val] batch 100/439 (8.74 batch/s, ETA 0.6 min) loss_corrente=0.0846
    [epoch 7/50 val] batch 150/439 (8.80 batch/s, ETA 0.5 min) loss_corrente=0.0749
    [epoch 7/50 val] batch 200/439 (8.82 batch/s, ETA 0.5 min) loss_corrente=0.0749
    [epoch 7/50 val] batch 250/439 (8.83 batch/s, ETA 0.4 min) loss_corrente=0.0643
    [epoch 7/50 val] batch 300/439 (8.84 batch/s, ETA 0.3 min) loss_corrente=0.0654
    [epoch 7/50 val] batch 350/439 (8.85 batch/s, ETA 0.2 min) loss_corrente=0.0580
    [epoch 7/50 val] batch 400/439 (8.85 batch/s, ETA 0.1 min) loss_corrente=0.0584
    [epoch 7/50 val] batch 439/439 (8.86 batch/s, ETA 0.0 min) loss_corrente=0.0583
Epoch   7/50 | train_loss=0.0060 train_acc=0.998 | val_loss=0.0583 val_acc=0.986
    [epoch 8/50 train] batch 50/2481 (3.69 batch/s, ETA 11.0 min) loss_corrente=0.0041
    [epoch 8/50 train] batch 100/2481 (3.70 batch/s, ETA 10.7 min) loss_corrente=0.0044
    [epoch 8/50 train] batch 150/2481 (3.71 batch/s, ETA 10.5 min) loss_corrente=0.0056
    [epoch 8/50 train] batch 200/2481 (3.71 batch/s, ETA 10.2 min) loss_corrente=0.0048
    [epoch 8/50 train] batch 250/2481 (3.72 batch/s, ETA 10.0 min) loss_corrente=0.0071
    [epoch 8/50 train] batch 300/2481 (3.72 batch/s, ETA 9.8 min) loss_corrente=0.0071
    [epoch 8/50 train] batch 350/2481 (3.72 batch/s, ETA 9.5 min) loss_corrente=0.0067
    [epoch 8/50 train] batch 400/2481 (3.72 batch/s, ETA 9.3 min) loss_corrente=0.0060
    [epoch 8/50 train] batch 450/2481 (3.72 batch/s, ETA 9.1 min) loss_corrente=0.0055
    [epoch 8/50 train] batch 500/2481 (3.72 batch/s, ETA 8.9 min) loss_corrente=0.0050
    [epoch 8/50 train] batch 550/2481 (3.72 batch/s, ETA 8.6 min) loss_corrente=0.0047
    [epoch 8/50 train] batch 600/2481 (3.72 batch/s, ETA 8.4 min) loss_corrente=0.0046
    [epoch 8/50 train] batch 650/2481 (3.72 batch/s, ETA 8.2 min) loss_corrente=0.0049
    [epoch 8/50 train] batch 700/2481 (3.72 batch/s, ETA 8.0 min) loss_corrente=0.0048
    [epoch 8/50 train] batch 750/2481 (3.72 batch/s, ETA 7.8 min) loss_corrente=0.0057
    [epoch 8/50 train] batch 800/2481 (3.72 batch/s, ETA 7.5 min) loss_corrente=0.0056
    [epoch 8/50 train] batch 850/2481 (3.72 batch/s, ETA 7.3 min) loss_corrente=0.0055
    [epoch 8/50 train] batch 900/2481 (3.72 batch/s, ETA 7.1 min) loss_corrente=0.0053
    [epoch 8/50 train] batch 950/2481 (3.72 batch/s, ETA 6.9 min) loss_corrente=0.0053
    [epoch 8/50 train] batch 1000/2481 (3.72 batch/s, ETA 6.6 min) loss_corrente=0.0051
    [epoch 8/50 train] batch 1050/2481 (3.72 batch/s, ETA 6.4 min) loss_corrente=0.0049
    [epoch 8/50 train] batch 1100/2481 (3.72 batch/s, ETA 6.2 min) loss_corrente=0.0047
    [epoch 8/50 train] batch 1150/2481 (3.72 batch/s, ETA 6.0 min) loss_corrente=0.0052
    [epoch 8/50 train] batch 1200/2481 (3.72 batch/s, ETA 5.7 min) loss_corrente=0.0051
    [epoch 8/50 train] batch 1250/2481 (3.72 batch/s, ETA 5.5 min) loss_corrente=0.0051
    [epoch 8/50 train] batch 1300/2481 (3.72 batch/s, ETA 5.3 min) loss_corrente=0.0050
    [epoch 8/50 train] batch 1350/2481 (3.72 batch/s, ETA 5.1 min) loss_corrente=0.0048
    [epoch 8/50 train] batch 1400/2481 (3.72 batch/s, ETA 4.8 min) loss_corrente=0.0047
    [epoch 8/50 train] batch 1450/2481 (3.72 batch/s, ETA 4.6 min) loss_corrente=0.0046
    [epoch 8/50 train] batch 1500/2481 (3.72 batch/s, ETA 4.4 min) loss_corrente=0.0045
    [epoch 8/50 train] batch 1550/2481 (3.72 batch/s, ETA 4.2 min) loss_corrente=0.0043
    [epoch 8/50 train] batch 1600/2481 (3.72 batch/s, ETA 3.9 min) loss_corrente=0.0042
    [epoch 8/50 train] batch 1650/2481 (3.73 batch/s, ETA 3.7 min) loss_corrente=0.0043
    [epoch 8/50 train] batch 1700/2481 (3.73 batch/s, ETA 3.5 min) loss_corrente=0.0044
    [epoch 8/50 train] batch 1750/2481 (3.73 batch/s, ETA 3.3 min) loss_corrente=0.0045
    [epoch 8/50 train] batch 1800/2481 (3.73 batch/s, ETA 3.0 min) loss_corrente=0.0044
    [epoch 8/50 train] batch 1850/2481 (3.73 batch/s, ETA 2.8 min) loss_corrente=0.0044
    [epoch 8/50 train] batch 1900/2481 (3.73 batch/s, ETA 2.6 min) loss_corrente=0.0043
    [epoch 8/50 train] batch 1950/2481 (3.73 batch/s, ETA 2.4 min) loss_corrente=0.0044
    [epoch 8/50 train] batch 2000/2481 (3.73 batch/s, ETA 2.2 min) loss_corrente=0.0044
    [epoch 8/50 train] batch 2050/2481 (3.73 batch/s, ETA 1.9 min) loss_corrente=0.0043
    [epoch 8/50 train] batch 2100/2481 (3.73 batch/s, ETA 1.7 min) loss_corrente=0.0043
    [epoch 8/50 train] batch 2150/2481 (3.73 batch/s, ETA 1.5 min) loss_corrente=0.0043
    [epoch 8/50 train] batch 2200/2481 (3.73 batch/s, ETA 1.3 min) loss_corrente=0.0042
    [epoch 8/50 train] batch 2250/2481 (3.73 batch/s, ETA 1.0 min) loss_corrente=0.0043
    [epoch 8/50 train] batch 2300/2481 (3.73 batch/s, ETA 0.8 min) loss_corrente=0.0044
    [epoch 8/50 train] batch 2350/2481 (3.73 batch/s, ETA 0.6 min) loss_corrente=0.0043
    [epoch 8/50 train] batch 2400/2481 (3.73 batch/s, ETA 0.4 min) loss_corrente=0.0043
    [epoch 8/50 train] batch 2450/2481 (3.73 batch/s, ETA 0.1 min) loss_corrente=0.0045
    [epoch 8/50 train] batch 2481/2481 (3.73 batch/s, ETA 0.0 min) loss_corrente=0.0045
    [epoch 8/50 val] batch 50/439 (8.62 batch/s, ETA 0.8 min) loss_corrente=0.1210
    [epoch 8/50 val] batch 100/439 (8.76 batch/s, ETA 0.6 min) loss_corrente=0.1006
    [epoch 8/50 val] batch 150/439 (8.79 batch/s, ETA 0.5 min) loss_corrente=0.0862
    [epoch 8/50 val] batch 200/439 (8.81 batch/s, ETA 0.5 min) loss_corrente=0.0854
    [epoch 8/50 val] batch 250/439 (8.83 batch/s, ETA 0.4 min) loss_corrente=0.0728
    [epoch 8/50 val] batch 300/439 (8.84 batch/s, ETA 0.3 min) loss_corrente=0.0749
    [epoch 8/50 val] batch 350/439 (8.84 batch/s, ETA 0.2 min) loss_corrente=0.0664
    [epoch 8/50 val] batch 400/439 (8.85 batch/s, ETA 0.1 min) loss_corrente=0.0649
    [epoch 8/50 val] batch 439/439 (8.86 batch/s, ETA 0.0 min) loss_corrente=0.0638
Epoch   8/50 | train_loss=0.0045 train_acc=0.999 | val_loss=0.0638 val_acc=0.985

[Early stopping] Nessun miglioramento da 5 epoche

[Completato] Best val_loss=0.0426
[Output] weights/fase3_siglip_lora_full/fase3_siglip_lora_full_r16_neg025/results.csv  (compatibile con analyze_yolo_loss_magnitude.py)
[Output] weights/fase3_siglip_lora_full/fase3_siglip_lora_full_r16_neg025/best  (adapter LoRA visual+text, logit_scale/bias migliori)
==================================================
Job completato: Sat Jul 25 01:01:02 PM CEST 2026
==================================================
