==================================================
Job: oos_fase3_mlp_pad50 (MLP, rank=16, padding=0.50, neg_ratio 0.25 e 0.5)
Data: Sat Aug  1 01:23:21 PM CEST 2026
Nodo: ainode01
==================================================
NVIDIA H100 80GB HBM3, 81559 MiB
[Setup] Device: cuda
[Setup] Carico processor/modello: google/siglip2-giant-opt-patch16-384
[Dati] Costruisco dataset di training...
[Dataset] train: 32554 positivi, 7139 negativi (39693 campioni totali)
[Dati] Costruisco dataset di validazione...
[Dataset] val: 5783 positivi, 1237 negativi (7020 campioni totali)
[Modello] Costruisco SigLIP2 + LoRA + MLP...
[Modello] LoRA rank=16, alpha=32 (rapporto alpha/r=2.0)
[Modello] Parametri allenabili: 5,113,345 / 1,168,773,121 (0.44%)
[Optimizer] lr adapter LoRA=3e-05  |  lr MLP head=0.001

[Training] Inizio — 50 epoche, batch=16, lr=3e-05
    [epoch 1/50 train] batch 50/2481 (4.44 batch/s, ETA 9.1 min) loss_corrente=0.4311
    [epoch 1/50 train] batch 100/2481 (4.73 batch/s, ETA 8.4 min) loss_corrente=0.4074
    [epoch 1/50 train] batch 150/2481 (4.84 batch/s, ETA 8.0 min) loss_corrente=0.3612
    [epoch 1/50 train] batch 200/2481 (4.90 batch/s, ETA 7.8 min) loss_corrente=0.3191
    [epoch 1/50 train] batch 250/2481 (4.93 batch/s, ETA 7.5 min) loss_corrente=0.2948
    [epoch 1/50 train] batch 300/2481 (4.96 batch/s, ETA 7.3 min) loss_corrente=0.2643
    [epoch 1/50 train] batch 350/2481 (4.97 batch/s, ETA 7.1 min) loss_corrente=0.2422
    [epoch 1/50 train] batch 400/2481 (4.99 batch/s, ETA 7.0 min) loss_corrente=0.2221
    [epoch 1/50 train] batch 450/2481 (5.00 batch/s, ETA 6.8 min) loss_corrente=0.2091
    [epoch 1/50 train] batch 500/2481 (5.01 batch/s, ETA 6.6 min) loss_corrente=0.1958
    [epoch 1/50 train] batch 550/2481 (5.01 batch/s, ETA 6.4 min) loss_corrente=0.1871
    [epoch 1/50 train] batch 600/2481 (5.02 batch/s, ETA 6.2 min) loss_corrente=0.1768
    [epoch 1/50 train] batch 650/2481 (5.02 batch/s, ETA 6.1 min) loss_corrente=0.1676
    [epoch 1/50 train] batch 700/2481 (5.03 batch/s, ETA 5.9 min) loss_corrente=0.1619
    [epoch 1/50 train] batch 750/2481 (5.03 batch/s, ETA 5.7 min) loss_corrente=0.1557
    [epoch 1/50 train] batch 800/2481 (5.04 batch/s, ETA 5.6 min) loss_corrente=0.1496
    [epoch 1/50 train] batch 850/2481 (5.04 batch/s, ETA 5.4 min) loss_corrente=0.1446
    [epoch 1/50 train] batch 900/2481 (5.04 batch/s, ETA 5.2 min) loss_corrente=0.1413
    [epoch 1/50 train] batch 950/2481 (5.04 batch/s, ETA 5.1 min) loss_corrente=0.1373
    [epoch 1/50 train] batch 1000/2481 (5.04 batch/s, ETA 4.9 min) loss_corrente=0.1335
    [epoch 1/50 train] batch 1050/2481 (5.05 batch/s, ETA 4.7 min) loss_corrente=0.1302
    [epoch 1/50 train] batch 1100/2481 (5.05 batch/s, ETA 4.6 min) loss_corrente=0.1273
    [epoch 1/50 train] batch 1150/2481 (5.05 batch/s, ETA 4.4 min) loss_corrente=0.1238
    [epoch 1/50 train] batch 1200/2481 (5.05 batch/s, ETA 4.2 min) loss_corrente=0.1213
    [epoch 1/50 train] batch 1250/2481 (5.05 batch/s, ETA 4.1 min) loss_corrente=0.1187
    [epoch 1/50 train] batch 1300/2481 (5.05 batch/s, ETA 3.9 min) loss_corrente=0.1162
    [epoch 1/50 train] batch 1350/2481 (5.05 batch/s, ETA 3.7 min) loss_corrente=0.1136
    [epoch 1/50 train] batch 1400/2481 (5.05 batch/s, ETA 3.6 min) loss_corrente=0.1114
    [epoch 1/50 train] batch 1450/2481 (5.05 batch/s, ETA 3.4 min) loss_corrente=0.1094
    [epoch 1/50 train] batch 1500/2481 (5.05 batch/s, ETA 3.2 min) loss_corrente=0.1074
    [epoch 1/50 train] batch 1550/2481 (5.05 batch/s, ETA 3.1 min) loss_corrente=0.1060
    [epoch 1/50 train] batch 1600/2481 (5.05 batch/s, ETA 2.9 min) loss_corrente=0.1041
    [epoch 1/50 train] batch 1650/2481 (5.05 batch/s, ETA 2.7 min) loss_corrente=0.1022
    [epoch 1/50 train] batch 1700/2481 (5.05 batch/s, ETA 2.6 min) loss_corrente=0.1013
    [epoch 1/50 train] batch 1750/2481 (5.05 batch/s, ETA 2.4 min) loss_corrente=0.0998
    [epoch 1/50 train] batch 1800/2481 (5.05 batch/s, ETA 2.2 min) loss_corrente=0.0991
    [epoch 1/50 train] batch 1850/2481 (5.05 batch/s, ETA 2.1 min) loss_corrente=0.0979
