==================================================
Job: oos_fase3_full_pad50 (Completo, rank=16, padding=0.50, neg_ratio 0.25 e 0.5)
Data: Sat Aug  1 01:23:56 PM CEST 2026
Nodo: ainode01
==================================================
NVIDIA H100 80GB HBM3, 81559 MiB
[Setup] Device: cuda
[Setup] Carico processor/modello: google/siglip2-giant-opt-patch16-384
[Dati] Costruisco dataset di training...
[Dataset] train: 32554 positivi, 7139 negativi (39693 campioni totali)
[Dati] Costruisco dataset di validazione...
[Dataset] val: 5783 positivi, 1237 negativi (7020 campioni totali)
[Modello] Costruisco SigLIP2 completo (vision+text) + LoRA su entrambe le torri...
[Modello] LoRA visual: rank=16, alpha=32 (rapporto=2.0)
[Modello] LoRA text  : rank=8, alpha=16
[Modello] Parametri allenabili: 4,927,490 / 1,876,812,912 (0.26%)

[Training] Inizio — 50 epoche, batch=16, lr=2e-05
    [epoch 1/50 train] batch 50/2481 (3.12 batch/s, ETA 13.0 min) loss_corrente=0.9425
    [epoch 1/50 train] batch 100/2481 (3.30 batch/s, ETA 12.0 min) loss_corrente=0.7700
    [epoch 1/50 train] batch 150/2481 (3.37 batch/s, ETA 11.5 min) loss_corrente=0.6670
    [epoch 1/50 train] batch 200/2481 (3.42 batch/s, ETA 11.1 min) loss_corrente=0.6154
    [epoch 1/50 train] batch 250/2481 (3.46 batch/s, ETA 10.8 min) loss_corrente=0.5696
    [epoch 1/50 train] batch 300/2481 (3.49 batch/s, ETA 10.4 min) loss_corrente=0.5279
    [epoch 1/50 train] batch 350/2481 (3.49 batch/s, ETA 10.2 min) loss_corrente=0.4865
    [epoch 1/50 train] batch 400/2481 (3.50 batch/s, ETA 9.9 min) loss_corrente=0.4449
    [epoch 1/50 train] batch 450/2481 (3.52 batch/s, ETA 9.6 min) loss_corrente=0.4104
    [epoch 1/50 train] batch 500/2481 (3.52 batch/s, ETA 9.4 min) loss_corrente=0.3831
    [epoch 1/50 train] batch 550/2481 (3.52 batch/s, ETA 9.1 min) loss_corrente=0.3573
    [epoch 1/50 train] batch 600/2481 (3.52 batch/s, ETA 8.9 min) loss_corrente=0.3359
    [epoch 1/50 train] batch 650/2481 (3.52 batch/s, ETA 8.7 min) loss_corrente=0.3176
    [epoch 1/50 train] batch 700/2481 (3.52 batch/s, ETA 8.4 min) loss_corrente=0.3003
    [epoch 1/50 train] batch 750/2481 (3.53 batch/s, ETA 8.2 min) loss_corrente=0.2864
    [epoch 1/50 train] batch 800/2481 (3.53 batch/s, ETA 7.9 min) loss_corrente=0.2734
    [epoch 1/50 train] batch 850/2481 (3.52 batch/s, ETA 7.7 min) loss_corrente=0.2620
    [epoch 1/50 train] batch 900/2481 (3.51 batch/s, ETA 7.5 min) loss_corrente=0.2515
    [epoch 1/50 train] batch 950/2481 (3.51 batch/s, ETA 7.3 min) loss_corrente=0.2431
    [epoch 1/50 train] batch 1000/2481 (3.50 batch/s, ETA 7.1 min) loss_corrente=0.2349
    [epoch 1/50 train] batch 1050/2481 (3.50 batch/s, ETA 6.8 min) loss_corrente=0.2272
    [epoch 1/50 train] batch 1100/2481 (3.48 batch/s, ETA 6.6 min) loss_corrente=0.2205
    [epoch 1/50 train] batch 1150/2481 (3.47 batch/s, ETA 6.4 min) loss_corrente=0.2139
    [epoch 1/50 train] batch 1200/2481 (3.47 batch/s, ETA 6.2 min) loss_corrente=0.2073
