==================================================
Job: oos_fase3_full_r8 (SigLIP completo, LoRA rank=8, alpha=16)
Data: Sat Jul 25 04:29:28 PM CEST 2026
Nodo: ainode01
==================================================
NVIDIA H100 80GB HBM3, 81559 MiB
[Setup] Device: cuda
[Setup] Carico processor/modello: google/siglip2-giant-opt-patch16-384
[Dati] Costruisco dataset di training...
[Dataset] train: 32554 positivi, 15351 negativi (47905 campioni totali)
[Dati] Costruisco dataset di validazione...
[Dataset] val: 5783 positivi, 2662 negativi (8445 campioni totali)
[Modello] Costruisco SigLIP2 completo (vision+text) + LoRA su entrambe le torri...
[Modello] LoRA visual: rank=8, alpha=16 (rapporto=2.0)
[Modello] LoRA text  : rank=4, alpha=8
[Modello] Parametri allenabili: 2,463,746 / 1,874,349,168 (0.13%)

[Training] Inizio — 50 epoche, batch=16, lr=2e-05
    [epoch 1/50 train] batch 50/2995 (3.36 batch/s, ETA 14.6 min) loss_corrente=1.9528
    [epoch 1/50 train] batch 100/2995 (3.53 batch/s, ETA 13.7 min) loss_corrente=1.4177
    [epoch 1/50 train] batch 150/2995 (3.59 batch/s, ETA 13.2 min) loss_corrente=1.1871
    [epoch 1/50 train] batch 200/2995 (3.62 batch/s, ETA 12.9 min) loss_corrente=1.0380
    [epoch 1/50 train] batch 250/2995 (3.63 batch/s, ETA 12.6 min) loss_corrente=0.9378
    [epoch 1/50 train] batch 300/2995 (3.65 batch/s, ETA 12.3 min) loss_corrente=0.8545
    [epoch 1/50 train] batch 350/2995 (3.66 batch/s, ETA 12.1 min) loss_corrente=0.7861
    [epoch 1/50 train] batch 400/2995 (3.66 batch/s, ETA 11.8 min) loss_corrente=0.7254
    [epoch 1/50 train] batch 450/2995 (3.67 batch/s, ETA 11.6 min) loss_corrente=0.6746
    [epoch 1/50 train] batch 500/2995 (3.67 batch/s, ETA 11.3 min) loss_corrente=0.6267
    [epoch 1/50 train] batch 550/2995 (3.68 batch/s, ETA 11.1 min) loss_corrente=0.5826
    [epoch 1/50 train] batch 600/2995 (3.68 batch/s, ETA 10.9 min) loss_corrente=0.5440
    [epoch 1/50 train] batch 650/2995 (3.68 batch/s, ETA 10.6 min) loss_corrente=0.5114
    [epoch 1/50 train] batch 700/2995 (3.68 batch/s, ETA 10.4 min) loss_corrente=0.4831
    [epoch 1/50 train] batch 750/2995 (3.68 batch/s, ETA 10.2 min) loss_corrente=0.4580
    [epoch 1/50 train] batch 800/2995 (3.69 batch/s, ETA 9.9 min) loss_corrente=0.4359
    [epoch 1/50 train] batch 850/2995 (3.69 batch/s, ETA 9.7 min) loss_corrente=0.4157
    [epoch 1/50 train] batch 900/2995 (3.69 batch/s, ETA 9.5 min) loss_corrente=0.3987
    [epoch 1/50 train] batch 950/2995 (3.69 batch/s, ETA 9.2 min) loss_corrente=0.3821
    [epoch 1/50 train] batch 1000/2995 (3.69 batch/s, ETA 9.0 min) loss_corrente=0.3674
    [epoch 1/50 train] batch 1050/2995 (3.69 batch/s, ETA 8.8 min) loss_corrente=0.3528
    [epoch 1/50 train] batch 1100/2995 (3.69 batch/s, ETA 8.6 min) loss_corrente=0.3397
    [epoch 1/50 train] batch 1150/2995 (3.69 batch/s, ETA 8.3 min) loss_corrente=0.3286
    [epoch 1/50 train] batch 1200/2995 (3.69 batch/s, ETA 8.1 min) loss_corrente=0.3173
    [epoch 1/50 train] batch 1250/2995 (3.69 batch/s, ETA 7.9 min) loss_corrente=0.3075
    [epoch 1/50 train] batch 1300/2995 (3.69 batch/s, ETA 7.6 min) loss_corrente=0.2978
    [epoch 1/50 train] batch 1350/2995 (3.70 batch/s, ETA 7.4 min) loss_corrente=0.2894
    [epoch 1/50 train] batch 1400/2995 (3.70 batch/s, ETA 7.2 min) loss_corrente=0.2805
    [epoch 1/50 train] batch 1450/2995 (3.70 batch/s, ETA 7.0 min) loss_corrente=0.2729
    [epoch 1/50 train] batch 1500/2995 (3.70 batch/s, ETA 6.7 min) loss_corrente=0.2653
    [epoch 1/50 train] batch 1550/2995 (3.70 batch/s, ETA 6.5 min) loss_corrente=0.2586
    [epoch 1/50 train] batch 1600/2995 (3.70 batch/s, ETA 6.3 min) loss_corrente=0.2526
    [epoch 1/50 train] batch 1650/2995 (3.70 batch/s, ETA 6.1 min) loss_corrente=0.2467
    [epoch 1/50 train] batch 1700/2995 (3.70 batch/s, ETA 5.8 min) loss_corrente=0.2405
    [epoch 1/50 train] batch 1750/2995 (3.70 batch/s, ETA 5.6 min) loss_corrente=0.2351
    [epoch 1/50 train] batch 1800/2995 (3.70 batch/s, ETA 5.4 min) loss_corrente=0.2300
    [epoch 1/50 train] batch 1850/2995 (3.70 batch/s, ETA 5.2 min) loss_corrente=0.2250
    [epoch 1/50 train] batch 1900/2995 (3.70 batch/s, ETA 4.9 min) loss_corrente=0.2200
    [epoch 1/50 train] batch 1950/2995 (3.70 batch/s, ETA 4.7 min) loss_corrente=0.2163
    [epoch 1/50 train] batch 2000/2995 (3.70 batch/s, ETA 4.5 min) loss_corrente=0.2130
    [epoch 1/50 train] batch 2050/2995 (3.70 batch/s, ETA 4.3 min) loss_corrente=0.2090
    [epoch 1/50 train] batch 2100/2995 (3.70 batch/s, ETA 4.0 min) loss_corrente=0.2048
    [epoch 1/50 train] batch 2150/2995 (3.70 batch/s, ETA 3.8 min) loss_corrente=0.2012
    [epoch 1/50 train] batch 2200/2995 (3.70 batch/s, ETA 3.6 min) loss_corrente=0.1978
    [epoch 1/50 train] batch 2250/2995 (3.70 batch/s, ETA 3.4 min) loss_corrente=0.1946
    [epoch 1/50 train] batch 2300/2995 (3.70 batch/s, ETA 3.1 min) loss_corrente=0.1914
    [epoch 1/50 train] batch 2350/2995 (3.70 batch/s, ETA 2.9 min) loss_corrente=0.1889
    [epoch 1/50 train] batch 2400/2995 (3.70 batch/s, ETA 2.7 min) loss_corrente=0.1859
    [epoch 1/50 train] batch 2450/2995 (3.70 batch/s, ETA 2.5 min) loss_corrente=0.1829
    [epoch 1/50 train] batch 2500/2995 (3.70 batch/s, ETA 2.2 min) loss_corrente=0.1801
    [epoch 1/50 train] batch 2550/2995 (3.70 batch/s, ETA 2.0 min) loss_corrente=0.1775
    [epoch 1/50 train] batch 2600/2995 (3.70 batch/s, ETA 1.8 min) loss_corrente=0.1751
    [epoch 1/50 train] batch 2650/2995 (3.70 batch/s, ETA 1.6 min) loss_corrente=0.1727
    [epoch 1/50 train] batch 2700/2995 (3.70 batch/s, ETA 1.3 min) loss_corrente=0.1702
    [epoch 1/50 train] batch 2750/2995 (3.70 batch/s, ETA 1.1 min) loss_corrente=0.1684
    [epoch 1/50 train] batch 2800/2995 (3.70 batch/s, ETA 0.9 min) loss_corrente=0.1667
    [epoch 1/50 train] batch 2850/2995 (3.70 batch/s, ETA 0.7 min) loss_corrente=0.1647
    [epoch 1/50 train] batch 2900/2995 (3.70 batch/s, ETA 0.4 min) loss_corrente=0.1628
    [epoch 1/50 train] batch 2950/2995 (3.70 batch/s, ETA 0.2 min) loss_corrente=0.1610
    [epoch 1/50 train] batch 2995/2995 (3.70 batch/s, ETA 0.0 min) loss_corrente=0.1591
    [epoch 1/50 val] batch 50/528 (8.02 batch/s, ETA 1.0 min) loss_corrente=0.0798
    [epoch 1/50 val] batch 100/528 (8.48 batch/s, ETA 0.8 min) loss_corrente=0.0547
    [epoch 1/50 val] batch 150/528 (8.65 batch/s, ETA 0.7 min) loss_corrente=0.0605
    [epoch 1/50 val] batch 200/528 (8.73 batch/s, ETA 0.6 min) loss_corrente=0.0588
    [epoch 1/50 val] batch 250/528 (8.78 batch/s, ETA 0.5 min) loss_corrente=0.0613
    [epoch 1/50 val] batch 300/528 (8.82 batch/s, ETA 0.4 min) loss_corrente=0.0570
    [epoch 1/50 val] batch 350/528 (8.85 batch/s, ETA 0.3 min) loss_corrente=0.0559
    [epoch 1/50 val] batch 400/528 (8.86 batch/s, ETA 0.2 min) loss_corrente=0.0544
    [epoch 1/50 val] batch 450/528 (8.88 batch/s, ETA 0.1 min) loss_corrente=0.0521
    [epoch 1/50 val] batch 500/528 (8.89 batch/s, ETA 0.1 min) loss_corrente=0.0521
    [epoch 1/50 val] batch 528/528 (8.90 batch/s, ETA 0.0 min) loss_corrente=0.0512
Epoch   1/50 | train_loss=0.1591 train_acc=0.953 | val_loss=0.0512 val_acc=0.982
    [epoch 2/50 train] batch 50/2995 (3.67 batch/s, ETA 13.4 min) loss_corrente=0.0404
    [epoch 2/50 train] batch 100/2995 (3.69 batch/s, ETA 13.1 min) loss_corrente=0.0324
    [epoch 2/50 train] batch 150/2995 (3.69 batch/s, ETA 12.8 min) loss_corrente=0.0365
    [epoch 2/50 train] batch 200/2995 (3.69 batch/s, ETA 12.6 min) loss_corrente=0.0376
    [epoch 2/50 train] batch 250/2995 (3.70 batch/s, ETA 12.4 min) loss_corrente=0.0368
    [epoch 2/50 train] batch 300/2995 (3.70 batch/s, ETA 12.1 min) loss_corrente=0.0363
    [epoch 2/50 train] batch 350/2995 (3.70 batch/s, ETA 11.9 min) loss_corrente=0.0381
    [epoch 2/50 train] batch 400/2995 (3.70 batch/s, ETA 11.7 min) loss_corrente=0.0386
    [epoch 2/50 train] batch 450/2995 (3.70 batch/s, ETA 11.5 min) loss_corrente=0.0393
    [epoch 2/50 train] batch 500/2995 (3.70 batch/s, ETA 11.3 min) loss_corrente=0.0386
    [epoch 2/50 train] batch 550/2995 (3.70 batch/s, ETA 11.0 min) loss_corrente=0.0396
    [epoch 2/50 train] batch 600/2995 (3.70 batch/s, ETA 10.8 min) loss_corrente=0.0394
    [epoch 2/50 train] batch 650/2995 (3.70 batch/s, ETA 10.6 min) loss_corrente=0.0397
    [epoch 2/50 train] batch 700/2995 (3.70 batch/s, ETA 10.3 min) loss_corrente=0.0401
    [epoch 2/50 train] batch 750/2995 (3.70 batch/s, ETA 10.1 min) loss_corrente=0.0401
    [epoch 2/50 train] batch 800/2995 (3.70 batch/s, ETA 9.9 min) loss_corrente=0.0393
    [epoch 2/50 train] batch 850/2995 (3.70 batch/s, ETA 9.7 min) loss_corrente=0.0399
    [epoch 2/50 train] batch 900/2995 (3.70 batch/s, ETA 9.4 min) loss_corrente=0.0411
    [epoch 2/50 train] batch 950/2995 (3.70 batch/s, ETA 9.2 min) loss_corrente=0.0419
    [epoch 2/50 train] batch 1000/2995 (3.70 batch/s, ETA 9.0 min) loss_corrente=0.0423
    [epoch 2/50 train] batch 1050/2995 (3.70 batch/s, ETA 8.8 min) loss_corrente=0.0423
    [epoch 2/50 train] batch 1100/2995 (3.70 batch/s, ETA 8.5 min) loss_corrente=0.0421
    [epoch 2/50 train] batch 1150/2995 (3.70 batch/s, ETA 8.3 min) loss_corrente=0.0415
    [epoch 2/50 train] batch 1200/2995 (3.70 batch/s, ETA 8.1 min) loss_corrente=0.0415
    [epoch 2/50 train] batch 1250/2995 (3.70 batch/s, ETA 7.9 min) loss_corrente=0.0417
    [epoch 2/50 train] batch 1300/2995 (3.70 batch/s, ETA 7.6 min) loss_corrente=0.0416
    [epoch 2/50 train] batch 1350/2995 (3.70 batch/s, ETA 7.4 min) loss_corrente=0.0410
    [epoch 2/50 train] batch 1400/2995 (3.70 batch/s, ETA 7.2 min) loss_corrente=0.0405
    [epoch 2/50 train] batch 1450/2995 (3.70 batch/s, ETA 7.0 min) loss_corrente=0.0403
    [epoch 2/50 train] batch 1500/2995 (3.70 batch/s, ETA 6.7 min) loss_corrente=0.0403
    [epoch 2/50 train] batch 1550/2995 (3.70 batch/s, ETA 6.5 min) loss_corrente=0.0403
    [epoch 2/50 train] batch 1600/2995 (3.70 batch/s, ETA 6.3 min) loss_corrente=0.0405
    [epoch 2/50 train] batch 1650/2995 (3.70 batch/s, ETA 6.1 min) loss_corrente=0.0412
    [epoch 2/50 train] batch 1700/2995 (3.70 batch/s, ETA 5.8 min) loss_corrente=0.0411
    [epoch 2/50 train] batch 1750/2995 (3.70 batch/s, ETA 5.6 min) loss_corrente=0.0411
    [epoch 2/50 train] batch 1800/2995 (3.70 batch/s, ETA 5.4 min) loss_corrente=0.0412
    [epoch 2/50 train] batch 1850/2995 (3.70 batch/s, ETA 5.2 min) loss_corrente=0.0408
    [epoch 2/50 train] batch 1900/2995 (3.70 batch/s, ETA 4.9 min) loss_corrente=0.0404
    [epoch 2/50 train] batch 1950/2995 (3.70 batch/s, ETA 4.7 min) loss_corrente=0.0404
    [epoch 2/50 train] batch 2000/2995 (3.70 batch/s, ETA 4.5 min) loss_corrente=0.0400
    [epoch 2/50 train] batch 2050/2995 (3.70 batch/s, ETA 4.3 min) loss_corrente=0.0397
    [epoch 2/50 train] batch 2100/2995 (3.70 batch/s, ETA 4.0 min) loss_corrente=0.0397
    [epoch 2/50 train] batch 2150/2995 (3.70 batch/s, ETA 3.8 min) loss_corrente=0.0396
    [epoch 2/50 train] batch 2200/2995 (3.70 batch/s, ETA 3.6 min) loss_corrente=0.0397
    [epoch 2/50 train] batch 2250/2995 (3.69 batch/s, ETA 3.4 min) loss_corrente=0.0399
    [epoch 2/50 train] batch 2300/2995 (3.69 batch/s, ETA 3.1 min) loss_corrente=0.0402
    [epoch 2/50 train] batch 2350/2995 (3.69 batch/s, ETA 2.9 min) loss_corrente=0.0398
    [epoch 2/50 train] batch 2400/2995 (3.69 batch/s, ETA 2.7 min) loss_corrente=0.0395
    [epoch 2/50 train] batch 2450/2995 (3.69 batch/s, ETA 2.5 min) loss_corrente=0.0392
    [epoch 2/50 train] batch 2500/2995 (3.69 batch/s, ETA 2.2 min) loss_corrente=0.0394
    [epoch 2/50 train] batch 2550/2995 (3.69 batch/s, ETA 2.0 min) loss_corrente=0.0395
    [epoch 2/50 train] batch 2600/2995 (3.69 batch/s, ETA 1.8 min) loss_corrente=0.0395
    [epoch 2/50 train] batch 2650/2995 (3.70 batch/s, ETA 1.6 min) loss_corrente=0.0393
    [epoch 2/50 train] batch 2700/2995 (3.70 batch/s, ETA 1.3 min) loss_corrente=0.0389
    [epoch 2/50 train] batch 2750/2995 (3.70 batch/s, ETA 1.1 min) loss_corrente=0.0386
    [epoch 2/50 train] batch 2800/2995 (3.70 batch/s, ETA 0.9 min) loss_corrente=0.0386
    [epoch 2/50 train] batch 2850/2995 (3.70 batch/s, ETA 0.7 min) loss_corrente=0.0383
    [epoch 2/50 train] batch 2900/2995 (3.70 batch/s, ETA 0.4 min) loss_corrente=0.0380
    [epoch 2/50 train] batch 2950/2995 (3.70 batch/s, ETA 0.2 min) loss_corrente=0.0380
    [epoch 2/50 train] batch 2995/2995 (3.70 batch/s, ETA 0.0 min) loss_corrente=0.0383
    [epoch 2/50 val] batch 50/528 (8.81 batch/s, ETA 0.9 min) loss_corrente=0.0815
    [epoch 2/50 val] batch 100/528 (8.90 batch/s, ETA 0.8 min) loss_corrente=0.0573
    [epoch 2/50 val] batch 150/528 (8.93 batch/s, ETA 0.7 min) loss_corrente=0.0627
    [epoch 2/50 val] batch 200/528 (8.95 batch/s, ETA 0.6 min) loss_corrente=0.0594
    [epoch 2/50 val] batch 250/528 (8.96 batch/s, ETA 0.5 min) loss_corrente=0.0591
    [epoch 2/50 val] batch 300/528 (8.96 batch/s, ETA 0.4 min) loss_corrente=0.0532
    [epoch 2/50 val] batch 350/528 (8.97 batch/s, ETA 0.3 min) loss_corrente=0.0518
    [epoch 2/50 val] batch 400/528 (8.97 batch/s, ETA 0.2 min) loss_corrente=0.0509
    [epoch 2/50 val] batch 450/528 (8.97 batch/s, ETA 0.1 min) loss_corrente=0.0480
    [epoch 2/50 val] batch 500/528 (8.97 batch/s, ETA 0.1 min) loss_corrente=0.0470
    [epoch 2/50 val] batch 528/528 (8.97 batch/s, ETA 0.0 min) loss_corrente=0.0463
Epoch   2/50 | train_loss=0.0383 train_acc=0.987 | val_loss=0.0463 val_acc=0.985
    [epoch 3/50 train] batch 50/2995 (3.68 batch/s, ETA 13.4 min) loss_corrente=0.0202
    [epoch 3/50 train] batch 100/2995 (3.69 batch/s, ETA 13.1 min) loss_corrente=0.0200
    [epoch 3/50 train] batch 150/2995 (3.70 batch/s, ETA 12.8 min) loss_corrente=0.0216
    [epoch 3/50 train] batch 200/2995 (3.70 batch/s, ETA 12.6 min) loss_corrente=0.0236
    [epoch 3/50 train] batch 250/2995 (3.70 batch/s, ETA 12.4 min) loss_corrente=0.0252
    [epoch 3/50 train] batch 300/2995 (3.70 batch/s, ETA 12.1 min) loss_corrente=0.0251
    [epoch 3/50 train] batch 350/2995 (3.70 batch/s, ETA 11.9 min) loss_corrente=0.0251
    [epoch 3/50 train] batch 400/2995 (3.70 batch/s, ETA 11.7 min) loss_corrente=0.0247
    [epoch 3/50 train] batch 450/2995 (3.70 batch/s, ETA 11.5 min) loss_corrente=0.0255
    [epoch 3/50 train] batch 500/2995 (3.70 batch/s, ETA 11.2 min) loss_corrente=0.0248
    [epoch 3/50 train] batch 550/2995 (3.70 batch/s, ETA 11.0 min) loss_corrente=0.0250
    [epoch 3/50 train] batch 600/2995 (3.70 batch/s, ETA 10.8 min) loss_corrente=0.0244
    [epoch 3/50 train] batch 650/2995 (3.70 batch/s, ETA 10.6 min) loss_corrente=0.0235
    [epoch 3/50 train] batch 700/2995 (3.70 batch/s, ETA 10.3 min) loss_corrente=0.0233
    [epoch 3/50 train] batch 750/2995 (3.70 batch/s, ETA 10.1 min) loss_corrente=0.0235
    [epoch 3/50 train] batch 800/2995 (3.70 batch/s, ETA 9.9 min) loss_corrente=0.0236
    [epoch 3/50 train] batch 850/2995 (3.70 batch/s, ETA 9.7 min) loss_corrente=0.0231
    [epoch 3/50 train] batch 900/2995 (3.70 batch/s, ETA 9.4 min) loss_corrente=0.0231
    [epoch 3/50 train] batch 950/2995 (3.70 batch/s, ETA 9.2 min) loss_corrente=0.0232
    [epoch 3/50 train] batch 1000/2995 (3.70 batch/s, ETA 9.0 min) loss_corrente=0.0236
    [epoch 3/50 train] batch 1050/2995 (3.70 batch/s, ETA 8.8 min) loss_corrente=0.0237
    [epoch 3/50 train] batch 1100/2995 (3.70 batch/s, ETA 8.5 min) loss_corrente=0.0243
    [epoch 3/50 train] batch 1150/2995 (3.70 batch/s, ETA 8.3 min) loss_corrente=0.0246
    [epoch 3/50 train] batch 1200/2995 (3.70 batch/s, ETA 8.1 min) loss_corrente=0.0245
    [epoch 3/50 train] batch 1250/2995 (3.70 batch/s, ETA 7.9 min) loss_corrente=0.0249
    [epoch 3/50 train] batch 1300/2995 (3.70 batch/s, ETA 7.6 min) loss_corrente=0.0244
    [epoch 3/50 train] batch 1350/2995 (3.70 batch/s, ETA 7.4 min) loss_corrente=0.0240
    [epoch 3/50 train] batch 1400/2995 (3.70 batch/s, ETA 7.2 min) loss_corrente=0.0242
    [epoch 3/50 train] batch 1450/2995 (3.70 batch/s, ETA 7.0 min) loss_corrente=0.0238
    [epoch 3/50 train] batch 1500/2995 (3.70 batch/s, ETA 6.7 min) loss_corrente=0.0237
    [epoch 3/50 train] batch 1550/2995 (3.70 batch/s, ETA 6.5 min) loss_corrente=0.0233
    [epoch 3/50 train] batch 1600/2995 (3.70 batch/s, ETA 6.3 min) loss_corrente=0.0231
    [epoch 3/50 train] batch 1650/2995 (3.70 batch/s, ETA 6.1 min) loss_corrente=0.0238
    [epoch 3/50 train] batch 1700/2995 (3.70 batch/s, ETA 5.8 min) loss_corrente=0.0243
    [epoch 3/50 train] batch 1750/2995 (3.70 batch/s, ETA 5.6 min) loss_corrente=0.0244
    [epoch 3/50 train] batch 1800/2995 (3.70 batch/s, ETA 5.4 min) loss_corrente=0.0247
    [epoch 3/50 train] batch 1850/2995 (3.70 batch/s, ETA 5.2 min) loss_corrente=0.0252
    [epoch 3/50 train] batch 1900/2995 (3.70 batch/s, ETA 4.9 min) loss_corrente=0.0252
    [epoch 3/50 train] batch 1950/2995 (3.70 batch/s, ETA 4.7 min) loss_corrente=0.0257
    [epoch 3/50 train] batch 2000/2995 (3.70 batch/s, ETA 4.5 min) loss_corrente=0.0257
    [epoch 3/50 train] batch 2050/2995 (3.70 batch/s, ETA 4.3 min) loss_corrente=0.0257
    [epoch 3/50 train] batch 2100/2995 (3.70 batch/s, ETA 4.0 min) loss_corrente=0.0264
    [epoch 3/50 train] batch 2150/2995 (3.70 batch/s, ETA 3.8 min) loss_corrente=0.0264
    [epoch 3/50 train] batch 2200/2995 (3.70 batch/s, ETA 3.6 min) loss_corrente=0.0262
    [epoch 3/50 train] batch 2250/2995 (3.70 batch/s, ETA 3.4 min) loss_corrente=0.0266
    [epoch 3/50 train] batch 2300/2995 (3.70 batch/s, ETA 3.1 min) loss_corrente=0.0268
    [epoch 3/50 train] batch 2350/2995 (3.70 batch/s, ETA 2.9 min) loss_corrente=0.0270
    [epoch 3/50 train] batch 2400/2995 (3.70 batch/s, ETA 2.7 min) loss_corrente=0.0268
    [epoch 3/50 train] batch 2450/2995 (3.70 batch/s, ETA 2.5 min) loss_corrente=0.0265
    [epoch 3/50 train] batch 2500/2995 (3.70 batch/s, ETA 2.2 min) loss_corrente=0.0266
    [epoch 3/50 train] batch 2550/2995 (3.70 batch/s, ETA 2.0 min) loss_corrente=0.0268
    [epoch 3/50 train] batch 2600/2995 (3.70 batch/s, ETA 1.8 min) loss_corrente=0.0266
    [epoch 3/50 train] batch 2650/2995 (3.70 batch/s, ETA 1.6 min) loss_corrente=0.0265
    [epoch 3/50 train] batch 2700/2995 (3.70 batch/s, ETA 1.3 min) loss_corrente=0.0267
    [epoch 3/50 train] batch 2750/2995 (3.70 batch/s, ETA 1.1 min) loss_corrente=0.0268
    [epoch 3/50 train] batch 2800/2995 (3.70 batch/s, ETA 0.9 min) loss_corrente=0.0267
    [epoch 3/50 train] batch 2850/2995 (3.70 batch/s, ETA 0.7 min) loss_corrente=0.0266
    [epoch 3/50 train] batch 2900/2995 (3.70 batch/s, ETA 0.4 min) loss_corrente=0.0267
    [epoch 3/50 train] batch 2950/2995 (3.70 batch/s, ETA 0.2 min) loss_corrente=0.0266
    [epoch 3/50 train] batch 2995/2995 (3.70 batch/s, ETA 0.0 min) loss_corrente=0.0266
    [epoch 3/50 val] batch 50/528 (8.82 batch/s, ETA 0.9 min) loss_corrente=0.0696
    [epoch 3/50 val] batch 100/528 (8.91 batch/s, ETA 0.8 min) loss_corrente=0.0519
    [epoch 3/50 val] batch 150/528 (8.94 batch/s, ETA 0.7 min) loss_corrente=0.0586
    [epoch 3/50 val] batch 200/528 (8.96 batch/s, ETA 0.6 min) loss_corrente=0.0564
    [epoch 3/50 val] batch 250/528 (8.97 batch/s, ETA 0.5 min) loss_corrente=0.0580
    [epoch 3/50 val] batch 300/528 (8.97 batch/s, ETA 0.4 min) loss_corrente=0.0538
    [epoch 3/50 val] batch 350/528 (8.98 batch/s, ETA 0.3 min) loss_corrente=0.0531
    [epoch 3/50 val] batch 400/528 (8.98 batch/s, ETA 0.2 min) loss_corrente=0.0518
    [epoch 3/50 val] batch 450/528 (8.98 batch/s, ETA 0.1 min) loss_corrente=0.0497
    [epoch 3/50 val] batch 500/528 (8.98 batch/s, ETA 0.1 min) loss_corrente=0.0488
    [epoch 3/50 val] batch 528/528 (8.99 batch/s, ETA 0.0 min) loss_corrente=0.0485
Epoch   3/50 | train_loss=0.0266 train_acc=0.991 | val_loss=0.0485 val_acc=0.983
    [epoch 4/50 train] batch 50/2995 (3.66 batch/s, ETA 13.4 min) loss_corrente=0.0115
    [epoch 4/50 train] batch 100/2995 (3.68 batch/s, ETA 13.1 min) loss_corrente=0.0127
    [epoch 4/50 train] batch 150/2995 (3.69 batch/s, ETA 12.8 min) loss_corrente=0.0149
    [epoch 4/50 train] batch 200/2995 (3.69 batch/s, ETA 12.6 min) loss_corrente=0.0137
    [epoch 4/50 train] batch 250/2995 (3.70 batch/s, ETA 12.4 min) loss_corrente=0.0144
    [epoch 4/50 train] batch 300/2995 (3.70 batch/s, ETA 12.1 min) loss_corrente=0.0149
    [epoch 4/50 train] batch 350/2995 (3.70 batch/s, ETA 11.9 min) loss_corrente=0.0148
    [epoch 4/50 train] batch 400/2995 (3.70 batch/s, ETA 11.7 min) loss_corrente=0.0144
    [epoch 4/50 train] batch 450/2995 (3.70 batch/s, ETA 11.5 min) loss_corrente=0.0146
    [epoch 4/50 train] batch 500/2995 (3.70 batch/s, ETA 11.2 min) loss_corrente=0.0148
    [epoch 4/50 train] batch 550/2995 (3.70 batch/s, ETA 11.0 min) loss_corrente=0.0167
    [epoch 4/50 train] batch 600/2995 (3.70 batch/s, ETA 10.8 min) loss_corrente=0.0177
    [epoch 4/50 train] batch 650/2995 (3.70 batch/s, ETA 10.6 min) loss_corrente=0.0173
    [epoch 4/50 train] batch 700/2995 (3.70 batch/s, ETA 10.3 min) loss_corrente=0.0187
    [epoch 4/50 train] batch 750/2995 (3.70 batch/s, ETA 10.1 min) loss_corrente=0.0198
    [epoch 4/50 train] batch 800/2995 (3.70 batch/s, ETA 9.9 min) loss_corrente=0.0190
    [epoch 4/50 train] batch 850/2995 (3.70 batch/s, ETA 9.7 min) loss_corrente=0.0182
    [epoch 4/50 train] batch 900/2995 (3.70 batch/s, ETA 9.4 min) loss_corrente=0.0196
    [epoch 4/50 train] batch 950/2995 (3.70 batch/s, ETA 9.2 min) loss_corrente=0.0202
    [epoch 4/50 train] batch 1000/2995 (3.70 batch/s, ETA 9.0 min) loss_corrente=0.0198
    [epoch 4/50 train] batch 1050/2995 (3.70 batch/s, ETA 8.8 min) loss_corrente=0.0197
    [epoch 4/50 train] batch 1100/2995 (3.70 batch/s, ETA 8.5 min) loss_corrente=0.0192
    [epoch 4/50 train] batch 1150/2995 (3.70 batch/s, ETA 8.3 min) loss_corrente=0.0187
    [epoch 4/50 train] batch 1200/2995 (3.70 batch/s, ETA 8.1 min) loss_corrente=0.0186
    [epoch 4/50 train] batch 1250/2995 (3.70 batch/s, ETA 7.9 min) loss_corrente=0.0183
    [epoch 4/50 train] batch 1300/2995 (3.70 batch/s, ETA 7.6 min) loss_corrente=0.0185
    [epoch 4/50 train] batch 1350/2995 (3.70 batch/s, ETA 7.4 min) loss_corrente=0.0183
    [epoch 4/50 train] batch 1400/2995 (3.70 batch/s, ETA 7.2 min) loss_corrente=0.0185
    [epoch 4/50 train] batch 1450/2995 (3.70 batch/s, ETA 7.0 min) loss_corrente=0.0189
    [epoch 4/50 train] batch 1500/2995 (3.70 batch/s, ETA 6.7 min) loss_corrente=0.0191
    [epoch 4/50 train] batch 1550/2995 (3.70 batch/s, ETA 6.5 min) loss_corrente=0.0188
    [epoch 4/50 train] batch 1600/2995 (3.70 batch/s, ETA 6.3 min) loss_corrente=0.0187
    [epoch 4/50 train] batch 1650/2995 (3.70 batch/s, ETA 6.1 min) loss_corrente=0.0191
    [epoch 4/50 train] batch 1700/2995 (3.70 batch/s, ETA 5.8 min) loss_corrente=0.0190
    [epoch 4/50 train] batch 1750/2995 (3.70 batch/s, ETA 5.6 min) loss_corrente=0.0188
    [epoch 4/50 train] batch 1800/2995 (3.70 batch/s, ETA 5.4 min) loss_corrente=0.0186
    [epoch 4/50 train] batch 1850/2995 (3.70 batch/s, ETA 5.2 min) loss_corrente=0.0184
    [epoch 4/50 train] batch 1900/2995 (3.70 batch/s, ETA 4.9 min) loss_corrente=0.0189
    [epoch 4/50 train] batch 1950/2995 (3.70 batch/s, ETA 4.7 min) loss_corrente=0.0194
    [epoch 4/50 train] batch 2000/2995 (3.70 batch/s, ETA 4.5 min) loss_corrente=0.0194
    [epoch 4/50 train] batch 2050/2995 (3.70 batch/s, ETA 4.3 min) loss_corrente=0.0193
    [epoch 4/50 train] batch 2100/2995 (3.70 batch/s, ETA 4.0 min) loss_corrente=0.0197
    [epoch 4/50 train] batch 2150/2995 (3.70 batch/s, ETA 3.8 min) loss_corrente=0.0198
    [epoch 4/50 train] batch 2200/2995 (3.70 batch/s, ETA 3.6 min) loss_corrente=0.0198
    [epoch 4/50 train] batch 2250/2995 (3.70 batch/s, ETA 3.4 min) loss_corrente=0.0198
    [epoch 4/50 train] batch 2300/2995 (3.70 batch/s, ETA 3.1 min) loss_corrente=0.0199
    [epoch 4/50 train] batch 2350/2995 (3.70 batch/s, ETA 2.9 min) loss_corrente=0.0201
    [epoch 4/50 train] batch 2400/2995 (3.70 batch/s, ETA 2.7 min) loss_corrente=0.0203
    [epoch 4/50 train] batch 2450/2995 (3.70 batch/s, ETA 2.5 min) loss_corrente=0.0206
    [epoch 4/50 train] batch 2500/2995 (3.70 batch/s, ETA 2.2 min) loss_corrente=0.0206
    [epoch 4/50 train] batch 2550/2995 (3.70 batch/s, ETA 2.0 min) loss_corrente=0.0208
    [epoch 4/50 train] batch 2600/2995 (3.70 batch/s, ETA 1.8 min) loss_corrente=0.0206
    [epoch 4/50 train] batch 2650/2995 (3.70 batch/s, ETA 1.6 min) loss_corrente=0.0205
    [epoch 4/50 train] batch 2700/2995 (3.70 batch/s, ETA 1.3 min) loss_corrente=0.0205
    [epoch 4/50 train] batch 2750/2995 (3.70 batch/s, ETA 1.1 min) loss_corrente=0.0206
    [epoch 4/50 train] batch 2800/2995 (3.70 batch/s, ETA 0.9 min) loss_corrente=0.0207
    [epoch 4/50 train] batch 2850/2995 (3.70 batch/s, ETA 0.7 min) loss_corrente=0.0206
    [epoch 4/50 train] batch 2900/2995 (3.70 batch/s, ETA 0.4 min) loss_corrente=0.0206
    [epoch 4/50 train] batch 2950/2995 (3.70 batch/s, ETA 0.2 min) loss_corrente=0.0204
    [epoch 4/50 train] batch 2995/2995 (3.71 batch/s, ETA 0.0 min) loss_corrente=0.0202
    [epoch 4/50 val] batch 50/528 (8.77 batch/s, ETA 0.9 min) loss_corrente=0.0971
    [epoch 4/50 val] batch 100/528 (8.89 batch/s, ETA 0.8 min) loss_corrente=0.0643
    [epoch 4/50 val] batch 150/528 (8.93 batch/s, ETA 0.7 min) loss_corrente=0.0710
    [epoch 4/50 val] batch 200/528 (8.95 batch/s, ETA 0.6 min) loss_corrente=0.0646
    [epoch 4/50 val] batch 250/528 (8.96 batch/s, ETA 0.5 min) loss_corrente=0.0642
    [epoch 4/50 val] batch 300/528 (8.96 batch/s, ETA 0.4 min) loss_corrente=0.0585
    [epoch 4/50 val] batch 350/528 (8.97 batch/s, ETA 0.3 min) loss_corrente=0.0562
    [epoch 4/50 val] batch 400/528 (8.97 batch/s, ETA 0.2 min) loss_corrente=0.0545
    [epoch 4/50 val] batch 450/528 (8.97 batch/s, ETA 0.1 min) loss_corrente=0.0512
    [epoch 4/50 val] batch 500/528 (8.97 batch/s, ETA 0.1 min) loss_corrente=0.0494
    [epoch 4/50 val] batch 528/528 (8.98 batch/s, ETA 0.0 min) loss_corrente=0.0486
Epoch   4/50 | train_loss=0.0202 train_acc=0.994 | val_loss=0.0486 val_acc=0.983
    [epoch 5/50 train] batch 50/2995 (3.68 batch/s, ETA 13.3 min) loss_corrente=0.0181
    [epoch 5/50 train] batch 100/2995 (3.69 batch/s, ETA 13.1 min) loss_corrente=0.0165
    [epoch 5/50 train] batch 150/2995 (3.70 batch/s, ETA 12.8 min) loss_corrente=0.0182
    [epoch 5/50 train] batch 200/2995 (3.69 batch/s, ETA 12.6 min) loss_corrente=0.0154
    [epoch 5/50 train] batch 250/2995 (3.69 batch/s, ETA 12.4 min) loss_corrente=0.0159
    [epoch 5/50 train] batch 300/2995 (3.69 batch/s, ETA 12.2 min) loss_corrente=0.0164
    [epoch 5/50 train] batch 350/2995 (3.70 batch/s, ETA 11.9 min) loss_corrente=0.0166
    [epoch 5/50 train] batch 400/2995 (3.70 batch/s, ETA 11.7 min) loss_corrente=0.0166
    [epoch 5/50 train] batch 450/2995 (3.70 batch/s, ETA 11.5 min) loss_corrente=0.0178
    [epoch 5/50 train] batch 500/2995 (3.70 batch/s, ETA 11.2 min) loss_corrente=0.0173
    [epoch 5/50 train] batch 550/2995 (3.70 batch/s, ETA 11.0 min) loss_corrente=0.0170
    [epoch 5/50 train] batch 600/2995 (3.70 batch/s, ETA 10.8 min) loss_corrente=0.0177
    [epoch 5/50 train] batch 650/2995 (3.70 batch/s, ETA 10.6 min) loss_corrente=0.0167
    [epoch 5/50 train] batch 700/2995 (3.70 batch/s, ETA 10.3 min) loss_corrente=0.0157
    [epoch 5/50 train] batch 750/2995 (3.70 batch/s, ETA 10.1 min) loss_corrente=0.0157
    [epoch 5/50 train] batch 800/2995 (3.70 batch/s, ETA 9.9 min) loss_corrente=0.0159
    [epoch 5/50 train] batch 850/2995 (3.70 batch/s, ETA 9.7 min) loss_corrente=0.0157
    [epoch 5/50 train] batch 900/2995 (3.70 batch/s, ETA 9.4 min) loss_corrente=0.0158
    [epoch 5/50 train] batch 950/2995 (3.70 batch/s, ETA 9.2 min) loss_corrente=0.0155
    [epoch 5/50 train] batch 1000/2995 (3.70 batch/s, ETA 9.0 min) loss_corrente=0.0150
    [epoch 5/50 train] batch 1050/2995 (3.70 batch/s, ETA 8.8 min) loss_corrente=0.0153
    [epoch 5/50 train] batch 1100/2995 (3.70 batch/s, ETA 8.5 min) loss_corrente=0.0148
    [epoch 5/50 train] batch 1150/2995 (3.70 batch/s, ETA 8.3 min) loss_corrente=0.0151
    [epoch 5/50 train] batch 1200/2995 (3.70 batch/s, ETA 8.1 min) loss_corrente=0.0152
    [epoch 5/50 train] batch 1250/2995 (3.70 batch/s, ETA 7.9 min) loss_corrente=0.0151
    [epoch 5/50 train] batch 1300/2995 (3.70 batch/s, ETA 7.6 min) loss_corrente=0.0149
    [epoch 5/50 train] batch 1350/2995 (3.70 batch/s, ETA 7.4 min) loss_corrente=0.0149
    [epoch 5/50 train] batch 1400/2995 (3.70 batch/s, ETA 7.2 min) loss_corrente=0.0147
    [epoch 5/50 train] batch 1450/2995 (3.70 batch/s, ETA 7.0 min) loss_corrente=0.0144
    [epoch 5/50 train] batch 1500/2995 (3.70 batch/s, ETA 6.7 min) loss_corrente=0.0145
    [epoch 5/50 train] batch 1550/2995 (3.70 batch/s, ETA 6.5 min) loss_corrente=0.0142
    [epoch 5/50 train] batch 1600/2995 (3.70 batch/s, ETA 6.3 min) loss_corrente=0.0141
    [epoch 5/50 train] batch 1650/2995 (3.70 batch/s, ETA 6.1 min) loss_corrente=0.0138
    [epoch 5/50 train] batch 1700/2995 (3.70 batch/s, ETA 5.8 min) loss_corrente=0.0139
    [epoch 5/50 train] batch 1750/2995 (3.70 batch/s, ETA 5.6 min) loss_corrente=0.0141
    [epoch 5/50 train] batch 1800/2995 (3.70 batch/s, ETA 5.4 min) loss_corrente=0.0142
    [epoch 5/50 train] batch 1850/2995 (3.70 batch/s, ETA 5.2 min) loss_corrente=0.0142
    [epoch 5/50 train] batch 1900/2995 (3.70 batch/s, ETA 4.9 min) loss_corrente=0.0144
    [epoch 5/50 train] batch 1950/2995 (3.70 batch/s, ETA 4.7 min) loss_corrente=0.0142
    [epoch 5/50 train] batch 2000/2995 (3.70 batch/s, ETA 4.5 min) loss_corrente=0.0141
    [epoch 5/50 train] batch 2050/2995 (3.70 batch/s, ETA 4.3 min) loss_corrente=0.0142
    [epoch 5/50 train] batch 2100/2995 (3.70 batch/s, ETA 4.0 min) loss_corrente=0.0144
    [epoch 5/50 train] batch 2150/2995 (3.70 batch/s, ETA 3.8 min) loss_corrente=0.0145
    [epoch 5/50 train] batch 2200/2995 (3.70 batch/s, ETA 3.6 min) loss_corrente=0.0145
    [epoch 5/50 train] batch 2250/2995 (3.70 batch/s, ETA 3.4 min) loss_corrente=0.0145
    [epoch 5/50 train] batch 2300/2995 (3.70 batch/s, ETA 3.1 min) loss_corrente=0.0145
    [epoch 5/50 train] batch 2350/2995 (3.70 batch/s, ETA 2.9 min) loss_corrente=0.0146
    [epoch 5/50 train] batch 2400/2995 (3.70 batch/s, ETA 2.7 min) loss_corrente=0.0147
    [epoch 5/50 train] batch 2450/2995 (3.70 batch/s, ETA 2.5 min) loss_corrente=0.0147
    [epoch 5/50 train] batch 2500/2995 (3.70 batch/s, ETA 2.2 min) loss_corrente=0.0147
    [epoch 5/50 train] batch 2550/2995 (3.70 batch/s, ETA 2.0 min) loss_corrente=0.0147
    [epoch 5/50 train] batch 2600/2995 (3.70 batch/s, ETA 1.8 min) loss_corrente=0.0148
    [epoch 5/50 train] batch 2650/2995 (3.70 batch/s, ETA 1.6 min) loss_corrente=0.0147
    [epoch 5/50 train] batch 2700/2995 (3.70 batch/s, ETA 1.3 min) loss_corrente=0.0149
    [epoch 5/50 train] batch 2750/2995 (3.70 batch/s, ETA 1.1 min) loss_corrente=0.0148
    [epoch 5/50 train] batch 2800/2995 (3.70 batch/s, ETA 0.9 min) loss_corrente=0.0147
    [epoch 5/50 train] batch 2850/2995 (3.70 batch/s, ETA 0.7 min) loss_corrente=0.0148
    [epoch 5/50 train] batch 2900/2995 (3.70 batch/s, ETA 0.4 min) loss_corrente=0.0147
    [epoch 5/50 train] batch 2950/2995 (3.70 batch/s, ETA 0.2 min) loss_corrente=0.0145
    [epoch 5/50 train] batch 2995/2995 (3.70 batch/s, ETA 0.0 min) loss_corrente=0.0144
    [epoch 5/50 val] batch 50/528 (8.79 batch/s, ETA 0.9 min) loss_corrente=0.0682
    [epoch 5/50 val] batch 100/528 (8.89 batch/s, ETA 0.8 min) loss_corrente=0.0558
    [epoch 5/50 val] batch 150/528 (8.94 batch/s, ETA 0.7 min) loss_corrente=0.0671
    [epoch 5/50 val] batch 200/528 (8.95 batch/s, ETA 0.6 min) loss_corrente=0.0633
    [epoch 5/50 val] batch 250/528 (8.96 batch/s, ETA 0.5 min) loss_corrente=0.0687
    [epoch 5/50 val] batch 300/528 (8.97 batch/s, ETA 0.4 min) loss_corrente=0.0664
    [epoch 5/50 val] batch 350/528 (8.97 batch/s, ETA 0.3 min) loss_corrente=0.0690
    [epoch 5/50 val] batch 400/528 (8.98 batch/s, ETA 0.2 min) loss_corrente=0.0670
    [epoch 5/50 val] batch 450/528 (8.98 batch/s, ETA 0.1 min) loss_corrente=0.0638
    [epoch 5/50 val] batch 500/528 (8.98 batch/s, ETA 0.1 min) loss_corrente=0.0631
    [epoch 5/50 val] batch 528/528 (8.99 batch/s, ETA 0.0 min) loss_corrente=0.0621
Epoch   5/50 | train_loss=0.0144 train_acc=0.996 | val_loss=0.0621 val_acc=0.982
    [epoch 6/50 train] batch 50/2995 (3.67 batch/s, ETA 13.4 min) loss_corrente=0.0047
    [epoch 6/50 train] batch 100/2995 (3.69 batch/s, ETA 13.1 min) loss_corrente=0.0057
    [epoch 6/50 train] batch 150/2995 (3.69 batch/s, ETA 12.8 min) loss_corrente=0.0068
    [epoch 6/50 train] batch 200/2995 (3.69 batch/s, ETA 12.6 min) loss_corrente=0.0064
    [epoch 6/50 train] batch 250/2995 (3.70 batch/s, ETA 12.4 min) loss_corrente=0.0061
    [epoch 6/50 train] batch 300/2995 (3.70 batch/s, ETA 12.1 min) loss_corrente=0.0069
    [epoch 6/50 train] batch 350/2995 (3.70 batch/s, ETA 11.9 min) loss_corrente=0.0082
    [epoch 6/50 train] batch 400/2995 (3.70 batch/s, ETA 11.7 min) loss_corrente=0.0080
    [epoch 6/50 train] batch 450/2995 (3.70 batch/s, ETA 11.5 min) loss_corrente=0.0076
    [epoch 6/50 train] batch 500/2995 (3.70 batch/s, ETA 11.2 min) loss_corrente=0.0080
    [epoch 6/50 train] batch 550/2995 (3.70 batch/s, ETA 11.0 min) loss_corrente=0.0087
    [epoch 6/50 train] batch 600/2995 (3.70 batch/s, ETA 10.8 min) loss_corrente=0.0092
    [epoch 6/50 train] batch 650/2995 (3.70 batch/s, ETA 10.6 min) loss_corrente=0.0093
    [epoch 6/50 train] batch 700/2995 (3.70 batch/s, ETA 10.3 min) loss_corrente=0.0094
    [epoch 6/50 train] batch 750/2995 (3.70 batch/s, ETA 10.1 min) loss_corrente=0.0095
    [epoch 6/50 train] batch 800/2995 (3.70 batch/s, ETA 9.9 min) loss_corrente=0.0095
    [epoch 6/50 train] batch 850/2995 (3.70 batch/s, ETA 9.7 min) loss_corrente=0.0095
    [epoch 6/50 train] batch 900/2995 (3.70 batch/s, ETA 9.4 min) loss_corrente=0.0097
    [epoch 6/50 train] batch 950/2995 (3.70 batch/s, ETA 9.2 min) loss_corrente=0.0094
    [epoch 6/50 train] batch 1000/2995 (3.70 batch/s, ETA 9.0 min) loss_corrente=0.0099
    [epoch 6/50 train] batch 1050/2995 (3.70 batch/s, ETA 8.8 min) loss_corrente=0.0098
    [epoch 6/50 train] batch 1100/2995 (3.70 batch/s, ETA 8.5 min) loss_corrente=0.0103
    [epoch 6/50 train] batch 1150/2995 (3.70 batch/s, ETA 8.3 min) loss_corrente=0.0100
    [epoch 6/50 train] batch 1200/2995 (3.70 batch/s, ETA 8.1 min) loss_corrente=0.0097
    [epoch 6/50 train] batch 1250/2995 (3.70 batch/s, ETA 7.9 min) loss_corrente=0.0101
    [epoch 6/50 train] batch 1300/2995 (3.70 batch/s, ETA 7.6 min) loss_corrente=0.0103
    [epoch 6/50 train] batch 1350/2995 (3.70 batch/s, ETA 7.4 min) loss_corrente=0.0103
    [epoch 6/50 train] batch 1400/2995 (3.70 batch/s, ETA 7.2 min) loss_corrente=0.0100
    [epoch 6/50 train] batch 1450/2995 (3.70 batch/s, ETA 7.0 min) loss_corrente=0.0098
    [epoch 6/50 train] batch 1500/2995 (3.70 batch/s, ETA 6.7 min) loss_corrente=0.0097
    [epoch 6/50 train] batch 1550/2995 (3.70 batch/s, ETA 6.5 min) loss_corrente=0.0098
    [epoch 6/50 train] batch 1600/2995 (3.70 batch/s, ETA 6.3 min) loss_corrente=0.0098
    [epoch 6/50 train] batch 1650/2995 (3.70 batch/s, ETA 6.1 min) loss_corrente=0.0098
    [epoch 6/50 train] batch 1700/2995 (3.70 batch/s, ETA 5.8 min) loss_corrente=0.0095
    [epoch 6/50 train] batch 1750/2995 (3.70 batch/s, ETA 5.6 min) loss_corrente=0.0096
    [epoch 6/50 train] batch 1800/2995 (3.70 batch/s, ETA 5.4 min) loss_corrente=0.0099
    [epoch 6/50 train] batch 1850/2995 (3.70 batch/s, ETA 5.2 min) loss_corrente=0.0099
    [epoch 6/50 train] batch 1900/2995 (3.70 batch/s, ETA 4.9 min) loss_corrente=0.0103
    [epoch 6/50 train] batch 1950/2995 (3.70 batch/s, ETA 4.7 min) loss_corrente=0.0106
    [epoch 6/50 train] batch 2000/2995 (3.70 batch/s, ETA 4.5 min) loss_corrente=0.0105
    [epoch 6/50 train] batch 2050/2995 (3.70 batch/s, ETA 4.3 min) loss_corrente=0.0104
    [epoch 6/50 train] batch 2100/2995 (3.70 batch/s, ETA 4.0 min) loss_corrente=0.0108
    [epoch 6/50 train] batch 2150/2995 (3.70 batch/s, ETA 3.8 min) loss_corrente=0.0107
    [epoch 6/50 train] batch 2200/2995 (3.70 batch/s, ETA 3.6 min) loss_corrente=0.0105
    [epoch 6/50 train] batch 2250/2995 (3.70 batch/s, ETA 3.4 min) loss_corrente=0.0105
    [epoch 6/50 train] batch 2300/2995 (3.70 batch/s, ETA 3.1 min) loss_corrente=0.0104
    [epoch 6/50 train] batch 2350/2995 (3.70 batch/s, ETA 2.9 min) loss_corrente=0.0105
    [epoch 6/50 train] batch 2400/2995 (3.70 batch/s, ETA 2.7 min) loss_corrente=0.0103
    [epoch 6/50 train] batch 2450/2995 (3.70 batch/s, ETA 2.5 min) loss_corrente=0.0102
    [epoch 6/50 train] batch 2500/2995 (3.70 batch/s, ETA 2.2 min) loss_corrente=0.0102
    [epoch 6/50 train] batch 2550/2995 (3.70 batch/s, ETA 2.0 min) loss_corrente=0.0102
    [epoch 6/50 train] batch 2600/2995 (3.70 batch/s, ETA 1.8 min) loss_corrente=0.0105
    [epoch 6/50 train] batch 2650/2995 (3.70 batch/s, ETA 1.6 min) loss_corrente=0.0108
    [epoch 6/50 train] batch 2700/2995 (3.70 batch/s, ETA 1.3 min) loss_corrente=0.0108
    [epoch 6/50 train] batch 2750/2995 (3.70 batch/s, ETA 1.1 min) loss_corrente=0.0109
    [epoch 6/50 train] batch 2800/2995 (3.70 batch/s, ETA 0.9 min) loss_corrente=0.0110
    [epoch 6/50 train] batch 2850/2995 (3.70 batch/s, ETA 0.7 min) loss_corrente=0.0112
    [epoch 6/50 train] batch 2900/2995 (3.70 batch/s, ETA 0.4 min) loss_corrente=0.0114
    [epoch 6/50 train] batch 2950/2995 (3.70 batch/s, ETA 0.2 min) loss_corrente=0.0114
    [epoch 6/50 train] batch 2995/2995 (3.70 batch/s, ETA 0.0 min) loss_corrente=0.0113
    [epoch 6/50 val] batch 50/528 (8.75 batch/s, ETA 0.9 min) loss_corrente=0.0745
    [epoch 6/50 val] batch 100/528 (8.86 batch/s, ETA 0.8 min) loss_corrente=0.0569
    [epoch 6/50 val] batch 150/528 (8.92 batch/s, ETA 0.7 min) loss_corrente=0.0718
    [epoch 6/50 val] batch 200/528 (8.94 batch/s, ETA 0.6 min) loss_corrente=0.0645
    [epoch 6/50 val] batch 250/528 (8.96 batch/s, ETA 0.5 min) loss_corrente=0.0670
    [epoch 6/50 val] batch 300/528 (8.96 batch/s, ETA 0.4 min) loss_corrente=0.0621
    [epoch 6/50 val] batch 350/528 (8.96 batch/s, ETA 0.3 min) loss_corrente=0.0622
    [epoch 6/50 val] batch 400/528 (8.97 batch/s, ETA 0.2 min) loss_corrente=0.0600
    [epoch 6/50 val] batch 450/528 (8.97 batch/s, ETA 0.1 min) loss_corrente=0.0571
    [epoch 6/50 val] batch 500/528 (8.97 batch/s, ETA 0.1 min) loss_corrente=0.0564
    [epoch 6/50 val] batch 528/528 (8.98 batch/s, ETA 0.0 min) loss_corrente=0.0556
Epoch   6/50 | train_loss=0.0113 train_acc=0.996 | val_loss=0.0556 val_acc=0.984
    [epoch 7/50 train] batch 50/2995 (3.67 batch/s, ETA 13.4 min) loss_corrente=0.0050
    [epoch 7/50 train] batch 100/2995 (3.69 batch/s, ETA 13.1 min) loss_corrente=0.0047
    [epoch 7/50 train] batch 150/2995 (3.69 batch/s, ETA 12.8 min) loss_corrente=0.0044
    [epoch 7/50 train] batch 200/2995 (3.69 batch/s, ETA 12.6 min) loss_corrente=0.0049
    [epoch 7/50 train] batch 250/2995 (3.70 batch/s, ETA 12.4 min) loss_corrente=0.0044
    [epoch 7/50 train] batch 300/2995 (3.70 batch/s, ETA 12.2 min) loss_corrente=0.0063
    [epoch 7/50 train] batch 350/2995 (3.70 batch/s, ETA 11.9 min) loss_corrente=0.0060
    [epoch 7/50 train] batch 400/2995 (3.70 batch/s, ETA 11.7 min) loss_corrente=0.0073
    [epoch 7/50 train] batch 450/2995 (3.70 batch/s, ETA 11.5 min) loss_corrente=0.0069
    [epoch 7/50 train] batch 500/2995 (3.70 batch/s, ETA 11.2 min) loss_corrente=0.0069
    [epoch 7/50 train] batch 550/2995 (3.70 batch/s, ETA 11.0 min) loss_corrente=0.0078
    [epoch 7/50 train] batch 600/2995 (3.70 batch/s, ETA 10.8 min) loss_corrente=0.0077
    [epoch 7/50 train] batch 650/2995 (3.70 batch/s, ETA 10.6 min) loss_corrente=0.0077
    [epoch 7/50 train] batch 700/2995 (3.70 batch/s, ETA 10.3 min) loss_corrente=0.0073
    [epoch 7/50 train] batch 750/2995 (3.70 batch/s, ETA 10.1 min) loss_corrente=0.0073
    [epoch 7/50 train] batch 800/2995 (3.70 batch/s, ETA 9.9 min) loss_corrente=0.0074
    [epoch 7/50 train] batch 850/2995 (3.70 batch/s, ETA 9.7 min) loss_corrente=0.0071
    [epoch 7/50 train] batch 900/2995 (3.70 batch/s, ETA 9.4 min) loss_corrente=0.0072
    [epoch 7/50 train] batch 950/2995 (3.70 batch/s, ETA 9.2 min) loss_corrente=0.0074
    [epoch 7/50 train] batch 1000/2995 (3.70 batch/s, ETA 9.0 min) loss_corrente=0.0073
    [epoch 7/50 train] batch 1050/2995 (3.70 batch/s, ETA 8.8 min) loss_corrente=0.0072
    [epoch 7/50 train] batch 1100/2995 (3.70 batch/s, ETA 8.5 min) loss_corrente=0.0072
    [epoch 7/50 train] batch 1150/2995 (3.70 batch/s, ETA 8.3 min) loss_corrente=0.0070
    [epoch 7/50 train] batch 1200/2995 (3.70 batch/s, ETA 8.1 min) loss_corrente=0.0074
    [epoch 7/50 train] batch 1250/2995 (3.70 batch/s, ETA 7.9 min) loss_corrente=0.0077
    [epoch 7/50 train] batch 1300/2995 (3.70 batch/s, ETA 7.6 min) loss_corrente=0.0076
    [epoch 7/50 train] batch 1350/2995 (3.70 batch/s, ETA 7.4 min) loss_corrente=0.0076
    [epoch 7/50 train] batch 1400/2995 (3.70 batch/s, ETA 7.2 min) loss_corrente=0.0074
    [epoch 7/50 train] batch 1450/2995 (3.70 batch/s, ETA 7.0 min) loss_corrente=0.0076
    [epoch 7/50 train] batch 1500/2995 (3.70 batch/s, ETA 6.7 min) loss_corrente=0.0074
    [epoch 7/50 train] batch 1550/2995 (3.70 batch/s, ETA 6.5 min) loss_corrente=0.0076
    [epoch 7/50 train] batch 1600/2995 (3.70 batch/s, ETA 6.3 min) loss_corrente=0.0076
    [epoch 7/50 train] batch 1650/2995 (3.70 batch/s, ETA 6.1 min) loss_corrente=0.0074
    [epoch 7/50 train] batch 1700/2995 (3.70 batch/s, ETA 5.8 min) loss_corrente=0.0078
    [epoch 7/50 train] batch 1750/2995 (3.70 batch/s, ETA 5.6 min) loss_corrente=0.0082
    [epoch 7/50 train] batch 1800/2995 (3.70 batch/s, ETA 5.4 min) loss_corrente=0.0081
    [epoch 7/50 train] batch 1850/2995 (3.70 batch/s, ETA 5.2 min) loss_corrente=0.0081
    [epoch 7/50 train] batch 1900/2995 (3.70 batch/s, ETA 4.9 min) loss_corrente=0.0080
    [epoch 7/50 train] batch 1950/2995 (3.70 batch/s, ETA 4.7 min) loss_corrente=0.0079
    [epoch 7/50 train] batch 2000/2995 (3.70 batch/s, ETA 4.5 min) loss_corrente=0.0078
    [epoch 7/50 train] batch 2050/2995 (3.70 batch/s, ETA 4.3 min) loss_corrente=0.0079
    [epoch 7/50 train] batch 2100/2995 (3.70 batch/s, ETA 4.0 min) loss_corrente=0.0078
    [epoch 7/50 train] batch 2150/2995 (3.70 batch/s, ETA 3.8 min) loss_corrente=0.0078
    [epoch 7/50 train] batch 2200/2995 (3.70 batch/s, ETA 3.6 min) loss_corrente=0.0077
    [epoch 7/50 train] batch 2250/2995 (3.70 batch/s, ETA 3.4 min) loss_corrente=0.0076
    [epoch 7/50 train] batch 2300/2995 (3.70 batch/s, ETA 3.1 min) loss_corrente=0.0079
    [epoch 7/50 train] batch 2350/2995 (3.70 batch/s, ETA 2.9 min) loss_corrente=0.0080
    [epoch 7/50 train] batch 2400/2995 (3.70 batch/s, ETA 2.7 min) loss_corrente=0.0079
    [epoch 7/50 train] batch 2450/2995 (3.70 batch/s, ETA 2.5 min) loss_corrente=0.0080
    [epoch 7/50 train] batch 2500/2995 (3.70 batch/s, ETA 2.2 min) loss_corrente=0.0083
    [epoch 7/50 train] batch 2550/2995 (3.70 batch/s, ETA 2.0 min) loss_corrente=0.0083
    [epoch 7/50 train] batch 2600/2995 (3.70 batch/s, ETA 1.8 min) loss_corrente=0.0082
    [epoch 7/50 train] batch 2650/2995 (3.70 batch/s, ETA 1.6 min) loss_corrente=0.0081
    [epoch 7/50 train] batch 2700/2995 (3.71 batch/s, ETA 1.3 min) loss_corrente=0.0081
    [epoch 7/50 train] batch 2750/2995 (3.71 batch/s, ETA 1.1 min) loss_corrente=0.0082
    [epoch 7/50 train] batch 2800/2995 (3.71 batch/s, ETA 0.9 min) loss_corrente=0.0081
    [epoch 7/50 train] batch 2850/2995 (3.71 batch/s, ETA 0.7 min) loss_corrente=0.0082
    [epoch 7/50 train] batch 2900/2995 (3.70 batch/s, ETA 0.4 min) loss_corrente=0.0082
    [epoch 7/50 train] batch 2950/2995 (3.70 batch/s, ETA 0.2 min) loss_corrente=0.0082
    [epoch 7/50 train] batch 2995/2995 (3.71 batch/s, ETA 0.0 min) loss_corrente=0.0082
    [epoch 7/50 val] batch 50/528 (8.76 batch/s, ETA 0.9 min) loss_corrente=0.0871
    [epoch 7/50 val] batch 100/528 (8.87 batch/s, ETA 0.8 min) loss_corrente=0.0727
    [epoch 7/50 val] batch 150/528 (8.92 batch/s, ETA 0.7 min) loss_corrente=0.0786
    [epoch 7/50 val] batch 200/528 (8.94 batch/s, ETA 0.6 min) loss_corrente=0.0701
    [epoch 7/50 val] batch 250/528 (8.95 batch/s, ETA 0.5 min) loss_corrente=0.0753
    [epoch 7/50 val] batch 300/528 (8.96 batch/s, ETA 0.4 min) loss_corrente=0.0697
    [epoch 7/50 val] batch 350/528 (8.96 batch/s, ETA 0.3 min) loss_corrente=0.0721
    [epoch 7/50 val] batch 400/528 (8.97 batch/s, ETA 0.2 min) loss_corrente=0.0700
    [epoch 7/50 val] batch 450/528 (8.97 batch/s, ETA 0.1 min) loss_corrente=0.0672
    [epoch 7/50 val] batch 500/528 (8.98 batch/s, ETA 0.1 min) loss_corrente=0.0663
    [epoch 7/50 val] batch 528/528 (8.98 batch/s, ETA 0.0 min) loss_corrente=0.0648
Epoch   7/50 | train_loss=0.0082 train_acc=0.997 | val_loss=0.0648 val_acc=0.984

[Early stopping] Nessun miglioramento da 5 epoche

[Completato] Best val_loss=0.0463
[Output] weights/fase3_siglip_lora_full/fase3_siglip_lora_full_r8_neg05/results.csv  (compatibile con analyze_yolo_loss_magnitude.py)
[Output] weights/fase3_siglip_lora_full/fase3_siglip_lora_full_r8_neg05/best  (adapter LoRA visual+text, logit_scale/bias migliori)
==================================================
Job completato: Sat Jul 25 06:11:16 PM CEST 2026
==================================================
