==================================================
Job: oos_fase3_r16 (LoRA rank=16, alpha=32 — redo neg_ratio=1.0 con parametri anti-overfitting)
Data: Sun Jul 26 01:40:24 PM CEST 2026
Nodo: ainode01
==================================================
NVIDIA H100 80GB HBM3, 81559 MiB
[Setup] Device: cuda
[Setup] Carico processor/modello: google/siglip2-giant-opt-patch16-384
[Dati] Costruisco dataset di training...
[Dataset] train: 32554 positivi, 32164 negativi (64718 campioni totali)
[Dati] Costruisco dataset di validazione...
[Dataset] val: 5783 positivi, 5768 negativi (11551 campioni totali)
[Modello] Costruisco SigLIP2 + LoRA + MLP...
[Modello] LoRA rank=16, alpha=32 (rapporto alpha/r=2.0)
[Modello] Parametri allenabili: 5,113,345 / 1,168,773,121 (0.44%)
[Optimizer] lr adapter LoRA=3e-05  |  lr MLP head=0.001

[Training] Inizio — 50 epoche, batch=16, lr=3e-05
    [epoch 1/50 train] batch 50/4045 (4.56 batch/s, ETA 14.6 min) loss_corrente=0.4207
    [epoch 1/50 train] batch 100/4045 (4.82 batch/s, ETA 13.6 min) loss_corrente=0.3484
    [epoch 1/50 train] batch 150/4045 (4.91 batch/s, ETA 13.2 min) loss_corrente=0.2938
    [epoch 1/50 train] batch 200/4045 (4.96 batch/s, ETA 12.9 min) loss_corrente=0.2654
    [epoch 1/50 train] batch 250/4045 (4.98 batch/s, ETA 12.7 min) loss_corrente=0.2482
    [epoch 1/50 train] batch 300/4045 (5.00 batch/s, ETA 12.5 min) loss_corrente=0.2277
    [epoch 1/50 train] batch 350/4045 (5.02 batch/s, ETA 12.3 min) loss_corrente=0.2152
    [epoch 1/50 train] batch 400/4045 (5.03 batch/s, ETA 12.1 min) loss_corrente=0.2035
    [epoch 1/50 train] batch 450/4045 (5.04 batch/s, ETA 11.9 min) loss_corrente=0.1936
    [epoch 1/50 train] batch 500/4045 (5.04 batch/s, ETA 11.7 min) loss_corrente=0.1832
    [epoch 1/50 train] batch 550/4045 (5.05 batch/s, ETA 11.5 min) loss_corrente=0.1732
    [epoch 1/50 train] batch 600/4045 (5.05 batch/s, ETA 11.4 min) loss_corrente=0.1670
    [epoch 1/50 train] batch 650/4045 (5.06 batch/s, ETA 11.2 min) loss_corrente=0.1588
    [epoch 1/50 train] batch 700/4045 (5.06 batch/s, ETA 11.0 min) loss_corrente=0.1542
    [epoch 1/50 train] batch 750/4045 (5.06 batch/s, ETA 10.8 min) loss_corrente=0.1506
    [epoch 1/50 train] batch 800/4045 (5.06 batch/s, ETA 10.7 min) loss_corrente=0.1465
    [epoch 1/50 train] batch 850/4045 (5.07 batch/s, ETA 10.5 min) loss_corrente=0.1407
    [epoch 1/50 train] batch 900/4045 (5.07 batch/s, ETA 10.3 min) loss_corrente=0.1379
    [epoch 1/50 train] batch 950/4045 (5.07 batch/s, ETA 10.2 min) loss_corrente=0.1351
    [epoch 1/50 train] batch 1000/4045 (5.07 batch/s, ETA 10.0 min) loss_corrente=0.1311
    [epoch 1/50 train] batch 1050/4045 (5.07 batch/s, ETA 9.8 min) loss_corrente=0.1287
    [epoch 1/50 train] batch 1100/4045 (5.08 batch/s, ETA 9.7 min) loss_corrente=0.1260
    [epoch 1/50 train] batch 1150/4045 (5.08 batch/s, ETA 9.5 min) loss_corrente=0.1223
    [epoch 1/50 train] batch 1200/4045 (5.08 batch/s, ETA 9.3 min) loss_corrente=0.1196
    [epoch 1/50 train] batch 1250/4045 (5.08 batch/s, ETA 9.2 min) loss_corrente=0.1179
    [epoch 1/50 train] batch 1300/4045 (5.08 batch/s, ETA 9.0 min) loss_corrente=0.1164
    [epoch 1/50 train] batch 1350/4045 (5.08 batch/s, ETA 8.8 min) loss_corrente=0.1144
    [epoch 1/50 train] batch 1400/4045 (5.08 batch/s, ETA 8.7 min) loss_corrente=0.1125
    [epoch 1/50 train] batch 1450/4045 (5.08 batch/s, ETA 8.5 min) loss_corrente=0.1102
    [epoch 1/50 train] batch 1500/4045 (5.08 batch/s, ETA 8.3 min) loss_corrente=0.1089
    [epoch 1/50 train] batch 1550/4045 (5.08 batch/s, ETA 8.2 min) loss_corrente=0.1070
    [epoch 1/50 train] batch 1600/4045 (5.08 batch/s, ETA 8.0 min) loss_corrente=0.1051
    [epoch 1/50 train] batch 1650/4045 (5.08 batch/s, ETA 7.9 min) loss_corrente=0.1036
    [epoch 1/50 train] batch 1700/4045 (5.09 batch/s, ETA 7.7 min) loss_corrente=0.1024
    [epoch 1/50 train] batch 1750/4045 (5.09 batch/s, ETA 7.5 min) loss_corrente=0.1008
    [epoch 1/50 train] batch 1800/4045 (5.09 batch/s, ETA 7.4 min) loss_corrente=0.0991
    [epoch 1/50 train] batch 1850/4045 (5.09 batch/s, ETA 7.2 min) loss_corrente=0.0987
    [epoch 1/50 train] batch 1900/4045 (5.09 batch/s, ETA 7.0 min) loss_corrente=0.0980
    [epoch 1/50 train] batch 1950/4045 (5.09 batch/s, ETA 6.9 min) loss_corrente=0.0974
    [epoch 1/50 train] batch 2000/4045 (5.09 batch/s, ETA 6.7 min) loss_corrente=0.0960
    [epoch 1/50 train] batch 2050/4045 (5.09 batch/s, ETA 6.5 min) loss_corrente=0.0944
    [epoch 1/50 train] batch 2100/4045 (5.09 batch/s, ETA 6.4 min) loss_corrente=0.0932
    [epoch 1/50 train] batch 2150/4045 (5.09 batch/s, ETA 6.2 min) loss_corrente=0.0926
    [epoch 1/50 train] batch 2200/4045 (5.09 batch/s, ETA 6.0 min) loss_corrente=0.0918
    [epoch 1/50 train] batch 2250/4045 (5.09 batch/s, ETA 5.9 min) loss_corrente=0.0905
    [epoch 1/50 train] batch 2300/4045 (5.09 batch/s, ETA 5.7 min) loss_corrente=0.0897
    [epoch 1/50 train] batch 2350/4045 (5.09 batch/s, ETA 5.5 min) loss_corrente=0.0890
    [epoch 1/50 train] batch 2400/4045 (5.09 batch/s, ETA 5.4 min) loss_corrente=0.0884
    [epoch 1/50 train] batch 2450/4045 (5.09 batch/s, ETA 5.2 min) loss_corrente=0.0872
    [epoch 1/50 train] batch 2500/4045 (5.09 batch/s, ETA 5.1 min) loss_corrente=0.0862
    [epoch 1/50 train] batch 2550/4045 (5.09 batch/s, ETA 4.9 min) loss_corrente=0.0853
    [epoch 1/50 train] batch 2600/4045 (5.09 batch/s, ETA 4.7 min) loss_corrente=0.0847
    [epoch 1/50 train] batch 2650/4045 (5.09 batch/s, ETA 4.6 min) loss_corrente=0.0838
    [epoch 1/50 train] batch 2700/4045 (5.09 batch/s, ETA 4.4 min) loss_corrente=0.0833
    [epoch 1/50 train] batch 2750/4045 (5.09 batch/s, ETA 4.2 min) loss_corrente=0.0825
    [epoch 1/50 train] batch 2800/4045 (5.09 batch/s, ETA 4.1 min) loss_corrente=0.0816
    [epoch 1/50 train] batch 2850/4045 (5.09 batch/s, ETA 3.9 min) loss_corrente=0.0810
    [epoch 1/50 train] batch 2900/4045 (5.09 batch/s, ETA 3.7 min) loss_corrente=0.0810
    [epoch 1/50 train] batch 2950/4045 (5.09 batch/s, ETA 3.6 min) loss_corrente=0.0807
    [epoch 1/50 train] batch 3000/4045 (5.09 batch/s, ETA 3.4 min) loss_corrente=0.0804
    [epoch 1/50 train] batch 3050/4045 (5.09 batch/s, ETA 3.3 min) loss_corrente=0.0797
    [epoch 1/50 train] batch 3100/4045 (5.09 batch/s, ETA 3.1 min) loss_corrente=0.0789
    [epoch 1/50 train] batch 3150/4045 (5.09 batch/s, ETA 2.9 min) loss_corrente=0.0787
    [epoch 1/50 train] batch 3200/4045 (5.09 batch/s, ETA 2.8 min) loss_corrente=0.0780
    [epoch 1/50 train] batch 3250/4045 (5.09 batch/s, ETA 2.6 min) loss_corrente=0.0776
    [epoch 1/50 train] batch 3300/4045 (5.09 batch/s, ETA 2.4 min) loss_corrente=0.0774
    [epoch 1/50 train] batch 3350/4045 (5.09 batch/s, ETA 2.3 min) loss_corrente=0.0770
    [epoch 1/50 train] batch 3400/4045 (5.09 batch/s, ETA 2.1 min) loss_corrente=0.0767
    [epoch 1/50 train] batch 3450/4045 (5.09 batch/s, ETA 1.9 min) loss_corrente=0.0761
    [epoch 1/50 train] batch 3500/4045 (5.09 batch/s, ETA 1.8 min) loss_corrente=0.0760
    [epoch 1/50 train] batch 3550/4045 (5.09 batch/s, ETA 1.6 min) loss_corrente=0.0754
    [epoch 1/50 train] batch 3600/4045 (5.09 batch/s, ETA 1.5 min) loss_corrente=0.0749
    [epoch 1/50 train] batch 3650/4045 (5.09 batch/s, ETA 1.3 min) loss_corrente=0.0743
    [epoch 1/50 train] batch 3700/4045 (5.10 batch/s, ETA 1.1 min) loss_corrente=0.0739
    [epoch 1/50 train] batch 3750/4045 (5.10 batch/s, ETA 1.0 min) loss_corrente=0.0736
    [epoch 1/50 train] batch 3800/4045 (5.10 batch/s, ETA 0.8 min) loss_corrente=0.0731
    [epoch 1/50 train] batch 3850/4045 (5.10 batch/s, ETA 0.6 min) loss_corrente=0.0728
    [epoch 1/50 train] batch 3900/4045 (5.10 batch/s, ETA 0.5 min) loss_corrente=0.0723
    [epoch 1/50 train] batch 3950/4045 (5.10 batch/s, ETA 0.3 min) loss_corrente=0.0721
    [epoch 1/50 train] batch 4000/4045 (5.10 batch/s, ETA 0.1 min) loss_corrente=0.0718
    [epoch 1/50 train] batch 4045/4045 (5.10 batch/s, ETA 0.0 min) loss_corrente=0.0715
    [epoch 1/50 val] batch 50/722 (10.47 batch/s, ETA 1.1 min) loss_corrente=0.1185
    [epoch 1/50 val] batch 100/722 (11.07 batch/s, ETA 0.9 min) loss_corrente=0.0780
    [epoch 1/50 val] batch 150/722 (11.29 batch/s, ETA 0.8 min) loss_corrente=0.0694
    [epoch 1/50 val] batch 200/722 (11.40 batch/s, ETA 0.8 min) loss_corrente=0.0732
    [epoch 1/50 val] batch 250/722 (11.47 batch/s, ETA 0.7 min) loss_corrente=0.0670
    [epoch 1/50 val] batch 300/722 (11.52 batch/s, ETA 0.6 min) loss_corrente=0.0679
    [epoch 1/50 val] batch 350/722 (11.55 batch/s, ETA 0.5 min) loss_corrente=0.0629
    [epoch 1/50 val] batch 400/722 (11.58 batch/s, ETA 0.5 min) loss_corrente=0.0591
    [epoch 1/50 val] batch 450/722 (11.59 batch/s, ETA 0.4 min) loss_corrente=0.0586
    [epoch 1/50 val] batch 500/722 (11.60 batch/s, ETA 0.3 min) loss_corrente=0.0593
    [epoch 1/50 val] batch 550/722 (11.62 batch/s, ETA 0.2 min) loss_corrente=0.0580
    [epoch 1/50 val] batch 600/722 (11.63 batch/s, ETA 0.2 min) loss_corrente=0.0577
    [epoch 1/50 val] batch 650/722 (11.64 batch/s, ETA 0.1 min) loss_corrente=0.0559
    [epoch 1/50 val] batch 700/722 (11.64 batch/s, ETA 0.0 min) loss_corrente=0.0562
    [epoch 1/50 val] batch 722/722 (11.65 batch/s, ETA 0.0 min) loss_corrente=0.0558
Epoch   1/50 | train_loss=0.0715 train_acc=0.974 | val_loss=0.0558 val_acc=0.979
    [epoch 2/50 train] batch 50/4045 (5.04 batch/s, ETA 13.2 min) loss_corrente=0.0161
    [epoch 2/50 train] batch 100/4045 (5.07 batch/s, ETA 13.0 min) loss_corrente=0.0275
    [epoch 2/50 train] batch 150/4045 (5.08 batch/s, ETA 12.8 min) loss_corrente=0.0252
    [epoch 2/50 train] batch 200/4045 (5.09 batch/s, ETA 12.6 min) loss_corrente=0.0265
    [epoch 2/50 train] batch 250/4045 (5.09 batch/s, ETA 12.4 min) loss_corrente=0.0266
    [epoch 2/50 train] batch 300/4045 (5.09 batch/s, ETA 12.3 min) loss_corrente=0.0305
    [epoch 2/50 train] batch 350/4045 (5.09 batch/s, ETA 12.1 min) loss_corrente=0.0311
    [epoch 2/50 train] batch 400/4045 (5.09 batch/s, ETA 11.9 min) loss_corrente=0.0311
    [epoch 2/50 train] batch 450/4045 (5.10 batch/s, ETA 11.8 min) loss_corrente=0.0311
    [epoch 2/50 train] batch 500/4045 (5.10 batch/s, ETA 11.6 min) loss_corrente=0.0306
    [epoch 2/50 train] batch 550/4045 (5.10 batch/s, ETA 11.4 min) loss_corrente=0.0296
    [epoch 2/50 train] batch 600/4045 (5.10 batch/s, ETA 11.3 min) loss_corrente=0.0300
    [epoch 2/50 train] batch 650/4045 (5.10 batch/s, ETA 11.1 min) loss_corrente=0.0301
    [epoch 2/50 train] batch 700/4045 (5.10 batch/s, ETA 10.9 min) loss_corrente=0.0306
    [epoch 2/50 train] batch 750/4045 (5.10 batch/s, ETA 10.8 min) loss_corrente=0.0308
    [epoch 2/50 train] batch 800/4045 (5.10 batch/s, ETA 10.6 min) loss_corrente=0.0311
    [epoch 2/50 train] batch 850/4045 (5.10 batch/s, ETA 10.4 min) loss_corrente=0.0311
    [epoch 2/50 train] batch 900/4045 (5.10 batch/s, ETA 10.3 min) loss_corrente=0.0312
    [epoch 2/50 train] batch 950/4045 (5.10 batch/s, ETA 10.1 min) loss_corrente=0.0320
    [epoch 2/50 train] batch 1000/4045 (5.10 batch/s, ETA 10.0 min) loss_corrente=0.0325
    [epoch 2/50 train] batch 1050/4045 (5.10 batch/s, ETA 9.8 min) loss_corrente=0.0321
    [epoch 2/50 train] batch 1100/4045 (5.10 batch/s, ETA 9.6 min) loss_corrente=0.0322
    [epoch 2/50 train] batch 1150/4045 (5.10 batch/s, ETA 9.5 min) loss_corrente=0.0328
    [epoch 2/50 train] batch 1200/4045 (5.10 batch/s, ETA 9.3 min) loss_corrente=0.0321
    [epoch 2/50 train] batch 1250/4045 (5.10 batch/s, ETA 9.1 min) loss_corrente=0.0320
    [epoch 2/50 train] batch 1300/4045 (5.10 batch/s, ETA 9.0 min) loss_corrente=0.0322
    [epoch 2/50 train] batch 1350/4045 (5.10 batch/s, ETA 8.8 min) loss_corrente=0.0322
    [epoch 2/50 train] batch 1400/4045 (5.10 batch/s, ETA 8.6 min) loss_corrente=0.0320
    [epoch 2/50 train] batch 1450/4045 (5.10 batch/s, ETA 8.5 min) loss_corrente=0.0319
    [epoch 2/50 train] batch 1500/4045 (5.10 batch/s, ETA 8.3 min) loss_corrente=0.0319
    [epoch 2/50 train] batch 1550/4045 (5.10 batch/s, ETA 8.2 min) loss_corrente=0.0317
    [epoch 2/50 train] batch 1600/4045 (5.10 batch/s, ETA 8.0 min) loss_corrente=0.0316
    [epoch 2/50 train] batch 1650/4045 (5.10 batch/s, ETA 7.8 min) loss_corrente=0.0319
    [epoch 2/50 train] batch 1700/4045 (5.10 batch/s, ETA 7.7 min) loss_corrente=0.0320
    [epoch 2/50 train] batch 1750/4045 (5.10 batch/s, ETA 7.5 min) loss_corrente=0.0320
    [epoch 2/50 train] batch 1800/4045 (5.10 batch/s, ETA 7.3 min) loss_corrente=0.0315
    [epoch 2/50 train] batch 1850/4045 (5.10 batch/s, ETA 7.2 min) loss_corrente=0.0315
    [epoch 2/50 train] batch 1900/4045 (5.10 batch/s, ETA 7.0 min) loss_corrente=0.0316
    [epoch 2/50 train] batch 1950/4045 (5.10 batch/s, ETA 6.8 min) loss_corrente=0.0316
    [epoch 2/50 train] batch 2000/4045 (5.10 batch/s, ETA 6.7 min) loss_corrente=0.0314
    [epoch 2/50 train] batch 2050/4045 (5.10 batch/s, ETA 6.5 min) loss_corrente=0.0313
    [epoch 2/50 train] batch 2100/4045 (5.10 batch/s, ETA 6.4 min) loss_corrente=0.0313
    [epoch 2/50 train] batch 2150/4045 (5.10 batch/s, ETA 6.2 min) loss_corrente=0.0314
    [epoch 2/50 train] batch 2200/4045 (5.10 batch/s, ETA 6.0 min) loss_corrente=0.0313
    [epoch 2/50 train] batch 2250/4045 (5.10 batch/s, ETA 5.9 min) loss_corrente=0.0316
    [epoch 2/50 train] batch 2300/4045 (5.10 batch/s, ETA 5.7 min) loss_corrente=0.0313
    [epoch 2/50 train] batch 2350/4045 (5.10 batch/s, ETA 5.5 min) loss_corrente=0.0312
    [epoch 2/50 train] batch 2400/4045 (5.10 batch/s, ETA 5.4 min) loss_corrente=0.0312
    [epoch 2/50 train] batch 2450/4045 (5.10 batch/s, ETA 5.2 min) loss_corrente=0.0312
    [epoch 2/50 train] batch 2500/4045 (5.10 batch/s, ETA 5.0 min) loss_corrente=0.0316
    [epoch 2/50 train] batch 2550/4045 (5.10 batch/s, ETA 4.9 min) loss_corrente=0.0316
    [epoch 2/50 train] batch 2600/4045 (5.10 batch/s, ETA 4.7 min) loss_corrente=0.0314
    [epoch 2/50 train] batch 2650/4045 (5.10 batch/s, ETA 4.6 min) loss_corrente=0.0316
    [epoch 2/50 train] batch 2700/4045 (5.10 batch/s, ETA 4.4 min) loss_corrente=0.0317
    [epoch 2/50 train] batch 2750/4045 (5.10 batch/s, ETA 4.2 min) loss_corrente=0.0319
    [epoch 2/50 train] batch 2800/4045 (5.10 batch/s, ETA 4.1 min) loss_corrente=0.0317
    [epoch 2/50 train] batch 2850/4045 (5.10 batch/s, ETA 3.9 min) loss_corrente=0.0320
    [epoch 2/50 train] batch 2900/4045 (5.10 batch/s, ETA 3.7 min) loss_corrente=0.0320
    [epoch 2/50 train] batch 2950/4045 (5.10 batch/s, ETA 3.6 min) loss_corrente=0.0322
    [epoch 2/50 train] batch 3000/4045 (5.10 batch/s, ETA 3.4 min) loss_corrente=0.0321
    [epoch 2/50 train] batch 3050/4045 (5.10 batch/s, ETA 3.2 min) loss_corrente=0.0319
    [epoch 2/50 train] batch 3100/4045 (5.10 batch/s, ETA 3.1 min) loss_corrente=0.0319
    [epoch 2/50 train] batch 3150/4045 (5.10 batch/s, ETA 2.9 min) loss_corrente=0.0319
    [epoch 2/50 train] batch 3200/4045 (5.10 batch/s, ETA 2.8 min) loss_corrente=0.0319
    [epoch 2/50 train] batch 3250/4045 (5.10 batch/s, ETA 2.6 min) loss_corrente=0.0319
    [epoch 2/50 train] batch 3300/4045 (5.10 batch/s, ETA 2.4 min) loss_corrente=0.0320
    [epoch 2/50 train] batch 3350/4045 (5.10 batch/s, ETA 2.3 min) loss_corrente=0.0317
    [epoch 2/50 train] batch 3400/4045 (5.10 batch/s, ETA 2.1 min) loss_corrente=0.0316
    [epoch 2/50 train] batch 3450/4045 (5.10 batch/s, ETA 1.9 min) loss_corrente=0.0316
    [epoch 2/50 train] batch 3500/4045 (5.10 batch/s, ETA 1.8 min) loss_corrente=0.0316
    [epoch 2/50 train] batch 3550/4045 (5.10 batch/s, ETA 1.6 min) loss_corrente=0.0318
    [epoch 2/50 train] batch 3600/4045 (5.10 batch/s, ETA 1.5 min) loss_corrente=0.0318
    [epoch 2/50 train] batch 3650/4045 (5.10 batch/s, ETA 1.3 min) loss_corrente=0.0319
    [epoch 2/50 train] batch 3700/4045 (5.10 batch/s, ETA 1.1 min) loss_corrente=0.0317
    [epoch 2/50 train] batch 3750/4045 (5.10 batch/s, ETA 1.0 min) loss_corrente=0.0315
    [epoch 2/50 train] batch 3800/4045 (5.10 batch/s, ETA 0.8 min) loss_corrente=0.0315
    [epoch 2/50 train] batch 3850/4045 (5.10 batch/s, ETA 0.6 min) loss_corrente=0.0316
    [epoch 2/50 train] batch 3900/4045 (5.10 batch/s, ETA 0.5 min) loss_corrente=0.0315
    [epoch 2/50 train] batch 3950/4045 (5.10 batch/s, ETA 0.3 min) loss_corrente=0.0313
    [epoch 2/50 train] batch 4000/4045 (5.10 batch/s, ETA 0.1 min) loss_corrente=0.0314
    [epoch 2/50 train] batch 4045/4045 (5.10 batch/s, ETA 0.0 min) loss_corrente=0.0314
    [epoch 2/50 val] batch 50/722 (11.32 batch/s, ETA 1.0 min) loss_corrente=0.0993
    [epoch 2/50 val] batch 100/722 (11.53 batch/s, ETA 0.9 min) loss_corrente=0.0660
    [epoch 2/50 val] batch 150/722 (11.61 batch/s, ETA 0.8 min) loss_corrente=0.0699
    [epoch 2/50 val] batch 200/722 (11.64 batch/s, ETA 0.7 min) loss_corrente=0.0828
    [epoch 2/50 val] batch 250/722 (11.66 batch/s, ETA 0.7 min) loss_corrente=0.0758
    [epoch 2/50 val] batch 300/722 (11.68 batch/s, ETA 0.6 min) loss_corrente=0.0739
    [epoch 2/50 val] batch 350/722 (11.69 batch/s, ETA 0.5 min) loss_corrente=0.0677
    [epoch 2/50 val] batch 400/722 (11.70 batch/s, ETA 0.5 min) loss_corrente=0.0647
    [epoch 2/50 val] batch 450/722 (11.70 batch/s, ETA 0.4 min) loss_corrente=0.0650
    [epoch 2/50 val] batch 500/722 (11.71 batch/s, ETA 0.3 min) loss_corrente=0.0645
    [epoch 2/50 val] batch 550/722 (11.71 batch/s, ETA 0.2 min) loss_corrente=0.0627
    [epoch 2/50 val] batch 600/722 (11.71 batch/s, ETA 0.2 min) loss_corrente=0.0616
    [epoch 2/50 val] batch 650/722 (11.72 batch/s, ETA 0.1 min) loss_corrente=0.0593
    [epoch 2/50 val] batch 700/722 (11.72 batch/s, ETA 0.0 min) loss_corrente=0.0578
    [epoch 2/50 val] batch 722/722 (11.72 batch/s, ETA 0.0 min) loss_corrente=0.0567
Epoch   2/50 | train_loss=0.0314 train_acc=0.989 | val_loss=0.0567 val_acc=0.980
    [epoch 3/50 train] batch 50/4045 (5.05 batch/s, ETA 13.2 min) loss_corrente=0.0187
    [epoch 3/50 train] batch 100/4045 (5.08 batch/s, ETA 13.0 min) loss_corrente=0.0240
    [epoch 3/50 train] batch 150/4045 (5.09 batch/s, ETA 12.8 min) loss_corrente=0.0231
    [epoch 3/50 train] batch 200/4045 (5.09 batch/s, ETA 12.6 min) loss_corrente=0.0218
    [epoch 3/50 train] batch 250/4045 (5.10 batch/s, ETA 12.4 min) loss_corrente=0.0215
    [epoch 3/50 train] batch 300/4045 (5.10 batch/s, ETA 12.2 min) loss_corrente=0.0208
    [epoch 3/50 train] batch 350/4045 (5.10 batch/s, ETA 12.1 min) loss_corrente=0.0219
    [epoch 3/50 train] batch 400/4045 (5.10 batch/s, ETA 11.9 min) loss_corrente=0.0209
    [epoch 3/50 train] batch 450/4045 (5.10 batch/s, ETA 11.7 min) loss_corrente=0.0203
    [epoch 3/50 train] batch 500/4045 (5.10 batch/s, ETA 11.6 min) loss_corrente=0.0207
    [epoch 3/50 train] batch 550/4045 (5.10 batch/s, ETA 11.4 min) loss_corrente=0.0198
    [epoch 3/50 train] batch 600/4045 (5.10 batch/s, ETA 11.2 min) loss_corrente=0.0197
    [epoch 3/50 train] batch 650/4045 (5.11 batch/s, ETA 11.1 min) loss_corrente=0.0191
    [epoch 3/50 train] batch 700/4045 (5.11 batch/s, ETA 10.9 min) loss_corrente=0.0186
    [epoch 3/50 train] batch 750/4045 (5.11 batch/s, ETA 10.8 min) loss_corrente=0.0190
    [epoch 3/50 train] batch 800/4045 (5.11 batch/s, ETA 10.6 min) loss_corrente=0.0191
    [epoch 3/50 train] batch 850/4045 (5.11 batch/s, ETA 10.4 min) loss_corrente=0.0186
    [epoch 3/50 train] batch 900/4045 (5.11 batch/s, ETA 10.3 min) loss_corrente=0.0181
    [epoch 3/50 train] batch 950/4045 (5.11 batch/s, ETA 10.1 min) loss_corrente=0.0181
    [epoch 3/50 train] batch 1000/4045 (5.11 batch/s, ETA 9.9 min) loss_corrente=0.0178
    [epoch 3/50 train] batch 1050/4045 (5.11 batch/s, ETA 9.8 min) loss_corrente=0.0178
    [epoch 3/50 train] batch 1100/4045 (5.11 batch/s, ETA 9.6 min) loss_corrente=0.0179
    [epoch 3/50 train] batch 1150/4045 (5.11 batch/s, ETA 9.4 min) loss_corrente=0.0177
    [epoch 3/50 train] batch 1200/4045 (5.11 batch/s, ETA 9.3 min) loss_corrente=0.0183
    [epoch 3/50 train] batch 1250/4045 (5.11 batch/s, ETA 9.1 min) loss_corrente=0.0187
    [epoch 3/50 train] batch 1300/4045 (5.11 batch/s, ETA 9.0 min) loss_corrente=0.0188
    [epoch 3/50 train] batch 1350/4045 (5.11 batch/s, ETA 8.8 min) loss_corrente=0.0190
    [epoch 3/50 train] batch 1400/4045 (5.11 batch/s, ETA 8.6 min) loss_corrente=0.0190
    [epoch 3/50 train] batch 1450/4045 (5.11 batch/s, ETA 8.5 min) loss_corrente=0.0189
    [epoch 3/50 train] batch 1500/4045 (5.11 batch/s, ETA 8.3 min) loss_corrente=0.0190
    [epoch 3/50 train] batch 1550/4045 (5.11 batch/s, ETA 8.1 min) loss_corrente=0.0190
    [epoch 3/50 train] batch 1600/4045 (5.11 batch/s, ETA 8.0 min) loss_corrente=0.0188
    [epoch 3/50 train] batch 1650/4045 (5.11 batch/s, ETA 7.8 min) loss_corrente=0.0191
    [epoch 3/50 train] batch 1700/4045 (5.11 batch/s, ETA 7.6 min) loss_corrente=0.0193
    [epoch 3/50 train] batch 1750/4045 (5.11 batch/s, ETA 7.5 min) loss_corrente=0.0197
    [epoch 3/50 train] batch 1800/4045 (5.11 batch/s, ETA 7.3 min) loss_corrente=0.0197
    [epoch 3/50 train] batch 1850/4045 (5.11 batch/s, ETA 7.2 min) loss_corrente=0.0199
    [epoch 3/50 train] batch 1900/4045 (5.11 batch/s, ETA 7.0 min) loss_corrente=0.0199
    [epoch 3/50 train] batch 1950/4045 (5.11 batch/s, ETA 6.8 min) loss_corrente=0.0200
    [epoch 3/50 train] batch 2000/4045 (5.11 batch/s, ETA 6.7 min) loss_corrente=0.0196
    [epoch 3/50 train] batch 2050/4045 (5.11 batch/s, ETA 6.5 min) loss_corrente=0.0195
    [epoch 3/50 train] batch 2100/4045 (5.11 batch/s, ETA 6.3 min) loss_corrente=0.0195
    [epoch 3/50 train] batch 2150/4045 (5.11 batch/s, ETA 6.2 min) loss_corrente=0.0195
    [epoch 3/50 train] batch 2200/4045 (5.11 batch/s, ETA 6.0 min) loss_corrente=0.0195
    [epoch 3/50 train] batch 2250/4045 (5.11 batch/s, ETA 5.9 min) loss_corrente=0.0197
    [epoch 3/50 train] batch 2300/4045 (5.11 batch/s, ETA 5.7 min) loss_corrente=0.0196
    [epoch 3/50 train] batch 2350/4045 (5.11 batch/s, ETA 5.5 min) loss_corrente=0.0199
    [epoch 3/50 train] batch 2400/4045 (5.11 batch/s, ETA 5.4 min) loss_corrente=0.0200
    [epoch 3/50 train] batch 2450/4045 (5.11 batch/s, ETA 5.2 min) loss_corrente=0.0200
    [epoch 3/50 train] batch 2500/4045 (5.11 batch/s, ETA 5.0 min) loss_corrente=0.0200
    [epoch 3/50 train] batch 2550/4045 (5.11 batch/s, ETA 4.9 min) loss_corrente=0.0198
    [epoch 3/50 train] batch 2600/4045 (5.11 batch/s, ETA 4.7 min) loss_corrente=0.0196
    [epoch 3/50 train] batch 2650/4045 (5.11 batch/s, ETA 4.5 min) loss_corrente=0.0195
    [epoch 3/50 train] batch 2700/4045 (5.11 batch/s, ETA 4.4 min) loss_corrente=0.0195
    [epoch 3/50 train] batch 2750/4045 (5.11 batch/s, ETA 4.2 min) loss_corrente=0.0197
    [epoch 3/50 train] batch 2800/4045 (5.11 batch/s, ETA 4.1 min) loss_corrente=0.0197
    [epoch 3/50 train] batch 2850/4045 (5.11 batch/s, ETA 3.9 min) loss_corrente=0.0199
    [epoch 3/50 train] batch 2900/4045 (5.11 batch/s, ETA 3.7 min) loss_corrente=0.0201
    [epoch 3/50 train] batch 2950/4045 (5.11 batch/s, ETA 3.6 min) loss_corrente=0.0203
    [epoch 3/50 train] batch 3000/4045 (5.11 batch/s, ETA 3.4 min) loss_corrente=0.0201
    [epoch 3/50 train] batch 3050/4045 (5.11 batch/s, ETA 3.2 min) loss_corrente=0.0200
    [epoch 3/50 train] batch 3100/4045 (5.11 batch/s, ETA 3.1 min) loss_corrente=0.0198
    [epoch 3/50 train] batch 3150/4045 (5.11 batch/s, ETA 2.9 min) loss_corrente=0.0202
    [epoch 3/50 train] batch 3200/4045 (5.11 batch/s, ETA 2.8 min) loss_corrente=0.0204
    [epoch 3/50 train] batch 3250/4045 (5.11 batch/s, ETA 2.6 min) loss_corrente=0.0204
    [epoch 3/50 train] batch 3300/4045 (5.11 batch/s, ETA 2.4 min) loss_corrente=0.0204
    [epoch 3/50 train] batch 3350/4045 (5.11 batch/s, ETA 2.3 min) loss_corrente=0.0206
    [epoch 3/50 train] batch 3400/4045 (5.11 batch/s, ETA 2.1 min) loss_corrente=0.0205
    [epoch 3/50 train] batch 3450/4045 (5.11 batch/s, ETA 1.9 min) loss_corrente=0.0203
    [epoch 3/50 train] batch 3500/4045 (5.11 batch/s, ETA 1.8 min) loss_corrente=0.0202
    [epoch 3/50 train] batch 3550/4045 (5.11 batch/s, ETA 1.6 min) loss_corrente=0.0203
    [epoch 3/50 train] batch 3600/4045 (5.11 batch/s, ETA 1.5 min) loss_corrente=0.0202
    [epoch 3/50 train] batch 3650/4045 (5.11 batch/s, ETA 1.3 min) loss_corrente=0.0205
    [epoch 3/50 train] batch 3700/4045 (5.11 batch/s, ETA 1.1 min) loss_corrente=0.0206
    [epoch 3/50 train] batch 3750/4045 (5.11 batch/s, ETA 1.0 min) loss_corrente=0.0207
    [epoch 3/50 train] batch 3800/4045 (5.11 batch/s, ETA 0.8 min) loss_corrente=0.0207
    [epoch 3/50 train] batch 3850/4045 (5.11 batch/s, ETA 0.6 min) loss_corrente=0.0205
    [epoch 3/50 train] batch 3900/4045 (5.11 batch/s, ETA 0.5 min) loss_corrente=0.0206
    [epoch 3/50 train] batch 3950/4045 (5.11 batch/s, ETA 0.3 min) loss_corrente=0.0206
    [epoch 3/50 train] batch 4000/4045 (5.11 batch/s, ETA 0.1 min) loss_corrente=0.0209
    [epoch 3/50 train] batch 4045/4045 (5.11 batch/s, ETA 0.0 min) loss_corrente=0.0210
    [epoch 3/50 val] batch 50/722 (11.32 batch/s, ETA 1.0 min) loss_corrente=0.0836
    [epoch 3/50 val] batch 100/722 (11.53 batch/s, ETA 0.9 min) loss_corrente=0.0583
    [epoch 3/50 val] batch 150/722 (11.60 batch/s, ETA 0.8 min) loss_corrente=0.0604
    [epoch 3/50 val] batch 200/722 (11.64 batch/s, ETA 0.7 min) loss_corrente=0.0661
    [epoch 3/50 val] batch 250/722 (11.66 batch/s, ETA 0.7 min) loss_corrente=0.0622
    [epoch 3/50 val] batch 300/722 (11.68 batch/s, ETA 0.6 min) loss_corrente=0.0610
    [epoch 3/50 val] batch 350/722 (11.68 batch/s, ETA 0.5 min) loss_corrente=0.0573
    [epoch 3/50 val] batch 400/722 (11.69 batch/s, ETA 0.5 min) loss_corrente=0.0557
    [epoch 3/50 val] batch 450/722 (11.70 batch/s, ETA 0.4 min) loss_corrente=0.0559
    [epoch 3/50 val] batch 500/722 (11.70 batch/s, ETA 0.3 min) loss_corrente=0.0564
    [epoch 3/50 val] batch 550/722 (11.71 batch/s, ETA 0.2 min) loss_corrente=0.0546
    [epoch 3/50 val] batch 600/722 (11.71 batch/s, ETA 0.2 min) loss_corrente=0.0534
    [epoch 3/50 val] batch 650/722 (11.71 batch/s, ETA 0.1 min) loss_corrente=0.0521
    [epoch 3/50 val] batch 700/722 (11.72 batch/s, ETA 0.0 min) loss_corrente=0.0508
    [epoch 3/50 val] batch 722/722 (11.72 batch/s, ETA 0.0 min) loss_corrente=0.0499
Epoch   3/50 | train_loss=0.0210 train_acc=0.993 | val_loss=0.0499 val_acc=0.983
    [epoch 4/50 train] batch 50/4045 (5.04 batch/s, ETA 13.2 min) loss_corrente=0.0101
    [epoch 4/50 train] batch 100/4045 (5.08 batch/s, ETA 12.9 min) loss_corrente=0.0112
    [epoch 4/50 train] batch 150/4045 (5.09 batch/s, ETA 12.7 min) loss_corrente=0.0102
    [epoch 4/50 train] batch 200/4045 (5.10 batch/s, ETA 12.6 min) loss_corrente=0.0124
    [epoch 4/50 train] batch 250/4045 (5.10 batch/s, ETA 12.4 min) loss_corrente=0.0122
    [epoch 4/50 train] batch 300/4045 (5.10 batch/s, ETA 12.2 min) loss_corrente=0.0138
    [epoch 4/50 train] batch 350/4045 (5.11 batch/s, ETA 12.1 min) loss_corrente=0.0127
    [epoch 4/50 train] batch 400/4045 (5.11 batch/s, ETA 11.9 min) loss_corrente=0.0123
    [epoch 4/50 train] batch 450/4045 (5.11 batch/s, ETA 11.7 min) loss_corrente=0.0138
    [epoch 4/50 train] batch 500/4045 (5.11 batch/s, ETA 11.6 min) loss_corrente=0.0136
    [epoch 4/50 train] batch 550/4045 (5.11 batch/s, ETA 11.4 min) loss_corrente=0.0131
    [epoch 4/50 train] batch 600/4045 (5.11 batch/s, ETA 11.2 min) loss_corrente=0.0133
    [epoch 4/50 train] batch 650/4045 (5.11 batch/s, ETA 11.1 min) loss_corrente=0.0128
    [epoch 4/50 train] batch 700/4045 (5.11 batch/s, ETA 10.9 min) loss_corrente=0.0122
    [epoch 4/50 train] batch 750/4045 (5.11 batch/s, ETA 10.7 min) loss_corrente=0.0132
    [epoch 4/50 train] batch 800/4045 (5.11 batch/s, ETA 10.6 min) loss_corrente=0.0131
    [epoch 4/50 train] batch 850/4045 (5.11 batch/s, ETA 10.4 min) loss_corrente=0.0131
    [epoch 4/50 train] batch 900/4045 (5.11 batch/s, ETA 10.3 min) loss_corrente=0.0131
    [epoch 4/50 train] batch 950/4045 (5.11 batch/s, ETA 10.1 min) loss_corrente=0.0134
    [epoch 4/50 train] batch 1000/4045 (5.11 batch/s, ETA 9.9 min) loss_corrente=0.0131
    [epoch 4/50 train] batch 1050/4045 (5.11 batch/s, ETA 9.8 min) loss_corrente=0.0136
    [epoch 4/50 train] batch 1100/4045 (5.11 batch/s, ETA 9.6 min) loss_corrente=0.0137
    [epoch 4/50 train] batch 1150/4045 (5.11 batch/s, ETA 9.4 min) loss_corrente=0.0135
    [epoch 4/50 train] batch 1200/4045 (5.11 batch/s, ETA 9.3 min) loss_corrente=0.0132
    [epoch 4/50 train] batch 1250/4045 (5.11 batch/s, ETA 9.1 min) loss_corrente=0.0132
    [epoch 4/50 train] batch 1300/4045 (5.11 batch/s, ETA 8.9 min) loss_corrente=0.0133
    [epoch 4/50 train] batch 1350/4045 (5.11 batch/s, ETA 8.8 min) loss_corrente=0.0133
    [epoch 4/50 train] batch 1400/4045 (5.11 batch/s, ETA 8.6 min) loss_corrente=0.0132
    [epoch 4/50 train] batch 1450/4045 (5.11 batch/s, ETA 8.5 min) loss_corrente=0.0131
    [epoch 4/50 train] batch 1500/4045 (5.11 batch/s, ETA 8.3 min) loss_corrente=0.0130
    [epoch 4/50 train] batch 1550/4045 (5.11 batch/s, ETA 8.1 min) loss_corrente=0.0131
    [epoch 4/50 train] batch 1600/4045 (5.11 batch/s, ETA 8.0 min) loss_corrente=0.0128
    [epoch 4/50 train] batch 1650/4045 (5.11 batch/s, ETA 7.8 min) loss_corrente=0.0133
    [epoch 4/50 train] batch 1700/4045 (5.11 batch/s, ETA 7.6 min) loss_corrente=0.0134
    [epoch 4/50 train] batch 1750/4045 (5.11 batch/s, ETA 7.5 min) loss_corrente=0.0138
    [epoch 4/50 train] batch 1800/4045 (5.11 batch/s, ETA 7.3 min) loss_corrente=0.0135
    [epoch 4/50 train] batch 1850/4045 (5.11 batch/s, ETA 7.2 min) loss_corrente=0.0133
    [epoch 4/50 train] batch 1900/4045 (5.11 batch/s, ETA 7.0 min) loss_corrente=0.0133
    [epoch 4/50 train] batch 1950/4045 (5.11 batch/s, ETA 6.8 min) loss_corrente=0.0133
    [epoch 4/50 train] batch 2000/4045 (5.11 batch/s, ETA 6.7 min) loss_corrente=0.0137
    [epoch 4/50 train] batch 2050/4045 (5.11 batch/s, ETA 6.5 min) loss_corrente=0.0140
    [epoch 4/50 train] batch 2100/4045 (5.11 batch/s, ETA 6.3 min) loss_corrente=0.0139
    [epoch 4/50 train] batch 2150/4045 (5.11 batch/s, ETA 6.2 min) loss_corrente=0.0139
    [epoch 4/50 train] batch 2200/4045 (5.11 batch/s, ETA 6.0 min) loss_corrente=0.0138
    [epoch 4/50 train] batch 2250/4045 (5.11 batch/s, ETA 5.8 min) loss_corrente=0.0137
    [epoch 4/50 train] batch 2300/4045 (5.11 batch/s, ETA 5.7 min) loss_corrente=0.0137
    [epoch 4/50 train] batch 2350/4045 (5.11 batch/s, ETA 5.5 min) loss_corrente=0.0137
    [epoch 4/50 train] batch 2400/4045 (5.11 batch/s, ETA 5.4 min) loss_corrente=0.0135
    [epoch 4/50 train] batch 2450/4045 (5.12 batch/s, ETA 5.2 min) loss_corrente=0.0136
    [epoch 4/50 train] batch 2500/4045 (5.12 batch/s, ETA 5.0 min) loss_corrente=0.0137
    [epoch 4/50 train] batch 2550/4045 (5.12 batch/s, ETA 4.9 min) loss_corrente=0.0137
    [epoch 4/50 train] batch 2600/4045 (5.12 batch/s, ETA 4.7 min) loss_corrente=0.0135
    [epoch 4/50 train] batch 2650/4045 (5.12 batch/s, ETA 4.5 min) loss_corrente=0.0134
    [epoch 4/50 train] batch 2700/4045 (5.12 batch/s, ETA 4.4 min) loss_corrente=0.0136
    [epoch 4/50 train] batch 2750/4045 (5.12 batch/s, ETA 4.2 min) loss_corrente=0.0136
    [epoch 4/50 train] batch 2800/4045 (5.12 batch/s, ETA 4.1 min) loss_corrente=0.0138
    [epoch 4/50 train] batch 2850/4045 (5.12 batch/s, ETA 3.9 min) loss_corrente=0.0139
    [epoch 4/50 train] batch 2900/4045 (5.12 batch/s, ETA 3.7 min) loss_corrente=0.0140
    [epoch 4/50 train] batch 2950/4045 (5.12 batch/s, ETA 3.6 min) loss_corrente=0.0140
    [epoch 4/50 train] batch 3000/4045 (5.12 batch/s, ETA 3.4 min) loss_corrente=0.0141
    [epoch 4/50 train] batch 3050/4045 (5.12 batch/s, ETA 3.2 min) loss_corrente=0.0140
    [epoch 4/50 train] batch 3100/4045 (5.12 batch/s, ETA 3.1 min) loss_corrente=0.0139
    [epoch 4/50 train] batch 3150/4045 (5.12 batch/s, ETA 2.9 min) loss_corrente=0.0138
    [epoch 4/50 train] batch 3200/4045 (5.12 batch/s, ETA 2.8 min) loss_corrente=0.0140
    [epoch 4/50 train] batch 3250/4045 (5.12 batch/s, ETA 2.6 min) loss_corrente=0.0141
    [epoch 4/50 train] batch 3300/4045 (5.12 batch/s, ETA 2.4 min) loss_corrente=0.0141
    [epoch 4/50 train] batch 3350/4045 (5.12 batch/s, ETA 2.3 min) loss_corrente=0.0143
    [epoch 4/50 train] batch 3400/4045 (5.12 batch/s, ETA 2.1 min) loss_corrente=0.0143
    [epoch 4/50 train] batch 3450/4045 (5.12 batch/s, ETA 1.9 min) loss_corrente=0.0143
    [epoch 4/50 train] batch 3500/4045 (5.12 batch/s, ETA 1.8 min) loss_corrente=0.0141
    [epoch 4/50 train] batch 3550/4045 (5.12 batch/s, ETA 1.6 min) loss_corrente=0.0142
    [epoch 4/50 train] batch 3600/4045 (5.12 batch/s, ETA 1.4 min) loss_corrente=0.0143
    [epoch 4/50 train] batch 3650/4045 (5.12 batch/s, ETA 1.3 min) loss_corrente=0.0142
    [epoch 4/50 train] batch 3700/4045 (5.12 batch/s, ETA 1.1 min) loss_corrente=0.0142
    [epoch 4/50 train] batch 3750/4045 (5.12 batch/s, ETA 1.0 min) loss_corrente=0.0143
    [epoch 4/50 train] batch 3800/4045 (5.12 batch/s, ETA 0.8 min) loss_corrente=0.0145
    [epoch 4/50 train] batch 3850/4045 (5.12 batch/s, ETA 0.6 min) loss_corrente=0.0147
    [epoch 4/50 train] batch 3900/4045 (5.12 batch/s, ETA 0.5 min) loss_corrente=0.0147
    [epoch 4/50 train] batch 3950/4045 (5.12 batch/s, ETA 0.3 min) loss_corrente=0.0145
    [epoch 4/50 train] batch 4000/4045 (5.12 batch/s, ETA 0.1 min) loss_corrente=0.0146
    [epoch 4/50 train] batch 4045/4045 (5.12 batch/s, ETA 0.0 min) loss_corrente=0.0145
    [epoch 4/50 val] batch 50/722 (11.32 batch/s, ETA 1.0 min) loss_corrente=0.1041
    [epoch 4/50 val] batch 100/722 (11.53 batch/s, ETA 0.9 min) loss_corrente=0.0769
    [epoch 4/50 val] batch 150/722 (11.61 batch/s, ETA 0.8 min) loss_corrente=0.0853
    [epoch 4/50 val] batch 200/722 (11.64 batch/s, ETA 0.7 min) loss_corrente=0.1004
    [epoch 4/50 val] batch 250/722 (11.67 batch/s, ETA 0.7 min) loss_corrente=0.0989
    [epoch 4/50 val] batch 300/722 (11.68 batch/s, ETA 0.6 min) loss_corrente=0.0923
    [epoch 4/50 val] batch 350/722 (11.69 batch/s, ETA 0.5 min) loss_corrente=0.0891
    [epoch 4/50 val] batch 400/722 (11.70 batch/s, ETA 0.5 min) loss_corrente=0.0874
    [epoch 4/50 val] batch 450/722 (11.70 batch/s, ETA 0.4 min) loss_corrente=0.0873
    [epoch 4/50 val] batch 500/722 (11.71 batch/s, ETA 0.3 min) loss_corrente=0.0878
    [epoch 4/50 val] batch 550/722 (11.71 batch/s, ETA 0.2 min) loss_corrente=0.0883
    [epoch 4/50 val] batch 600/722 (11.72 batch/s, ETA 0.2 min) loss_corrente=0.0875
    [epoch 4/50 val] batch 650/722 (11.72 batch/s, ETA 0.1 min) loss_corrente=0.0855
    [epoch 4/50 val] batch 700/722 (11.72 batch/s, ETA 0.0 min) loss_corrente=0.0821
    [epoch 4/50 val] batch 722/722 (11.72 batch/s, ETA 0.0 min) loss_corrente=0.0808
Epoch   4/50 | train_loss=0.0145 train_acc=0.995 | val_loss=0.0808 val_acc=0.978
    [epoch 5/50 train] batch 50/4045 (5.03 batch/s, ETA 13.2 min) loss_corrente=0.0049
    [epoch 5/50 train] batch 100/4045 (5.07 batch/s, ETA 13.0 min) loss_corrente=0.0077
    [epoch 5/50 train] batch 150/4045 (5.09 batch/s, ETA 12.8 min) loss_corrente=0.0104
    [epoch 5/50 train] batch 200/4045 (5.10 batch/s, ETA 12.6 min) loss_corrente=0.0102
    [epoch 5/50 train] batch 250/4045 (5.10 batch/s, ETA 12.4 min) loss_corrente=0.0097
    [epoch 5/50 train] batch 300/4045 (5.10 batch/s, ETA 12.2 min) loss_corrente=0.0091
    [epoch 5/50 train] batch 350/4045 (5.10 batch/s, ETA 12.1 min) loss_corrente=0.0099
    [epoch 5/50 train] batch 400/4045 (5.11 batch/s, ETA 11.9 min) loss_corrente=0.0098
    [epoch 5/50 train] batch 450/4045 (5.11 batch/s, ETA 11.7 min) loss_corrente=0.0091
    [epoch 5/50 train] batch 500/4045 (5.11 batch/s, ETA 11.6 min) loss_corrente=0.0099
    [epoch 5/50 train] batch 550/4045 (5.11 batch/s, ETA 11.4 min) loss_corrente=0.0102
    [epoch 5/50 train] batch 600/4045 (5.11 batch/s, ETA 11.2 min) loss_corrente=0.0098
    [epoch 5/50 train] batch 650/4045 (5.11 batch/s, ETA 11.1 min) loss_corrente=0.0096
    [epoch 5/50 train] batch 700/4045 (5.11 batch/s, ETA 10.9 min) loss_corrente=0.0097
    [epoch 5/50 train] batch 750/4045 (5.11 batch/s, ETA 10.7 min) loss_corrente=0.0095
    [epoch 5/50 train] batch 800/4045 (5.11 batch/s, ETA 10.6 min) loss_corrente=0.0092
    [epoch 5/50 train] batch 850/4045 (5.11 batch/s, ETA 10.4 min) loss_corrente=0.0093
    [epoch 5/50 train] batch 900/4045 (5.11 batch/s, ETA 10.3 min) loss_corrente=0.0090
    [epoch 5/50 train] batch 950/4045 (5.11 batch/s, ETA 10.1 min) loss_corrente=0.0086
    [epoch 5/50 train] batch 1000/4045 (5.11 batch/s, ETA 9.9 min) loss_corrente=0.0086
    [epoch 5/50 train] batch 1050/4045 (5.11 batch/s, ETA 9.8 min) loss_corrente=0.0082
    [epoch 5/50 train] batch 1100/4045 (5.12 batch/s, ETA 9.6 min) loss_corrente=0.0086
    [epoch 5/50 train] batch 1150/4045 (5.12 batch/s, ETA 9.4 min) loss_corrente=0.0086
    [epoch 5/50 train] batch 1200/4045 (5.12 batch/s, ETA 9.3 min) loss_corrente=0.0084
    [epoch 5/50 train] batch 1250/4045 (5.12 batch/s, ETA 9.1 min) loss_corrente=0.0090
    [epoch 5/50 train] batch 1300/4045 (5.12 batch/s, ETA 8.9 min) loss_corrente=0.0091
    [epoch 5/50 train] batch 1350/4045 (5.12 batch/s, ETA 8.8 min) loss_corrente=0.0090
    [epoch 5/50 train] batch 1400/4045 (5.12 batch/s, ETA 8.6 min) loss_corrente=0.0092
    [epoch 5/50 train] batch 1450/4045 (5.12 batch/s, ETA 8.5 min) loss_corrente=0.0093
    [epoch 5/50 train] batch 1500/4045 (5.12 batch/s, ETA 8.3 min) loss_corrente=0.0093
    [epoch 5/50 train] batch 1550/4045 (5.12 batch/s, ETA 8.1 min) loss_corrente=0.0092
    [epoch 5/50 train] batch 1600/4045 (5.12 batch/s, ETA 8.0 min) loss_corrente=0.0091
    [epoch 5/50 train] batch 1650/4045 (5.12 batch/s, ETA 7.8 min) loss_corrente=0.0091
    [epoch 5/50 train] batch 1700/4045 (5.12 batch/s, ETA 7.6 min) loss_corrente=0.0089
    [epoch 5/50 train] batch 1750/4045 (5.12 batch/s, ETA 7.5 min) loss_corrente=0.0089
    [epoch 5/50 train] batch 1800/4045 (5.12 batch/s, ETA 7.3 min) loss_corrente=0.0096
    [epoch 5/50 train] batch 1850/4045 (5.12 batch/s, ETA 7.1 min) loss_corrente=0.0097
    [epoch 5/50 train] batch 1900/4045 (5.12 batch/s, ETA 7.0 min) loss_corrente=0.0098
    [epoch 5/50 train] batch 1950/4045 (5.12 batch/s, ETA 6.8 min) loss_corrente=0.0099
    [epoch 5/50 train] batch 2000/4045 (5.12 batch/s, ETA 6.7 min) loss_corrente=0.0100
    [epoch 5/50 train] batch 2050/4045 (5.12 batch/s, ETA 6.5 min) loss_corrente=0.0098
    [epoch 5/50 train] batch 2100/4045 (5.12 batch/s, ETA 6.3 min) loss_corrente=0.0096
    [epoch 5/50 train] batch 2150/4045 (5.12 batch/s, ETA 6.2 min) loss_corrente=0.0099
    [epoch 5/50 train] batch 2200/4045 (5.12 batch/s, ETA 6.0 min) loss_corrente=0.0100
    [epoch 5/50 train] batch 2250/4045 (5.12 batch/s, ETA 5.8 min) loss_corrente=0.0102
    [epoch 5/50 train] batch 2300/4045 (5.12 batch/s, ETA 5.7 min) loss_corrente=0.0102
    [epoch 5/50 train] batch 2350/4045 (5.12 batch/s, ETA 5.5 min) loss_corrente=0.0101
    [epoch 5/50 train] batch 2400/4045 (5.12 batch/s, ETA 5.4 min) loss_corrente=0.0102
    [epoch 5/50 train] batch 2450/4045 (5.12 batch/s, ETA 5.2 min) loss_corrente=0.0101
    [epoch 5/50 train] batch 2500/4045 (5.12 batch/s, ETA 5.0 min) loss_corrente=0.0102
    [epoch 5/50 train] batch 2550/4045 (5.12 batch/s, ETA 4.9 min) loss_corrente=0.0101
    [epoch 5/50 train] batch 2600/4045 (5.12 batch/s, ETA 4.7 min) loss_corrente=0.0100
    [epoch 5/50 train] batch 2650/4045 (5.12 batch/s, ETA 4.5 min) loss_corrente=0.0099
    [epoch 5/50 train] batch 2700/4045 (5.12 batch/s, ETA 4.4 min) loss_corrente=0.0099
    [epoch 5/50 train] batch 2750/4045 (5.12 batch/s, ETA 4.2 min) loss_corrente=0.0098
    [epoch 5/50 train] batch 2800/4045 (5.12 batch/s, ETA 4.1 min) loss_corrente=0.0098
    [epoch 5/50 train] batch 2850/4045 (5.12 batch/s, ETA 3.9 min) loss_corrente=0.0098
    [epoch 5/50 train] batch 2900/4045 (5.12 batch/s, ETA 3.7 min) loss_corrente=0.0100
    [epoch 5/50 train] batch 2950/4045 (5.12 batch/s, ETA 3.6 min) loss_corrente=0.0100
    [epoch 5/50 train] batch 3000/4045 (5.12 batch/s, ETA 3.4 min) loss_corrente=0.0099
    [epoch 5/50 train] batch 3050/4045 (5.12 batch/s, ETA 3.2 min) loss_corrente=0.0098
    [epoch 5/50 train] batch 3100/4045 (5.12 batch/s, ETA 3.1 min) loss_corrente=0.0098
    [epoch 5/50 train] batch 3150/4045 (5.12 batch/s, ETA 2.9 min) loss_corrente=0.0098
    [epoch 5/50 train] batch 3200/4045 (5.12 batch/s, ETA 2.8 min) loss_corrente=0.0097
    [epoch 5/50 train] batch 3250/4045 (5.12 batch/s, ETA 2.6 min) loss_corrente=0.0096
    [epoch 5/50 train] batch 3300/4045 (5.12 batch/s, ETA 2.4 min) loss_corrente=0.0097
    [epoch 5/50 train] batch 3350/4045 (5.12 batch/s, ETA 2.3 min) loss_corrente=0.0098
    [epoch 5/50 train] batch 3400/4045 (5.12 batch/s, ETA 2.1 min) loss_corrente=0.0101
    [epoch 5/50 train] batch 3450/4045 (5.12 batch/s, ETA 1.9 min) loss_corrente=0.0100
    [epoch 5/50 train] batch 3500/4045 (5.12 batch/s, ETA 1.8 min) loss_corrente=0.0099
    [epoch 5/50 train] batch 3550/4045 (5.12 batch/s, ETA 1.6 min) loss_corrente=0.0099
    [epoch 5/50 train] batch 3600/4045 (5.12 batch/s, ETA 1.4 min) loss_corrente=0.0102
    [epoch 5/50 train] batch 3650/4045 (5.12 batch/s, ETA 1.3 min) loss_corrente=0.0103
    [epoch 5/50 train] batch 3700/4045 (5.12 batch/s, ETA 1.1 min) loss_corrente=0.0105
    [epoch 5/50 train] batch 3750/4045 (5.12 batch/s, ETA 1.0 min) loss_corrente=0.0107
    [epoch 5/50 train] batch 3800/4045 (5.12 batch/s, ETA 0.8 min) loss_corrente=0.0106
    [epoch 5/50 train] batch 3850/4045 (5.12 batch/s, ETA 0.6 min) loss_corrente=0.0105
    [epoch 5/50 train] batch 3900/4045 (5.12 batch/s, ETA 0.5 min) loss_corrente=0.0104
    [epoch 5/50 train] batch 3950/4045 (5.12 batch/s, ETA 0.3 min) loss_corrente=0.0105
    [epoch 5/50 train] batch 4000/4045 (5.12 batch/s, ETA 0.1 min) loss_corrente=0.0104
    [epoch 5/50 train] batch 4045/4045 (5.12 batch/s, ETA 0.0 min) loss_corrente=0.0104
    [epoch 5/50 val] batch 50/722 (11.29 batch/s, ETA 1.0 min) loss_corrente=0.1775
    [epoch 5/50 val] batch 100/722 (11.51 batch/s, ETA 0.9 min) loss_corrente=0.1110
    [epoch 5/50 val] batch 150/722 (11.59 batch/s, ETA 0.8 min) loss_corrente=0.1018
    [epoch 5/50 val] batch 200/722 (11.63 batch/s, ETA 0.7 min) loss_corrente=0.1223
    [epoch 5/50 val] batch 250/722 (11.66 batch/s, ETA 0.7 min) loss_corrente=0.1196
    [epoch 5/50 val] batch 300/722 (11.66 batch/s, ETA 0.6 min) loss_corrente=0.1174
    [epoch 5/50 val] batch 350/722 (11.68 batch/s, ETA 0.5 min) loss_corrente=0.1099
    [epoch 5/50 val] batch 400/722 (11.68 batch/s, ETA 0.5 min) loss_corrente=0.1012
    [epoch 5/50 val] batch 450/722 (11.69 batch/s, ETA 0.4 min) loss_corrente=0.0987
    [epoch 5/50 val] batch 500/722 (11.70 batch/s, ETA 0.3 min) loss_corrente=0.1013
    [epoch 5/50 val] batch 550/722 (11.70 batch/s, ETA 0.2 min) loss_corrente=0.0963
    [epoch 5/50 val] batch 600/722 (11.70 batch/s, ETA 0.2 min) loss_corrente=0.0948
    [epoch 5/50 val] batch 650/722 (11.70 batch/s, ETA 0.1 min) loss_corrente=0.0930
    [epoch 5/50 val] batch 700/722 (11.71 batch/s, ETA 0.0 min) loss_corrente=0.0883
    [epoch 5/50 val] batch 722/722 (11.71 batch/s, ETA 0.0 min) loss_corrente=0.0869
Epoch   5/50 | train_loss=0.0104 train_acc=0.996 | val_loss=0.0869 val_acc=0.981
    [epoch 6/50 train] batch 50/4045 (5.04 batch/s, ETA 13.2 min) loss_corrente=0.0084
    [epoch 6/50 train] batch 100/4045 (5.08 batch/s, ETA 12.9 min) loss_corrente=0.0052
    [epoch 6/50 train] batch 150/4045 (5.09 batch/s, ETA 12.7 min) loss_corrente=0.0084
    [epoch 6/50 train] batch 200/4045 (5.10 batch/s, ETA 12.6 min) loss_corrente=0.0080
    [epoch 6/50 train] batch 250/4045 (5.10 batch/s, ETA 12.4 min) loss_corrente=0.0066
    [epoch 6/50 train] batch 300/4045 (5.11 batch/s, ETA 12.2 min) loss_corrente=0.0062
    [epoch 6/50 train] batch 350/4045 (5.11 batch/s, ETA 12.1 min) loss_corrente=0.0088
    [epoch 6/50 train] batch 400/4045 (5.11 batch/s, ETA 11.9 min) loss_corrente=0.0103
    [epoch 6/50 train] batch 450/4045 (5.11 batch/s, ETA 11.7 min) loss_corrente=0.0104
    [epoch 6/50 train] batch 500/4045 (5.11 batch/s, ETA 11.6 min) loss_corrente=0.0095
    [epoch 6/50 train] batch 550/4045 (5.11 batch/s, ETA 11.4 min) loss_corrente=0.0091
    [epoch 6/50 train] batch 600/4045 (5.12 batch/s, ETA 11.2 min) loss_corrente=0.0096
    [epoch 6/50 train] batch 650/4045 (5.12 batch/s, ETA 11.1 min) loss_corrente=0.0100
    [epoch 6/50 train] batch 700/4045 (5.12 batch/s, ETA 10.9 min) loss_corrente=0.0095
    [epoch 6/50 train] batch 750/4045 (5.12 batch/s, ETA 10.7 min) loss_corrente=0.0095
    [epoch 6/50 train] batch 800/4045 (5.12 batch/s, ETA 10.6 min) loss_corrente=0.0104
    [epoch 6/50 train] batch 850/4045 (5.12 batch/s, ETA 10.4 min) loss_corrente=0.0104
    [epoch 6/50 train] batch 900/4045 (5.12 batch/s, ETA 10.2 min) loss_corrente=0.0107
    [epoch 6/50 train] batch 950/4045 (5.12 batch/s, ETA 10.1 min) loss_corrente=0.0108
    [epoch 6/50 train] batch 1000/4045 (5.12 batch/s, ETA 9.9 min) loss_corrente=0.0106
    [epoch 6/50 train] batch 1050/4045 (5.12 batch/s, ETA 9.8 min) loss_corrente=0.0103
    [epoch 6/50 train] batch 1100/4045 (5.12 batch/s, ETA 9.6 min) loss_corrente=0.0099
    [epoch 6/50 train] batch 1150/4045 (5.12 batch/s, ETA 9.4 min) loss_corrente=0.0097
    [epoch 6/50 train] batch 1200/4045 (5.12 batch/s, ETA 9.3 min) loss_corrente=0.0096
    [epoch 6/50 train] batch 1250/4045 (5.12 batch/s, ETA 9.1 min) loss_corrente=0.0097
    [epoch 6/50 train] batch 1300/4045 (5.12 batch/s, ETA 8.9 min) loss_corrente=0.0097
    [epoch 6/50 train] batch 1350/4045 (5.12 batch/s, ETA 8.8 min) loss_corrente=0.0094
    [epoch 6/50 train] batch 1400/4045 (5.12 batch/s, ETA 8.6 min) loss_corrente=0.0095
    [epoch 6/50 train] batch 1450/4045 (5.12 batch/s, ETA 8.4 min) loss_corrente=0.0093
    [epoch 6/50 train] batch 1500/4045 (5.12 batch/s, ETA 8.3 min) loss_corrente=0.0095
    [epoch 6/50 train] batch 1550/4045 (5.12 batch/s, ETA 8.1 min) loss_corrente=0.0099
    [epoch 6/50 train] batch 1600/4045 (5.12 batch/s, ETA 8.0 min) loss_corrente=0.0097
    [epoch 6/50 train] batch 1650/4045 (5.12 batch/s, ETA 7.8 min) loss_corrente=0.0098
    [epoch 6/50 train] batch 1700/4045 (5.12 batch/s, ETA 7.6 min) loss_corrente=0.0096
    [epoch 6/50 train] batch 1750/4045 (5.12 batch/s, ETA 7.5 min) loss_corrente=0.0096
    [epoch 6/50 train] batch 1800/4045 (5.12 batch/s, ETA 7.3 min) loss_corrente=0.0095
    [epoch 6/50 train] batch 1850/4045 (5.12 batch/s, ETA 7.1 min) loss_corrente=0.0093
    [epoch 6/50 train] batch 1900/4045 (5.12 batch/s, ETA 7.0 min) loss_corrente=0.0093
    [epoch 6/50 train] batch 1950/4045 (5.12 batch/s, ETA 6.8 min) loss_corrente=0.0093
    [epoch 6/50 train] batch 2000/4045 (5.12 batch/s, ETA 6.7 min) loss_corrente=0.0093
    [epoch 6/50 train] batch 2050/4045 (5.12 batch/s, ETA 6.5 min) loss_corrente=0.0092
    [epoch 6/50 train] batch 2100/4045 (5.12 batch/s, ETA 6.3 min) loss_corrente=0.0092
    [epoch 6/50 train] batch 2150/4045 (5.12 batch/s, ETA 6.2 min) loss_corrente=0.0090
    [epoch 6/50 train] batch 2200/4045 (5.12 batch/s, ETA 6.0 min) loss_corrente=0.0089
    [epoch 6/50 train] batch 2250/4045 (5.12 batch/s, ETA 5.8 min) loss_corrente=0.0088
    [epoch 6/50 train] batch 2300/4045 (5.12 batch/s, ETA 5.7 min) loss_corrente=0.0088
    [epoch 6/50 train] batch 2350/4045 (5.12 batch/s, ETA 5.5 min) loss_corrente=0.0087
    [epoch 6/50 train] batch 2400/4045 (5.12 batch/s, ETA 5.4 min) loss_corrente=0.0087
    [epoch 6/50 train] batch 2450/4045 (5.12 batch/s, ETA 5.2 min) loss_corrente=0.0089
    [epoch 6/50 train] batch 2500/4045 (5.12 batch/s, ETA 5.0 min) loss_corrente=0.0088
    [epoch 6/50 train] batch 2550/4045 (5.12 batch/s, ETA 4.9 min) loss_corrente=0.0086
    [epoch 6/50 train] batch 2600/4045 (5.12 batch/s, ETA 4.7 min) loss_corrente=0.0087
    [epoch 6/50 train] batch 2650/4045 (5.12 batch/s, ETA 4.5 min) loss_corrente=0.0086
    [epoch 6/50 train] batch 2700/4045 (5.12 batch/s, ETA 4.4 min) loss_corrente=0.0085
    [epoch 6/50 train] batch 2750/4045 (5.12 batch/s, ETA 4.2 min) loss_corrente=0.0083
    [epoch 6/50 train] batch 2800/4045 (5.12 batch/s, ETA 4.1 min) loss_corrente=0.0084
    [epoch 6/50 train] batch 2850/4045 (5.12 batch/s, ETA 3.9 min) loss_corrente=0.0082
    [epoch 6/50 train] batch 2900/4045 (5.12 batch/s, ETA 3.7 min) loss_corrente=0.0083
    [epoch 6/50 train] batch 2950/4045 (5.12 batch/s, ETA 3.6 min) loss_corrente=0.0084
    [epoch 6/50 train] batch 3000/4045 (5.12 batch/s, ETA 3.4 min) loss_corrente=0.0084
    [epoch 6/50 train] batch 3050/4045 (5.12 batch/s, ETA 3.2 min) loss_corrente=0.0085
    [epoch 6/50 train] batch 3100/4045 (5.12 batch/s, ETA 3.1 min) loss_corrente=0.0084
    [epoch 6/50 train] batch 3150/4045 (5.12 batch/s, ETA 2.9 min) loss_corrente=0.0085
    [epoch 6/50 train] batch 3200/4045 (5.12 batch/s, ETA 2.7 min) loss_corrente=0.0085
    [epoch 6/50 train] batch 3250/4045 (5.12 batch/s, ETA 2.6 min) loss_corrente=0.0086
    [epoch 6/50 train] batch 3300/4045 (5.12 batch/s, ETA 2.4 min) loss_corrente=0.0086
    [epoch 6/50 train] batch 3350/4045 (5.12 batch/s, ETA 2.3 min) loss_corrente=0.0086
    [epoch 6/50 train] batch 3400/4045 (5.12 batch/s, ETA 2.1 min) loss_corrente=0.0088
    [epoch 6/50 train] batch 3450/4045 (5.12 batch/s, ETA 1.9 min) loss_corrente=0.0088
    [epoch 6/50 train] batch 3500/4045 (5.12 batch/s, ETA 1.8 min) loss_corrente=0.0089
    [epoch 6/50 train] batch 3550/4045 (5.12 batch/s, ETA 1.6 min) loss_corrente=0.0089
    [epoch 6/50 train] batch 3600/4045 (5.12 batch/s, ETA 1.4 min) loss_corrente=0.0088
    [epoch 6/50 train] batch 3650/4045 (5.12 batch/s, ETA 1.3 min) loss_corrente=0.0088
    [epoch 6/50 train] batch 3700/4045 (5.12 batch/s, ETA 1.1 min) loss_corrente=0.0087
    [epoch 6/50 train] batch 3750/4045 (5.12 batch/s, ETA 1.0 min) loss_corrente=0.0087
    [epoch 6/50 train] batch 3800/4045 (5.12 batch/s, ETA 0.8 min) loss_corrente=0.0087
    [epoch 6/50 train] batch 3850/4045 (5.12 batch/s, ETA 0.6 min) loss_corrente=0.0088
    [epoch 6/50 train] batch 3900/4045 (5.12 batch/s, ETA 0.5 min) loss_corrente=0.0088
    [epoch 6/50 train] batch 3950/4045 (5.12 batch/s, ETA 0.3 min) loss_corrente=0.0089
    [epoch 6/50 train] batch 4000/4045 (5.12 batch/s, ETA 0.1 min) loss_corrente=0.0091
    [epoch 6/50 train] batch 4045/4045 (5.12 batch/s, ETA 0.0 min) loss_corrente=0.0091
    [epoch 6/50 val] batch 50/722 (11.33 batch/s, ETA 1.0 min) loss_corrente=0.1223
    [epoch 6/50 val] batch 100/722 (11.54 batch/s, ETA 0.9 min) loss_corrente=0.0740
    [epoch 6/50 val] batch 150/722 (11.61 batch/s, ETA 0.8 min) loss_corrente=0.0777
    [epoch 6/50 val] batch 200/722 (11.64 batch/s, ETA 0.7 min) loss_corrente=0.0824
    [epoch 6/50 val] batch 250/722 (11.64 batch/s, ETA 0.7 min) loss_corrente=0.0762
    [epoch 6/50 val] batch 300/722 (11.65 batch/s, ETA 0.6 min) loss_corrente=0.0746
    [epoch 6/50 val] batch 350/722 (11.67 batch/s, ETA 0.5 min) loss_corrente=0.0712
    [epoch 6/50 val] batch 400/722 (11.68 batch/s, ETA 0.5 min) loss_corrente=0.0692
    [epoch 6/50 val] batch 450/722 (11.68 batch/s, ETA 0.4 min) loss_corrente=0.0683
    [epoch 6/50 val] batch 500/722 (11.69 batch/s, ETA 0.3 min) loss_corrente=0.0674
    [epoch 6/50 val] batch 550/722 (11.69 batch/s, ETA 0.2 min) loss_corrente=0.0658
    [epoch 6/50 val] batch 600/722 (11.70 batch/s, ETA 0.2 min) loss_corrente=0.0657
    [epoch 6/50 val] batch 650/722 (11.70 batch/s, ETA 0.1 min) loss_corrente=0.0639
    [epoch 6/50 val] batch 700/722 (11.70 batch/s, ETA 0.0 min) loss_corrente=0.0618
    [epoch 6/50 val] batch 722/722 (11.70 batch/s, ETA 0.0 min) loss_corrente=0.0607
Epoch   6/50 | train_loss=0.0091 train_acc=0.997 | val_loss=0.0607 val_acc=0.985
    [epoch 7/50 train] batch 50/4045 (5.04 batch/s, ETA 13.2 min) loss_corrente=0.0013
    [epoch 7/50 train] batch 100/4045 (5.08 batch/s, ETA 13.0 min) loss_corrente=0.0025
    [epoch 7/50 train] batch 150/4045 (5.09 batch/s, ETA 12.8 min) loss_corrente=0.0018
    [epoch 7/50 train] batch 200/4045 (5.10 batch/s, ETA 12.6 min) loss_corrente=0.0024
    [epoch 7/50 train] batch 250/4045 (5.10 batch/s, ETA 12.4 min) loss_corrente=0.0025
    [epoch 7/50 train] batch 300/4045 (5.11 batch/s, ETA 12.2 min) loss_corrente=0.0024
    [epoch 7/50 train] batch 350/4045 (5.11 batch/s, ETA 12.1 min) loss_corrente=0.0029
    [epoch 7/50 train] batch 400/4045 (5.11 batch/s, ETA 11.9 min) loss_corrente=0.0039
    [epoch 7/50 train] batch 450/4045 (5.11 batch/s, ETA 11.7 min) loss_corrente=0.0036
    [epoch 7/50 train] batch 500/4045 (5.11 batch/s, ETA 11.6 min) loss_corrente=0.0037
    [epoch 7/50 train] batch 550/4045 (5.11 batch/s, ETA 11.4 min) loss_corrente=0.0037
    [epoch 7/50 train] batch 600/4045 (5.11 batch/s, ETA 11.2 min) loss_corrente=0.0037
    [epoch 7/50 train] batch 650/4045 (5.12 batch/s, ETA 11.1 min) loss_corrente=0.0038
    [epoch 7/50 train] batch 700/4045 (5.12 batch/s, ETA 10.9 min) loss_corrente=0.0040
    [epoch 7/50 train] batch 750/4045 (5.12 batch/s, ETA 10.7 min) loss_corrente=0.0042
    [epoch 7/50 train] batch 800/4045 (5.12 batch/s, ETA 10.6 min) loss_corrente=0.0049
    [epoch 7/50 train] batch 850/4045 (5.12 batch/s, ETA 10.4 min) loss_corrente=0.0049
    [epoch 7/50 train] batch 900/4045 (5.12 batch/s, ETA 10.2 min) loss_corrente=0.0053
    [epoch 7/50 train] batch 950/4045 (5.12 batch/s, ETA 10.1 min) loss_corrente=0.0055
    [epoch 7/50 train] batch 1000/4045 (5.12 batch/s, ETA 9.9 min) loss_corrente=0.0052
    [epoch 7/50 train] batch 1050/4045 (5.12 batch/s, ETA 9.8 min) loss_corrente=0.0051
    [epoch 7/50 train] batch 1100/4045 (5.12 batch/s, ETA 9.6 min) loss_corrente=0.0049
    [epoch 7/50 train] batch 1150/4045 (5.12 batch/s, ETA 9.4 min) loss_corrente=0.0048
    [epoch 7/50 train] batch 1200/4045 (5.12 batch/s, ETA 9.3 min) loss_corrente=0.0046
    [epoch 7/50 train] batch 1250/4045 (5.12 batch/s, ETA 9.1 min) loss_corrente=0.0049
    [epoch 7/50 train] batch 1300/4045 (5.12 batch/s, ETA 8.9 min) loss_corrente=0.0050
    [epoch 7/50 train] batch 1350/4045 (5.12 batch/s, ETA 8.8 min) loss_corrente=0.0052
    [epoch 7/50 train] batch 1400/4045 (5.12 batch/s, ETA 8.6 min) loss_corrente=0.0052
    [epoch 7/50 train] batch 1450/4045 (5.12 batch/s, ETA 8.4 min) loss_corrente=0.0050
    [epoch 7/50 train] batch 1500/4045 (5.12 batch/s, ETA 8.3 min) loss_corrente=0.0049
    [epoch 7/50 train] batch 1550/4045 (5.12 batch/s, ETA 8.1 min) loss_corrente=0.0051
    [epoch 7/50 train] batch 1600/4045 (5.12 batch/s, ETA 8.0 min) loss_corrente=0.0054
    [epoch 7/50 train] batch 1650/4045 (5.12 batch/s, ETA 7.8 min) loss_corrente=0.0061
    [epoch 7/50 train] batch 1700/4045 (5.12 batch/s, ETA 7.6 min) loss_corrente=0.0068
    [epoch 7/50 train] batch 1750/4045 (5.12 batch/s, ETA 7.5 min) loss_corrente=0.0070
    [epoch 7/50 train] batch 1800/4045 (5.12 batch/s, ETA 7.3 min) loss_corrente=0.0071
    [epoch 7/50 train] batch 1850/4045 (5.12 batch/s, ETA 7.1 min) loss_corrente=0.0071
    [epoch 7/50 train] batch 1900/4045 (5.12 batch/s, ETA 7.0 min) loss_corrente=0.0070
    [epoch 7/50 train] batch 1950/4045 (5.12 batch/s, ETA 6.8 min) loss_corrente=0.0071
    [epoch 7/50 train] batch 2000/4045 (5.12 batch/s, ETA 6.7 min) loss_corrente=0.0070
    [epoch 7/50 train] batch 2050/4045 (5.12 batch/s, ETA 6.5 min) loss_corrente=0.0070
    [epoch 7/50 train] batch 2100/4045 (5.12 batch/s, ETA 6.3 min) loss_corrente=0.0070
    [epoch 7/50 train] batch 2150/4045 (5.12 batch/s, ETA 6.2 min) loss_corrente=0.0070
    [epoch 7/50 train] batch 2200/4045 (5.12 batch/s, ETA 6.0 min) loss_corrente=0.0070
    [epoch 7/50 train] batch 2250/4045 (5.12 batch/s, ETA 5.8 min) loss_corrente=0.0070
    [epoch 7/50 train] batch 2300/4045 (5.12 batch/s, ETA 5.7 min) loss_corrente=0.0069
    [epoch 7/50 train] batch 2350/4045 (5.12 batch/s, ETA 5.5 min) loss_corrente=0.0069
    [epoch 7/50 train] batch 2400/4045 (5.12 batch/s, ETA 5.4 min) loss_corrente=0.0067
    [epoch 7/50 train] batch 2450/4045 (5.12 batch/s, ETA 5.2 min) loss_corrente=0.0066
    [epoch 7/50 train] batch 2500/4045 (5.12 batch/s, ETA 5.0 min) loss_corrente=0.0065
    [epoch 7/50 train] batch 2550/4045 (5.12 batch/s, ETA 4.9 min) loss_corrente=0.0064
    [epoch 7/50 train] batch 2600/4045 (5.12 batch/s, ETA 4.7 min) loss_corrente=0.0064
    [epoch 7/50 train] batch 2650/4045 (5.12 batch/s, ETA 4.5 min) loss_corrente=0.0069
    [epoch 7/50 train] batch 2700/4045 (5.12 batch/s, ETA 4.4 min) loss_corrente=0.0069
    [epoch 7/50 train] batch 2750/4045 (5.12 batch/s, ETA 4.2 min) loss_corrente=0.0068
    [epoch 7/50 train] batch 2800/4045 (5.12 batch/s, ETA 4.1 min) loss_corrente=0.0069
    [epoch 7/50 train] batch 2850/4045 (5.12 batch/s, ETA 3.9 min) loss_corrente=0.0068
    [epoch 7/50 train] batch 2900/4045 (5.12 batch/s, ETA 3.7 min) loss_corrente=0.0068
    [epoch 7/50 train] batch 2950/4045 (5.12 batch/s, ETA 3.6 min) loss_corrente=0.0068
    [epoch 7/50 train] batch 3000/4045 (5.12 batch/s, ETA 3.4 min) loss_corrente=0.0071
    [epoch 7/50 train] batch 3050/4045 (5.12 batch/s, ETA 3.2 min) loss_corrente=0.0070
    [epoch 7/50 train] batch 3100/4045 (5.12 batch/s, ETA 3.1 min) loss_corrente=0.0069
    [epoch 7/50 train] batch 3150/4045 (5.12 batch/s, ETA 2.9 min) loss_corrente=0.0068
    [epoch 7/50 train] batch 3200/4045 (5.12 batch/s, ETA 2.8 min) loss_corrente=0.0068
    [epoch 7/50 train] batch 3250/4045 (5.12 batch/s, ETA 2.6 min) loss_corrente=0.0067
    [epoch 7/50 train] batch 3300/4045 (5.12 batch/s, ETA 2.4 min) loss_corrente=0.0067
    [epoch 7/50 train] batch 3350/4045 (5.12 batch/s, ETA 2.3 min) loss_corrente=0.0066
    [epoch 7/50 train] batch 3400/4045 (5.12 batch/s, ETA 2.1 min) loss_corrente=0.0066
    [epoch 7/50 train] batch 3450/4045 (5.12 batch/s, ETA 1.9 min) loss_corrente=0.0069
    [epoch 7/50 train] batch 3500/4045 (5.12 batch/s, ETA 1.8 min) loss_corrente=0.0070
    [epoch 7/50 train] batch 3550/4045 (5.12 batch/s, ETA 1.6 min) loss_corrente=0.0070
    [epoch 7/50 train] batch 3600/4045 (5.12 batch/s, ETA 1.4 min) loss_corrente=0.0071
    [epoch 7/50 train] batch 3650/4045 (5.12 batch/s, ETA 1.3 min) loss_corrente=0.0072
    [epoch 7/50 train] batch 3700/4045 (5.12 batch/s, ETA 1.1 min) loss_corrente=0.0073
    [epoch 7/50 train] batch 3750/4045 (5.12 batch/s, ETA 1.0 min) loss_corrente=0.0072
    [epoch 7/50 train] batch 3800/4045 (5.12 batch/s, ETA 0.8 min) loss_corrente=0.0074
    [epoch 7/50 train] batch 3850/4045 (5.12 batch/s, ETA 0.6 min) loss_corrente=0.0074
    [epoch 7/50 train] batch 3900/4045 (5.12 batch/s, ETA 0.5 min) loss_corrente=0.0073
    [epoch 7/50 train] batch 3950/4045 (5.12 batch/s, ETA 0.3 min) loss_corrente=0.0074
    [epoch 7/50 train] batch 4000/4045 (5.12 batch/s, ETA 0.1 min) loss_corrente=0.0074
    [epoch 7/50 train] batch 4045/4045 (5.12 batch/s, ETA 0.0 min) loss_corrente=0.0074
    [epoch 7/50 val] batch 50/722 (11.30 batch/s, ETA 1.0 min) loss_corrente=0.1757
    [epoch 7/50 val] batch 100/722 (11.52 batch/s, ETA 0.9 min) loss_corrente=0.1168
    [epoch 7/50 val] batch 150/722 (11.60 batch/s, ETA 0.8 min) loss_corrente=0.1127
    [epoch 7/50 val] batch 200/722 (11.63 batch/s, ETA 0.7 min) loss_corrente=0.1316
    [epoch 7/50 val] batch 250/722 (11.66 batch/s, ETA 0.7 min) loss_corrente=0.1188
    [epoch 7/50 val] batch 300/722 (11.67 batch/s, ETA 0.6 min) loss_corrente=0.1233
    [epoch 7/50 val] batch 350/722 (11.68 batch/s, ETA 0.5 min) loss_corrente=0.1137
    [epoch 7/50 val] batch 400/722 (11.69 batch/s, ETA 0.5 min) loss_corrente=0.1062
    [epoch 7/50 val] batch 450/722 (11.70 batch/s, ETA 0.4 min) loss_corrente=0.1022
    [epoch 7/50 val] batch 500/722 (11.70 batch/s, ETA 0.3 min) loss_corrente=0.1038
    [epoch 7/50 val] batch 550/722 (11.70 batch/s, ETA 0.2 min) loss_corrente=0.1005
    [epoch 7/50 val] batch 600/722 (11.71 batch/s, ETA 0.2 min) loss_corrente=0.0988
    [epoch 7/50 val] batch 650/722 (11.71 batch/s, ETA 0.1 min) loss_corrente=0.0978
    [epoch 7/50 val] batch 700/722 (11.71 batch/s, ETA 0.0 min) loss_corrente=0.0946
    [epoch 7/50 val] batch 722/722 (11.72 batch/s, ETA 0.0 min) loss_corrente=0.0943
Epoch   7/50 | train_loss=0.0074 train_acc=0.998 | val_loss=0.0943 val_acc=0.980
    [epoch 8/50 train] batch 50/4045 (5.06 batch/s, ETA 13.1 min) loss_corrente=0.0055
    [epoch 8/50 train] batch 100/4045 (5.10 batch/s, ETA 12.9 min) loss_corrente=0.0035
    [epoch 8/50 train] batch 150/4045 (5.11 batch/s, ETA 12.7 min) loss_corrente=0.0028
    [epoch 8/50 train] batch 200/4045 (5.11 batch/s, ETA 12.5 min) loss_corrente=0.0022
    [epoch 8/50 train] batch 250/4045 (5.11 batch/s, ETA 12.4 min) loss_corrente=0.0019
    [epoch 8/50 train] batch 300/4045 (5.12 batch/s, ETA 12.2 min) loss_corrente=0.0027
    [epoch 8/50 train] batch 350/4045 (5.12 batch/s, ETA 12.0 min) loss_corrente=0.0026
    [epoch 8/50 train] batch 400/4045 (5.12 batch/s, ETA 11.9 min) loss_corrente=0.0045
    [epoch 8/50 train] batch 450/4045 (5.12 batch/s, ETA 11.7 min) loss_corrente=0.0046
    [epoch 8/50 train] batch 500/4045 (5.12 batch/s, ETA 11.5 min) loss_corrente=0.0042
    [epoch 8/50 train] batch 550/4045 (5.12 batch/s, ETA 11.4 min) loss_corrente=0.0045
    [epoch 8/50 train] batch 600/4045 (5.12 batch/s, ETA 11.2 min) loss_corrente=0.0042
    [epoch 8/50 train] batch 650/4045 (5.12 batch/s, ETA 11.0 min) loss_corrente=0.0040
    [epoch 8/50 train] batch 700/4045 (5.12 batch/s, ETA 10.9 min) loss_corrente=0.0038
    [epoch 8/50 train] batch 750/4045 (5.12 batch/s, ETA 10.7 min) loss_corrente=0.0036
    [epoch 8/50 train] batch 800/4045 (5.12 batch/s, ETA 10.6 min) loss_corrente=0.0034
    [epoch 8/50 train] batch 850/4045 (5.12 batch/s, ETA 10.4 min) loss_corrente=0.0034
    [epoch 8/50 train] batch 900/4045 (5.12 batch/s, ETA 10.2 min) loss_corrente=0.0032
    [epoch 8/50 train] batch 950/4045 (5.12 batch/s, ETA 10.1 min) loss_corrente=0.0030
    [epoch 8/50 train] batch 1000/4045 (5.12 batch/s, ETA 9.9 min) loss_corrente=0.0029
    [epoch 8/50 train] batch 1050/4045 (5.12 batch/s, ETA 9.7 min) loss_corrente=0.0028
    [epoch 8/50 train] batch 1100/4045 (5.12 batch/s, ETA 9.6 min) loss_corrente=0.0027
    [epoch 8/50 train] batch 1150/4045 (5.12 batch/s, ETA 9.4 min) loss_corrente=0.0029
    [epoch 8/50 train] batch 1200/4045 (5.12 batch/s, ETA 9.3 min) loss_corrente=0.0032
    [epoch 8/50 train] batch 1250/4045 (5.12 batch/s, ETA 9.1 min) loss_corrente=0.0031
    [epoch 8/50 train] batch 1300/4045 (5.12 batch/s, ETA 8.9 min) loss_corrente=0.0033
    [epoch 8/50 train] batch 1350/4045 (5.13 batch/s, ETA 8.8 min) loss_corrente=0.0033
    [epoch 8/50 train] batch 1400/4045 (5.13 batch/s, ETA 8.6 min) loss_corrente=0.0037
    [epoch 8/50 train] batch 1450/4045 (5.13 batch/s, ETA 8.4 min) loss_corrente=0.0046
    [epoch 8/50 train] batch 1500/4045 (5.13 batch/s, ETA 8.3 min) loss_corrente=0.0046
    [epoch 8/50 train] batch 1550/4045 (5.13 batch/s, ETA 8.1 min) loss_corrente=0.0045
    [epoch 8/50 train] batch 1600/4045 (5.13 batch/s, ETA 8.0 min) loss_corrente=0.0044
    [epoch 8/50 train] batch 1650/4045 (5.13 batch/s, ETA 7.8 min) loss_corrente=0.0044
    [epoch 8/50 train] batch 1700/4045 (5.13 batch/s, ETA 7.6 min) loss_corrente=0.0043
    [epoch 8/50 train] batch 1750/4045 (5.13 batch/s, ETA 7.5 min) loss_corrente=0.0043
    [epoch 8/50 train] batch 1800/4045 (5.13 batch/s, ETA 7.3 min) loss_corrente=0.0044
    [epoch 8/50 train] batch 1850/4045 (5.13 batch/s, ETA 7.1 min) loss_corrente=0.0044
    [epoch 8/50 train] batch 1900/4045 (5.13 batch/s, ETA 7.0 min) loss_corrente=0.0043
    [epoch 8/50 train] batch 1950/4045 (5.13 batch/s, ETA 6.8 min) loss_corrente=0.0042
    [epoch 8/50 train] batch 2000/4045 (5.13 batch/s, ETA 6.6 min) loss_corrente=0.0041
    [epoch 8/50 train] batch 2050/4045 (5.13 batch/s, ETA 6.5 min) loss_corrente=0.0040
    [epoch 8/50 train] batch 2100/4045 (5.13 batch/s, ETA 6.3 min) loss_corrente=0.0040
    [epoch 8/50 train] batch 2150/4045 (5.13 batch/s, ETA 6.2 min) loss_corrente=0.0045
    [epoch 8/50 train] batch 2200/4045 (5.13 batch/s, ETA 6.0 min) loss_corrente=0.0044
    [epoch 8/50 train] batch 2250/4045 (5.13 batch/s, ETA 5.8 min) loss_corrente=0.0044
    [epoch 8/50 train] batch 2300/4045 (5.13 batch/s, ETA 5.7 min) loss_corrente=0.0045
    [epoch 8/50 train] batch 2350/4045 (5.13 batch/s, ETA 5.5 min) loss_corrente=0.0046
    [epoch 8/50 train] batch 2400/4045 (5.13 batch/s, ETA 5.3 min) loss_corrente=0.0046
    [epoch 8/50 train] batch 2450/4045 (5.13 batch/s, ETA 5.2 min) loss_corrente=0.0047
    [epoch 8/50 train] batch 2500/4045 (5.13 batch/s, ETA 5.0 min) loss_corrente=0.0049
    [epoch 8/50 train] batch 2550/4045 (5.13 batch/s, ETA 4.9 min) loss_corrente=0.0050
    [epoch 8/50 train] batch 2600/4045 (5.13 batch/s, ETA 4.7 min) loss_corrente=0.0049
    [epoch 8/50 train] batch 2650/4045 (5.13 batch/s, ETA 4.5 min) loss_corrente=0.0049
    [epoch 8/50 train] batch 2700/4045 (5.13 batch/s, ETA 4.4 min) loss_corrente=0.0048
    [epoch 8/50 train] batch 2750/4045 (5.13 batch/s, ETA 4.2 min) loss_corrente=0.0047
    [epoch 8/50 train] batch 2800/4045 (5.13 batch/s, ETA 4.0 min) loss_corrente=0.0049
    [epoch 8/50 train] batch 2850/4045 (5.13 batch/s, ETA 3.9 min) loss_corrente=0.0049
    [epoch 8/50 train] batch 2900/4045 (5.13 batch/s, ETA 3.7 min) loss_corrente=0.0049
    [epoch 8/50 train] batch 2950/4045 (5.13 batch/s, ETA 3.6 min) loss_corrente=0.0049
    [epoch 8/50 train] batch 3000/4045 (5.13 batch/s, ETA 3.4 min) loss_corrente=0.0050
    [epoch 8/50 train] batch 3050/4045 (5.13 batch/s, ETA 3.2 min) loss_corrente=0.0050
    [epoch 8/50 train] batch 3100/4045 (5.13 batch/s, ETA 3.1 min) loss_corrente=0.0050
    [epoch 8/50 train] batch 3150/4045 (5.13 batch/s, ETA 2.9 min) loss_corrente=0.0050
    [epoch 8/50 train] batch 3200/4045 (5.13 batch/s, ETA 2.7 min) loss_corrente=0.0050
    [epoch 8/50 train] batch 3250/4045 (5.13 batch/s, ETA 2.6 min) loss_corrente=0.0050
    [epoch 8/50 train] batch 3300/4045 (5.13 batch/s, ETA 2.4 min) loss_corrente=0.0050
    [epoch 8/50 train] batch 3350/4045 (5.13 batch/s, ETA 2.3 min) loss_corrente=0.0050
    [epoch 8/50 train] batch 3400/4045 (5.13 batch/s, ETA 2.1 min) loss_corrente=0.0049
    [epoch 8/50 train] batch 3450/4045 (5.13 batch/s, ETA 1.9 min) loss_corrente=0.0049
    [epoch 8/50 train] batch 3500/4045 (5.13 batch/s, ETA 1.8 min) loss_corrente=0.0051
    [epoch 8/50 train] batch 3550/4045 (5.13 batch/s, ETA 1.6 min) loss_corrente=0.0051
    [epoch 8/50 train] batch 3600/4045 (5.13 batch/s, ETA 1.4 min) loss_corrente=0.0052
    [epoch 8/50 train] batch 3650/4045 (5.13 batch/s, ETA 1.3 min) loss_corrente=0.0053
    [epoch 8/50 train] batch 3700/4045 (5.13 batch/s, ETA 1.1 min) loss_corrente=0.0052
    [epoch 8/50 train] batch 3750/4045 (5.13 batch/s, ETA 1.0 min) loss_corrente=0.0052
    [epoch 8/50 train] batch 3800/4045 (5.13 batch/s, ETA 0.8 min) loss_corrente=0.0051
    [epoch 8/50 train] batch 3850/4045 (5.13 batch/s, ETA 0.6 min) loss_corrente=0.0051
    [epoch 8/50 train] batch 3900/4045 (5.13 batch/s, ETA 0.5 min) loss_corrente=0.0051
    [epoch 8/50 train] batch 3950/4045 (5.13 batch/s, ETA 0.3 min) loss_corrente=0.0050
    [epoch 8/50 train] batch 4000/4045 (5.13 batch/s, ETA 0.1 min) loss_corrente=0.0050
    [epoch 8/50 train] batch 4045/4045 (5.13 batch/s, ETA 0.0 min) loss_corrente=0.0050
    [epoch 8/50 val] batch 50/722 (11.31 batch/s, ETA 1.0 min) loss_corrente=0.3961
    [epoch 8/50 val] batch 100/722 (11.53 batch/s, ETA 0.9 min) loss_corrente=0.2369
    [epoch 8/50 val] batch 150/722 (11.60 batch/s, ETA 0.8 min) loss_corrente=0.1989
    [epoch 8/50 val] batch 200/722 (11.63 batch/s, ETA 0.7 min) loss_corrente=0.2336
    [epoch 8/50 val] batch 250/722 (11.66 batch/s, ETA 0.7 min) loss_corrente=0.2044
    [epoch 8/50 val] batch 300/722 (11.67 batch/s, ETA 0.6 min) loss_corrente=0.2071
    [epoch 8/50 val] batch 350/722 (11.68 batch/s, ETA 0.5 min) loss_corrente=0.1944
    [epoch 8/50 val] batch 400/722 (11.69 batch/s, ETA 0.5 min) loss_corrente=0.1772
    [epoch 8/50 val] batch 450/722 (11.69 batch/s, ETA 0.4 min) loss_corrente=0.1675
    [epoch 8/50 val] batch 500/722 (11.69 batch/s, ETA 0.3 min) loss_corrente=0.1684
    [epoch 8/50 val] batch 550/722 (11.70 batch/s, ETA 0.2 min) loss_corrente=0.1581
    [epoch 8/50 val] batch 600/722 (11.70 batch/s, ETA 0.2 min) loss_corrente=0.1561
    [epoch 8/50 val] batch 650/722 (11.71 batch/s, ETA 0.1 min) loss_corrente=0.1517
    [epoch 8/50 val] batch 700/722 (11.71 batch/s, ETA 0.0 min) loss_corrente=0.1499
    [epoch 8/50 val] batch 722/722 (11.71 batch/s, ETA 0.0 min) loss_corrente=0.1526
Epoch   8/50 | train_loss=0.0050 train_acc=0.998 | val_loss=0.1526 val_acc=0.980
    [epoch 9/50 train] batch 50/4045 (5.06 batch/s, ETA 13.2 min) loss_corrente=0.0114
    [epoch 9/50 train] batch 100/4045 (5.09 batch/s, ETA 12.9 min) loss_corrente=0.0069
    [epoch 9/50 train] batch 150/4045 (5.10 batch/s, ETA 12.7 min) loss_corrente=0.0083
    [epoch 9/50 train] batch 200/4045 (5.11 batch/s, ETA 12.5 min) loss_corrente=0.0070
    [epoch 9/50 train] batch 250/4045 (5.11 batch/s, ETA 12.4 min) loss_corrente=0.0057
    [epoch 9/50 train] batch 300/4045 (5.11 batch/s, ETA 12.2 min) loss_corrente=0.0049
    [epoch 9/50 train] batch 350/4045 (5.11 batch/s, ETA 12.0 min) loss_corrente=0.0050
    [epoch 9/50 train] batch 400/4045 (5.12 batch/s, ETA 11.9 min) loss_corrente=0.0048
    [epoch 9/50 train] batch 450/4045 (5.12 batch/s, ETA 11.7 min) loss_corrente=0.0043
    [epoch 9/50 train] batch 500/4045 (5.12 batch/s, ETA 11.5 min) loss_corrente=0.0038
    [epoch 9/50 train] batch 550/4045 (5.12 batch/s, ETA 11.4 min) loss_corrente=0.0035
    [epoch 9/50 train] batch 600/4045 (5.12 batch/s, ETA 11.2 min) loss_corrente=0.0034
    [epoch 9/50 train] batch 650/4045 (5.12 batch/s, ETA 11.1 min) loss_corrente=0.0031
    [epoch 9/50 train] batch 700/4045 (5.12 batch/s, ETA 10.9 min) loss_corrente=0.0029
    [epoch 9/50 train] batch 750/4045 (5.12 batch/s, ETA 10.7 min) loss_corrente=0.0028
    [epoch 9/50 train] batch 800/4045 (5.12 batch/s, ETA 10.6 min) loss_corrente=0.0030
    [epoch 9/50 train] batch 850/4045 (5.12 batch/s, ETA 10.4 min) loss_corrente=0.0030
    [epoch 9/50 train] batch 900/4045 (5.12 batch/s, ETA 10.2 min) loss_corrente=0.0031
    [epoch 9/50 train] batch 950/4045 (5.12 batch/s, ETA 10.1 min) loss_corrente=0.0031
    [epoch 9/50 train] batch 1000/4045 (5.12 batch/s, ETA 9.9 min) loss_corrente=0.0031
    [epoch 9/50 train] batch 1050/4045 (5.12 batch/s, ETA 9.7 min) loss_corrente=0.0039
    [epoch 9/50 train] batch 1100/4045 (5.12 batch/s, ETA 9.6 min) loss_corrente=0.0043
    [epoch 9/50 train] batch 1150/4045 (5.12 batch/s, ETA 9.4 min) loss_corrente=0.0041
    [epoch 9/50 train] batch 1200/4045 (5.12 batch/s, ETA 9.3 min) loss_corrente=0.0043
    [epoch 9/50 train] batch 1250/4045 (5.12 batch/s, ETA 9.1 min) loss_corrente=0.0042
    [epoch 9/50 train] batch 1300/4045 (5.12 batch/s, ETA 8.9 min) loss_corrente=0.0041
    [epoch 9/50 train] batch 1350/4045 (5.12 batch/s, ETA 8.8 min) loss_corrente=0.0045
    [epoch 9/50 train] batch 1400/4045 (5.12 batch/s, ETA 8.6 min) loss_corrente=0.0043
    [epoch 9/50 train] batch 1450/4045 (5.12 batch/s, ETA 8.4 min) loss_corrente=0.0046
    [epoch 9/50 train] batch 1500/4045 (5.12 batch/s, ETA 8.3 min) loss_corrente=0.0046
    [epoch 9/50 train] batch 1550/4045 (5.12 batch/s, ETA 8.1 min) loss_corrente=0.0045
    [epoch 9/50 train] batch 1600/4045 (5.12 batch/s, ETA 8.0 min) loss_corrente=0.0050
    [epoch 9/50 train] batch 1650/4045 (5.12 batch/s, ETA 7.8 min) loss_corrente=0.0048
    [epoch 9/50 train] batch 1700/4045 (5.12 batch/s, ETA 7.6 min) loss_corrente=0.0048
    [epoch 9/50 train] batch 1750/4045 (5.12 batch/s, ETA 7.5 min) loss_corrente=0.0046
    [epoch 9/50 train] batch 1800/4045 (5.12 batch/s, ETA 7.3 min) loss_corrente=0.0046
    [epoch 9/50 train] batch 1850/4045 (5.12 batch/s, ETA 7.1 min) loss_corrente=0.0046
    [epoch 9/50 train] batch 1900/4045 (5.12 batch/s, ETA 7.0 min) loss_corrente=0.0048
    [epoch 9/50 train] batch 1950/4045 (5.12 batch/s, ETA 6.8 min) loss_corrente=0.0051
    [epoch 9/50 train] batch 2000/4045 (5.12 batch/s, ETA 6.7 min) loss_corrente=0.0051
    [epoch 9/50 train] batch 2050/4045 (5.12 batch/s, ETA 6.5 min) loss_corrente=0.0053
    [epoch 9/50 train] batch 2100/4045 (5.12 batch/s, ETA 6.3 min) loss_corrente=0.0052
    [epoch 9/50 train] batch 2150/4045 (5.12 batch/s, ETA 6.2 min) loss_corrente=0.0051
    [epoch 9/50 train] batch 2200/4045 (5.12 batch/s, ETA 6.0 min) loss_corrente=0.0053
    [epoch 9/50 train] batch 2250/4045 (5.12 batch/s, ETA 5.8 min) loss_corrente=0.0053
    [epoch 9/50 train] batch 2300/4045 (5.12 batch/s, ETA 5.7 min) loss_corrente=0.0052
    [epoch 9/50 train] batch 2350/4045 (5.12 batch/s, ETA 5.5 min) loss_corrente=0.0051
    [epoch 9/50 train] batch 2400/4045 (5.12 batch/s, ETA 5.4 min) loss_corrente=0.0051
    [epoch 9/50 train] batch 2450/4045 (5.12 batch/s, ETA 5.2 min) loss_corrente=0.0050
    [epoch 9/50 train] batch 2500/4045 (5.12 batch/s, ETA 5.0 min) loss_corrente=0.0049
    [epoch 9/50 train] batch 2550/4045 (5.12 batch/s, ETA 4.9 min) loss_corrente=0.0049
    [epoch 9/50 train] batch 2600/4045 (5.12 batch/s, ETA 4.7 min) loss_corrente=0.0051
    [epoch 9/50 train] batch 2650/4045 (5.12 batch/s, ETA 4.5 min) loss_corrente=0.0051
    [epoch 9/50 train] batch 2700/4045 (5.12 batch/s, ETA 4.4 min) loss_corrente=0.0050
    [epoch 9/50 train] batch 2750/4045 (5.12 batch/s, ETA 4.2 min) loss_corrente=0.0049
    [epoch 9/50 train] batch 2800/4045 (5.12 batch/s, ETA 4.0 min) loss_corrente=0.0049
    [epoch 9/50 train] batch 2850/4045 (5.12 batch/s, ETA 3.9 min) loss_corrente=0.0048
    [epoch 9/50 train] batch 2900/4045 (5.12 batch/s, ETA 3.7 min) loss_corrente=0.0049
    [epoch 9/50 train] batch 2950/4045 (5.12 batch/s, ETA 3.6 min) loss_corrente=0.0051
    [epoch 9/50 train] batch 3000/4045 (5.12 batch/s, ETA 3.4 min) loss_corrente=0.0053
    [epoch 9/50 train] batch 3050/4045 (5.12 batch/s, ETA 3.2 min) loss_corrente=0.0057
    [epoch 9/50 train] batch 3100/4045 (5.12 batch/s, ETA 3.1 min) loss_corrente=0.0056
    [epoch 9/50 train] batch 3150/4045 (5.12 batch/s, ETA 2.9 min) loss_corrente=0.0056
    [epoch 9/50 train] batch 3200/4045 (5.12 batch/s, ETA 2.7 min) loss_corrente=0.0057
    [epoch 9/50 train] batch 3250/4045 (5.12 batch/s, ETA 2.6 min) loss_corrente=0.0058
    [epoch 9/50 train] batch 3300/4045 (5.12 batch/s, ETA 2.4 min) loss_corrente=0.0057
    [epoch 9/50 train] batch 3350/4045 (5.12 batch/s, ETA 2.3 min) loss_corrente=0.0059
    [epoch 9/50 train] batch 3400/4045 (5.12 batch/s, ETA 2.1 min) loss_corrente=0.0060
    [epoch 9/50 train] batch 3450/4045 (5.12 batch/s, ETA 1.9 min) loss_corrente=0.0060
    [epoch 9/50 train] batch 3500/4045 (5.12 batch/s, ETA 1.8 min) loss_corrente=0.0060
    [epoch 9/50 train] batch 3550/4045 (5.12 batch/s, ETA 1.6 min) loss_corrente=0.0059
    [epoch 9/50 train] batch 3600/4045 (5.12 batch/s, ETA 1.4 min) loss_corrente=0.0059
    [epoch 9/50 train] batch 3650/4045 (5.12 batch/s, ETA 1.3 min) loss_corrente=0.0058
    [epoch 9/50 train] batch 3700/4045 (5.12 batch/s, ETA 1.1 min) loss_corrente=0.0058
    [epoch 9/50 train] batch 3750/4045 (5.12 batch/s, ETA 1.0 min) loss_corrente=0.0057
    [epoch 9/50 train] batch 3800/4045 (5.12 batch/s, ETA 0.8 min) loss_corrente=0.0058
    [epoch 9/50 train] batch 3850/4045 (5.12 batch/s, ETA 0.6 min) loss_corrente=0.0058
    [epoch 9/50 train] batch 3900/4045 (5.12 batch/s, ETA 0.5 min) loss_corrente=0.0059
    [epoch 9/50 train] batch 3950/4045 (5.12 batch/s, ETA 0.3 min) loss_corrente=0.0058
    [epoch 9/50 train] batch 4000/4045 (5.12 batch/s, ETA 0.1 min) loss_corrente=0.0060
    [epoch 9/50 train] batch 4045/4045 (5.12 batch/s, ETA 0.0 min) loss_corrente=0.0060
    [epoch 9/50 val] batch 50/722 (11.31 batch/s, ETA 1.0 min) loss_corrente=0.2295
    [epoch 9/50 val] batch 100/722 (11.52 batch/s, ETA 0.9 min) loss_corrente=0.1395
    [epoch 9/50 val] batch 150/722 (11.60 batch/s, ETA 0.8 min) loss_corrente=0.1261
    [epoch 9/50 val] batch 200/722 (11.63 batch/s, ETA 0.7 min) loss_corrente=0.1362
    [epoch 9/50 val] batch 250/722 (11.66 batch/s, ETA 0.7 min) loss_corrente=0.1254
    [epoch 9/50 val] batch 300/722 (11.67 batch/s, ETA 0.6 min) loss_corrente=0.1276
    [epoch 9/50 val] batch 350/722 (11.68 batch/s, ETA 0.5 min) loss_corrente=0.1184
    [epoch 9/50 val] batch 400/722 (11.69 batch/s, ETA 0.5 min) loss_corrente=0.1094
    [epoch 9/50 val] batch 450/722 (11.70 batch/s, ETA 0.4 min) loss_corrente=0.1059
    [epoch 9/50 val] batch 500/722 (11.70 batch/s, ETA 0.3 min) loss_corrente=0.1056
    [epoch 9/50 val] batch 550/722 (11.71 batch/s, ETA 0.2 min) loss_corrente=0.1001
    [epoch 9/50 val] batch 600/722 (11.71 batch/s, ETA 0.2 min) loss_corrente=0.1004
    [epoch 9/50 val] batch 650/722 (11.71 batch/s, ETA 0.1 min) loss_corrente=0.0978
    [epoch 9/50 val] batch 700/722 (11.72 batch/s, ETA 0.0 min) loss_corrente=0.0948
    [epoch 9/50 val] batch 722/722 (11.72 batch/s, ETA 0.0 min) loss_corrente=0.0927
Epoch   9/50 | train_loss=0.0060 train_acc=0.998 | val_loss=0.0927 val_acc=0.984
    [epoch 10/50 train] batch 50/4045 (5.06 batch/s, ETA 13.1 min) loss_corrente=0.0041
    [epoch 10/50 train] batch 100/4045 (5.09 batch/s, ETA 12.9 min) loss_corrente=0.0026
    [epoch 10/50 train] batch 150/4045 (5.10 batch/s, ETA 12.7 min) loss_corrente=0.0019
    [epoch 10/50 train] batch 200/4045 (5.11 batch/s, ETA 12.5 min) loss_corrente=0.0017
    [epoch 10/50 train] batch 250/4045 (5.11 batch/s, ETA 12.4 min) loss_corrente=0.0015
    [epoch 10/50 train] batch 300/4045 (5.11 batch/s, ETA 12.2 min) loss_corrente=0.0016
    [epoch 10/50 train] batch 350/4045 (5.12 batch/s, ETA 12.0 min) loss_corrente=0.0015
    [epoch 10/50 train] batch 400/4045 (5.12 batch/s, ETA 11.9 min) loss_corrente=0.0015
    [epoch 10/50 train] batch 450/4045 (5.12 batch/s, ETA 11.7 min) loss_corrente=0.0019
    [epoch 10/50 train] batch 500/4045 (5.12 batch/s, ETA 11.5 min) loss_corrente=0.0019
    [epoch 10/50 train] batch 550/4045 (5.12 batch/s, ETA 11.4 min) loss_corrente=0.0018
    [epoch 10/50 train] batch 600/4045 (5.12 batch/s, ETA 11.2 min) loss_corrente=0.0019
    [epoch 10/50 train] batch 650/4045 (5.12 batch/s, ETA 11.1 min) loss_corrente=0.0017
    [epoch 10/50 train] batch 700/4045 (5.12 batch/s, ETA 10.9 min) loss_corrente=0.0016
    [epoch 10/50 train] batch 750/4045 (5.12 batch/s, ETA 10.7 min) loss_corrente=0.0016
    [epoch 10/50 train] batch 800/4045 (5.12 batch/s, ETA 10.6 min) loss_corrente=0.0015
    [epoch 10/50 train] batch 850/4045 (5.12 batch/s, ETA 10.4 min) loss_corrente=0.0014
    [epoch 10/50 train] batch 900/4045 (5.12 batch/s, ETA 10.2 min) loss_corrente=0.0015
    [epoch 10/50 train] batch 950/4045 (5.12 batch/s, ETA 10.1 min) loss_corrente=0.0014
    [epoch 10/50 train] batch 1000/4045 (5.12 batch/s, ETA 9.9 min) loss_corrente=0.0013
    [epoch 10/50 train] batch 1050/4045 (5.12 batch/s, ETA 9.7 min) loss_corrente=0.0013
    [epoch 10/50 train] batch 1100/4045 (5.12 batch/s, ETA 9.6 min) loss_corrente=0.0012
    [epoch 10/50 train] batch 1150/4045 (5.12 batch/s, ETA 9.4 min) loss_corrente=0.0012
    [epoch 10/50 train] batch 1200/4045 (5.12 batch/s, ETA 9.3 min) loss_corrente=0.0012
    [epoch 10/50 train] batch 1250/4045 (5.12 batch/s, ETA 9.1 min) loss_corrente=0.0011
    [epoch 10/50 train] batch 1300/4045 (5.12 batch/s, ETA 8.9 min) loss_corrente=0.0011
    [epoch 10/50 train] batch 1350/4045 (5.12 batch/s, ETA 8.8 min) loss_corrente=0.0011
    [epoch 10/50 train] batch 1400/4045 (5.12 batch/s, ETA 8.6 min) loss_corrente=0.0013
    [epoch 10/50 train] batch 1450/4045 (5.12 batch/s, ETA 8.4 min) loss_corrente=0.0012
    [epoch 10/50 train] batch 1500/4045 (5.12 batch/s, ETA 8.3 min) loss_corrente=0.0012
    [epoch 10/50 train] batch 1550/4045 (5.12 batch/s, ETA 8.1 min) loss_corrente=0.0012
    [epoch 10/50 train] batch 1600/4045 (5.12 batch/s, ETA 8.0 min) loss_corrente=0.0011
    [epoch 10/50 train] batch 1650/4045 (5.12 batch/s, ETA 7.8 min) loss_corrente=0.0011
    [epoch 10/50 train] batch 1700/4045 (5.12 batch/s, ETA 7.6 min) loss_corrente=0.0011
    [epoch 10/50 train] batch 1750/4045 (5.12 batch/s, ETA 7.5 min) loss_corrente=0.0010
    [epoch 10/50 train] batch 1800/4045 (5.12 batch/s, ETA 7.3 min) loss_corrente=0.0011
    [epoch 10/50 train] batch 1850/4045 (5.12 batch/s, ETA 7.1 min) loss_corrente=0.0012
    [epoch 10/50 train] batch 1900/4045 (5.12 batch/s, ETA 7.0 min) loss_corrente=0.0015
    [epoch 10/50 train] batch 1950/4045 (5.12 batch/s, ETA 6.8 min) loss_corrente=0.0022
    [epoch 10/50 train] batch 2000/4045 (5.12 batch/s, ETA 6.7 min) loss_corrente=0.0023
    [epoch 10/50 train] batch 2050/4045 (5.12 batch/s, ETA 6.5 min) loss_corrente=0.0024
    [epoch 10/50 train] batch 2100/4045 (5.12 batch/s, ETA 6.3 min) loss_corrente=0.0024
    [epoch 10/50 train] batch 2150/4045 (5.12 batch/s, ETA 6.2 min) loss_corrente=0.0024
    [epoch 10/50 train] batch 2200/4045 (5.12 batch/s, ETA 6.0 min) loss_corrente=0.0025
    [epoch 10/50 train] batch 2250/4045 (5.12 batch/s, ETA 5.8 min) loss_corrente=0.0026
    [epoch 10/50 train] batch 2300/4045 (5.12 batch/s, ETA 5.7 min) loss_corrente=0.0025
    [epoch 10/50 train] batch 2350/4045 (5.12 batch/s, ETA 5.5 min) loss_corrente=0.0026
    [epoch 10/50 train] batch 2400/4045 (5.12 batch/s, ETA 5.4 min) loss_corrente=0.0026
    [epoch 10/50 train] batch 2450/4045 (5.12 batch/s, ETA 5.2 min) loss_corrente=0.0028
    [epoch 10/50 train] batch 2500/4045 (5.12 batch/s, ETA 5.0 min) loss_corrente=0.0031
    [epoch 10/50 train] batch 2550/4045 (5.12 batch/s, ETA 4.9 min) loss_corrente=0.0032
    [epoch 10/50 train] batch 2600/4045 (5.12 batch/s, ETA 4.7 min) loss_corrente=0.0032
    [epoch 10/50 train] batch 2650/4045 (5.12 batch/s, ETA 4.5 min) loss_corrente=0.0032
    [epoch 10/50 train] batch 2700/4045 (5.12 batch/s, ETA 4.4 min) loss_corrente=0.0032
    [epoch 10/50 train] batch 2750/4045 (5.12 batch/s, ETA 4.2 min) loss_corrente=0.0031
    [epoch 10/50 train] batch 2800/4045 (5.12 batch/s, ETA 4.0 min) loss_corrente=0.0031
    [epoch 10/50 train] batch 2850/4045 (5.12 batch/s, ETA 3.9 min) loss_corrente=0.0031
    [epoch 10/50 train] batch 2900/4045 (5.12 batch/s, ETA 3.7 min) loss_corrente=0.0034
    [epoch 10/50 train] batch 2950/4045 (5.12 batch/s, ETA 3.6 min) loss_corrente=0.0035
    [epoch 10/50 train] batch 3000/4045 (5.12 batch/s, ETA 3.4 min) loss_corrente=0.0035
    [epoch 10/50 train] batch 3050/4045 (5.12 batch/s, ETA 3.2 min) loss_corrente=0.0034
    [epoch 10/50 train] batch 3100/4045 (5.12 batch/s, ETA 3.1 min) loss_corrente=0.0034
    [epoch 10/50 train] batch 3150/4045 (5.12 batch/s, ETA 2.9 min) loss_corrente=0.0033
    [epoch 10/50 train] batch 3200/4045 (5.12 batch/s, ETA 2.7 min) loss_corrente=0.0033
    [epoch 10/50 train] batch 3250/4045 (5.12 batch/s, ETA 2.6 min) loss_corrente=0.0033
    [epoch 10/50 train] batch 3300/4045 (5.12 batch/s, ETA 2.4 min) loss_corrente=0.0033
    [epoch 10/50 train] batch 3350/4045 (5.12 batch/s, ETA 2.3 min) loss_corrente=0.0032
    [epoch 10/50 train] batch 3400/4045 (5.12 batch/s, ETA 2.1 min) loss_corrente=0.0033
    [epoch 10/50 train] batch 3450/4045 (5.12 batch/s, ETA 1.9 min) loss_corrente=0.0032
    [epoch 10/50 train] batch 3500/4045 (5.12 batch/s, ETA 1.8 min) loss_corrente=0.0033
    [epoch 10/50 train] batch 3550/4045 (5.12 batch/s, ETA 1.6 min) loss_corrente=0.0036
    [epoch 10/50 train] batch 3600/4045 (5.12 batch/s, ETA 1.4 min) loss_corrente=0.0036
    [epoch 10/50 train] batch 3650/4045 (5.12 batch/s, ETA 1.3 min) loss_corrente=0.0037
    [epoch 10/50 train] batch 3700/4045 (5.12 batch/s, ETA 1.1 min) loss_corrente=0.0037
    [epoch 10/50 train] batch 3750/4045 (5.12 batch/s, ETA 1.0 min) loss_corrente=0.0036
    [epoch 10/50 train] batch 3800/4045 (5.12 batch/s, ETA 0.8 min) loss_corrente=0.0036
    [epoch 10/50 train] batch 3850/4045 (5.12 batch/s, ETA 0.6 min) loss_corrente=0.0036
    [epoch 10/50 train] batch 3900/4045 (5.12 batch/s, ETA 0.5 min) loss_corrente=0.0036
    [epoch 10/50 train] batch 3950/4045 (5.12 batch/s, ETA 0.3 min) loss_corrente=0.0038
    [epoch 10/50 train] batch 4000/4045 (5.12 batch/s, ETA 0.1 min) loss_corrente=0.0040
    [epoch 10/50 train] batch 4045/4045 (5.12 batch/s, ETA 0.0 min) loss_corrente=0.0040
    [epoch 10/50 val] batch 50/722 (11.37 batch/s, ETA 1.0 min) loss_corrente=0.3189
    [epoch 10/50 val] batch 100/722 (11.56 batch/s, ETA 0.9 min) loss_corrente=0.1828
    [epoch 10/50 val] batch 150/722 (11.62 batch/s, ETA 0.8 min) loss_corrente=0.1573
    [epoch 10/50 val] batch 200/722 (11.66 batch/s, ETA 0.7 min) loss_corrente=0.1997
    [epoch 10/50 val] batch 250/722 (11.68 batch/s, ETA 0.7 min) loss_corrente=0.1785
    [epoch 10/50 val] batch 300/722 (11.69 batch/s, ETA 0.6 min) loss_corrente=0.1751
    [epoch 10/50 val] batch 350/722 (11.70 batch/s, ETA 0.5 min) loss_corrente=0.1587
    [epoch 10/50 val] batch 400/722 (11.71 batch/s, ETA 0.5 min) loss_corrente=0.1541
    [epoch 10/50 val] batch 450/722 (11.71 batch/s, ETA 0.4 min) loss_corrente=0.1436
    [epoch 10/50 val] batch 500/722 (11.72 batch/s, ETA 0.3 min) loss_corrente=0.1425
    [epoch 10/50 val] batch 550/722 (11.72 batch/s, ETA 0.2 min) loss_corrente=0.1358
    [epoch 10/50 val] batch 600/722 (11.72 batch/s, ETA 0.2 min) loss_corrente=0.1351
    [epoch 10/50 val] batch 650/722 (11.73 batch/s, ETA 0.1 min) loss_corrente=0.1315
    [epoch 10/50 val] batch 700/722 (11.73 batch/s, ETA 0.0 min) loss_corrente=0.1284
    [epoch 10/50 val] batch 722/722 (11.73 batch/s, ETA 0.0 min) loss_corrente=0.1255
Epoch  10/50 | train_loss=0.0040 train_acc=0.999 | val_loss=0.1255 val_acc=0.982
    [epoch 11/50 train] batch 50/4045 (5.06 batch/s, ETA 13.2 min) loss_corrente=0.0069
    [epoch 11/50 train] batch 100/4045 (5.09 batch/s, ETA 12.9 min) loss_corrente=0.0041
    [epoch 11/50 train] batch 150/4045 (5.10 batch/s, ETA 12.7 min) loss_corrente=0.0061
    [epoch 11/50 train] batch 200/4045 (5.11 batch/s, ETA 12.5 min) loss_corrente=0.0047
    [epoch 11/50 train] batch 250/4045 (5.11 batch/s, ETA 12.4 min) loss_corrente=0.0040
    [epoch 11/50 train] batch 300/4045 (5.12 batch/s, ETA 12.2 min) loss_corrente=0.0042
    [epoch 11/50 train] batch 350/4045 (5.12 batch/s, ETA 12.0 min) loss_corrente=0.0043
    [epoch 11/50 train] batch 400/4045 (5.12 batch/s, ETA 11.9 min) loss_corrente=0.0045
    [epoch 11/50 train] batch 450/4045 (5.12 batch/s, ETA 11.7 min) loss_corrente=0.0045
    [epoch 11/50 train] batch 500/4045 (5.12 batch/s, ETA 11.5 min) loss_corrente=0.0053
    [epoch 11/50 train] batch 550/4045 (5.12 batch/s, ETA 11.4 min) loss_corrente=0.0056
    [epoch 11/50 train] batch 600/4045 (5.12 batch/s, ETA 11.2 min) loss_corrente=0.0054
    [epoch 11/50 train] batch 650/4045 (5.12 batch/s, ETA 11.1 min) loss_corrente=0.0053
    [epoch 11/50 train] batch 700/4045 (5.12 batch/s, ETA 10.9 min) loss_corrente=0.0054
    [epoch 11/50 train] batch 750/4045 (5.12 batch/s, ETA 10.7 min) loss_corrente=0.0053
    [epoch 11/50 train] batch 800/4045 (5.12 batch/s, ETA 10.6 min) loss_corrente=0.0056
    [epoch 11/50 train] batch 850/4045 (5.12 batch/s, ETA 10.4 min) loss_corrente=0.0060
    [epoch 11/50 train] batch 900/4045 (5.12 batch/s, ETA 10.2 min) loss_corrente=0.0057
    [epoch 11/50 train] batch 950/4045 (5.12 batch/s, ETA 10.1 min) loss_corrente=0.0054
    [epoch 11/50 train] batch 1000/4045 (5.12 batch/s, ETA 9.9 min) loss_corrente=0.0056
    [epoch 11/50 train] batch 1050/4045 (5.12 batch/s, ETA 9.7 min) loss_corrente=0.0054
    [epoch 11/50 train] batch 1100/4045 (5.12 batch/s, ETA 9.6 min) loss_corrente=0.0052
    [epoch 11/50 train] batch 1150/4045 (5.12 batch/s, ETA 9.4 min) loss_corrente=0.0053
    [epoch 11/50 train] batch 1200/4045 (5.12 batch/s, ETA 9.3 min) loss_corrente=0.0051
    [epoch 11/50 train] batch 1250/4045 (5.12 batch/s, ETA 9.1 min) loss_corrente=0.0054
    [epoch 11/50 train] batch 1300/4045 (5.12 batch/s, ETA 8.9 min) loss_corrente=0.0052
    [epoch 11/50 train] batch 1350/4045 (5.12 batch/s, ETA 8.8 min) loss_corrente=0.0051
    [epoch 11/50 train] batch 1400/4045 (5.12 batch/s, ETA 8.6 min) loss_corrente=0.0050
    [epoch 11/50 train] batch 1450/4045 (5.12 batch/s, ETA 8.4 min) loss_corrente=0.0048
    [epoch 11/50 train] batch 1500/4045 (5.12 batch/s, ETA 8.3 min) loss_corrente=0.0047
    [epoch 11/50 train] batch 1550/4045 (5.12 batch/s, ETA 8.1 min) loss_corrente=0.0045
    [epoch 11/50 train] batch 1600/4045 (5.12 batch/s, ETA 8.0 min) loss_corrente=0.0045
    [epoch 11/50 train] batch 1650/4045 (5.12 batch/s, ETA 7.8 min) loss_corrente=0.0044
    [epoch 11/50 train] batch 1700/4045 (5.12 batch/s, ETA 7.6 min) loss_corrente=0.0043
    [epoch 11/50 train] batch 1750/4045 (5.12 batch/s, ETA 7.5 min) loss_corrente=0.0043
    [epoch 11/50 train] batch 1800/4045 (5.12 batch/s, ETA 7.3 min) loss_corrente=0.0043
    [epoch 11/50 train] batch 1850/4045 (5.12 batch/s, ETA 7.1 min) loss_corrente=0.0049
    [epoch 11/50 train] batch 1900/4045 (5.12 batch/s, ETA 7.0 min) loss_corrente=0.0049
    [epoch 11/50 train] batch 1950/4045 (5.12 batch/s, ETA 6.8 min) loss_corrente=0.0050
    [epoch 11/50 train] batch 2000/4045 (5.12 batch/s, ETA 6.7 min) loss_corrente=0.0049
    [epoch 11/50 train] batch 2050/4045 (5.12 batch/s, ETA 6.5 min) loss_corrente=0.0050
    [epoch 11/50 train] batch 2100/4045 (5.12 batch/s, ETA 6.3 min) loss_corrente=0.0049
    [epoch 11/50 train] batch 2150/4045 (5.12 batch/s, ETA 6.2 min) loss_corrente=0.0049
    [epoch 11/50 train] batch 2200/4045 (5.12 batch/s, ETA 6.0 min) loss_corrente=0.0048
    [epoch 11/50 train] batch 2250/4045 (5.12 batch/s, ETA 5.8 min) loss_corrente=0.0051
    [epoch 11/50 train] batch 2300/4045 (5.12 batch/s, ETA 5.7 min) loss_corrente=0.0050
    [epoch 11/50 train] batch 2350/4045 (5.12 batch/s, ETA 5.5 min) loss_corrente=0.0050
    [epoch 11/50 train] batch 2400/4045 (5.12 batch/s, ETA 5.4 min) loss_corrente=0.0050
    [epoch 11/50 train] batch 2450/4045 (5.12 batch/s, ETA 5.2 min) loss_corrente=0.0049
    [epoch 11/50 train] batch 2500/4045 (5.12 batch/s, ETA 5.0 min) loss_corrente=0.0049
    [epoch 11/50 train] batch 2550/4045 (5.12 batch/s, ETA 4.9 min) loss_corrente=0.0048
    [epoch 11/50 train] batch 2600/4045 (5.12 batch/s, ETA 4.7 min) loss_corrente=0.0048
    [epoch 11/50 train] batch 2650/4045 (5.12 batch/s, ETA 4.5 min) loss_corrente=0.0047
    [epoch 11/50 train] batch 2700/4045 (5.12 batch/s, ETA 4.4 min) loss_corrente=0.0046
    [epoch 11/50 train] batch 2750/4045 (5.12 batch/s, ETA 4.2 min) loss_corrente=0.0046
    [epoch 11/50 train] batch 2800/4045 (5.12 batch/s, ETA 4.0 min) loss_corrente=0.0048
    [epoch 11/50 train] batch 2850/4045 (5.12 batch/s, ETA 3.9 min) loss_corrente=0.0049
    [epoch 11/50 train] batch 2900/4045 (5.12 batch/s, ETA 3.7 min) loss_corrente=0.0049
    [epoch 11/50 train] batch 2950/4045 (5.12 batch/s, ETA 3.6 min) loss_corrente=0.0048
    [epoch 11/50 train] batch 3000/4045 (5.12 batch/s, ETA 3.4 min) loss_corrente=0.0048
    [epoch 11/50 train] batch 3050/4045 (5.12 batch/s, ETA 3.2 min) loss_corrente=0.0047
    [epoch 11/50 train] batch 3100/4045 (5.12 batch/s, ETA 3.1 min) loss_corrente=0.0047
    [epoch 11/50 train] batch 3150/4045 (5.12 batch/s, ETA 2.9 min) loss_corrente=0.0046
    [epoch 11/50 train] batch 3200/4045 (5.12 batch/s, ETA 2.7 min) loss_corrente=0.0045
    [epoch 11/50 train] batch 3250/4045 (5.12 batch/s, ETA 2.6 min) loss_corrente=0.0045
    [epoch 11/50 train] batch 3300/4045 (5.12 batch/s, ETA 2.4 min) loss_corrente=0.0044
    [epoch 11/50 train] batch 3350/4045 (5.12 batch/s, ETA 2.3 min) loss_corrente=0.0043
    [epoch 11/50 train] batch 3400/4045 (5.12 batch/s, ETA 2.1 min) loss_corrente=0.0043
    [epoch 11/50 train] batch 3450/4045 (5.12 batch/s, ETA 1.9 min) loss_corrente=0.0042
    [epoch 11/50 train] batch 3500/4045 (5.12 batch/s, ETA 1.8 min) loss_corrente=0.0042
    [epoch 11/50 train] batch 3550/4045 (5.12 batch/s, ETA 1.6 min) loss_corrente=0.0041
    [epoch 11/50 train] batch 3600/4045 (5.12 batch/s, ETA 1.4 min) loss_corrente=0.0041
    [epoch 11/50 train] batch 3650/4045 (5.12 batch/s, ETA 1.3 min) loss_corrente=0.0040
    [epoch 11/50 train] batch 3700/4045 (5.12 batch/s, ETA 1.1 min) loss_corrente=0.0040
    [epoch 11/50 train] batch 3750/4045 (5.12 batch/s, ETA 1.0 min) loss_corrente=0.0039
    [epoch 11/50 train] batch 3800/4045 (5.12 batch/s, ETA 0.8 min) loss_corrente=0.0040
    [epoch 11/50 train] batch 3850/4045 (5.12 batch/s, ETA 0.6 min) loss_corrente=0.0045
    [epoch 11/50 train] batch 3900/4045 (5.12 batch/s, ETA 0.5 min) loss_corrente=0.0046
    [epoch 11/50 train] batch 3950/4045 (5.12 batch/s, ETA 0.3 min) loss_corrente=0.0046
    [epoch 11/50 train] batch 4000/4045 (5.12 batch/s, ETA 0.1 min) loss_corrente=0.0045
    [epoch 11/50 train] batch 4045/4045 (5.12 batch/s, ETA 0.0 min) loss_corrente=0.0045
    [epoch 11/50 val] batch 50/722 (11.24 batch/s, ETA 1.0 min) loss_corrente=0.4023
    [epoch 11/50 val] batch 100/722 (11.50 batch/s, ETA 0.9 min) loss_corrente=0.2382
    [epoch 11/50 val] batch 150/722 (11.58 batch/s, ETA 0.8 min) loss_corrente=0.2019
    [epoch 11/50 val] batch 200/722 (11.63 batch/s, ETA 0.7 min) loss_corrente=0.2177
    [epoch 11/50 val] batch 250/722 (11.65 batch/s, ETA 0.7 min) loss_corrente=0.1940
    [epoch 11/50 val] batch 300/722 (11.67 batch/s, ETA 0.6 min) loss_corrente=0.2055
    [epoch 11/50 val] batch 350/722 (11.68 batch/s, ETA 0.5 min) loss_corrente=0.1866
    [epoch 11/50 val] batch 400/722 (11.69 batch/s, ETA 0.5 min) loss_corrente=0.1694
    [epoch 11/50 val] batch 450/722 (11.70 batch/s, ETA 0.4 min) loss_corrente=0.1601
    [epoch 11/50 val] batch 500/722 (11.70 batch/s, ETA 0.3 min) loss_corrente=0.1596
    [epoch 11/50 val] batch 550/722 (11.71 batch/s, ETA 0.2 min) loss_corrente=0.1509
    [epoch 11/50 val] batch 600/722 (11.71 batch/s, ETA 0.2 min) loss_corrente=0.1500
    [epoch 11/50 val] batch 650/722 (11.72 batch/s, ETA 0.1 min) loss_corrente=0.1464
    [epoch 11/50 val] batch 700/722 (11.72 batch/s, ETA 0.0 min) loss_corrente=0.1428
    [epoch 11/50 val] batch 722/722 (11.72 batch/s, ETA 0.0 min) loss_corrente=0.1432
Epoch  11/50 | train_loss=0.0045 train_acc=0.999 | val_loss=0.1432 val_acc=0.978

[Early stopping] Nessun miglioramento da 8 epoche

[Completato] Best val_loss=0.0499
[Output] weights/fase3_siglip_lora/fase3_siglip_lora_r16_neg1/results.csv  (compatibile con analyze_yolo_loss_magnitude.py)
[Output] weights/fase3_siglip_lora/fase3_siglip_lora_r16_neg1/best  (adapter LoRA + MLP head migliori)
==================================================
Job completato: Sun Jul 26 04:16:57 PM CEST 2026
==================================================
