==================================================
Job: oos_fase3_r8 (LoRA rank=8, alpha=16 — redo neg_ratio=1.0 con parametri anti-overfitting)
Data: Sun Jul 26 05:04:50 PM CEST 2026
Nodo: ainode01
==================================================
NVIDIA H100 80GB HBM3, 81559 MiB
[Setup] Device: cuda
[Setup] Carico processor/modello: google/siglip2-giant-opt-patch16-384
[Dati] Costruisco dataset di training...
[Dataset] train: 32554 positivi, 7139 negativi (39693 campioni totali)
[Dati] Costruisco dataset di validazione...
[Dataset] val: 5783 positivi, 1237 negativi (7020 campioni totali)
[Modello] Costruisco SigLIP2 + LoRA + MLP...
[Modello] LoRA rank=8, alpha=16 (rapporto alpha/r=2.0)
[Modello] Parametri allenabili: 3,147,265 / 1,166,807,041 (0.27%)
[Optimizer] lr adapter LoRA=3e-05  |  lr MLP head=0.001

[Training] Inizio — 50 epoche, batch=16, lr=3e-05
    [epoch 1/50 train] batch 50/2481 (4.46 batch/s, ETA 9.1 min) loss_corrente=0.3715
    [epoch 1/50 train] batch 100/2481 (4.73 batch/s, ETA 8.4 min) loss_corrente=0.3094
    [epoch 1/50 train] batch 150/2481 (4.83 batch/s, ETA 8.0 min) loss_corrente=0.2848
    [epoch 1/50 train] batch 200/2481 (4.88 batch/s, ETA 7.8 min) loss_corrente=0.2603
    [epoch 1/50 train] batch 250/2481 (4.91 batch/s, ETA 7.6 min) loss_corrente=0.2333
    [epoch 1/50 train] batch 300/2481 (4.93 batch/s, ETA 7.4 min) loss_corrente=0.2154
    [epoch 1/50 train] batch 350/2481 (4.94 batch/s, ETA 7.2 min) loss_corrente=0.2003
    [epoch 1/50 train] batch 400/2481 (4.95 batch/s, ETA 7.0 min) loss_corrente=0.1849
    [epoch 1/50 train] batch 450/2481 (4.96 batch/s, ETA 6.8 min) loss_corrente=0.1756
    [epoch 1/50 train] batch 500/2481 (4.97 batch/s, ETA 6.6 min) loss_corrente=0.1647
    [epoch 1/50 train] batch 550/2481 (4.97 batch/s, ETA 6.5 min) loss_corrente=0.1567
    [epoch 1/50 train] batch 600/2481 (4.98 batch/s, ETA 6.3 min) loss_corrente=0.1481
    [epoch 1/50 train] batch 650/2481 (4.98 batch/s, ETA 6.1 min) loss_corrente=0.1431
    [epoch 1/50 train] batch 700/2481 (4.98 batch/s, ETA 6.0 min) loss_corrente=0.1381
    [epoch 1/50 train] batch 750/2481 (4.99 batch/s, ETA 5.8 min) loss_corrente=0.1320
    [epoch 1/50 train] batch 800/2481 (4.99 batch/s, ETA 5.6 min) loss_corrente=0.1286
    [epoch 1/50 train] batch 850/2481 (4.99 batch/s, ETA 5.4 min) loss_corrente=0.1250
    [epoch 1/50 train] batch 900/2481 (4.99 batch/s, ETA 5.3 min) loss_corrente=0.1211
    [epoch 1/50 train] batch 950/2481 (5.00 batch/s, ETA 5.1 min) loss_corrente=0.1173
    [epoch 1/50 train] batch 1000/2481 (5.00 batch/s, ETA 4.9 min) loss_corrente=0.1159
    [epoch 1/50 train] batch 1050/2481 (5.00 batch/s, ETA 4.8 min) loss_corrente=0.1133
    [epoch 1/50 train] batch 1100/2481 (5.00 batch/s, ETA 4.6 min) loss_corrente=0.1111
    [epoch 1/50 train] batch 1150/2481 (5.00 batch/s, ETA 4.4 min) loss_corrente=0.1088
    [epoch 1/50 train] batch 1200/2481 (5.00 batch/s, ETA 4.3 min) loss_corrente=0.1062
    [epoch 1/50 train] batch 1250/2481 (5.01 batch/s, ETA 4.1 min) loss_corrente=0.1046
    [epoch 1/50 train] batch 1300/2481 (5.01 batch/s, ETA 3.9 min) loss_corrente=0.1021
    [epoch 1/50 train] batch 1350/2481 (5.01 batch/s, ETA 3.8 min) loss_corrente=0.1013
    [epoch 1/50 train] batch 1400/2481 (5.01 batch/s, ETA 3.6 min) loss_corrente=0.0999
    [epoch 1/50 train] batch 1450/2481 (5.01 batch/s, ETA 3.4 min) loss_corrente=0.0981
    [epoch 1/50 train] batch 1500/2481 (5.01 batch/s, ETA 3.3 min) loss_corrente=0.0962
    [epoch 1/50 train] batch 1550/2481 (5.01 batch/s, ETA 3.1 min) loss_corrente=0.0950
    [epoch 1/50 train] batch 1600/2481 (5.01 batch/s, ETA 2.9 min) loss_corrente=0.0931
    [epoch 1/50 train] batch 1650/2481 (5.01 batch/s, ETA 2.8 min) loss_corrente=0.0914
    [epoch 1/50 train] batch 1700/2481 (5.01 batch/s, ETA 2.6 min) loss_corrente=0.0895
    [epoch 1/50 train] batch 1750/2481 (5.01 batch/s, ETA 2.4 min) loss_corrente=0.0885
    [epoch 1/50 train] batch 1800/2481 (5.01 batch/s, ETA 2.3 min) loss_corrente=0.0877
    [epoch 1/50 train] batch 1850/2481 (5.01 batch/s, ETA 2.1 min) loss_corrente=0.0861
    [epoch 1/50 train] batch 1900/2481 (5.02 batch/s, ETA 1.9 min) loss_corrente=0.0851
    [epoch 1/50 train] batch 1950/2481 (5.02 batch/s, ETA 1.8 min) loss_corrente=0.0837
    [epoch 1/50 train] batch 2000/2481 (5.02 batch/s, ETA 1.6 min) loss_corrente=0.0828
    [epoch 1/50 train] batch 2050/2481 (5.02 batch/s, ETA 1.4 min) loss_corrente=0.0820
    [epoch 1/50 train] batch 2100/2481 (5.02 batch/s, ETA 1.3 min) loss_corrente=0.0813
    [epoch 1/50 train] batch 2150/2481 (5.02 batch/s, ETA 1.1 min) loss_corrente=0.0806
    [epoch 1/50 train] batch 2200/2481 (5.02 batch/s, ETA 0.9 min) loss_corrente=0.0798
    [epoch 1/50 train] batch 2250/2481 (5.02 batch/s, ETA 0.8 min) loss_corrente=0.0793
    [epoch 1/50 train] batch 2300/2481 (5.02 batch/s, ETA 0.6 min) loss_corrente=0.0787
    [epoch 1/50 train] batch 2350/2481 (5.02 batch/s, ETA 0.4 min) loss_corrente=0.0781
    [epoch 1/50 train] batch 2400/2481 (5.02 batch/s, ETA 0.3 min) loss_corrente=0.0772
    [epoch 1/50 train] batch 2450/2481 (5.02 batch/s, ETA 0.1 min) loss_corrente=0.0764
    [epoch 1/50 train] batch 2481/2481 (5.02 batch/s, ETA 0.0 min) loss_corrente=0.0761
    [epoch 1/50 val] batch 50/439 (10.32 batch/s, ETA 0.6 min) loss_corrente=0.0624
    [epoch 1/50 val] batch 100/439 (11.00 batch/s, ETA 0.5 min) loss_corrente=0.0665
    [epoch 1/50 val] batch 150/439 (11.24 batch/s, ETA 0.4 min) loss_corrente=0.0597
    [epoch 1/50 val] batch 200/439 (11.36 batch/s, ETA 0.4 min) loss_corrente=0.0653
    [epoch 1/50 val] batch 250/439 (11.44 batch/s, ETA 0.3 min) loss_corrente=0.0635
    [epoch 1/50 val] batch 300/439 (11.49 batch/s, ETA 0.2 min) loss_corrente=0.0670
    [epoch 1/50 val] batch 350/439 (11.52 batch/s, ETA 0.1 min) loss_corrente=0.0638
    [epoch 1/50 val] batch 400/439 (11.55 batch/s, ETA 0.1 min) loss_corrente=0.0661
    [epoch 1/50 val] batch 439/439 (11.58 batch/s, ETA 0.0 min) loss_corrente=0.0654
Epoch   1/50 | train_loss=0.0761 train_acc=0.972 | val_loss=0.0654 val_acc=0.978
    [epoch 2/50 train] batch 50/2481 (4.97 batch/s, ETA 8.2 min) loss_corrente=0.0298
    [epoch 2/50 train] batch 100/2481 (5.00 batch/s, ETA 7.9 min) loss_corrente=0.0333
    [epoch 2/50 train] batch 150/2481 (5.02 batch/s, ETA 7.7 min) loss_corrente=0.0424
    [epoch 2/50 train] batch 200/2481 (5.02 batch/s, ETA 7.6 min) loss_corrente=0.0408
    [epoch 2/50 train] batch 250/2481 (5.02 batch/s, ETA 7.4 min) loss_corrente=0.0371
    [epoch 2/50 train] batch 300/2481 (5.03 batch/s, ETA 7.2 min) loss_corrente=0.0347
    [epoch 2/50 train] batch 350/2481 (5.03 batch/s, ETA 7.1 min) loss_corrente=0.0362
    [epoch 2/50 train] batch 400/2481 (5.03 batch/s, ETA 6.9 min) loss_corrente=0.0383
    [epoch 2/50 train] batch 450/2481 (5.03 batch/s, ETA 6.7 min) loss_corrente=0.0383
    [epoch 2/50 train] batch 500/2481 (5.03 batch/s, ETA 6.6 min) loss_corrente=0.0367
    [epoch 2/50 train] batch 550/2481 (5.03 batch/s, ETA 6.4 min) loss_corrente=0.0351
    [epoch 2/50 train] batch 600/2481 (5.03 batch/s, ETA 6.2 min) loss_corrente=0.0364
    [epoch 2/50 train] batch 650/2481 (5.03 batch/s, ETA 6.1 min) loss_corrente=0.0358
    [epoch 2/50 train] batch 700/2481 (5.03 batch/s, ETA 5.9 min) loss_corrente=0.0355
    [epoch 2/50 train] batch 750/2481 (5.03 batch/s, ETA 5.7 min) loss_corrente=0.0359
    [epoch 2/50 train] batch 800/2481 (5.03 batch/s, ETA 5.6 min) loss_corrente=0.0358
    [epoch 2/50 train] batch 850/2481 (5.03 batch/s, ETA 5.4 min) loss_corrente=0.0363
    [epoch 2/50 train] batch 900/2481 (5.03 batch/s, ETA 5.2 min) loss_corrente=0.0362
    [epoch 2/50 train] batch 950/2481 (5.03 batch/s, ETA 5.1 min) loss_corrente=0.0359
    [epoch 2/50 train] batch 1000/2481 (5.04 batch/s, ETA 4.9 min) loss_corrente=0.0358
    [epoch 2/50 train] batch 1050/2481 (5.04 batch/s, ETA 4.7 min) loss_corrente=0.0364
    [epoch 2/50 train] batch 1100/2481 (5.04 batch/s, ETA 4.6 min) loss_corrente=0.0359
    [epoch 2/50 train] batch 1150/2481 (5.04 batch/s, ETA 4.4 min) loss_corrente=0.0347
    [epoch 2/50 train] batch 1200/2481 (5.04 batch/s, ETA 4.2 min) loss_corrente=0.0349
    [epoch 2/50 train] batch 1250/2481 (5.04 batch/s, ETA 4.1 min) loss_corrente=0.0346
    [epoch 2/50 train] batch 1300/2481 (5.04 batch/s, ETA 3.9 min) loss_corrente=0.0342
    [epoch 2/50 train] batch 1350/2481 (5.04 batch/s, ETA 3.7 min) loss_corrente=0.0342
    [epoch 2/50 train] batch 1400/2481 (5.04 batch/s, ETA 3.6 min) loss_corrente=0.0338
    [epoch 2/50 train] batch 1450/2481 (5.04 batch/s, ETA 3.4 min) loss_corrente=0.0335
    [epoch 2/50 train] batch 1500/2481 (5.04 batch/s, ETA 3.2 min) loss_corrente=0.0337
    [epoch 2/50 train] batch 1550/2481 (5.04 batch/s, ETA 3.1 min) loss_corrente=0.0340
    [epoch 2/50 train] batch 1600/2481 (5.04 batch/s, ETA 2.9 min) loss_corrente=0.0337
    [epoch 2/50 train] batch 1650/2481 (5.04 batch/s, ETA 2.7 min) loss_corrente=0.0339
    [epoch 2/50 train] batch 1700/2481 (5.04 batch/s, ETA 2.6 min) loss_corrente=0.0338
    [epoch 2/50 train] batch 1750/2481 (5.04 batch/s, ETA 2.4 min) loss_corrente=0.0335
    [epoch 2/50 train] batch 1800/2481 (5.04 batch/s, ETA 2.3 min) loss_corrente=0.0332
    [epoch 2/50 train] batch 1850/2481 (5.04 batch/s, ETA 2.1 min) loss_corrente=0.0336
    [epoch 2/50 train] batch 1900/2481 (5.04 batch/s, ETA 1.9 min) loss_corrente=0.0333
    [epoch 2/50 train] batch 1950/2481 (5.04 batch/s, ETA 1.8 min) loss_corrente=0.0327
    [epoch 2/50 train] batch 2000/2481 (5.04 batch/s, ETA 1.6 min) loss_corrente=0.0322
    [epoch 2/50 train] batch 2050/2481 (5.04 batch/s, ETA 1.4 min) loss_corrente=0.0322
    [epoch 2/50 train] batch 2100/2481 (5.04 batch/s, ETA 1.3 min) loss_corrente=0.0322
    [epoch 2/50 train] batch 2150/2481 (5.04 batch/s, ETA 1.1 min) loss_corrente=0.0324
    [epoch 2/50 train] batch 2200/2481 (5.04 batch/s, ETA 0.9 min) loss_corrente=0.0322
    [epoch 2/50 train] batch 2250/2481 (5.04 batch/s, ETA 0.8 min) loss_corrente=0.0316
    [epoch 2/50 train] batch 2300/2481 (5.04 batch/s, ETA 0.6 min) loss_corrente=0.0318
    [epoch 2/50 train] batch 2350/2481 (5.04 batch/s, ETA 0.4 min) loss_corrente=0.0318
    [epoch 2/50 train] batch 2400/2481 (5.04 batch/s, ETA 0.3 min) loss_corrente=0.0319
    [epoch 2/50 train] batch 2450/2481 (5.04 batch/s, ETA 0.1 min) loss_corrente=0.0321
    [epoch 2/50 train] batch 2481/2481 (5.04 batch/s, ETA 0.0 min) loss_corrente=0.0322
    [epoch 2/50 val] batch 50/439 (11.44 batch/s, ETA 0.6 min) loss_corrente=0.1772
    [epoch 2/50 val] batch 100/439 (11.60 batch/s, ETA 0.5 min) loss_corrente=0.1230
    [epoch 2/50 val] batch 150/439 (11.65 batch/s, ETA 0.4 min) loss_corrente=0.1211
    [epoch 2/50 val] batch 200/439 (11.68 batch/s, ETA 0.3 min) loss_corrente=0.1281
    [epoch 2/50 val] batch 250/439 (11.69 batch/s, ETA 0.3 min) loss_corrente=0.1094
    [epoch 2/50 val] batch 300/439 (11.71 batch/s, ETA 0.2 min) loss_corrente=0.1099
    [epoch 2/50 val] batch 350/439 (11.71 batch/s, ETA 0.1 min) loss_corrente=0.1020
    [epoch 2/50 val] batch 400/439 (11.71 batch/s, ETA 0.1 min) loss_corrente=0.1014
    [epoch 2/50 val] batch 439/439 (11.72 batch/s, ETA 0.0 min) loss_corrente=0.1024
Epoch   2/50 | train_loss=0.0322 train_acc=0.990 | val_loss=0.1024 val_acc=0.966
    [epoch 3/50 train] batch 50/2481 (4.96 batch/s, ETA 8.2 min) loss_corrente=0.0319
    [epoch 3/50 train] batch 100/2481 (5.00 batch/s, ETA 7.9 min) loss_corrente=0.0219
    [epoch 3/50 train] batch 150/2481 (5.01 batch/s, ETA 7.7 min) loss_corrente=0.0178
    [epoch 3/50 train] batch 200/2481 (5.02 batch/s, ETA 7.6 min) loss_corrente=0.0224
    [epoch 3/50 train] batch 250/2481 (5.03 batch/s, ETA 7.4 min) loss_corrente=0.0254
    [epoch 3/50 train] batch 300/2481 (5.03 batch/s, ETA 7.2 min) loss_corrente=0.0246
    [epoch 3/50 train] batch 350/2481 (5.03 batch/s, ETA 7.1 min) loss_corrente=0.0245
    [epoch 3/50 train] batch 400/2481 (5.03 batch/s, ETA 6.9 min) loss_corrente=0.0224
    [epoch 3/50 train] batch 450/2481 (5.03 batch/s, ETA 6.7 min) loss_corrente=0.0235
    [epoch 3/50 train] batch 500/2481 (5.03 batch/s, ETA 6.6 min) loss_corrente=0.0224
    [epoch 3/50 train] batch 550/2481 (5.03 batch/s, ETA 6.4 min) loss_corrente=0.0228
    [epoch 3/50 train] batch 600/2481 (5.04 batch/s, ETA 6.2 min) loss_corrente=0.0216
    [epoch 3/50 train] batch 650/2481 (5.04 batch/s, ETA 6.1 min) loss_corrente=0.0226
    [epoch 3/50 train] batch 700/2481 (5.04 batch/s, ETA 5.9 min) loss_corrente=0.0236
    [epoch 3/50 train] batch 750/2481 (5.04 batch/s, ETA 5.7 min) loss_corrente=0.0230
    [epoch 3/50 train] batch 800/2481 (5.04 batch/s, ETA 5.6 min) loss_corrente=0.0225
    [epoch 3/50 train] batch 850/2481 (5.04 batch/s, ETA 5.4 min) loss_corrente=0.0217
    [epoch 3/50 train] batch 900/2481 (5.04 batch/s, ETA 5.2 min) loss_corrente=0.0222
    [epoch 3/50 train] batch 950/2481 (5.04 batch/s, ETA 5.1 min) loss_corrente=0.0216
    [epoch 3/50 train] batch 1000/2481 (5.04 batch/s, ETA 4.9 min) loss_corrente=0.0216
    [epoch 3/50 train] batch 1050/2481 (5.04 batch/s, ETA 4.7 min) loss_corrente=0.0218
    [epoch 3/50 train] batch 1100/2481 (5.04 batch/s, ETA 4.6 min) loss_corrente=0.0222
    [epoch 3/50 train] batch 1150/2481 (5.04 batch/s, ETA 4.4 min) loss_corrente=0.0221
    [epoch 3/50 train] batch 1200/2481 (5.04 batch/s, ETA 4.2 min) loss_corrente=0.0222
    [epoch 3/50 train] batch 1250/2481 (5.04 batch/s, ETA 4.1 min) loss_corrente=0.0221
    [epoch 3/50 train] batch 1300/2481 (5.04 batch/s, ETA 3.9 min) loss_corrente=0.0220
    [epoch 3/50 train] batch 1350/2481 (5.04 batch/s, ETA 3.7 min) loss_corrente=0.0219
    [epoch 3/50 train] batch 1400/2481 (5.04 batch/s, ETA 3.6 min) loss_corrente=0.0217
    [epoch 3/50 train] batch 1450/2481 (5.04 batch/s, ETA 3.4 min) loss_corrente=0.0217
    [epoch 3/50 train] batch 1500/2481 (5.04 batch/s, ETA 3.2 min) loss_corrente=0.0216
    [epoch 3/50 train] batch 1550/2481 (5.04 batch/s, ETA 3.1 min) loss_corrente=0.0213
    [epoch 3/50 train] batch 1600/2481 (5.04 batch/s, ETA 2.9 min) loss_corrente=0.0221
    [epoch 3/50 train] batch 1650/2481 (5.04 batch/s, ETA 2.7 min) loss_corrente=0.0229
    [epoch 3/50 train] batch 1700/2481 (5.04 batch/s, ETA 2.6 min) loss_corrente=0.0227
    [epoch 3/50 train] batch 1750/2481 (5.04 batch/s, ETA 2.4 min) loss_corrente=0.0228
    [epoch 3/50 train] batch 1800/2481 (5.04 batch/s, ETA 2.3 min) loss_corrente=0.0225
    [epoch 3/50 train] batch 1850/2481 (5.04 batch/s, ETA 2.1 min) loss_corrente=0.0224
    [epoch 3/50 train] batch 1900/2481 (5.04 batch/s, ETA 1.9 min) loss_corrente=0.0224
    [epoch 3/50 train] batch 1950/2481 (5.04 batch/s, ETA 1.8 min) loss_corrente=0.0225
    [epoch 3/50 train] batch 2000/2481 (5.04 batch/s, ETA 1.6 min) loss_corrente=0.0228
    [epoch 3/50 train] batch 2050/2481 (5.04 batch/s, ETA 1.4 min) loss_corrente=0.0228
    [epoch 3/50 train] batch 2100/2481 (5.04 batch/s, ETA 1.3 min) loss_corrente=0.0226
    [epoch 3/50 train] batch 2150/2481 (5.04 batch/s, ETA 1.1 min) loss_corrente=0.0224
    [epoch 3/50 train] batch 2200/2481 (5.04 batch/s, ETA 0.9 min) loss_corrente=0.0221
    [epoch 3/50 train] batch 2250/2481 (5.04 batch/s, ETA 0.8 min) loss_corrente=0.0221
    [epoch 3/50 train] batch 2300/2481 (5.04 batch/s, ETA 0.6 min) loss_corrente=0.0224
    [epoch 3/50 train] batch 2350/2481 (5.04 batch/s, ETA 0.4 min) loss_corrente=0.0220
    [epoch 3/50 train] batch 2400/2481 (5.04 batch/s, ETA 0.3 min) loss_corrente=0.0223
    [epoch 3/50 train] batch 2450/2481 (5.04 batch/s, ETA 0.1 min) loss_corrente=0.0220
    [epoch 3/50 train] batch 2481/2481 (5.04 batch/s, ETA 0.0 min) loss_corrente=0.0219
    [epoch 3/50 val] batch 50/439 (11.45 batch/s, ETA 0.6 min) loss_corrente=0.0864
    [epoch 3/50 val] batch 100/439 (11.60 batch/s, ETA 0.5 min) loss_corrente=0.1142
    [epoch 3/50 val] batch 150/439 (11.64 batch/s, ETA 0.4 min) loss_corrente=0.0922
    [epoch 3/50 val] batch 200/439 (11.67 batch/s, ETA 0.3 min) loss_corrente=0.0968
    [epoch 3/50 val] batch 250/439 (11.68 batch/s, ETA 0.3 min) loss_corrente=0.0936
    [epoch 3/50 val] batch 300/439 (11.70 batch/s, ETA 0.2 min) loss_corrente=0.0971
    [epoch 3/50 val] batch 350/439 (11.71 batch/s, ETA 0.1 min) loss_corrente=0.0913
    [epoch 3/50 val] batch 400/439 (11.71 batch/s, ETA 0.1 min) loss_corrente=0.0939
    [epoch 3/50 val] batch 439/439 (11.72 batch/s, ETA 0.0 min) loss_corrente=0.0920
Epoch   3/50 | train_loss=0.0219 train_acc=0.993 | val_loss=0.0920 val_acc=0.978
    [epoch 4/50 train] batch 50/2481 (4.96 batch/s, ETA 8.2 min) loss_corrente=0.0139
    [epoch 4/50 train] batch 100/2481 (5.00 batch/s, ETA 7.9 min) loss_corrente=0.0124
    [epoch 4/50 train] batch 150/2481 (5.01 batch/s, ETA 7.8 min) loss_corrente=0.0129
    [epoch 4/50 train] batch 200/2481 (5.02 batch/s, ETA 7.6 min) loss_corrente=0.0131
    [epoch 4/50 train] batch 250/2481 (5.02 batch/s, ETA 7.4 min) loss_corrente=0.0141
    [epoch 4/50 train] batch 300/2481 (5.03 batch/s, ETA 7.2 min) loss_corrente=0.0193
    [epoch 4/50 train] batch 350/2481 (5.03 batch/s, ETA 7.1 min) loss_corrente=0.0186
    [epoch 4/50 train] batch 400/2481 (5.03 batch/s, ETA 6.9 min) loss_corrente=0.0172
    [epoch 4/50 train] batch 450/2481 (5.03 batch/s, ETA 6.7 min) loss_corrente=0.0163
    [epoch 4/50 train] batch 500/2481 (5.03 batch/s, ETA 6.6 min) loss_corrente=0.0170
    [epoch 4/50 train] batch 550/2481 (5.03 batch/s, ETA 6.4 min) loss_corrente=0.0166
    [epoch 4/50 train] batch 600/2481 (5.03 batch/s, ETA 6.2 min) loss_corrente=0.0159
    [epoch 4/50 train] batch 650/2481 (5.03 batch/s, ETA 6.1 min) loss_corrente=0.0162
    [epoch 4/50 train] batch 700/2481 (5.03 batch/s, ETA 5.9 min) loss_corrente=0.0163
    [epoch 4/50 train] batch 750/2481 (5.03 batch/s, ETA 5.7 min) loss_corrente=0.0156
    [epoch 4/50 train] batch 800/2481 (5.03 batch/s, ETA 5.6 min) loss_corrente=0.0160
    [epoch 4/50 train] batch 850/2481 (5.03 batch/s, ETA 5.4 min) loss_corrente=0.0157
    [epoch 4/50 train] batch 900/2481 (5.03 batch/s, ETA 5.2 min) loss_corrente=0.0160
    [epoch 4/50 train] batch 950/2481 (5.03 batch/s, ETA 5.1 min) loss_corrente=0.0158
    [epoch 4/50 train] batch 1000/2481 (5.03 batch/s, ETA 4.9 min) loss_corrente=0.0151
    [epoch 4/50 train] batch 1050/2481 (5.03 batch/s, ETA 4.7 min) loss_corrente=0.0158
    [epoch 4/50 train] batch 1100/2481 (5.03 batch/s, ETA 4.6 min) loss_corrente=0.0160
    [epoch 4/50 train] batch 1150/2481 (5.03 batch/s, ETA 4.4 min) loss_corrente=0.0162
    [epoch 4/50 train] batch 1200/2481 (5.03 batch/s, ETA 4.2 min) loss_corrente=0.0161
    [epoch 4/50 train] batch 1250/2481 (5.03 batch/s, ETA 4.1 min) loss_corrente=0.0164
    [epoch 4/50 train] batch 1300/2481 (5.03 batch/s, ETA 3.9 min) loss_corrente=0.0161
    [epoch 4/50 train] batch 1350/2481 (5.03 batch/s, ETA 3.7 min) loss_corrente=0.0160
    [epoch 4/50 train] batch 1400/2481 (5.03 batch/s, ETA 3.6 min) loss_corrente=0.0161
    [epoch 4/50 train] batch 1450/2481 (5.04 batch/s, ETA 3.4 min) loss_corrente=0.0163
    [epoch 4/50 train] batch 1500/2481 (5.04 batch/s, ETA 3.2 min) loss_corrente=0.0164
    [epoch 4/50 train] batch 1550/2481 (5.04 batch/s, ETA 3.1 min) loss_corrente=0.0163
    [epoch 4/50 train] batch 1600/2481 (5.04 batch/s, ETA 2.9 min) loss_corrente=0.0163
    [epoch 4/50 train] batch 1650/2481 (5.04 batch/s, ETA 2.8 min) loss_corrente=0.0166
    [epoch 4/50 train] batch 1700/2481 (5.04 batch/s, ETA 2.6 min) loss_corrente=0.0172
    [epoch 4/50 train] batch 1750/2481 (5.04 batch/s, ETA 2.4 min) loss_corrente=0.0170
    [epoch 4/50 train] batch 1800/2481 (5.04 batch/s, ETA 2.3 min) loss_corrente=0.0170
    [epoch 4/50 train] batch 1850/2481 (5.04 batch/s, ETA 2.1 min) loss_corrente=0.0169
    [epoch 4/50 train] batch 1900/2481 (5.04 batch/s, ETA 1.9 min) loss_corrente=0.0170
    [epoch 4/50 train] batch 1950/2481 (5.04 batch/s, ETA 1.8 min) loss_corrente=0.0175
    [epoch 4/50 train] batch 2000/2481 (5.04 batch/s, ETA 1.6 min) loss_corrente=0.0173
    [epoch 4/50 train] batch 2050/2481 (5.04 batch/s, ETA 1.4 min) loss_corrente=0.0170
    [epoch 4/50 train] batch 2100/2481 (5.04 batch/s, ETA 1.3 min) loss_corrente=0.0168
    [epoch 4/50 train] batch 2150/2481 (5.04 batch/s, ETA 1.1 min) loss_corrente=0.0167
    [epoch 4/50 train] batch 2200/2481 (5.04 batch/s, ETA 0.9 min) loss_corrente=0.0172
    [epoch 4/50 train] batch 2250/2481 (5.04 batch/s, ETA 0.8 min) loss_corrente=0.0174
    [epoch 4/50 train] batch 2300/2481 (5.04 batch/s, ETA 0.6 min) loss_corrente=0.0172
    [epoch 4/50 train] batch 2350/2481 (5.04 batch/s, ETA 0.4 min) loss_corrente=0.0170
    [epoch 4/50 train] batch 2400/2481 (5.04 batch/s, ETA 0.3 min) loss_corrente=0.0173
    [epoch 4/50 train] batch 2450/2481 (5.04 batch/s, ETA 0.1 min) loss_corrente=0.0174
    [epoch 4/50 train] batch 2481/2481 (5.04 batch/s, ETA 0.0 min) loss_corrente=0.0172
    [epoch 4/50 val] batch 50/439 (11.45 batch/s, ETA 0.6 min) loss_corrente=0.0661
    [epoch 4/50 val] batch 100/439 (11.60 batch/s, ETA 0.5 min) loss_corrente=0.0603
    [epoch 4/50 val] batch 150/439 (11.65 batch/s, ETA 0.4 min) loss_corrente=0.0546
    [epoch 4/50 val] batch 200/439 (11.68 batch/s, ETA 0.3 min) loss_corrente=0.0576
    [epoch 4/50 val] batch 250/439 (11.69 batch/s, ETA 0.3 min) loss_corrente=0.0567
    [epoch 4/50 val] batch 300/439 (11.70 batch/s, ETA 0.2 min) loss_corrente=0.0597
    [epoch 4/50 val] batch 350/439 (11.71 batch/s, ETA 0.1 min) loss_corrente=0.0555
    [epoch 4/50 val] batch 400/439 (11.72 batch/s, ETA 0.1 min) loss_corrente=0.0564
    [epoch 4/50 val] batch 439/439 (11.72 batch/s, ETA 0.0 min) loss_corrente=0.0555
Epoch   4/50 | train_loss=0.0172 train_acc=0.994 | val_loss=0.0555 val_acc=0.986
    [epoch 5/50 train] batch 50/2481 (4.97 batch/s, ETA 8.2 min) loss_corrente=0.0066
    [epoch 5/50 train] batch 100/2481 (5.01 batch/s, ETA 7.9 min) loss_corrente=0.0074
    [epoch 5/50 train] batch 150/2481 (5.02 batch/s, ETA 7.7 min) loss_corrente=0.0098
    [epoch 5/50 train] batch 200/2481 (5.03 batch/s, ETA 7.6 min) loss_corrente=0.0128
    [epoch 5/50 train] batch 250/2481 (5.03 batch/s, ETA 7.4 min) loss_corrente=0.0106
    [epoch 5/50 train] batch 300/2481 (5.03 batch/s, ETA 7.2 min) loss_corrente=0.0094
    [epoch 5/50 train] batch 350/2481 (5.04 batch/s, ETA 7.1 min) loss_corrente=0.0087
    [epoch 5/50 train] batch 400/2481 (5.04 batch/s, ETA 6.9 min) loss_corrente=0.0090
    [epoch 5/50 train] batch 450/2481 (5.04 batch/s, ETA 6.7 min) loss_corrente=0.0088
    [epoch 5/50 train] batch 500/2481 (5.04 batch/s, ETA 6.6 min) loss_corrente=0.0083
    [epoch 5/50 train] batch 550/2481 (5.04 batch/s, ETA 6.4 min) loss_corrente=0.0094
    [epoch 5/50 train] batch 600/2481 (5.04 batch/s, ETA 6.2 min) loss_corrente=0.0104
    [epoch 5/50 train] batch 650/2481 (5.04 batch/s, ETA 6.1 min) loss_corrente=0.0100
    [epoch 5/50 train] batch 700/2481 (5.04 batch/s, ETA 5.9 min) loss_corrente=0.0096
    [epoch 5/50 train] batch 750/2481 (5.04 batch/s, ETA 5.7 min) loss_corrente=0.0098
    [epoch 5/50 train] batch 800/2481 (5.04 batch/s, ETA 5.6 min) loss_corrente=0.0094
    [epoch 5/50 train] batch 850/2481 (5.04 batch/s, ETA 5.4 min) loss_corrente=0.0091
    [epoch 5/50 train] batch 900/2481 (5.04 batch/s, ETA 5.2 min) loss_corrente=0.0096
    [epoch 5/50 train] batch 950/2481 (5.04 batch/s, ETA 5.1 min) loss_corrente=0.0093
    [epoch 5/50 train] batch 1000/2481 (5.04 batch/s, ETA 4.9 min) loss_corrente=0.0090
    [epoch 5/50 train] batch 1050/2481 (5.04 batch/s, ETA 4.7 min) loss_corrente=0.0091
    [epoch 5/50 train] batch 1100/2481 (5.04 batch/s, ETA 4.6 min) loss_corrente=0.0088
    [epoch 5/50 train] batch 1150/2481 (5.04 batch/s, ETA 4.4 min) loss_corrente=0.0095
    [epoch 5/50 train] batch 1200/2481 (5.04 batch/s, ETA 4.2 min) loss_corrente=0.0097
    [epoch 5/50 train] batch 1250/2481 (5.04 batch/s, ETA 4.1 min) loss_corrente=0.0099
    [epoch 5/50 train] batch 1300/2481 (5.04 batch/s, ETA 3.9 min) loss_corrente=0.0101
    [epoch 5/50 train] batch 1350/2481 (5.04 batch/s, ETA 3.7 min) loss_corrente=0.0108
    [epoch 5/50 train] batch 1400/2481 (5.04 batch/s, ETA 3.6 min) loss_corrente=0.0106
    [epoch 5/50 train] batch 1450/2481 (5.04 batch/s, ETA 3.4 min) loss_corrente=0.0103
    [epoch 5/50 train] batch 1500/2481 (5.04 batch/s, ETA 3.2 min) loss_corrente=0.0110
    [epoch 5/50 train] batch 1550/2481 (5.04 batch/s, ETA 3.1 min) loss_corrente=0.0112
    [epoch 5/50 train] batch 1600/2481 (5.05 batch/s, ETA 2.9 min) loss_corrente=0.0111
    [epoch 5/50 train] batch 1650/2481 (5.05 batch/s, ETA 2.7 min) loss_corrente=0.0109
    [epoch 5/50 train] batch 1700/2481 (5.05 batch/s, ETA 2.6 min) loss_corrente=0.0112
    [epoch 5/50 train] batch 1750/2481 (5.05 batch/s, ETA 2.4 min) loss_corrente=0.0111
    [epoch 5/50 train] batch 1800/2481 (5.05 batch/s, ETA 2.2 min) loss_corrente=0.0113
    [epoch 5/50 train] batch 1850/2481 (5.05 batch/s, ETA 2.1 min) loss_corrente=0.0111
    [epoch 5/50 train] batch 1900/2481 (5.05 batch/s, ETA 1.9 min) loss_corrente=0.0114
    [epoch 5/50 train] batch 1950/2481 (5.05 batch/s, ETA 1.8 min) loss_corrente=0.0113
    [epoch 5/50 train] batch 2000/2481 (5.05 batch/s, ETA 1.6 min) loss_corrente=0.0114
    [epoch 5/50 train] batch 2050/2481 (5.05 batch/s, ETA 1.4 min) loss_corrente=0.0115
    [epoch 5/50 train] batch 2100/2481 (5.05 batch/s, ETA 1.3 min) loss_corrente=0.0115
    [epoch 5/50 train] batch 2150/2481 (5.05 batch/s, ETA 1.1 min) loss_corrente=0.0117
    [epoch 5/50 train] batch 2200/2481 (5.05 batch/s, ETA 0.9 min) loss_corrente=0.0118
    [epoch 5/50 train] batch 2250/2481 (5.05 batch/s, ETA 0.8 min) loss_corrente=0.0116
    [epoch 5/50 train] batch 2300/2481 (5.05 batch/s, ETA 0.6 min) loss_corrente=0.0116
    [epoch 5/50 train] batch 2350/2481 (5.05 batch/s, ETA 0.4 min) loss_corrente=0.0115
    [epoch 5/50 train] batch 2400/2481 (5.05 batch/s, ETA 0.3 min) loss_corrente=0.0115
    [epoch 5/50 train] batch 2450/2481 (5.05 batch/s, ETA 0.1 min) loss_corrente=0.0119
    [epoch 5/50 train] batch 2481/2481 (5.05 batch/s, ETA 0.0 min) loss_corrente=0.0118
    [epoch 5/50 val] batch 50/439 (11.44 batch/s, ETA 0.6 min) loss_corrente=0.1098
    [epoch 5/50 val] batch 100/439 (11.58 batch/s, ETA 0.5 min) loss_corrente=0.0841
    [epoch 5/50 val] batch 150/439 (11.63 batch/s, ETA 0.4 min) loss_corrente=0.0683
    [epoch 5/50 val] batch 200/439 (11.66 batch/s, ETA 0.3 min) loss_corrente=0.0722
    [epoch 5/50 val] batch 250/439 (11.68 batch/s, ETA 0.3 min) loss_corrente=0.0667
    [epoch 5/50 val] batch 300/439 (11.69 batch/s, ETA 0.2 min) loss_corrente=0.0663
    [epoch 5/50 val] batch 350/439 (11.69 batch/s, ETA 0.1 min) loss_corrente=0.0599
    [epoch 5/50 val] batch 400/439 (11.70 batch/s, ETA 0.1 min) loss_corrente=0.0588
    [epoch 5/50 val] batch 439/439 (11.71 batch/s, ETA 0.0 min) loss_corrente=0.0586
Epoch   5/50 | train_loss=0.0118 train_acc=0.996 | val_loss=0.0586 val_acc=0.983
    [epoch 6/50 train] batch 50/2481 (4.97 batch/s, ETA 8.2 min) loss_corrente=0.0121
    [epoch 6/50 train] batch 100/2481 (5.01 batch/s, ETA 7.9 min) loss_corrente=0.0122
    [epoch 6/50 train] batch 150/2481 (5.03 batch/s, ETA 7.7 min) loss_corrente=0.0096
    [epoch 6/50 train] batch 200/2481 (5.04 batch/s, ETA 7.5 min) loss_corrente=0.0083
    [epoch 6/50 train] batch 250/2481 (5.04 batch/s, ETA 7.4 min) loss_corrente=0.0068
    [epoch 6/50 train] batch 300/2481 (5.05 batch/s, ETA 7.2 min) loss_corrente=0.0058
    [epoch 6/50 train] batch 350/2481 (5.05 batch/s, ETA 7.0 min) loss_corrente=0.0078
    [epoch 6/50 train] batch 400/2481 (5.05 batch/s, ETA 6.9 min) loss_corrente=0.0089
    [epoch 6/50 train] batch 450/2481 (5.05 batch/s, ETA 6.7 min) loss_corrente=0.0083
    [epoch 6/50 train] batch 500/2481 (5.05 batch/s, ETA 6.5 min) loss_corrente=0.0077
    [epoch 6/50 train] batch 550/2481 (5.05 batch/s, ETA 6.4 min) loss_corrente=0.0071
    [epoch 6/50 train] batch 600/2481 (5.05 batch/s, ETA 6.2 min) loss_corrente=0.0082
    [epoch 6/50 train] batch 650/2481 (5.05 batch/s, ETA 6.0 min) loss_corrente=0.0079
    [epoch 6/50 train] batch 700/2481 (5.05 batch/s, ETA 5.9 min) loss_corrente=0.0082
    [epoch 6/50 train] batch 750/2481 (5.05 batch/s, ETA 5.7 min) loss_corrente=0.0081
    [epoch 6/50 train] batch 800/2481 (5.05 batch/s, ETA 5.5 min) loss_corrente=0.0082
    [epoch 6/50 train] batch 850/2481 (5.05 batch/s, ETA 5.4 min) loss_corrente=0.0082
    [epoch 6/50 train] batch 900/2481 (5.05 batch/s, ETA 5.2 min) loss_corrente=0.0083
    [epoch 6/50 train] batch 950/2481 (5.05 batch/s, ETA 5.1 min) loss_corrente=0.0084
    [epoch 6/50 train] batch 1000/2481 (5.05 batch/s, ETA 4.9 min) loss_corrente=0.0083
    [epoch 6/50 train] batch 1050/2481 (5.05 batch/s, ETA 4.7 min) loss_corrente=0.0083
    [epoch 6/50 train] batch 1100/2481 (5.05 batch/s, ETA 4.6 min) loss_corrente=0.0079
    [epoch 6/50 train] batch 1150/2481 (5.05 batch/s, ETA 4.4 min) loss_corrente=0.0081
    [epoch 6/50 train] batch 1200/2481 (5.05 batch/s, ETA 4.2 min) loss_corrente=0.0080
    [epoch 6/50 train] batch 1250/2481 (5.05 batch/s, ETA 4.1 min) loss_corrente=0.0080
    [epoch 6/50 train] batch 1300/2481 (5.05 batch/s, ETA 3.9 min) loss_corrente=0.0079
    [epoch 6/50 train] batch 1350/2481 (5.05 batch/s, ETA 3.7 min) loss_corrente=0.0081
    [epoch 6/50 train] batch 1400/2481 (5.06 batch/s, ETA 3.6 min) loss_corrente=0.0078
    [epoch 6/50 train] batch 1450/2481 (5.06 batch/s, ETA 3.4 min) loss_corrente=0.0080
    [epoch 6/50 train] batch 1500/2481 (5.06 batch/s, ETA 3.2 min) loss_corrente=0.0086
    [epoch 6/50 train] batch 1550/2481 (5.06 batch/s, ETA 3.1 min) loss_corrente=0.0085
    [epoch 6/50 train] batch 1600/2481 (5.06 batch/s, ETA 2.9 min) loss_corrente=0.0084
    [epoch 6/50 train] batch 1650/2481 (5.06 batch/s, ETA 2.7 min) loss_corrente=0.0085
    [epoch 6/50 train] batch 1700/2481 (5.06 batch/s, ETA 2.6 min) loss_corrente=0.0084
    [epoch 6/50 train] batch 1750/2481 (5.06 batch/s, ETA 2.4 min) loss_corrente=0.0083
    [epoch 6/50 train] batch 1800/2481 (5.06 batch/s, ETA 2.2 min) loss_corrente=0.0083
    [epoch 6/50 train] batch 1850/2481 (5.06 batch/s, ETA 2.1 min) loss_corrente=0.0084
    [epoch 6/50 train] batch 1900/2481 (5.06 batch/s, ETA 1.9 min) loss_corrente=0.0087
    [epoch 6/50 train] batch 1950/2481 (5.06 batch/s, ETA 1.8 min) loss_corrente=0.0085
    [epoch 6/50 train] batch 2000/2481 (5.06 batch/s, ETA 1.6 min) loss_corrente=0.0084
    [epoch 6/50 train] batch 2050/2481 (5.06 batch/s, ETA 1.4 min) loss_corrente=0.0085
    [epoch 6/50 train] batch 2100/2481 (5.06 batch/s, ETA 1.3 min) loss_corrente=0.0083
    [epoch 6/50 train] batch 2150/2481 (5.06 batch/s, ETA 1.1 min) loss_corrente=0.0082
    [epoch 6/50 train] batch 2200/2481 (5.06 batch/s, ETA 0.9 min) loss_corrente=0.0085
    [epoch 6/50 train] batch 2250/2481 (5.06 batch/s, ETA 0.8 min) loss_corrente=0.0085
    [epoch 6/50 train] batch 2300/2481 (5.06 batch/s, ETA 0.6 min) loss_corrente=0.0084
    [epoch 6/50 train] batch 2350/2481 (5.06 batch/s, ETA 0.4 min) loss_corrente=0.0083
    [epoch 6/50 train] batch 2400/2481 (5.06 batch/s, ETA 0.3 min) loss_corrente=0.0084
    [epoch 6/50 train] batch 2450/2481 (5.06 batch/s, ETA 0.1 min) loss_corrente=0.0084
    [epoch 6/50 train] batch 2481/2481 (5.06 batch/s, ETA 0.0 min) loss_corrente=0.0086
    [epoch 6/50 val] batch 50/439 (11.44 batch/s, ETA 0.6 min) loss_corrente=0.1436
    [epoch 6/50 val] batch 100/439 (11.59 batch/s, ETA 0.5 min) loss_corrente=0.1155
    [epoch 6/50 val] batch 150/439 (11.64 batch/s, ETA 0.4 min) loss_corrente=0.0975
    [epoch 6/50 val] batch 200/439 (11.66 batch/s, ETA 0.3 min) loss_corrente=0.1087
    [epoch 6/50 val] batch 250/439 (11.67 batch/s, ETA 0.3 min) loss_corrente=0.1048
    [epoch 6/50 val] batch 300/439 (11.68 batch/s, ETA 0.2 min) loss_corrente=0.1076
    [epoch 6/50 val] batch 350/439 (11.69 batch/s, ETA 0.1 min) loss_corrente=0.0992
    [epoch 6/50 val] batch 400/439 (11.69 batch/s, ETA 0.1 min) loss_corrente=0.0982
    [epoch 6/50 val] batch 439/439 (11.70 batch/s, ETA 0.0 min) loss_corrente=0.0960
Epoch   6/50 | train_loss=0.0086 train_acc=0.997 | val_loss=0.0960 val_acc=0.978
    [epoch 7/50 train] batch 50/2481 (5.00 batch/s, ETA 8.1 min) loss_corrente=0.0065
    [epoch 7/50 train] batch 100/2481 (5.03 batch/s, ETA 7.9 min) loss_corrente=0.0044
    [epoch 7/50 train] batch 150/2481 (5.04 batch/s, ETA 7.7 min) loss_corrente=0.0036
    [epoch 7/50 train] batch 200/2481 (5.05 batch/s, ETA 7.5 min) loss_corrente=0.0068
    [epoch 7/50 train] batch 250/2481 (5.05 batch/s, ETA 7.4 min) loss_corrente=0.0076
    [epoch 7/50 train] batch 300/2481 (5.06 batch/s, ETA 7.2 min) loss_corrente=0.0073
    [epoch 7/50 train] batch 350/2481 (5.06 batch/s, ETA 7.0 min) loss_corrente=0.0065
    [epoch 7/50 train] batch 400/2481 (5.06 batch/s, ETA 6.9 min) loss_corrente=0.0073
    [epoch 7/50 train] batch 450/2481 (5.06 batch/s, ETA 6.7 min) loss_corrente=0.0067
    [epoch 7/50 train] batch 500/2481 (5.06 batch/s, ETA 6.5 min) loss_corrente=0.0077
    [epoch 7/50 train] batch 550/2481 (5.06 batch/s, ETA 6.4 min) loss_corrente=0.0075
    [epoch 7/50 train] batch 600/2481 (5.06 batch/s, ETA 6.2 min) loss_corrente=0.0071
    [epoch 7/50 train] batch 650/2481 (5.06 batch/s, ETA 6.0 min) loss_corrente=0.0066
    [epoch 7/50 train] batch 700/2481 (5.06 batch/s, ETA 5.9 min) loss_corrente=0.0062
    [epoch 7/50 train] batch 750/2481 (5.06 batch/s, ETA 5.7 min) loss_corrente=0.0060
    [epoch 7/50 train] batch 800/2481 (5.06 batch/s, ETA 5.5 min) loss_corrente=0.0059
    [epoch 7/50 train] batch 850/2481 (5.06 batch/s, ETA 5.4 min) loss_corrente=0.0057
    [epoch 7/50 train] batch 900/2481 (5.06 batch/s, ETA 5.2 min) loss_corrente=0.0057
    [epoch 7/50 train] batch 950/2481 (5.06 batch/s, ETA 5.0 min) loss_corrente=0.0056
    [epoch 7/50 train] batch 1000/2481 (5.07 batch/s, ETA 4.9 min) loss_corrente=0.0065
    [epoch 7/50 train] batch 1050/2481 (5.07 batch/s, ETA 4.7 min) loss_corrente=0.0065
    [epoch 7/50 train] batch 1100/2481 (5.07 batch/s, ETA 4.5 min) loss_corrente=0.0066
    [epoch 7/50 train] batch 1150/2481 (5.07 batch/s, ETA 4.4 min) loss_corrente=0.0064
    [epoch 7/50 train] batch 1200/2481 (5.07 batch/s, ETA 4.2 min) loss_corrente=0.0062
    [epoch 7/50 train] batch 1250/2481 (5.07 batch/s, ETA 4.0 min) loss_corrente=0.0068
    [epoch 7/50 train] batch 1300/2481 (5.07 batch/s, ETA 3.9 min) loss_corrente=0.0069
    [epoch 7/50 train] batch 1350/2481 (5.07 batch/s, ETA 3.7 min) loss_corrente=0.0070
    [epoch 7/50 train] batch 1400/2481 (5.07 batch/s, ETA 3.6 min) loss_corrente=0.0068
    [epoch 7/50 train] batch 1450/2481 (5.07 batch/s, ETA 3.4 min) loss_corrente=0.0066
    [epoch 7/50 train] batch 1500/2481 (5.07 batch/s, ETA 3.2 min) loss_corrente=0.0065
    [epoch 7/50 train] batch 1550/2481 (5.07 batch/s, ETA 3.1 min) loss_corrente=0.0065
    [epoch 7/50 train] batch 1600/2481 (5.07 batch/s, ETA 2.9 min) loss_corrente=0.0068
    [epoch 7/50 train] batch 1650/2481 (5.07 batch/s, ETA 2.7 min) loss_corrente=0.0068
    [epoch 7/50 train] batch 1700/2481 (5.07 batch/s, ETA 2.6 min) loss_corrente=0.0066
    [epoch 7/50 train] batch 1750/2481 (5.07 batch/s, ETA 2.4 min) loss_corrente=0.0064
    [epoch 7/50 train] batch 1800/2481 (5.07 batch/s, ETA 2.2 min) loss_corrente=0.0063
    [epoch 7/50 train] batch 1850/2481 (5.07 batch/s, ETA 2.1 min) loss_corrente=0.0066
    [epoch 7/50 train] batch 1900/2481 (5.07 batch/s, ETA 1.9 min) loss_corrente=0.0066
    [epoch 7/50 train] batch 1950/2481 (5.07 batch/s, ETA 1.7 min) loss_corrente=0.0071
    [epoch 7/50 train] batch 2000/2481 (5.07 batch/s, ETA 1.6 min) loss_corrente=0.0074
    [epoch 7/50 train] batch 2050/2481 (5.07 batch/s, ETA 1.4 min) loss_corrente=0.0074
    [epoch 7/50 train] batch 2100/2481 (5.07 batch/s, ETA 1.3 min) loss_corrente=0.0073
    [epoch 7/50 train] batch 2150/2481 (5.07 batch/s, ETA 1.1 min) loss_corrente=0.0072
    [epoch 7/50 train] batch 2200/2481 (5.07 batch/s, ETA 0.9 min) loss_corrente=0.0071
    [epoch 7/50 train] batch 2250/2481 (5.07 batch/s, ETA 0.8 min) loss_corrente=0.0070
    [epoch 7/50 train] batch 2300/2481 (5.07 batch/s, ETA 0.6 min) loss_corrente=0.0072
    [epoch 7/50 train] batch 2350/2481 (5.07 batch/s, ETA 0.4 min) loss_corrente=0.0071
    [epoch 7/50 train] batch 2400/2481 (5.07 batch/s, ETA 0.3 min) loss_corrente=0.0073
    [epoch 7/50 train] batch 2450/2481 (5.07 batch/s, ETA 0.1 min) loss_corrente=0.0077
    [epoch 7/50 train] batch 2481/2481 (5.07 batch/s, ETA 0.0 min) loss_corrente=0.0078
    [epoch 7/50 val] batch 50/439 (11.42 batch/s, ETA 0.6 min) loss_corrente=0.1494
    [epoch 7/50 val] batch 100/439 (11.58 batch/s, ETA 0.5 min) loss_corrente=0.1485
    [epoch 7/50 val] batch 150/439 (11.63 batch/s, ETA 0.4 min) loss_corrente=0.1306
    [epoch 7/50 val] batch 200/439 (11.66 batch/s, ETA 0.3 min) loss_corrente=0.1335
    [epoch 7/50 val] batch 250/439 (11.67 batch/s, ETA 0.3 min) loss_corrente=0.1357
    [epoch 7/50 val] batch 300/439 (11.68 batch/s, ETA 0.2 min) loss_corrente=0.1480
    [epoch 7/50 val] batch 350/439 (11.69 batch/s, ETA 0.1 min) loss_corrente=0.1375
    [epoch 7/50 val] batch 400/439 (11.70 batch/s, ETA 0.1 min) loss_corrente=0.1395
    [epoch 7/50 val] batch 439/439 (11.71 batch/s, ETA 0.0 min) loss_corrente=0.1367
Epoch   7/50 | train_loss=0.0078 train_acc=0.998 | val_loss=0.1367 val_acc=0.977
    [epoch 8/50 train] batch 50/2481 (4.99 batch/s, ETA 8.1 min) loss_corrente=0.0057
    [epoch 8/50 train] batch 100/2481 (5.02 batch/s, ETA 7.9 min) loss_corrente=0.0034
    [epoch 8/50 train] batch 150/2481 (5.04 batch/s, ETA 7.7 min) loss_corrente=0.0026
    [epoch 8/50 train] batch 200/2481 (5.04 batch/s, ETA 7.5 min) loss_corrente=0.0034
    [epoch 8/50 train] batch 250/2481 (5.05 batch/s, ETA 7.4 min) loss_corrente=0.0040
    [epoch 8/50 train] batch 300/2481 (5.05 batch/s, ETA 7.2 min) loss_corrente=0.0046
    [epoch 8/50 train] batch 350/2481 (5.05 batch/s, ETA 7.0 min) loss_corrente=0.0048
    [epoch 8/50 train] batch 400/2481 (5.06 batch/s, ETA 6.9 min) loss_corrente=0.0043
    [epoch 8/50 train] batch 450/2481 (5.06 batch/s, ETA 6.7 min) loss_corrente=0.0052
    [epoch 8/50 train] batch 500/2481 (5.06 batch/s, ETA 6.5 min) loss_corrente=0.0071
    [epoch 8/50 train] batch 550/2481 (5.06 batch/s, ETA 6.4 min) loss_corrente=0.0081
    [epoch 8/50 train] batch 600/2481 (5.06 batch/s, ETA 6.2 min) loss_corrente=0.0075
    [epoch 8/50 train] batch 650/2481 (5.06 batch/s, ETA 6.0 min) loss_corrente=0.0071
    [epoch 8/50 train] batch 700/2481 (5.06 batch/s, ETA 5.9 min) loss_corrente=0.0070
    [epoch 8/50 train] batch 750/2481 (5.06 batch/s, ETA 5.7 min) loss_corrente=0.0067
    [epoch 8/50 train] batch 800/2481 (5.06 batch/s, ETA 5.5 min) loss_corrente=0.0066
    [epoch 8/50 train] batch 850/2481 (5.06 batch/s, ETA 5.4 min) loss_corrente=0.0066
    [epoch 8/50 train] batch 900/2481 (5.06 batch/s, ETA 5.2 min) loss_corrente=0.0063
    [epoch 8/50 train] batch 950/2481 (5.06 batch/s, ETA 5.0 min) loss_corrente=0.0060
    [epoch 8/50 train] batch 1000/2481 (5.06 batch/s, ETA 4.9 min) loss_corrente=0.0057
    [epoch 8/50 train] batch 1050/2481 (5.06 batch/s, ETA 4.7 min) loss_corrente=0.0055
    [epoch 8/50 train] batch 1100/2481 (5.06 batch/s, ETA 4.5 min) loss_corrente=0.0053
    [epoch 8/50 train] batch 1150/2481 (5.06 batch/s, ETA 4.4 min) loss_corrente=0.0053
    [epoch 8/50 train] batch 1200/2481 (5.06 batch/s, ETA 4.2 min) loss_corrente=0.0052
    [epoch 8/50 train] batch 1250/2481 (5.06 batch/s, ETA 4.1 min) loss_corrente=0.0050
    [epoch 8/50 train] batch 1300/2481 (5.06 batch/s, ETA 3.9 min) loss_corrente=0.0048
    [epoch 8/50 train] batch 1350/2481 (5.06 batch/s, ETA 3.7 min) loss_corrente=0.0047
    [epoch 8/50 train] batch 1400/2481 (5.06 batch/s, ETA 3.6 min) loss_corrente=0.0048
    [epoch 8/50 train] batch 1450/2481 (5.06 batch/s, ETA 3.4 min) loss_corrente=0.0047
    [epoch 8/50 train] batch 1500/2481 (5.06 batch/s, ETA 3.2 min) loss_corrente=0.0050
    [epoch 8/50 train] batch 1550/2481 (5.06 batch/s, ETA 3.1 min) loss_corrente=0.0050
    [epoch 8/50 train] batch 1600/2481 (5.06 batch/s, ETA 2.9 min) loss_corrente=0.0049
    [epoch 8/50 train] batch 1650/2481 (5.06 batch/s, ETA 2.7 min) loss_corrente=0.0047
    [epoch 8/50 train] batch 1700/2481 (5.06 batch/s, ETA 2.6 min) loss_corrente=0.0047
    [epoch 8/50 train] batch 1750/2481 (5.06 batch/s, ETA 2.4 min) loss_corrente=0.0048
    [epoch 8/50 train] batch 1800/2481 (5.06 batch/s, ETA 2.2 min) loss_corrente=0.0047
    [epoch 8/50 train] batch 1850/2481 (5.06 batch/s, ETA 2.1 min) loss_corrente=0.0048
    [epoch 8/50 train] batch 1900/2481 (5.06 batch/s, ETA 1.9 min) loss_corrente=0.0047
    [epoch 8/50 train] batch 1950/2481 (5.06 batch/s, ETA 1.7 min) loss_corrente=0.0046
    [epoch 8/50 train] batch 2000/2481 (5.06 batch/s, ETA 1.6 min) loss_corrente=0.0048
    [epoch 8/50 train] batch 2050/2481 (5.06 batch/s, ETA 1.4 min) loss_corrente=0.0047
    [epoch 8/50 train] batch 2100/2481 (5.06 batch/s, ETA 1.3 min) loss_corrente=0.0048
    [epoch 8/50 train] batch 2150/2481 (5.06 batch/s, ETA 1.1 min) loss_corrente=0.0048
    [epoch 8/50 train] batch 2200/2481 (5.06 batch/s, ETA 0.9 min) loss_corrente=0.0050
    [epoch 8/50 train] batch 2250/2481 (5.06 batch/s, ETA 0.8 min) loss_corrente=0.0050
    [epoch 8/50 train] batch 2300/2481 (5.06 batch/s, ETA 0.6 min) loss_corrente=0.0051
    [epoch 8/50 train] batch 2350/2481 (5.06 batch/s, ETA 0.4 min) loss_corrente=0.0053
    [epoch 8/50 train] batch 2400/2481 (5.06 batch/s, ETA 0.3 min) loss_corrente=0.0055
    [epoch 8/50 train] batch 2450/2481 (5.06 batch/s, ETA 0.1 min) loss_corrente=0.0055
    [epoch 8/50 train] batch 2481/2481 (5.06 batch/s, ETA 0.0 min) loss_corrente=0.0055
    [epoch 8/50 val] batch 50/439 (11.41 batch/s, ETA 0.6 min) loss_corrente=0.1717
    [epoch 8/50 val] batch 100/439 (11.57 batch/s, ETA 0.5 min) loss_corrente=0.1536
    [epoch 8/50 val] batch 150/439 (11.63 batch/s, ETA 0.4 min) loss_corrente=0.1248
    [epoch 8/50 val] batch 200/439 (11.66 batch/s, ETA 0.3 min) loss_corrente=0.1283
    [epoch 8/50 val] batch 250/439 (11.67 batch/s, ETA 0.3 min) loss_corrente=0.1224
    [epoch 8/50 val] batch 300/439 (11.68 batch/s, ETA 0.2 min) loss_corrente=0.1262
    [epoch 8/50 val] batch 350/439 (11.69 batch/s, ETA 0.1 min) loss_corrente=0.1165
    [epoch 8/50 val] batch 400/439 (11.70 batch/s, ETA 0.1 min) loss_corrente=0.1148
    [epoch 8/50 val] batch 439/439 (11.71 batch/s, ETA 0.0 min) loss_corrente=0.1151
Epoch   8/50 | train_loss=0.0055 train_acc=0.998 | val_loss=0.1151 val_acc=0.982
    [epoch 9/50 train] batch 50/2481 (5.01 batch/s, ETA 8.1 min) loss_corrente=0.0001
    [epoch 9/50 train] batch 100/2481 (5.04 batch/s, ETA 7.9 min) loss_corrente=0.0046
    [epoch 9/50 train] batch 150/2481 (5.05 batch/s, ETA 7.7 min) loss_corrente=0.0058
    [epoch 9/50 train] batch 200/2481 (5.05 batch/s, ETA 7.5 min) loss_corrente=0.0076
    [epoch 9/50 train] batch 250/2481 (5.05 batch/s, ETA 7.4 min) loss_corrente=0.0071
    [epoch 9/50 train] batch 300/2481 (5.06 batch/s, ETA 7.2 min) loss_corrente=0.0071
    [epoch 9/50 train] batch 350/2481 (5.06 batch/s, ETA 7.0 min) loss_corrente=0.0062
    [epoch 9/50 train] batch 400/2481 (5.06 batch/s, ETA 6.9 min) loss_corrente=0.0055
    [epoch 9/50 train] batch 450/2481 (5.06 batch/s, ETA 6.7 min) loss_corrente=0.0050
    [epoch 9/50 train] batch 500/2481 (5.06 batch/s, ETA 6.5 min) loss_corrente=0.0046
    [epoch 9/50 train] batch 550/2481 (5.06 batch/s, ETA 6.4 min) loss_corrente=0.0053
    [epoch 9/50 train] batch 600/2481 (5.06 batch/s, ETA 6.2 min) loss_corrente=0.0049
    [epoch 9/50 train] batch 650/2481 (5.06 batch/s, ETA 6.0 min) loss_corrente=0.0045
    [epoch 9/50 train] batch 700/2481 (5.06 batch/s, ETA 5.9 min) loss_corrente=0.0042
    [epoch 9/50 train] batch 750/2481 (5.06 batch/s, ETA 5.7 min) loss_corrente=0.0040
    [epoch 9/50 train] batch 800/2481 (5.06 batch/s, ETA 5.5 min) loss_corrente=0.0039
    [epoch 9/50 train] batch 850/2481 (5.06 batch/s, ETA 5.4 min) loss_corrente=0.0037
    [epoch 9/50 train] batch 900/2481 (5.06 batch/s, ETA 5.2 min) loss_corrente=0.0037
    [epoch 9/50 train] batch 950/2481 (5.06 batch/s, ETA 5.0 min) loss_corrente=0.0036
    [epoch 9/50 train] batch 1000/2481 (5.06 batch/s, ETA 4.9 min) loss_corrente=0.0039
    [epoch 9/50 train] batch 1050/2481 (5.06 batch/s, ETA 4.7 min) loss_corrente=0.0046
    [epoch 9/50 train] batch 1100/2481 (5.06 batch/s, ETA 4.5 min) loss_corrente=0.0050
    [epoch 9/50 train] batch 1150/2481 (5.06 batch/s, ETA 4.4 min) loss_corrente=0.0052
    [epoch 9/50 train] batch 1200/2481 (5.06 batch/s, ETA 4.2 min) loss_corrente=0.0050
    [epoch 9/50 train] batch 1250/2481 (5.06 batch/s, ETA 4.1 min) loss_corrente=0.0049
    [epoch 9/50 train] batch 1300/2481 (5.06 batch/s, ETA 3.9 min) loss_corrente=0.0048
    [epoch 9/50 train] batch 1350/2481 (5.06 batch/s, ETA 3.7 min) loss_corrente=0.0048
    [epoch 9/50 train] batch 1400/2481 (5.06 batch/s, ETA 3.6 min) loss_corrente=0.0048
    [epoch 9/50 train] batch 1450/2481 (5.06 batch/s, ETA 3.4 min) loss_corrente=0.0047
    [epoch 9/50 train] batch 1500/2481 (5.06 batch/s, ETA 3.2 min) loss_corrente=0.0046
    [epoch 9/50 train] batch 1550/2481 (5.06 batch/s, ETA 3.1 min) loss_corrente=0.0047
    [epoch 9/50 train] batch 1600/2481 (5.06 batch/s, ETA 2.9 min) loss_corrente=0.0045
    [epoch 9/50 train] batch 1650/2481 (5.06 batch/s, ETA 2.7 min) loss_corrente=0.0047
    [epoch 9/50 train] batch 1700/2481 (5.06 batch/s, ETA 2.6 min) loss_corrente=0.0046
    [epoch 9/50 train] batch 1750/2481 (5.06 batch/s, ETA 2.4 min) loss_corrente=0.0045
    [epoch 9/50 train] batch 1800/2481 (5.06 batch/s, ETA 2.2 min) loss_corrente=0.0046
    [epoch 9/50 train] batch 1850/2481 (5.06 batch/s, ETA 2.1 min) loss_corrente=0.0047
    [epoch 9/50 train] batch 1900/2481 (5.06 batch/s, ETA 1.9 min) loss_corrente=0.0047
    [epoch 9/50 train] batch 1950/2481 (5.06 batch/s, ETA 1.7 min) loss_corrente=0.0046
    [epoch 9/50 train] batch 2000/2481 (5.06 batch/s, ETA 1.6 min) loss_corrente=0.0046
    [epoch 9/50 train] batch 2050/2481 (5.06 batch/s, ETA 1.4 min) loss_corrente=0.0047
    [epoch 9/50 train] batch 2100/2481 (5.06 batch/s, ETA 1.3 min) loss_corrente=0.0046
    [epoch 9/50 train] batch 2150/2481 (5.06 batch/s, ETA 1.1 min) loss_corrente=0.0046
    [epoch 9/50 train] batch 2200/2481 (5.06 batch/s, ETA 0.9 min) loss_corrente=0.0048
    [epoch 9/50 train] batch 2250/2481 (5.06 batch/s, ETA 0.8 min) loss_corrente=0.0052
    [epoch 9/50 train] batch 2300/2481 (5.06 batch/s, ETA 0.6 min) loss_corrente=0.0052
    [epoch 9/50 train] batch 2350/2481 (5.06 batch/s, ETA 0.4 min) loss_corrente=0.0052
    [epoch 9/50 train] batch 2400/2481 (5.06 batch/s, ETA 0.3 min) loss_corrente=0.0053
    [epoch 9/50 train] batch 2450/2481 (5.06 batch/s, ETA 0.1 min) loss_corrente=0.0052
    [epoch 9/50 train] batch 2481/2481 (5.07 batch/s, ETA 0.0 min) loss_corrente=0.0052
    [epoch 9/50 val] batch 50/439 (11.33 batch/s, ETA 0.6 min) loss_corrente=0.1427
    [epoch 9/50 val] batch 100/439 (11.54 batch/s, ETA 0.5 min) loss_corrente=0.1180
    [epoch 9/50 val] batch 150/439 (11.60 batch/s, ETA 0.4 min) loss_corrente=0.1060
    [epoch 9/50 val] batch 200/439 (11.63 batch/s, ETA 0.3 min) loss_corrente=0.1220
    [epoch 9/50 val] batch 250/439 (11.65 batch/s, ETA 0.3 min) loss_corrente=0.1105
    [epoch 9/50 val] batch 300/439 (11.67 batch/s, ETA 0.2 min) loss_corrente=0.1097
    [epoch 9/50 val] batch 350/439 (11.68 batch/s, ETA 0.1 min) loss_corrente=0.0988
    [epoch 9/50 val] batch 400/439 (11.69 batch/s, ETA 0.1 min) loss_corrente=0.1003
    [epoch 9/50 val] batch 439/439 (11.70 batch/s, ETA 0.0 min) loss_corrente=0.0988
Epoch   9/50 | train_loss=0.0052 train_acc=0.999 | val_loss=0.0988 val_acc=0.982
    [epoch 10/50 train] batch 50/2481 (4.98 batch/s, ETA 8.1 min) loss_corrente=0.0011
    [epoch 10/50 train] batch 100/2481 (5.03 batch/s, ETA 7.9 min) loss_corrente=0.0017
    [epoch 10/50 train] batch 150/2481 (5.04 batch/s, ETA 7.7 min) loss_corrente=0.0030
    [epoch 10/50 train] batch 200/2481 (5.05 batch/s, ETA 7.5 min) loss_corrente=0.0035
    [epoch 10/50 train] batch 250/2481 (5.05 batch/s, ETA 7.4 min) loss_corrente=0.0032
    [epoch 10/50 train] batch 300/2481 (5.05 batch/s, ETA 7.2 min) loss_corrente=0.0028
    [epoch 10/50 train] batch 350/2481 (5.06 batch/s, ETA 7.0 min) loss_corrente=0.0025
    [epoch 10/50 train] batch 400/2481 (5.06 batch/s, ETA 6.9 min) loss_corrente=0.0030
    [epoch 10/50 train] batch 450/2481 (5.06 batch/s, ETA 6.7 min) loss_corrente=0.0028
    [epoch 10/50 train] batch 500/2481 (5.06 batch/s, ETA 6.5 min) loss_corrente=0.0030
    [epoch 10/50 train] batch 550/2481 (5.06 batch/s, ETA 6.4 min) loss_corrente=0.0027
    [epoch 10/50 train] batch 600/2481 (5.06 batch/s, ETA 6.2 min) loss_corrente=0.0026
    [epoch 10/50 train] batch 650/2481 (5.06 batch/s, ETA 6.0 min) loss_corrente=0.0024
    [epoch 10/50 train] batch 700/2481 (5.06 batch/s, ETA 5.9 min) loss_corrente=0.0030
    [epoch 10/50 train] batch 750/2481 (5.06 batch/s, ETA 5.7 min) loss_corrente=0.0031
    [epoch 10/50 train] batch 800/2481 (5.06 batch/s, ETA 5.5 min) loss_corrente=0.0029
    [epoch 10/50 train] batch 850/2481 (5.06 batch/s, ETA 5.4 min) loss_corrente=0.0033
    [epoch 10/50 train] batch 900/2481 (5.06 batch/s, ETA 5.2 min) loss_corrente=0.0033
    [epoch 10/50 train] batch 950/2481 (5.06 batch/s, ETA 5.0 min) loss_corrente=0.0044
    [epoch 10/50 train] batch 1000/2481 (5.06 batch/s, ETA 4.9 min) loss_corrente=0.0043
    [epoch 10/50 train] batch 1050/2481 (5.06 batch/s, ETA 4.7 min) loss_corrente=0.0041
    [epoch 10/50 train] batch 1100/2481 (5.06 batch/s, ETA 4.5 min) loss_corrente=0.0039
    [epoch 10/50 train] batch 1150/2481 (5.06 batch/s, ETA 4.4 min) loss_corrente=0.0038
    [epoch 10/50 train] batch 1200/2481 (5.06 batch/s, ETA 4.2 min) loss_corrente=0.0039
    [epoch 10/50 train] batch 1250/2481 (5.06 batch/s, ETA 4.1 min) loss_corrente=0.0037
    [epoch 10/50 train] batch 1300/2481 (5.06 batch/s, ETA 3.9 min) loss_corrente=0.0037
    [epoch 10/50 train] batch 1350/2481 (5.06 batch/s, ETA 3.7 min) loss_corrente=0.0036
    [epoch 10/50 train] batch 1400/2481 (5.06 batch/s, ETA 3.6 min) loss_corrente=0.0035
    [epoch 10/50 train] batch 1450/2481 (5.06 batch/s, ETA 3.4 min) loss_corrente=0.0041
    [epoch 10/50 train] batch 1500/2481 (5.07 batch/s, ETA 3.2 min) loss_corrente=0.0043
    [epoch 10/50 train] batch 1550/2481 (5.07 batch/s, ETA 3.1 min) loss_corrente=0.0042
    [epoch 10/50 train] batch 1600/2481 (5.07 batch/s, ETA 2.9 min) loss_corrente=0.0040
    [epoch 10/50 train] batch 1650/2481 (5.07 batch/s, ETA 2.7 min) loss_corrente=0.0039
    [epoch 10/50 train] batch 1700/2481 (5.07 batch/s, ETA 2.6 min) loss_corrente=0.0040
    [epoch 10/50 train] batch 1750/2481 (5.07 batch/s, ETA 2.4 min) loss_corrente=0.0043
    [epoch 10/50 train] batch 1800/2481 (5.07 batch/s, ETA 2.2 min) loss_corrente=0.0043
    [epoch 10/50 train] batch 1850/2481 (5.07 batch/s, ETA 2.1 min) loss_corrente=0.0046
    [epoch 10/50 train] batch 1900/2481 (5.07 batch/s, ETA 1.9 min) loss_corrente=0.0047
    [epoch 10/50 train] batch 1950/2481 (5.07 batch/s, ETA 1.7 min) loss_corrente=0.0049
    [epoch 10/50 train] batch 2000/2481 (5.07 batch/s, ETA 1.6 min) loss_corrente=0.0052
    [epoch 10/50 train] batch 2050/2481 (5.07 batch/s, ETA 1.4 min) loss_corrente=0.0051
    [epoch 10/50 train] batch 2100/2481 (5.07 batch/s, ETA 1.3 min) loss_corrente=0.0050
    [epoch 10/50 train] batch 2150/2481 (5.07 batch/s, ETA 1.1 min) loss_corrente=0.0050
    [epoch 10/50 train] batch 2200/2481 (5.07 batch/s, ETA 0.9 min) loss_corrente=0.0049
    [epoch 10/50 train] batch 2250/2481 (5.07 batch/s, ETA 0.8 min) loss_corrente=0.0049
    [epoch 10/50 train] batch 2300/2481 (5.07 batch/s, ETA 0.6 min) loss_corrente=0.0049
    [epoch 10/50 train] batch 2350/2481 (5.07 batch/s, ETA 0.4 min) loss_corrente=0.0049
    [epoch 10/50 train] batch 2400/2481 (5.07 batch/s, ETA 0.3 min) loss_corrente=0.0049
    [epoch 10/50 train] batch 2450/2481 (5.07 batch/s, ETA 0.1 min) loss_corrente=0.0049
    [epoch 10/50 train] batch 2481/2481 (5.07 batch/s, ETA 0.0 min) loss_corrente=0.0050
    [epoch 10/50 val] batch 50/439 (11.43 batch/s, ETA 0.6 min) loss_corrente=0.2299
    [epoch 10/50 val] batch 100/439 (11.59 batch/s, ETA 0.5 min) loss_corrente=0.1549
    [epoch 10/50 val] batch 150/439 (11.63 batch/s, ETA 0.4 min) loss_corrente=0.1311
    [epoch 10/50 val] batch 200/439 (11.66 batch/s, ETA 0.3 min) loss_corrente=0.1590
    [epoch 10/50 val] batch 250/439 (11.66 batch/s, ETA 0.3 min) loss_corrente=0.1393
    [epoch 10/50 val] batch 300/439 (11.67 batch/s, ETA 0.2 min) loss_corrente=0.1339
    [epoch 10/50 val] batch 350/439 (11.68 batch/s, ETA 0.1 min) loss_corrente=0.1180
    [epoch 10/50 val] batch 400/439 (11.68 batch/s, ETA 0.1 min) loss_corrente=0.1134
    [epoch 10/50 val] batch 439/439 (11.69 batch/s, ETA 0.0 min) loss_corrente=0.1116
Epoch  10/50 | train_loss=0.0050 train_acc=0.998 | val_loss=0.1116 val_acc=0.979
    [epoch 11/50 train] batch 50/2481 (5.00 batch/s, ETA 8.1 min) loss_corrente=0.0036
    [epoch 11/50 train] batch 100/2481 (5.03 batch/s, ETA 7.9 min) loss_corrente=0.0038
    [epoch 11/50 train] batch 150/2481 (5.04 batch/s, ETA 7.7 min) loss_corrente=0.0029
    [epoch 11/50 train] batch 200/2481 (5.05 batch/s, ETA 7.5 min) loss_corrente=0.0023
    [epoch 11/50 train] batch 250/2481 (5.05 batch/s, ETA 7.4 min) loss_corrente=0.0036
    [epoch 11/50 train] batch 300/2481 (5.05 batch/s, ETA 7.2 min) loss_corrente=0.0038
    [epoch 11/50 train] batch 350/2481 (5.06 batch/s, ETA 7.0 min) loss_corrente=0.0044
    [epoch 11/50 train] batch 400/2481 (5.06 batch/s, ETA 6.9 min) loss_corrente=0.0039
    [epoch 11/50 train] batch 450/2481 (5.06 batch/s, ETA 6.7 min) loss_corrente=0.0035
    [epoch 11/50 train] batch 500/2481 (5.06 batch/s, ETA 6.5 min) loss_corrente=0.0032
    [epoch 11/50 train] batch 550/2481 (5.06 batch/s, ETA 6.4 min) loss_corrente=0.0030
    [epoch 11/50 train] batch 600/2481 (5.06 batch/s, ETA 6.2 min) loss_corrente=0.0027
    [epoch 11/50 train] batch 650/2481 (5.06 batch/s, ETA 6.0 min) loss_corrente=0.0025
    [epoch 11/50 train] batch 700/2481 (5.06 batch/s, ETA 5.9 min) loss_corrente=0.0024
    [epoch 11/50 train] batch 750/2481 (5.06 batch/s, ETA 5.7 min) loss_corrente=0.0027
    [epoch 11/50 train] batch 800/2481 (5.06 batch/s, ETA 5.5 min) loss_corrente=0.0028
    [epoch 11/50 train] batch 850/2481 (5.06 batch/s, ETA 5.4 min) loss_corrente=0.0028
    [epoch 11/50 train] batch 900/2481 (5.06 batch/s, ETA 5.2 min) loss_corrente=0.0028
    [epoch 11/50 train] batch 950/2481 (5.06 batch/s, ETA 5.0 min) loss_corrente=0.0027
    [epoch 11/50 train] batch 1000/2481 (5.06 batch/s, ETA 4.9 min) loss_corrente=0.0025
    [epoch 11/50 train] batch 1050/2481 (5.06 batch/s, ETA 4.7 min) loss_corrente=0.0024
    [epoch 11/50 train] batch 1100/2481 (5.06 batch/s, ETA 4.5 min) loss_corrente=0.0024
    [epoch 11/50 train] batch 1150/2481 (5.06 batch/s, ETA 4.4 min) loss_corrente=0.0023
    [epoch 11/50 train] batch 1200/2481 (5.06 batch/s, ETA 4.2 min) loss_corrente=0.0022
    [epoch 11/50 train] batch 1250/2481 (5.06 batch/s, ETA 4.1 min) loss_corrente=0.0028
    [epoch 11/50 train] batch 1300/2481 (5.06 batch/s, ETA 3.9 min) loss_corrente=0.0031
    [epoch 11/50 train] batch 1350/2481 (5.06 batch/s, ETA 3.7 min) loss_corrente=0.0030
    [epoch 11/50 train] batch 1400/2481 (5.06 batch/s, ETA 3.6 min) loss_corrente=0.0034
    [epoch 11/50 train] batch 1450/2481 (5.06 batch/s, ETA 3.4 min) loss_corrente=0.0035
    [epoch 11/50 train] batch 1500/2481 (5.06 batch/s, ETA 3.2 min) loss_corrente=0.0034
    [epoch 11/50 train] batch 1550/2481 (5.06 batch/s, ETA 3.1 min) loss_corrente=0.0034
    [epoch 11/50 train] batch 1600/2481 (5.06 batch/s, ETA 2.9 min) loss_corrente=0.0036
    [epoch 11/50 train] batch 1650/2481 (5.06 batch/s, ETA 2.7 min) loss_corrente=0.0038
    [epoch 11/50 train] batch 1700/2481 (5.06 batch/s, ETA 2.6 min) loss_corrente=0.0038
    [epoch 11/50 train] batch 1750/2481 (5.06 batch/s, ETA 2.4 min) loss_corrente=0.0040
    [epoch 11/50 train] batch 1800/2481 (5.06 batch/s, ETA 2.2 min) loss_corrente=0.0042
    [epoch 11/50 train] batch 1850/2481 (5.06 batch/s, ETA 2.1 min) loss_corrente=0.0041
    [epoch 11/50 train] batch 1900/2481 (5.06 batch/s, ETA 1.9 min) loss_corrente=0.0041
    [epoch 11/50 train] batch 1950/2481 (5.06 batch/s, ETA 1.7 min) loss_corrente=0.0041
    [epoch 11/50 train] batch 2000/2481 (5.06 batch/s, ETA 1.6 min) loss_corrente=0.0041
    [epoch 11/50 train] batch 2050/2481 (5.06 batch/s, ETA 1.4 min) loss_corrente=0.0040
    [epoch 11/50 train] batch 2100/2481 (5.06 batch/s, ETA 1.3 min) loss_corrente=0.0041
    [epoch 11/50 train] batch 2150/2481 (5.06 batch/s, ETA 1.1 min) loss_corrente=0.0042
    [epoch 11/50 train] batch 2200/2481 (5.06 batch/s, ETA 0.9 min) loss_corrente=0.0041
    [epoch 11/50 train] batch 2250/2481 (5.06 batch/s, ETA 0.8 min) loss_corrente=0.0041
    [epoch 11/50 train] batch 2300/2481 (5.06 batch/s, ETA 0.6 min) loss_corrente=0.0041
    [epoch 11/50 train] batch 2350/2481 (5.06 batch/s, ETA 0.4 min) loss_corrente=0.0043
    [epoch 11/50 train] batch 2400/2481 (5.06 batch/s, ETA 0.3 min) loss_corrente=0.0042
    [epoch 11/50 train] batch 2450/2481 (5.06 batch/s, ETA 0.1 min) loss_corrente=0.0042
    [epoch 11/50 train] batch 2481/2481 (5.06 batch/s, ETA 0.0 min) loss_corrente=0.0042
    [epoch 11/50 val] batch 50/439 (11.46 batch/s, ETA 0.6 min) loss_corrente=0.2176
    [epoch 11/50 val] batch 100/439 (11.63 batch/s, ETA 0.5 min) loss_corrente=0.1527
    [epoch 11/50 val] batch 150/439 (11.68 batch/s, ETA 0.4 min) loss_corrente=0.1196
    [epoch 11/50 val] batch 200/439 (11.70 batch/s, ETA 0.3 min) loss_corrente=0.1746
    [epoch 11/50 val] batch 250/439 (11.72 batch/s, ETA 0.3 min) loss_corrente=0.1577
    [epoch 11/50 val] batch 300/439 (11.73 batch/s, ETA 0.2 min) loss_corrente=0.1470
    [epoch 11/50 val] batch 350/439 (11.74 batch/s, ETA 0.1 min) loss_corrente=0.1303
    [epoch 11/50 val] batch 400/439 (11.75 batch/s, ETA 0.1 min) loss_corrente=0.1224
    [epoch 11/50 val] batch 439/439 (11.76 batch/s, ETA 0.0 min) loss_corrente=0.1197
Epoch  11/50 | train_loss=0.0042 train_acc=0.999 | val_loss=0.1197 val_acc=0.982
    [epoch 12/50 train] batch 50/2481 (5.01 batch/s, ETA 8.1 min) loss_corrente=0.0000
    [epoch 12/50 train] batch 100/2481 (5.04 batch/s, ETA 7.9 min) loss_corrente=0.0001
    [epoch 12/50 train] batch 150/2481 (5.05 batch/s, ETA 7.7 min) loss_corrente=0.0001
    [epoch 12/50 train] batch 200/2481 (5.06 batch/s, ETA 7.5 min) loss_corrente=0.0009
    [epoch 12/50 train] batch 250/2481 (5.06 batch/s, ETA 7.3 min) loss_corrente=0.0007
    [epoch 12/50 train] batch 300/2481 (5.07 batch/s, ETA 7.2 min) loss_corrente=0.0012
    [epoch 12/50 train] batch 350/2481 (5.07 batch/s, ETA 7.0 min) loss_corrente=0.0012
    [epoch 12/50 train] batch 400/2481 (5.07 batch/s, ETA 6.8 min) loss_corrente=0.0017
    [epoch 12/50 train] batch 450/2481 (5.07 batch/s, ETA 6.7 min) loss_corrente=0.0017
    [epoch 12/50 train] batch 500/2481 (5.07 batch/s, ETA 6.5 min) loss_corrente=0.0016
    [epoch 12/50 train] batch 550/2481 (5.07 batch/s, ETA 6.3 min) loss_corrente=0.0014
    [epoch 12/50 train] batch 600/2481 (5.07 batch/s, ETA 6.2 min) loss_corrente=0.0013
    [epoch 12/50 train] batch 650/2481 (5.07 batch/s, ETA 6.0 min) loss_corrente=0.0016
    [epoch 12/50 train] batch 700/2481 (5.07 batch/s, ETA 5.9 min) loss_corrente=0.0017
    [epoch 12/50 train] batch 750/2481 (5.07 batch/s, ETA 5.7 min) loss_corrente=0.0016
    [epoch 12/50 train] batch 800/2481 (5.07 batch/s, ETA 5.5 min) loss_corrente=0.0015
    [epoch 12/50 train] batch 850/2481 (5.07 batch/s, ETA 5.4 min) loss_corrente=0.0020
    [epoch 12/50 train] batch 900/2481 (5.07 batch/s, ETA 5.2 min) loss_corrente=0.0029
    [epoch 12/50 train] batch 950/2481 (5.07 batch/s, ETA 5.0 min) loss_corrente=0.0028
    [epoch 12/50 train] batch 1000/2481 (5.07 batch/s, ETA 4.9 min) loss_corrente=0.0028
    [epoch 12/50 train] batch 1050/2481 (5.07 batch/s, ETA 4.7 min) loss_corrente=0.0026
    [epoch 12/50 train] batch 1100/2481 (5.07 batch/s, ETA 4.5 min) loss_corrente=0.0025
    [epoch 12/50 train] batch 1150/2481 (5.07 batch/s, ETA 4.4 min) loss_corrente=0.0024
    [epoch 12/50 train] batch 1200/2481 (5.07 batch/s, ETA 4.2 min) loss_corrente=0.0024
    [epoch 12/50 train] batch 1250/2481 (5.07 batch/s, ETA 4.0 min) loss_corrente=0.0023
    [epoch 12/50 train] batch 1300/2481 (5.07 batch/s, ETA 3.9 min) loss_corrente=0.0026
    [epoch 12/50 train] batch 1350/2481 (5.07 batch/s, ETA 3.7 min) loss_corrente=0.0026
    [epoch 12/50 train] batch 1400/2481 (5.07 batch/s, ETA 3.6 min) loss_corrente=0.0025
    [epoch 12/50 train] batch 1450/2481 (5.07 batch/s, ETA 3.4 min) loss_corrente=0.0024
    [epoch 12/50 train] batch 1500/2481 (5.07 batch/s, ETA 3.2 min) loss_corrente=0.0023
    [epoch 12/50 train] batch 1550/2481 (5.07 batch/s, ETA 3.1 min) loss_corrente=0.0023
    [epoch 12/50 train] batch 1600/2481 (5.07 batch/s, ETA 2.9 min) loss_corrente=0.0022
    [epoch 12/50 train] batch 1650/2481 (5.07 batch/s, ETA 2.7 min) loss_corrente=0.0021
    [epoch 12/50 train] batch 1700/2481 (5.07 batch/s, ETA 2.6 min) loss_corrente=0.0022
    [epoch 12/50 train] batch 1750/2481 (5.07 batch/s, ETA 2.4 min) loss_corrente=0.0024
    [epoch 12/50 train] batch 1800/2481 (5.07 batch/s, ETA 2.2 min) loss_corrente=0.0028
    [epoch 12/50 train] batch 1850/2481 (5.07 batch/s, ETA 2.1 min) loss_corrente=0.0030
    [epoch 12/50 train] batch 1900/2481 (5.07 batch/s, ETA 1.9 min) loss_corrente=0.0029
    [epoch 12/50 train] batch 1950/2481 (5.07 batch/s, ETA 1.7 min) loss_corrente=0.0029
    [epoch 12/50 train] batch 2000/2481 (5.07 batch/s, ETA 1.6 min) loss_corrente=0.0030
    [epoch 12/50 train] batch 2050/2481 (5.07 batch/s, ETA 1.4 min) loss_corrente=0.0031
    [epoch 12/50 train] batch 2100/2481 (5.07 batch/s, ETA 1.3 min) loss_corrente=0.0030
    [epoch 12/50 train] batch 2150/2481 (5.07 batch/s, ETA 1.1 min) loss_corrente=0.0030
    [epoch 12/50 train] batch 2200/2481 (5.07 batch/s, ETA 0.9 min) loss_corrente=0.0030
    [epoch 12/50 train] batch 2250/2481 (5.07 batch/s, ETA 0.8 min) loss_corrente=0.0029
    [epoch 12/50 train] batch 2300/2481 (5.07 batch/s, ETA 0.6 min) loss_corrente=0.0029
    [epoch 12/50 train] batch 2350/2481 (5.07 batch/s, ETA 0.4 min) loss_corrente=0.0029
    [epoch 12/50 train] batch 2400/2481 (5.07 batch/s, ETA 0.3 min) loss_corrente=0.0029
    [epoch 12/50 train] batch 2450/2481 (5.07 batch/s, ETA 0.1 min) loss_corrente=0.0030
    [epoch 12/50 train] batch 2481/2481 (5.07 batch/s, ETA 0.0 min) loss_corrente=0.0030
    [epoch 12/50 val] batch 50/439 (11.44 batch/s, ETA 0.6 min) loss_corrente=0.2784
    [epoch 12/50 val] batch 100/439 (11.61 batch/s, ETA 0.5 min) loss_corrente=0.2039
    [epoch 12/50 val] batch 150/439 (11.65 batch/s, ETA 0.4 min) loss_corrente=0.1876
    [epoch 12/50 val] batch 200/439 (11.68 batch/s, ETA 0.3 min) loss_corrente=0.2760
    [epoch 12/50 val] batch 250/439 (11.70 batch/s, ETA 0.3 min) loss_corrente=0.2331
    [epoch 12/50 val] batch 300/439 (11.71 batch/s, ETA 0.2 min) loss_corrente=0.2174
    [epoch 12/50 val] batch 350/439 (11.72 batch/s, ETA 0.1 min) loss_corrente=0.1885
    [epoch 12/50 val] batch 400/439 (11.72 batch/s, ETA 0.1 min) loss_corrente=0.1757
    [epoch 12/50 val] batch 439/439 (11.73 batch/s, ETA 0.0 min) loss_corrente=0.1675
Epoch  12/50 | train_loss=0.0030 train_acc=0.999 | val_loss=0.1675 val_acc=0.978

[Early stopping] Nessun miglioramento da 8 epoche

[Completato] Best val_loss=0.0555
[Output] weights/fase3_siglip_lora/fase3_siglip_lora_r8_neg025_v2/results.csv  (compatibile con analyze_yolo_loss_magnitude.py)
[Output] weights/fase3_siglip_lora/fase3_siglip_lora_r8_neg025_v2/best  (adapter LoRA + MLP head migliori)
==================================================
Job completato: Sun Jul 26 06:50:52 PM CEST 2026
==================================================
