==================================================
Job: oos_fase3_r8 (LoRA rank=8, alpha=16 — redo neg_ratio=1.0 con parametri anti-overfitting)
Data: Sun Jul 26 01:40:07 PM CEST 2026
Nodo: ainode01
==================================================
NVIDIA H100 80GB HBM3, 81559 MiB
[Setup] Device: cuda
[Setup] Carico processor/modello: google/siglip2-giant-opt-patch16-384
[Dati] Costruisco dataset di training...
[Dataset] train: 32554 positivi, 32164 negativi (64718 campioni totali)
[Dati] Costruisco dataset di validazione...
[Dataset] val: 5783 positivi, 5768 negativi (11551 campioni totali)
[Modello] Costruisco SigLIP2 + LoRA + MLP...
[Modello] LoRA rank=8, alpha=16 (rapporto alpha/r=2.0)
[Modello] Parametri allenabili: 3,147,265 / 1,166,807,041 (0.27%)
[Optimizer] lr adapter LoRA=3e-05  |  lr MLP head=0.001

[Training] Inizio — 50 epoche, batch=16, lr=3e-05
    [epoch 1/50 train] batch 50/4045 (4.53 batch/s, ETA 14.7 min) loss_corrente=0.4560
    [epoch 1/50 train] batch 100/4045 (4.76 batch/s, ETA 13.8 min) loss_corrente=0.3960
    [epoch 1/50 train] batch 150/4045 (4.85 batch/s, ETA 13.4 min) loss_corrente=0.3361
    [epoch 1/50 train] batch 200/4045 (4.89 batch/s, ETA 13.1 min) loss_corrente=0.2944
    [epoch 1/50 train] batch 250/4045 (4.92 batch/s, ETA 12.9 min) loss_corrente=0.2625
    [epoch 1/50 train] batch 300/4045 (4.94 batch/s, ETA 12.6 min) loss_corrente=0.2399
    [epoch 1/50 train] batch 350/4045 (4.95 batch/s, ETA 12.4 min) loss_corrente=0.2291
    [epoch 1/50 train] batch 400/4045 (4.96 batch/s, ETA 12.3 min) loss_corrente=0.2176
    [epoch 1/50 train] batch 450/4045 (4.97 batch/s, ETA 12.1 min) loss_corrente=0.2058
    [epoch 1/50 train] batch 500/4045 (4.97 batch/s, ETA 11.9 min) loss_corrente=0.1934
    [epoch 1/50 train] batch 550/4045 (4.98 batch/s, ETA 11.7 min) loss_corrente=0.1840
    [epoch 1/50 train] batch 600/4045 (4.98 batch/s, ETA 11.5 min) loss_corrente=0.1763
    [epoch 1/50 train] batch 650/4045 (4.98 batch/s, ETA 11.4 min) loss_corrente=0.1693
    [epoch 1/50 train] batch 700/4045 (4.99 batch/s, ETA 11.2 min) loss_corrente=0.1644
    [epoch 1/50 train] batch 750/4045 (4.99 batch/s, ETA 11.0 min) loss_corrente=0.1598
    [epoch 1/50 train] batch 800/4045 (4.99 batch/s, ETA 10.8 min) loss_corrente=0.1548
    [epoch 1/50 train] batch 850/4045 (4.99 batch/s, ETA 10.7 min) loss_corrente=0.1516
    [epoch 1/50 train] batch 900/4045 (5.00 batch/s, ETA 10.5 min) loss_corrente=0.1479
    [epoch 1/50 train] batch 950/4045 (5.00 batch/s, ETA 10.3 min) loss_corrente=0.1443
    [epoch 1/50 train] batch 1000/4045 (5.00 batch/s, ETA 10.2 min) loss_corrente=0.1412
    [epoch 1/50 train] batch 1050/4045 (5.00 batch/s, ETA 10.0 min) loss_corrente=0.1373
    [epoch 1/50 train] batch 1100/4045 (5.00 batch/s, ETA 9.8 min) loss_corrente=0.1348
    [epoch 1/50 train] batch 1150/4045 (5.00 batch/s, ETA 9.6 min) loss_corrente=0.1318
    [epoch 1/50 train] batch 1200/4045 (5.00 batch/s, ETA 9.5 min) loss_corrente=0.1289
    [epoch 1/50 train] batch 1250/4045 (5.01 batch/s, ETA 9.3 min) loss_corrente=0.1259
    [epoch 1/50 train] batch 1300/4045 (5.01 batch/s, ETA 9.1 min) loss_corrente=0.1228
    [epoch 1/50 train] batch 1350/4045 (5.01 batch/s, ETA 9.0 min) loss_corrente=0.1209
    [epoch 1/50 train] batch 1400/4045 (5.01 batch/s, ETA 8.8 min) loss_corrente=0.1194
    [epoch 1/50 train] batch 1450/4045 (5.01 batch/s, ETA 8.6 min) loss_corrente=0.1169
    [epoch 1/50 train] batch 1500/4045 (5.01 batch/s, ETA 8.5 min) loss_corrente=0.1148
    [epoch 1/50 train] batch 1550/4045 (5.01 batch/s, ETA 8.3 min) loss_corrente=0.1132
    [epoch 1/50 train] batch 1600/4045 (5.01 batch/s, ETA 8.1 min) loss_corrente=0.1114
    [epoch 1/50 train] batch 1650/4045 (5.01 batch/s, ETA 8.0 min) loss_corrente=0.1101
    [epoch 1/50 train] batch 1700/4045 (5.01 batch/s, ETA 7.8 min) loss_corrente=0.1086
    [epoch 1/50 train] batch 1750/4045 (5.01 batch/s, ETA 7.6 min) loss_corrente=0.1069
    [epoch 1/50 train] batch 1800/4045 (5.01 batch/s, ETA 7.5 min) loss_corrente=0.1058
    [epoch 1/50 train] batch 1850/4045 (5.01 batch/s, ETA 7.3 min) loss_corrente=0.1046
    [epoch 1/50 train] batch 1900/4045 (5.01 batch/s, ETA 7.1 min) loss_corrente=0.1038
    [epoch 1/50 train] batch 1950/4045 (5.01 batch/s, ETA 7.0 min) loss_corrente=0.1034
    [epoch 1/50 train] batch 2000/4045 (5.01 batch/s, ETA 6.8 min) loss_corrente=0.1021
    [epoch 1/50 train] batch 2050/4045 (5.01 batch/s, ETA 6.6 min) loss_corrente=0.1008
    [epoch 1/50 train] batch 2100/4045 (5.02 batch/s, ETA 6.5 min) loss_corrente=0.0996
    [epoch 1/50 train] batch 2150/4045 (5.02 batch/s, ETA 6.3 min) loss_corrente=0.0985
    [epoch 1/50 train] batch 2200/4045 (5.02 batch/s, ETA 6.1 min) loss_corrente=0.0974
    [epoch 1/50 train] batch 2250/4045 (5.02 batch/s, ETA 6.0 min) loss_corrente=0.0969
    [epoch 1/50 train] batch 2300/4045 (5.02 batch/s, ETA 5.8 min) loss_corrente=0.0957
    [epoch 1/50 train] batch 2350/4045 (5.02 batch/s, ETA 5.6 min) loss_corrente=0.0951
    [epoch 1/50 train] batch 2400/4045 (5.02 batch/s, ETA 5.5 min) loss_corrente=0.0945
    [epoch 1/50 train] batch 2450/4045 (5.02 batch/s, ETA 5.3 min) loss_corrente=0.0935
    [epoch 1/50 train] batch 2500/4045 (5.02 batch/s, ETA 5.1 min) loss_corrente=0.0929
    [epoch 1/50 train] batch 2550/4045 (5.02 batch/s, ETA 5.0 min) loss_corrente=0.0926
    [epoch 1/50 train] batch 2600/4045 (5.02 batch/s, ETA 4.8 min) loss_corrente=0.0918
    [epoch 1/50 train] batch 2650/4045 (5.02 batch/s, ETA 4.6 min) loss_corrente=0.0911
    [epoch 1/50 train] batch 2700/4045 (5.02 batch/s, ETA 4.5 min) loss_corrente=0.0902
    [epoch 1/50 train] batch 2750/4045 (5.02 batch/s, ETA 4.3 min) loss_corrente=0.0897
    [epoch 1/50 train] batch 2800/4045 (5.02 batch/s, ETA 4.1 min) loss_corrente=0.0891
    [epoch 1/50 train] batch 2850/4045 (5.02 batch/s, ETA 4.0 min) loss_corrente=0.0882
    [epoch 1/50 train] batch 2900/4045 (5.02 batch/s, ETA 3.8 min) loss_corrente=0.0874
    [epoch 1/50 train] batch 2950/4045 (5.02 batch/s, ETA 3.6 min) loss_corrente=0.0868
    [epoch 1/50 train] batch 3000/4045 (5.02 batch/s, ETA 3.5 min) loss_corrente=0.0862
    [epoch 1/50 train] batch 3050/4045 (5.02 batch/s, ETA 3.3 min) loss_corrente=0.0855
    [epoch 1/50 train] batch 3100/4045 (5.02 batch/s, ETA 3.1 min) loss_corrente=0.0847
    [epoch 1/50 train] batch 3150/4045 (5.02 batch/s, ETA 3.0 min) loss_corrente=0.0839
    [epoch 1/50 train] batch 3200/4045 (5.02 batch/s, ETA 2.8 min) loss_corrente=0.0833
    [epoch 1/50 train] batch 3250/4045 (5.02 batch/s, ETA 2.6 min) loss_corrente=0.0825
    [epoch 1/50 train] batch 3300/4045 (5.02 batch/s, ETA 2.5 min) loss_corrente=0.0820
    [epoch 1/50 train] batch 3350/4045 (5.02 batch/s, ETA 2.3 min) loss_corrente=0.0817
    [epoch 1/50 train] batch 3400/4045 (5.02 batch/s, ETA 2.1 min) loss_corrente=0.0811
    [epoch 1/50 train] batch 3450/4045 (5.02 batch/s, ETA 2.0 min) loss_corrente=0.0805
    [epoch 1/50 train] batch 3500/4045 (5.02 batch/s, ETA 1.8 min) loss_corrente=0.0801
    [epoch 1/50 train] batch 3550/4045 (5.02 batch/s, ETA 1.6 min) loss_corrente=0.0796
    [epoch 1/50 train] batch 3600/4045 (5.02 batch/s, ETA 1.5 min) loss_corrente=0.0793
    [epoch 1/50 train] batch 3650/4045 (5.02 batch/s, ETA 1.3 min) loss_corrente=0.0786
    [epoch 1/50 train] batch 3700/4045 (5.02 batch/s, ETA 1.1 min) loss_corrente=0.0779
    [epoch 1/50 train] batch 3750/4045 (5.02 batch/s, ETA 1.0 min) loss_corrente=0.0776
    [epoch 1/50 train] batch 3800/4045 (5.02 batch/s, ETA 0.8 min) loss_corrente=0.0773
    [epoch 1/50 train] batch 3850/4045 (5.02 batch/s, ETA 0.6 min) loss_corrente=0.0769
    [epoch 1/50 train] batch 3900/4045 (5.02 batch/s, ETA 0.5 min) loss_corrente=0.0765
    [epoch 1/50 train] batch 3950/4045 (5.02 batch/s, ETA 0.3 min) loss_corrente=0.0761
    [epoch 1/50 train] batch 4000/4045 (5.02 batch/s, ETA 0.1 min) loss_corrente=0.0756
    [epoch 1/50 train] batch 4045/4045 (5.02 batch/s, ETA 0.0 min) loss_corrente=0.0752
    [epoch 1/50 val] batch 50/722 (10.43 batch/s, ETA 1.1 min) loss_corrente=0.1223
    [epoch 1/50 val] batch 100/722 (11.05 batch/s, ETA 0.9 min) loss_corrente=0.0927
    [epoch 1/50 val] batch 150/722 (11.27 batch/s, ETA 0.8 min) loss_corrente=0.0796
    [epoch 1/50 val] batch 200/722 (11.39 batch/s, ETA 0.8 min) loss_corrente=0.0903
    [epoch 1/50 val] batch 250/722 (11.46 batch/s, ETA 0.7 min) loss_corrente=0.0832
    [epoch 1/50 val] batch 300/722 (11.49 batch/s, ETA 0.6 min) loss_corrente=0.0935
    [epoch 1/50 val] batch 350/722 (11.53 batch/s, ETA 0.5 min) loss_corrente=0.0845
    [epoch 1/50 val] batch 400/722 (11.56 batch/s, ETA 0.5 min) loss_corrente=0.0780
    [epoch 1/50 val] batch 450/722 (11.58 batch/s, ETA 0.4 min) loss_corrente=0.0757
    [epoch 1/50 val] batch 500/722 (11.59 batch/s, ETA 0.3 min) loss_corrente=0.0772
    [epoch 1/50 val] batch 550/722 (11.61 batch/s, ETA 0.2 min) loss_corrente=0.0736
    [epoch 1/50 val] batch 600/722 (11.62 batch/s, ETA 0.2 min) loss_corrente=0.0713
    [epoch 1/50 val] batch 650/722 (11.63 batch/s, ETA 0.1 min) loss_corrente=0.0692
    [epoch 1/50 val] batch 700/722 (11.64 batch/s, ETA 0.0 min) loss_corrente=0.0685
    [epoch 1/50 val] batch 722/722 (11.64 batch/s, ETA 0.0 min) loss_corrente=0.0688
Epoch   1/50 | train_loss=0.0752 train_acc=0.972 | val_loss=0.0688 val_acc=0.975
    [epoch 2/50 train] batch 50/4045 (4.95 batch/s, ETA 13.5 min) loss_corrente=0.0384
    [epoch 2/50 train] batch 100/4045 (4.99 batch/s, ETA 13.2 min) loss_corrente=0.0504
    [epoch 2/50 train] batch 150/4045 (5.00 batch/s, ETA 13.0 min) loss_corrente=0.0418
    [epoch 2/50 train] batch 200/4045 (5.01 batch/s, ETA 12.8 min) loss_corrente=0.0414
    [epoch 2/50 train] batch 250/4045 (5.01 batch/s, ETA 12.6 min) loss_corrente=0.0429
    [epoch 2/50 train] batch 300/4045 (5.01 batch/s, ETA 12.4 min) loss_corrente=0.0429
    [epoch 2/50 train] batch 350/4045 (5.01 batch/s, ETA 12.3 min) loss_corrente=0.0417
    [epoch 2/50 train] batch 400/4045 (5.02 batch/s, ETA 12.1 min) loss_corrente=0.0433
    [epoch 2/50 train] batch 450/4045 (5.02 batch/s, ETA 11.9 min) loss_corrente=0.0440
    [epoch 2/50 train] batch 500/4045 (5.02 batch/s, ETA 11.8 min) loss_corrente=0.0435
    [epoch 2/50 train] batch 550/4045 (5.02 batch/s, ETA 11.6 min) loss_corrente=0.0430
    [epoch 2/50 train] batch 600/4045 (5.02 batch/s, ETA 11.4 min) loss_corrente=0.0444
    [epoch 2/50 train] batch 650/4045 (5.02 batch/s, ETA 11.3 min) loss_corrente=0.0450
    [epoch 2/50 train] batch 700/4045 (5.02 batch/s, ETA 11.1 min) loss_corrente=0.0444
    [epoch 2/50 train] batch 750/4045 (5.02 batch/s, ETA 10.9 min) loss_corrente=0.0442
    [epoch 2/50 train] batch 800/4045 (5.02 batch/s, ETA 10.8 min) loss_corrente=0.0434
    [epoch 2/50 train] batch 850/4045 (5.02 batch/s, ETA 10.6 min) loss_corrente=0.0417
    [epoch 2/50 train] batch 900/4045 (5.02 batch/s, ETA 10.4 min) loss_corrente=0.0413
    [epoch 2/50 train] batch 950/4045 (5.02 batch/s, ETA 10.3 min) loss_corrente=0.0409
    [epoch 2/50 train] batch 1000/4045 (5.02 batch/s, ETA 10.1 min) loss_corrente=0.0413
    [epoch 2/50 train] batch 1050/4045 (5.02 batch/s, ETA 9.9 min) loss_corrente=0.0406
    [epoch 2/50 train] batch 1100/4045 (5.02 batch/s, ETA 9.8 min) loss_corrente=0.0395
    [epoch 2/50 train] batch 1150/4045 (5.02 batch/s, ETA 9.6 min) loss_corrente=0.0389
    [epoch 2/50 train] batch 1200/4045 (5.02 batch/s, ETA 9.4 min) loss_corrente=0.0386
    [epoch 2/50 train] batch 1250/4045 (5.02 batch/s, ETA 9.3 min) loss_corrente=0.0383
    [epoch 2/50 train] batch 1300/4045 (5.02 batch/s, ETA 9.1 min) loss_corrente=0.0380
    [epoch 2/50 train] batch 1350/4045 (5.02 batch/s, ETA 8.9 min) loss_corrente=0.0372
    [epoch 2/50 train] batch 1400/4045 (5.02 batch/s, ETA 8.8 min) loss_corrente=0.0366
    [epoch 2/50 train] batch 1450/4045 (5.02 batch/s, ETA 8.6 min) loss_corrente=0.0367
    [epoch 2/50 train] batch 1500/4045 (5.02 batch/s, ETA 8.4 min) loss_corrente=0.0366
    [epoch 2/50 train] batch 1550/4045 (5.02 batch/s, ETA 8.3 min) loss_corrente=0.0372
    [epoch 2/50 train] batch 1600/4045 (5.02 batch/s, ETA 8.1 min) loss_corrente=0.0374
    [epoch 2/50 train] batch 1650/4045 (5.02 batch/s, ETA 7.9 min) loss_corrente=0.0376
    [epoch 2/50 train] batch 1700/4045 (5.02 batch/s, ETA 7.8 min) loss_corrente=0.0377
    [epoch 2/50 train] batch 1750/4045 (5.03 batch/s, ETA 7.6 min) loss_corrente=0.0377
    [epoch 2/50 train] batch 1800/4045 (5.03 batch/s, ETA 7.4 min) loss_corrente=0.0375
    [epoch 2/50 train] batch 1850/4045 (5.03 batch/s, ETA 7.3 min) loss_corrente=0.0371
    [epoch 2/50 train] batch 1900/4045 (5.03 batch/s, ETA 7.1 min) loss_corrente=0.0371
    [epoch 2/50 train] batch 1950/4045 (5.03 batch/s, ETA 6.9 min) loss_corrente=0.0369
    [epoch 2/50 train] batch 2000/4045 (5.03 batch/s, ETA 6.8 min) loss_corrente=0.0366
    [epoch 2/50 train] batch 2050/4045 (5.03 batch/s, ETA 6.6 min) loss_corrente=0.0363
    [epoch 2/50 train] batch 2100/4045 (5.03 batch/s, ETA 6.5 min) loss_corrente=0.0365
    [epoch 2/50 train] batch 2150/4045 (5.03 batch/s, ETA 6.3 min) loss_corrente=0.0365
    [epoch 2/50 train] batch 2200/4045 (5.03 batch/s, ETA 6.1 min) loss_corrente=0.0367
    [epoch 2/50 train] batch 2250/4045 (5.03 batch/s, ETA 6.0 min) loss_corrente=0.0370
    [epoch 2/50 train] batch 2300/4045 (5.03 batch/s, ETA 5.8 min) loss_corrente=0.0369
    [epoch 2/50 train] batch 2350/4045 (5.03 batch/s, ETA 5.6 min) loss_corrente=0.0370
    [epoch 2/50 train] batch 2400/4045 (5.03 batch/s, ETA 5.5 min) loss_corrente=0.0368
    [epoch 2/50 train] batch 2450/4045 (5.03 batch/s, ETA 5.3 min) loss_corrente=0.0366
    [epoch 2/50 train] batch 2500/4045 (5.03 batch/s, ETA 5.1 min) loss_corrente=0.0366
    [epoch 2/50 train] batch 2550/4045 (5.03 batch/s, ETA 5.0 min) loss_corrente=0.0364
    [epoch 2/50 train] batch 2600/4045 (5.03 batch/s, ETA 4.8 min) loss_corrente=0.0365
    [epoch 2/50 train] batch 2650/4045 (5.03 batch/s, ETA 4.6 min) loss_corrente=0.0366
    [epoch 2/50 train] batch 2700/4045 (5.03 batch/s, ETA 4.5 min) loss_corrente=0.0363
    [epoch 2/50 train] batch 2750/4045 (5.03 batch/s, ETA 4.3 min) loss_corrente=0.0363
    [epoch 2/50 train] batch 2800/4045 (5.03 batch/s, ETA 4.1 min) loss_corrente=0.0361
    [epoch 2/50 train] batch 2850/4045 (5.03 batch/s, ETA 4.0 min) loss_corrente=0.0359
    [epoch 2/50 train] batch 2900/4045 (5.03 batch/s, ETA 3.8 min) loss_corrente=0.0360
    [epoch 2/50 train] batch 2950/4045 (5.03 batch/s, ETA 3.6 min) loss_corrente=0.0358
    [epoch 2/50 train] batch 3000/4045 (5.03 batch/s, ETA 3.5 min) loss_corrente=0.0358
    [epoch 2/50 train] batch 3050/4045 (5.03 batch/s, ETA 3.3 min) loss_corrente=0.0357
    [epoch 2/50 train] batch 3100/4045 (5.03 batch/s, ETA 3.1 min) loss_corrente=0.0354
    [epoch 2/50 train] batch 3150/4045 (5.03 batch/s, ETA 3.0 min) loss_corrente=0.0350
    [epoch 2/50 train] batch 3200/4045 (5.03 batch/s, ETA 2.8 min) loss_corrente=0.0350
    [epoch 2/50 train] batch 3250/4045 (5.03 batch/s, ETA 2.6 min) loss_corrente=0.0347
    [epoch 2/50 train] batch 3300/4045 (5.03 batch/s, ETA 2.5 min) loss_corrente=0.0347
    [epoch 2/50 train] batch 3350/4045 (5.03 batch/s, ETA 2.3 min) loss_corrente=0.0345
    [epoch 2/50 train] batch 3400/4045 (5.03 batch/s, ETA 2.1 min) loss_corrente=0.0344
    [epoch 2/50 train] batch 3450/4045 (5.03 batch/s, ETA 2.0 min) loss_corrente=0.0343
    [epoch 2/50 train] batch 3500/4045 (5.03 batch/s, ETA 1.8 min) loss_corrente=0.0341
    [epoch 2/50 train] batch 3550/4045 (5.03 batch/s, ETA 1.6 min) loss_corrente=0.0339
    [epoch 2/50 train] batch 3600/4045 (5.03 batch/s, ETA 1.5 min) loss_corrente=0.0337
    [epoch 2/50 train] batch 3650/4045 (5.03 batch/s, ETA 1.3 min) loss_corrente=0.0338
    [epoch 2/50 train] batch 3700/4045 (5.03 batch/s, ETA 1.1 min) loss_corrente=0.0338
    [epoch 2/50 train] batch 3750/4045 (5.03 batch/s, ETA 1.0 min) loss_corrente=0.0341
    [epoch 2/50 train] batch 3800/4045 (5.03 batch/s, ETA 0.8 min) loss_corrente=0.0340
    [epoch 2/50 train] batch 3850/4045 (5.03 batch/s, ETA 0.6 min) loss_corrente=0.0341
    [epoch 2/50 train] batch 3900/4045 (5.03 batch/s, ETA 0.5 min) loss_corrente=0.0343
    [epoch 2/50 train] batch 3950/4045 (5.03 batch/s, ETA 0.3 min) loss_corrente=0.0343
    [epoch 2/50 train] batch 4000/4045 (5.03 batch/s, ETA 0.1 min) loss_corrente=0.0341
    [epoch 2/50 train] batch 4045/4045 (5.03 batch/s, ETA 0.0 min) loss_corrente=0.0340
    [epoch 2/50 val] batch 50/722 (11.32 batch/s, ETA 1.0 min) loss_corrente=0.0842
    [epoch 2/50 val] batch 100/722 (11.52 batch/s, ETA 0.9 min) loss_corrente=0.0653
    [epoch 2/50 val] batch 150/722 (11.60 batch/s, ETA 0.8 min) loss_corrente=0.0761
    [epoch 2/50 val] batch 200/722 (11.63 batch/s, ETA 0.7 min) loss_corrente=0.0836
    [epoch 2/50 val] batch 250/722 (11.66 batch/s, ETA 0.7 min) loss_corrente=0.0793
    [epoch 2/50 val] batch 300/722 (11.67 batch/s, ETA 0.6 min) loss_corrente=0.0767
    [epoch 2/50 val] batch 350/722 (11.68 batch/s, ETA 0.5 min) loss_corrente=0.0721
    [epoch 2/50 val] batch 400/722 (11.69 batch/s, ETA 0.5 min) loss_corrente=0.0716
    [epoch 2/50 val] batch 450/722 (11.69 batch/s, ETA 0.4 min) loss_corrente=0.0757
    [epoch 2/50 val] batch 500/722 (11.70 batch/s, ETA 0.3 min) loss_corrente=0.0746
    [epoch 2/50 val] batch 550/722 (11.70 batch/s, ETA 0.2 min) loss_corrente=0.0736
    [epoch 2/50 val] batch 600/722 (11.71 batch/s, ETA 0.2 min) loss_corrente=0.0731
    [epoch 2/50 val] batch 650/722 (11.71 batch/s, ETA 0.1 min) loss_corrente=0.0697
    [epoch 2/50 val] batch 700/722 (11.71 batch/s, ETA 0.0 min) loss_corrente=0.0674
    [epoch 2/50 val] batch 722/722 (11.71 batch/s, ETA 0.0 min) loss_corrente=0.0664
Epoch   2/50 | train_loss=0.0340 train_acc=0.988 | val_loss=0.0664 val_acc=0.978
    [epoch 3/50 train] batch 50/4045 (4.94 batch/s, ETA 13.5 min) loss_corrente=0.0249
    [epoch 3/50 train] batch 100/4045 (4.98 batch/s, ETA 13.2 min) loss_corrente=0.0229
    [epoch 3/50 train] batch 150/4045 (5.00 batch/s, ETA 13.0 min) loss_corrente=0.0263
    [epoch 3/50 train] batch 200/4045 (5.01 batch/s, ETA 12.8 min) loss_corrente=0.0247
    [epoch 3/50 train] batch 250/4045 (5.01 batch/s, ETA 12.6 min) loss_corrente=0.0246
    [epoch 3/50 train] batch 300/4045 (5.01 batch/s, ETA 12.5 min) loss_corrente=0.0240
    [epoch 3/50 train] batch 350/4045 (5.01 batch/s, ETA 12.3 min) loss_corrente=0.0245
    [epoch 3/50 train] batch 400/4045 (5.02 batch/s, ETA 12.1 min) loss_corrente=0.0233
    [epoch 3/50 train] batch 450/4045 (5.02 batch/s, ETA 11.9 min) loss_corrente=0.0234
    [epoch 3/50 train] batch 500/4045 (5.02 batch/s, ETA 11.8 min) loss_corrente=0.0230
    [epoch 3/50 train] batch 550/4045 (5.02 batch/s, ETA 11.6 min) loss_corrente=0.0230
    [epoch 3/50 train] batch 600/4045 (5.02 batch/s, ETA 11.4 min) loss_corrente=0.0227
    [epoch 3/50 train] batch 650/4045 (5.02 batch/s, ETA 11.3 min) loss_corrente=0.0238
    [epoch 3/50 train] batch 700/4045 (5.02 batch/s, ETA 11.1 min) loss_corrente=0.0234
    [epoch 3/50 train] batch 750/4045 (5.02 batch/s, ETA 10.9 min) loss_corrente=0.0235
    [epoch 3/50 train] batch 800/4045 (5.02 batch/s, ETA 10.8 min) loss_corrente=0.0232
    [epoch 3/50 train] batch 850/4045 (5.02 batch/s, ETA 10.6 min) loss_corrente=0.0231
    [epoch 3/50 train] batch 900/4045 (5.02 batch/s, ETA 10.4 min) loss_corrente=0.0227
    [epoch 3/50 train] batch 950/4045 (5.02 batch/s, ETA 10.3 min) loss_corrente=0.0230
    [epoch 3/50 train] batch 1000/4045 (5.02 batch/s, ETA 10.1 min) loss_corrente=0.0225
    [epoch 3/50 train] batch 1050/4045 (5.02 batch/s, ETA 9.9 min) loss_corrente=0.0229
    [epoch 3/50 train] batch 1100/4045 (5.02 batch/s, ETA 9.8 min) loss_corrente=0.0226
    [epoch 3/50 train] batch 1150/4045 (5.02 batch/s, ETA 9.6 min) loss_corrente=0.0227
    [epoch 3/50 train] batch 1200/4045 (5.02 batch/s, ETA 9.4 min) loss_corrente=0.0225
    [epoch 3/50 train] batch 1250/4045 (5.02 batch/s, ETA 9.3 min) loss_corrente=0.0223
    [epoch 3/50 train] batch 1300/4045 (5.02 batch/s, ETA 9.1 min) loss_corrente=0.0220
    [epoch 3/50 train] batch 1350/4045 (5.03 batch/s, ETA 8.9 min) loss_corrente=0.0223
    [epoch 3/50 train] batch 1400/4045 (5.03 batch/s, ETA 8.8 min) loss_corrente=0.0222
    [epoch 3/50 train] batch 1450/4045 (5.03 batch/s, ETA 8.6 min) loss_corrente=0.0225
    [epoch 3/50 train] batch 1500/4045 (5.03 batch/s, ETA 8.4 min) loss_corrente=0.0220
    [epoch 3/50 train] batch 1550/4045 (5.03 batch/s, ETA 8.3 min) loss_corrente=0.0219
    [epoch 3/50 train] batch 1600/4045 (5.03 batch/s, ETA 8.1 min) loss_corrente=0.0219
    [epoch 3/50 train] batch 1650/4045 (5.03 batch/s, ETA 7.9 min) loss_corrente=0.0216
    [epoch 3/50 train] batch 1700/4045 (5.03 batch/s, ETA 7.8 min) loss_corrente=0.0215
    [epoch 3/50 train] batch 1750/4045 (5.03 batch/s, ETA 7.6 min) loss_corrente=0.0224
    [epoch 3/50 train] batch 1800/4045 (5.03 batch/s, ETA 7.4 min) loss_corrente=0.0224
    [epoch 3/50 train] batch 1850/4045 (5.03 batch/s, ETA 7.3 min) loss_corrente=0.0222
    [epoch 3/50 train] batch 1900/4045 (5.03 batch/s, ETA 7.1 min) loss_corrente=0.0221
    [epoch 3/50 train] batch 1950/4045 (5.03 batch/s, ETA 6.9 min) loss_corrente=0.0224
    [epoch 3/50 train] batch 2000/4045 (5.03 batch/s, ETA 6.8 min) loss_corrente=0.0223
    [epoch 3/50 train] batch 2050/4045 (5.03 batch/s, ETA 6.6 min) loss_corrente=0.0222
    [epoch 3/50 train] batch 2100/4045 (5.03 batch/s, ETA 6.4 min) loss_corrente=0.0225
    [epoch 3/50 train] batch 2150/4045 (5.03 batch/s, ETA 6.3 min) loss_corrente=0.0229
    [epoch 3/50 train] batch 2200/4045 (5.03 batch/s, ETA 6.1 min) loss_corrente=0.0230
    [epoch 3/50 train] batch 2250/4045 (5.03 batch/s, ETA 6.0 min) loss_corrente=0.0228
    [epoch 3/50 train] batch 2300/4045 (5.03 batch/s, ETA 5.8 min) loss_corrente=0.0228
    [epoch 3/50 train] batch 2350/4045 (5.03 batch/s, ETA 5.6 min) loss_corrente=0.0228
    [epoch 3/50 train] batch 2400/4045 (5.03 batch/s, ETA 5.5 min) loss_corrente=0.0228
    [epoch 3/50 train] batch 2450/4045 (5.03 batch/s, ETA 5.3 min) loss_corrente=0.0228
    [epoch 3/50 train] batch 2500/4045 (5.03 batch/s, ETA 5.1 min) loss_corrente=0.0228
    [epoch 3/50 train] batch 2550/4045 (5.03 batch/s, ETA 5.0 min) loss_corrente=0.0229
    [epoch 3/50 train] batch 2600/4045 (5.03 batch/s, ETA 4.8 min) loss_corrente=0.0228
    [epoch 3/50 train] batch 2650/4045 (5.03 batch/s, ETA 4.6 min) loss_corrente=0.0228
    [epoch 3/50 train] batch 2700/4045 (5.03 batch/s, ETA 4.5 min) loss_corrente=0.0229
    [epoch 3/50 train] batch 2750/4045 (5.03 batch/s, ETA 4.3 min) loss_corrente=0.0230
    [epoch 3/50 train] batch 2800/4045 (5.03 batch/s, ETA 4.1 min) loss_corrente=0.0229
    [epoch 3/50 train] batch 2850/4045 (5.03 batch/s, ETA 4.0 min) loss_corrente=0.0228
    [epoch 3/50 train] batch 2900/4045 (5.03 batch/s, ETA 3.8 min) loss_corrente=0.0232
    [epoch 3/50 train] batch 2950/4045 (5.03 batch/s, ETA 3.6 min) loss_corrente=0.0232
    [epoch 3/50 train] batch 3000/4045 (5.03 batch/s, ETA 3.5 min) loss_corrente=0.0230
    [epoch 3/50 train] batch 3050/4045 (5.03 batch/s, ETA 3.3 min) loss_corrente=0.0233
    [epoch 3/50 train] batch 3100/4045 (5.03 batch/s, ETA 3.1 min) loss_corrente=0.0232
    [epoch 3/50 train] batch 3150/4045 (5.03 batch/s, ETA 3.0 min) loss_corrente=0.0233
    [epoch 3/50 train] batch 3200/4045 (5.03 batch/s, ETA 2.8 min) loss_corrente=0.0236
    [epoch 3/50 train] batch 3250/4045 (5.03 batch/s, ETA 2.6 min) loss_corrente=0.0235
    [epoch 3/50 train] batch 3300/4045 (5.03 batch/s, ETA 2.5 min) loss_corrente=0.0235
    [epoch 3/50 train] batch 3350/4045 (5.03 batch/s, ETA 2.3 min) loss_corrente=0.0235
    [epoch 3/50 train] batch 3400/4045 (5.03 batch/s, ETA 2.1 min) loss_corrente=0.0233
    [epoch 3/50 train] batch 3450/4045 (5.03 batch/s, ETA 2.0 min) loss_corrente=0.0234
    [epoch 3/50 train] batch 3500/4045 (5.03 batch/s, ETA 1.8 min) loss_corrente=0.0233
    [epoch 3/50 train] batch 3550/4045 (5.03 batch/s, ETA 1.6 min) loss_corrente=0.0233
    [epoch 3/50 train] batch 3600/4045 (5.03 batch/s, ETA 1.5 min) loss_corrente=0.0231
    [epoch 3/50 train] batch 3650/4045 (5.03 batch/s, ETA 1.3 min) loss_corrente=0.0232
    [epoch 3/50 train] batch 3700/4045 (5.03 batch/s, ETA 1.1 min) loss_corrente=0.0234
    [epoch 3/50 train] batch 3750/4045 (5.03 batch/s, ETA 1.0 min) loss_corrente=0.0234
    [epoch 3/50 train] batch 3800/4045 (5.03 batch/s, ETA 0.8 min) loss_corrente=0.0234
    [epoch 3/50 train] batch 3850/4045 (5.03 batch/s, ETA 0.6 min) loss_corrente=0.0235
    [epoch 3/50 train] batch 3900/4045 (5.03 batch/s, ETA 0.5 min) loss_corrente=0.0236
    [epoch 3/50 train] batch 3950/4045 (5.03 batch/s, ETA 0.3 min) loss_corrente=0.0237
    [epoch 3/50 train] batch 4000/4045 (5.03 batch/s, ETA 0.1 min) loss_corrente=0.0235
    [epoch 3/50 train] batch 4045/4045 (5.03 batch/s, ETA 0.0 min) loss_corrente=0.0235
    [epoch 3/50 val] batch 50/722 (11.37 batch/s, ETA 1.0 min) loss_corrente=0.1072
    [epoch 3/50 val] batch 100/722 (11.55 batch/s, ETA 0.9 min) loss_corrente=0.0711
    [epoch 3/50 val] batch 150/722 (11.62 batch/s, ETA 0.8 min) loss_corrente=0.0671
    [epoch 3/50 val] batch 200/722 (11.65 batch/s, ETA 0.7 min) loss_corrente=0.0770
    [epoch 3/50 val] batch 250/722 (11.67 batch/s, ETA 0.7 min) loss_corrente=0.0708
    [epoch 3/50 val] batch 300/722 (11.68 batch/s, ETA 0.6 min) loss_corrente=0.0707
    [epoch 3/50 val] batch 350/722 (11.69 batch/s, ETA 0.5 min) loss_corrente=0.0660
    [epoch 3/50 val] batch 400/722 (11.70 batch/s, ETA 0.5 min) loss_corrente=0.0622
    [epoch 3/50 val] batch 450/722 (11.70 batch/s, ETA 0.4 min) loss_corrente=0.0616
    [epoch 3/50 val] batch 500/722 (11.71 batch/s, ETA 0.3 min) loss_corrente=0.0616
    [epoch 3/50 val] batch 550/722 (11.71 batch/s, ETA 0.2 min) loss_corrente=0.0585
    [epoch 3/50 val] batch 600/722 (11.72 batch/s, ETA 0.2 min) loss_corrente=0.0586
    [epoch 3/50 val] batch 650/722 (11.72 batch/s, ETA 0.1 min) loss_corrente=0.0562
    [epoch 3/50 val] batch 700/722 (11.72 batch/s, ETA 0.0 min) loss_corrente=0.0547
    [epoch 3/50 val] batch 722/722 (11.72 batch/s, ETA 0.0 min) loss_corrente=0.0538
Epoch   3/50 | train_loss=0.0235 train_acc=0.992 | val_loss=0.0538 val_acc=0.984
    [epoch 4/50 train] batch 50/4045 (4.96 batch/s, ETA 13.4 min) loss_corrente=0.0185
    [epoch 4/50 train] batch 100/4045 (5.00 batch/s, ETA 13.2 min) loss_corrente=0.0123
    [epoch 4/50 train] batch 150/4045 (5.01 batch/s, ETA 13.0 min) loss_corrente=0.0144
    [epoch 4/50 train] batch 200/4045 (5.02 batch/s, ETA 12.8 min) loss_corrente=0.0186
    [epoch 4/50 train] batch 250/4045 (5.02 batch/s, ETA 12.6 min) loss_corrente=0.0211
    [epoch 4/50 train] batch 300/4045 (5.02 batch/s, ETA 12.4 min) loss_corrente=0.0190
    [epoch 4/50 train] batch 350/4045 (5.02 batch/s, ETA 12.3 min) loss_corrente=0.0184
    [epoch 4/50 train] batch 400/4045 (5.02 batch/s, ETA 12.1 min) loss_corrente=0.0174
    [epoch 4/50 train] batch 450/4045 (5.03 batch/s, ETA 11.9 min) loss_corrente=0.0165
    [epoch 4/50 train] batch 500/4045 (5.03 batch/s, ETA 11.8 min) loss_corrente=0.0165
    [epoch 4/50 train] batch 550/4045 (5.03 batch/s, ETA 11.6 min) loss_corrente=0.0163
    [epoch 4/50 train] batch 600/4045 (5.03 batch/s, ETA 11.4 min) loss_corrente=0.0155
    [epoch 4/50 train] batch 650/4045 (5.03 batch/s, ETA 11.2 min) loss_corrente=0.0157
    [epoch 4/50 train] batch 700/4045 (5.03 batch/s, ETA 11.1 min) loss_corrente=0.0154
    [epoch 4/50 train] batch 750/4045 (5.03 batch/s, ETA 10.9 min) loss_corrente=0.0158
    [epoch 4/50 train] batch 800/4045 (5.03 batch/s, ETA 10.7 min) loss_corrente=0.0160
    [epoch 4/50 train] batch 850/4045 (5.03 batch/s, ETA 10.6 min) loss_corrente=0.0164
    [epoch 4/50 train] batch 900/4045 (5.03 batch/s, ETA 10.4 min) loss_corrente=0.0159
    [epoch 4/50 train] batch 950/4045 (5.03 batch/s, ETA 10.2 min) loss_corrente=0.0167
    [epoch 4/50 train] batch 1000/4045 (5.03 batch/s, ETA 10.1 min) loss_corrente=0.0164
    [epoch 4/50 train] batch 1050/4045 (5.03 batch/s, ETA 9.9 min) loss_corrente=0.0162
    [epoch 4/50 train] batch 1100/4045 (5.03 batch/s, ETA 9.8 min) loss_corrente=0.0163
    [epoch 4/50 train] batch 1150/4045 (5.03 batch/s, ETA 9.6 min) loss_corrente=0.0168
    [epoch 4/50 train] batch 1200/4045 (5.03 batch/s, ETA 9.4 min) loss_corrente=0.0169
    [epoch 4/50 train] batch 1250/4045 (5.03 batch/s, ETA 9.3 min) loss_corrente=0.0167
    [epoch 4/50 train] batch 1300/4045 (5.03 batch/s, ETA 9.1 min) loss_corrente=0.0166
    [epoch 4/50 train] batch 1350/4045 (5.03 batch/s, ETA 8.9 min) loss_corrente=0.0167
    [epoch 4/50 train] batch 1400/4045 (5.03 batch/s, ETA 8.8 min) loss_corrente=0.0165
    [epoch 4/50 train] batch 1450/4045 (5.03 batch/s, ETA 8.6 min) loss_corrente=0.0167
    [epoch 4/50 train] batch 1500/4045 (5.03 batch/s, ETA 8.4 min) loss_corrente=0.0168
    [epoch 4/50 train] batch 1550/4045 (5.03 batch/s, ETA 8.3 min) loss_corrente=0.0164
    [epoch 4/50 train] batch 1600/4045 (5.03 batch/s, ETA 8.1 min) loss_corrente=0.0162
    [epoch 4/50 train] batch 1650/4045 (5.03 batch/s, ETA 7.9 min) loss_corrente=0.0161
    [epoch 4/50 train] batch 1700/4045 (5.03 batch/s, ETA 7.8 min) loss_corrente=0.0163
    [epoch 4/50 train] batch 1750/4045 (5.03 batch/s, ETA 7.6 min) loss_corrente=0.0161
    [epoch 4/50 train] batch 1800/4045 (5.03 batch/s, ETA 7.4 min) loss_corrente=0.0160
    [epoch 4/50 train] batch 1850/4045 (5.03 batch/s, ETA 7.3 min) loss_corrente=0.0161
    [epoch 4/50 train] batch 1900/4045 (5.03 batch/s, ETA 7.1 min) loss_corrente=0.0165
    [epoch 4/50 train] batch 1950/4045 (5.03 batch/s, ETA 6.9 min) loss_corrente=0.0165
    [epoch 4/50 train] batch 2000/4045 (5.03 batch/s, ETA 6.8 min) loss_corrente=0.0166
    [epoch 4/50 train] batch 2050/4045 (5.04 batch/s, ETA 6.6 min) loss_corrente=0.0168
    [epoch 4/50 train] batch 2100/4045 (5.04 batch/s, ETA 6.4 min) loss_corrente=0.0172
    [epoch 4/50 train] batch 2150/4045 (5.03 batch/s, ETA 6.3 min) loss_corrente=0.0170
    [epoch 4/50 train] batch 2200/4045 (5.03 batch/s, ETA 6.1 min) loss_corrente=0.0168
    [epoch 4/50 train] batch 2250/4045 (5.03 batch/s, ETA 5.9 min) loss_corrente=0.0166
    [epoch 4/50 train] batch 2300/4045 (5.04 batch/s, ETA 5.8 min) loss_corrente=0.0167
    [epoch 4/50 train] batch 2350/4045 (5.04 batch/s, ETA 5.6 min) loss_corrente=0.0167
    [epoch 4/50 train] batch 2400/4045 (5.04 batch/s, ETA 5.4 min) loss_corrente=0.0168
    [epoch 4/50 train] batch 2450/4045 (5.04 batch/s, ETA 5.3 min) loss_corrente=0.0165
    [epoch 4/50 train] batch 2500/4045 (5.04 batch/s, ETA 5.1 min) loss_corrente=0.0163
    [epoch 4/50 train] batch 2550/4045 (5.04 batch/s, ETA 4.9 min) loss_corrente=0.0164
    [epoch 4/50 train] batch 2600/4045 (5.04 batch/s, ETA 4.8 min) loss_corrente=0.0167
    [epoch 4/50 train] batch 2650/4045 (5.04 batch/s, ETA 4.6 min) loss_corrente=0.0167
    [epoch 4/50 train] batch 2700/4045 (5.04 batch/s, ETA 4.5 min) loss_corrente=0.0167
    [epoch 4/50 train] batch 2750/4045 (5.04 batch/s, ETA 4.3 min) loss_corrente=0.0168
    [epoch 4/50 train] batch 2800/4045 (5.04 batch/s, ETA 4.1 min) loss_corrente=0.0169
    [epoch 4/50 train] batch 2850/4045 (5.04 batch/s, ETA 4.0 min) loss_corrente=0.0171
    [epoch 4/50 train] batch 2900/4045 (5.04 batch/s, ETA 3.8 min) loss_corrente=0.0169
    [epoch 4/50 train] batch 2950/4045 (5.04 batch/s, ETA 3.6 min) loss_corrente=0.0170
    [epoch 4/50 train] batch 3000/4045 (5.04 batch/s, ETA 3.5 min) loss_corrente=0.0169
    [epoch 4/50 train] batch 3050/4045 (5.04 batch/s, ETA 3.3 min) loss_corrente=0.0170
    [epoch 4/50 train] batch 3100/4045 (5.03 batch/s, ETA 3.1 min) loss_corrente=0.0169
    [epoch 4/50 train] batch 3150/4045 (5.03 batch/s, ETA 3.0 min) loss_corrente=0.0169
    [epoch 4/50 train] batch 3200/4045 (5.03 batch/s, ETA 2.8 min) loss_corrente=0.0170
    [epoch 4/50 train] batch 3250/4045 (5.03 batch/s, ETA 2.6 min) loss_corrente=0.0170
    [epoch 4/50 train] batch 3300/4045 (5.03 batch/s, ETA 2.5 min) loss_corrente=0.0170
    [epoch 4/50 train] batch 3350/4045 (5.03 batch/s, ETA 2.3 min) loss_corrente=0.0173
    [epoch 4/50 train] batch 3400/4045 (5.03 batch/s, ETA 2.1 min) loss_corrente=0.0171
    [epoch 4/50 train] batch 3450/4045 (5.03 batch/s, ETA 2.0 min) loss_corrente=0.0171
    [epoch 4/50 train] batch 3500/4045 (5.03 batch/s, ETA 1.8 min) loss_corrente=0.0172
    [epoch 4/50 train] batch 3550/4045 (5.03 batch/s, ETA 1.6 min) loss_corrente=0.0171
    [epoch 4/50 train] batch 3600/4045 (5.03 batch/s, ETA 1.5 min) loss_corrente=0.0171
    [epoch 4/50 train] batch 3650/4045 (5.03 batch/s, ETA 1.3 min) loss_corrente=0.0170
    [epoch 4/50 train] batch 3700/4045 (5.03 batch/s, ETA 1.1 min) loss_corrente=0.0172
    [epoch 4/50 train] batch 3750/4045 (5.03 batch/s, ETA 1.0 min) loss_corrente=0.0171
    [epoch 4/50 train] batch 3800/4045 (5.03 batch/s, ETA 0.8 min) loss_corrente=0.0171
    [epoch 4/50 train] batch 3850/4045 (5.03 batch/s, ETA 0.6 min) loss_corrente=0.0170
    [epoch 4/50 train] batch 3900/4045 (5.03 batch/s, ETA 0.5 min) loss_corrente=0.0171
    [epoch 4/50 train] batch 3950/4045 (5.03 batch/s, ETA 0.3 min) loss_corrente=0.0170
    [epoch 4/50 train] batch 4000/4045 (5.03 batch/s, ETA 0.1 min) loss_corrente=0.0169
    [epoch 4/50 train] batch 4045/4045 (5.03 batch/s, ETA 0.0 min) loss_corrente=0.0167
    [epoch 4/50 val] batch 50/722 (11.33 batch/s, ETA 1.0 min) loss_corrente=0.1699
    [epoch 4/50 val] batch 100/722 (11.52 batch/s, ETA 0.9 min) loss_corrente=0.1106
    [epoch 4/50 val] batch 150/722 (11.59 batch/s, ETA 0.8 min) loss_corrente=0.1028
    [epoch 4/50 val] batch 200/722 (11.63 batch/s, ETA 0.7 min) loss_corrente=0.1135
    [epoch 4/50 val] batch 250/722 (11.65 batch/s, ETA 0.7 min) loss_corrente=0.1029
    [epoch 4/50 val] batch 300/722 (11.67 batch/s, ETA 0.6 min) loss_corrente=0.0995
    [epoch 4/50 val] batch 350/722 (11.68 batch/s, ETA 0.5 min) loss_corrente=0.0920
    [epoch 4/50 val] batch 400/722 (11.69 batch/s, ETA 0.5 min) loss_corrente=0.0861
    [epoch 4/50 val] batch 450/722 (11.70 batch/s, ETA 0.4 min) loss_corrente=0.0836
    [epoch 4/50 val] batch 500/722 (11.70 batch/s, ETA 0.3 min) loss_corrente=0.0825
    [epoch 4/50 val] batch 550/722 (11.71 batch/s, ETA 0.2 min) loss_corrente=0.0786
    [epoch 4/50 val] batch 600/722 (11.71 batch/s, ETA 0.2 min) loss_corrente=0.0787
    [epoch 4/50 val] batch 650/722 (11.71 batch/s, ETA 0.1 min) loss_corrente=0.0761
    [epoch 4/50 val] batch 700/722 (11.71 batch/s, ETA 0.0 min) loss_corrente=0.0747
    [epoch 4/50 val] batch 722/722 (11.72 batch/s, ETA 0.0 min) loss_corrente=0.0733
Epoch   4/50 | train_loss=0.0167 train_acc=0.994 | val_loss=0.0733 val_acc=0.983
    [epoch 5/50 train] batch 50/4045 (4.98 batch/s, ETA 13.4 min) loss_corrente=0.0007
    [epoch 5/50 train] batch 100/4045 (5.01 batch/s, ETA 13.1 min) loss_corrente=0.0082
    [epoch 5/50 train] batch 150/4045 (5.02 batch/s, ETA 12.9 min) loss_corrente=0.0094
    [epoch 5/50 train] batch 200/4045 (5.02 batch/s, ETA 12.8 min) loss_corrente=0.0098
    [epoch 5/50 train] batch 250/4045 (5.02 batch/s, ETA 12.6 min) loss_corrente=0.0087
    [epoch 5/50 train] batch 300/4045 (5.03 batch/s, ETA 12.4 min) loss_corrente=0.0088
    [epoch 5/50 train] batch 350/4045 (5.03 batch/s, ETA 12.2 min) loss_corrente=0.0077
    [epoch 5/50 train] batch 400/4045 (5.03 batch/s, ETA 12.1 min) loss_corrente=0.0072
    [epoch 5/50 train] batch 450/4045 (5.03 batch/s, ETA 11.9 min) loss_corrente=0.0078
    [epoch 5/50 train] batch 500/4045 (5.03 batch/s, ETA 11.7 min) loss_corrente=0.0090
    [epoch 5/50 train] batch 550/4045 (5.03 batch/s, ETA 11.6 min) loss_corrente=0.0086
    [epoch 5/50 train] batch 600/4045 (5.03 batch/s, ETA 11.4 min) loss_corrente=0.0086
    [epoch 5/50 train] batch 650/4045 (5.04 batch/s, ETA 11.2 min) loss_corrente=0.0092
    [epoch 5/50 train] batch 700/4045 (5.04 batch/s, ETA 11.1 min) loss_corrente=0.0093
    [epoch 5/50 train] batch 750/4045 (5.04 batch/s, ETA 10.9 min) loss_corrente=0.0098
    [epoch 5/50 train] batch 800/4045 (5.04 batch/s, ETA 10.7 min) loss_corrente=0.0092
    [epoch 5/50 train] batch 850/4045 (5.04 batch/s, ETA 10.6 min) loss_corrente=0.0091
    [epoch 5/50 train] batch 900/4045 (5.04 batch/s, ETA 10.4 min) loss_corrente=0.0087
    [epoch 5/50 train] batch 950/4045 (5.04 batch/s, ETA 10.2 min) loss_corrente=0.0086
    [epoch 5/50 train] batch 1000/4045 (5.04 batch/s, ETA 10.1 min) loss_corrente=0.0085
    [epoch 5/50 train] batch 1050/4045 (5.04 batch/s, ETA 9.9 min) loss_corrente=0.0092
    [epoch 5/50 train] batch 1100/4045 (5.04 batch/s, ETA 9.7 min) loss_corrente=0.0092
    [epoch 5/50 train] batch 1150/4045 (5.04 batch/s, ETA 9.6 min) loss_corrente=0.0093
    [epoch 5/50 train] batch 1200/4045 (5.04 batch/s, ETA 9.4 min) loss_corrente=0.0095
    [epoch 5/50 train] batch 1250/4045 (5.04 batch/s, ETA 9.2 min) loss_corrente=0.0096
    [epoch 5/50 train] batch 1300/4045 (5.04 batch/s, ETA 9.1 min) loss_corrente=0.0094
    [epoch 5/50 train] batch 1350/4045 (5.04 batch/s, ETA 8.9 min) loss_corrente=0.0092
    [epoch 5/50 train] batch 1400/4045 (5.04 batch/s, ETA 8.7 min) loss_corrente=0.0091
    [epoch 5/50 train] batch 1450/4045 (5.04 batch/s, ETA 8.6 min) loss_corrente=0.0096
    [epoch 5/50 train] batch 1500/4045 (5.04 batch/s, ETA 8.4 min) loss_corrente=0.0097
    [epoch 5/50 train] batch 1550/4045 (5.04 batch/s, ETA 8.3 min) loss_corrente=0.0096
    [epoch 5/50 train] batch 1600/4045 (5.04 batch/s, ETA 8.1 min) loss_corrente=0.0100
    [epoch 5/50 train] batch 1650/4045 (5.04 batch/s, ETA 7.9 min) loss_corrente=0.0101
    [epoch 5/50 train] batch 1700/4045 (5.04 batch/s, ETA 7.8 min) loss_corrente=0.0104
    [epoch 5/50 train] batch 1750/4045 (5.04 batch/s, ETA 7.6 min) loss_corrente=0.0106
    [epoch 5/50 train] batch 1800/4045 (5.04 batch/s, ETA 7.4 min) loss_corrente=0.0106
    [epoch 5/50 train] batch 1850/4045 (5.04 batch/s, ETA 7.3 min) loss_corrente=0.0106
    [epoch 5/50 train] batch 1900/4045 (5.04 batch/s, ETA 7.1 min) loss_corrente=0.0105
    [epoch 5/50 train] batch 1950/4045 (5.04 batch/s, ETA 6.9 min) loss_corrente=0.0106
    [epoch 5/50 train] batch 2000/4045 (5.04 batch/s, ETA 6.8 min) loss_corrente=0.0106
    [epoch 5/50 train] batch 2050/4045 (5.04 batch/s, ETA 6.6 min) loss_corrente=0.0104
    [epoch 5/50 train] batch 2100/4045 (5.04 batch/s, ETA 6.4 min) loss_corrente=0.0105
    [epoch 5/50 train] batch 2150/4045 (5.04 batch/s, ETA 6.3 min) loss_corrente=0.0104
    [epoch 5/50 train] batch 2200/4045 (5.04 batch/s, ETA 6.1 min) loss_corrente=0.0107
    [epoch 5/50 train] batch 2250/4045 (5.04 batch/s, ETA 5.9 min) loss_corrente=0.0109
    [epoch 5/50 train] batch 2300/4045 (5.04 batch/s, ETA 5.8 min) loss_corrente=0.0110
    [epoch 5/50 train] batch 2350/4045 (5.04 batch/s, ETA 5.6 min) loss_corrente=0.0113
    [epoch 5/50 train] batch 2400/4045 (5.04 batch/s, ETA 5.4 min) loss_corrente=0.0114
    [epoch 5/50 train] batch 2450/4045 (5.04 batch/s, ETA 5.3 min) loss_corrente=0.0114
    [epoch 5/50 train] batch 2500/4045 (5.04 batch/s, ETA 5.1 min) loss_corrente=0.0119
    [epoch 5/50 train] batch 2550/4045 (5.04 batch/s, ETA 4.9 min) loss_corrente=0.0117
    [epoch 5/50 train] batch 2600/4045 (5.04 batch/s, ETA 4.8 min) loss_corrente=0.0116
    [epoch 5/50 train] batch 2650/4045 (5.04 batch/s, ETA 4.6 min) loss_corrente=0.0116
    [epoch 5/50 train] batch 2700/4045 (5.04 batch/s, ETA 4.4 min) loss_corrente=0.0115
    [epoch 5/50 train] batch 2750/4045 (5.04 batch/s, ETA 4.3 min) loss_corrente=0.0116
    [epoch 5/50 train] batch 2800/4045 (5.04 batch/s, ETA 4.1 min) loss_corrente=0.0117
    [epoch 5/50 train] batch 2850/4045 (5.04 batch/s, ETA 4.0 min) loss_corrente=0.0116
    [epoch 5/50 train] batch 2900/4045 (5.04 batch/s, ETA 3.8 min) loss_corrente=0.0114
    [epoch 5/50 train] batch 2950/4045 (5.04 batch/s, ETA 3.6 min) loss_corrente=0.0114
    [epoch 5/50 train] batch 3000/4045 (5.04 batch/s, ETA 3.5 min) loss_corrente=0.0114
    [epoch 5/50 train] batch 3050/4045 (5.04 batch/s, ETA 3.3 min) loss_corrente=0.0116
    [epoch 5/50 train] batch 3100/4045 (5.04 batch/s, ETA 3.1 min) loss_corrente=0.0115
    [epoch 5/50 train] batch 3150/4045 (5.04 batch/s, ETA 3.0 min) loss_corrente=0.0116
    [epoch 5/50 train] batch 3200/4045 (5.04 batch/s, ETA 2.8 min) loss_corrente=0.0117
    [epoch 5/50 train] batch 3250/4045 (5.04 batch/s, ETA 2.6 min) loss_corrente=0.0117
    [epoch 5/50 train] batch 3300/4045 (5.04 batch/s, ETA 2.5 min) loss_corrente=0.0116
    [epoch 5/50 train] batch 3350/4045 (5.04 batch/s, ETA 2.3 min) loss_corrente=0.0117
    [epoch 5/50 train] batch 3400/4045 (5.04 batch/s, ETA 2.1 min) loss_corrente=0.0120
    [epoch 5/50 train] batch 3450/4045 (5.04 batch/s, ETA 2.0 min) loss_corrente=0.0121
    [epoch 5/50 train] batch 3500/4045 (5.04 batch/s, ETA 1.8 min) loss_corrente=0.0121
    [epoch 5/50 train] batch 3550/4045 (5.04 batch/s, ETA 1.6 min) loss_corrente=0.0122
    [epoch 5/50 train] batch 3600/4045 (5.04 batch/s, ETA 1.5 min) loss_corrente=0.0123
    [epoch 5/50 train] batch 3650/4045 (5.04 batch/s, ETA 1.3 min) loss_corrente=0.0122
    [epoch 5/50 train] batch 3700/4045 (5.04 batch/s, ETA 1.1 min) loss_corrente=0.0121
    [epoch 5/50 train] batch 3750/4045 (5.04 batch/s, ETA 1.0 min) loss_corrente=0.0121
    [epoch 5/50 train] batch 3800/4045 (5.04 batch/s, ETA 0.8 min) loss_corrente=0.0123
    [epoch 5/50 train] batch 3850/4045 (5.04 batch/s, ETA 0.6 min) loss_corrente=0.0125
    [epoch 5/50 train] batch 3900/4045 (5.04 batch/s, ETA 0.5 min) loss_corrente=0.0125
    [epoch 5/50 train] batch 3950/4045 (5.04 batch/s, ETA 0.3 min) loss_corrente=0.0125
    [epoch 5/50 train] batch 4000/4045 (5.04 batch/s, ETA 0.1 min) loss_corrente=0.0125
    [epoch 5/50 train] batch 4045/4045 (5.04 batch/s, ETA 0.0 min) loss_corrente=0.0127
    [epoch 5/50 val] batch 50/722 (11.31 batch/s, ETA 1.0 min) loss_corrente=0.1586
    [epoch 5/50 val] batch 100/722 (11.52 batch/s, ETA 0.9 min) loss_corrente=0.1034
    [epoch 5/50 val] batch 150/722 (11.60 batch/s, ETA 0.8 min) loss_corrente=0.0895
    [epoch 5/50 val] batch 200/722 (11.63 batch/s, ETA 0.7 min) loss_corrente=0.1020
    [epoch 5/50 val] batch 250/722 (11.65 batch/s, ETA 0.7 min) loss_corrente=0.0941
    [epoch 5/50 val] batch 300/722 (11.67 batch/s, ETA 0.6 min) loss_corrente=0.1033
    [epoch 5/50 val] batch 350/722 (11.67 batch/s, ETA 0.5 min) loss_corrente=0.0922
    [epoch 5/50 val] batch 400/722 (11.68 batch/s, ETA 0.5 min) loss_corrente=0.0849
    [epoch 5/50 val] batch 450/722 (11.68 batch/s, ETA 0.4 min) loss_corrente=0.0826
    [epoch 5/50 val] batch 500/722 (11.69 batch/s, ETA 0.3 min) loss_corrente=0.0838
    [epoch 5/50 val] batch 550/722 (11.69 batch/s, ETA 0.2 min) loss_corrente=0.0803
    [epoch 5/50 val] batch 600/722 (11.70 batch/s, ETA 0.2 min) loss_corrente=0.0792
    [epoch 5/50 val] batch 650/722 (11.70 batch/s, ETA 0.1 min) loss_corrente=0.0777
    [epoch 5/50 val] batch 700/722 (11.70 batch/s, ETA 0.0 min) loss_corrente=0.0757
    [epoch 5/50 val] batch 722/722 (11.71 batch/s, ETA 0.0 min) loss_corrente=0.0755
Epoch   5/50 | train_loss=0.0127 train_acc=0.996 | val_loss=0.0755 val_acc=0.976
    [epoch 6/50 train] batch 50/4045 (4.98 batch/s, ETA 13.4 min) loss_corrente=0.0105
    [epoch 6/50 train] batch 100/4045 (5.01 batch/s, ETA 13.1 min) loss_corrente=0.0145
    [epoch 6/50 train] batch 150/4045 (5.02 batch/s, ETA 12.9 min) loss_corrente=0.0128
    [epoch 6/50 train] batch 200/4045 (5.02 batch/s, ETA 12.8 min) loss_corrente=0.0154
    [epoch 6/50 train] batch 250/4045 (5.03 batch/s, ETA 12.6 min) loss_corrente=0.0130
    [epoch 6/50 train] batch 300/4045 (5.03 batch/s, ETA 12.4 min) loss_corrente=0.0132
    [epoch 6/50 train] batch 350/4045 (5.03 batch/s, ETA 12.2 min) loss_corrente=0.0115
    [epoch 6/50 train] batch 400/4045 (5.03 batch/s, ETA 12.1 min) loss_corrente=0.0103
    [epoch 6/50 train] batch 450/4045 (5.03 batch/s, ETA 11.9 min) loss_corrente=0.0093
    [epoch 6/50 train] batch 500/4045 (5.04 batch/s, ETA 11.7 min) loss_corrente=0.0086
    [epoch 6/50 train] batch 550/4045 (5.04 batch/s, ETA 11.6 min) loss_corrente=0.0089
    [epoch 6/50 train] batch 600/4045 (5.04 batch/s, ETA 11.4 min) loss_corrente=0.0091
    [epoch 6/50 train] batch 650/4045 (5.04 batch/s, ETA 11.2 min) loss_corrente=0.0088
    [epoch 6/50 train] batch 700/4045 (5.04 batch/s, ETA 11.1 min) loss_corrente=0.0083
    [epoch 6/50 train] batch 750/4045 (5.04 batch/s, ETA 10.9 min) loss_corrente=0.0079
    [epoch 6/50 train] batch 800/4045 (5.04 batch/s, ETA 10.7 min) loss_corrente=0.0081
    [epoch 6/50 train] batch 850/4045 (5.04 batch/s, ETA 10.6 min) loss_corrente=0.0082
    [epoch 6/50 train] batch 900/4045 (5.04 batch/s, ETA 10.4 min) loss_corrente=0.0082
    [epoch 6/50 train] batch 950/4045 (5.04 batch/s, ETA 10.2 min) loss_corrente=0.0079
    [epoch 6/50 train] batch 1000/4045 (5.04 batch/s, ETA 10.1 min) loss_corrente=0.0081
    [epoch 6/50 train] batch 1050/4045 (5.04 batch/s, ETA 9.9 min) loss_corrente=0.0082
    [epoch 6/50 train] batch 1100/4045 (5.04 batch/s, ETA 9.7 min) loss_corrente=0.0080
    [epoch 6/50 train] batch 1150/4045 (5.04 batch/s, ETA 9.6 min) loss_corrente=0.0078
    [epoch 6/50 train] batch 1200/4045 (5.04 batch/s, ETA 9.4 min) loss_corrente=0.0081
    [epoch 6/50 train] batch 1250/4045 (5.04 batch/s, ETA 9.2 min) loss_corrente=0.0082
    [epoch 6/50 train] batch 1300/4045 (5.04 batch/s, ETA 9.1 min) loss_corrente=0.0082
    [epoch 6/50 train] batch 1350/4045 (5.04 batch/s, ETA 8.9 min) loss_corrente=0.0082
    [epoch 6/50 train] batch 1400/4045 (5.04 batch/s, ETA 8.7 min) loss_corrente=0.0085
    [epoch 6/50 train] batch 1450/4045 (5.04 batch/s, ETA 8.6 min) loss_corrente=0.0084
    [epoch 6/50 train] batch 1500/4045 (5.04 batch/s, ETA 8.4 min) loss_corrente=0.0087
    [epoch 6/50 train] batch 1550/4045 (5.04 batch/s, ETA 8.2 min) loss_corrente=0.0090
    [epoch 6/50 train] batch 1600/4045 (5.04 batch/s, ETA 8.1 min) loss_corrente=0.0094
    [epoch 6/50 train] batch 1650/4045 (5.04 batch/s, ETA 7.9 min) loss_corrente=0.0093
    [epoch 6/50 train] batch 1700/4045 (5.04 batch/s, ETA 7.8 min) loss_corrente=0.0092
    [epoch 6/50 train] batch 1750/4045 (5.04 batch/s, ETA 7.6 min) loss_corrente=0.0092
    [epoch 6/50 train] batch 1800/4045 (5.04 batch/s, ETA 7.4 min) loss_corrente=0.0094
    [epoch 6/50 train] batch 1850/4045 (5.04 batch/s, ETA 7.3 min) loss_corrente=0.0093
    [epoch 6/50 train] batch 1900/4045 (5.04 batch/s, ETA 7.1 min) loss_corrente=0.0092
    [epoch 6/50 train] batch 1950/4045 (5.04 batch/s, ETA 6.9 min) loss_corrente=0.0092
    [epoch 6/50 train] batch 2000/4045 (5.04 batch/s, ETA 6.8 min) loss_corrente=0.0096
    [epoch 6/50 train] batch 2050/4045 (5.04 batch/s, ETA 6.6 min) loss_corrente=0.0096
    [epoch 6/50 train] batch 2100/4045 (5.04 batch/s, ETA 6.4 min) loss_corrente=0.0095
    [epoch 6/50 train] batch 2150/4045 (5.04 batch/s, ETA 6.3 min) loss_corrente=0.0093
    [epoch 6/50 train] batch 2200/4045 (5.04 batch/s, ETA 6.1 min) loss_corrente=0.0092
    [epoch 6/50 train] batch 2250/4045 (5.04 batch/s, ETA 5.9 min) loss_corrente=0.0097
    [epoch 6/50 train] batch 2300/4045 (5.04 batch/s, ETA 5.8 min) loss_corrente=0.0097
    [epoch 6/50 train] batch 2350/4045 (5.04 batch/s, ETA 5.6 min) loss_corrente=0.0096
    [epoch 6/50 train] batch 2400/4045 (5.04 batch/s, ETA 5.4 min) loss_corrente=0.0095
    [epoch 6/50 train] batch 2450/4045 (5.04 batch/s, ETA 5.3 min) loss_corrente=0.0095
    [epoch 6/50 train] batch 2500/4045 (5.04 batch/s, ETA 5.1 min) loss_corrente=0.0097
    [epoch 6/50 train] batch 2550/4045 (5.04 batch/s, ETA 4.9 min) loss_corrente=0.0100
    [epoch 6/50 train] batch 2600/4045 (5.04 batch/s, ETA 4.8 min) loss_corrente=0.0099
    [epoch 6/50 train] batch 2650/4045 (5.04 batch/s, ETA 4.6 min) loss_corrente=0.0098
    [epoch 6/50 train] batch 2700/4045 (5.04 batch/s, ETA 4.4 min) loss_corrente=0.0098
    [epoch 6/50 train] batch 2750/4045 (5.04 batch/s, ETA 4.3 min) loss_corrente=0.0098
    [epoch 6/50 train] batch 2800/4045 (5.04 batch/s, ETA 4.1 min) loss_corrente=0.0099
    [epoch 6/50 train] batch 2850/4045 (5.04 batch/s, ETA 4.0 min) loss_corrente=0.0098
    [epoch 6/50 train] batch 2900/4045 (5.04 batch/s, ETA 3.8 min) loss_corrente=0.0099
    [epoch 6/50 train] batch 2950/4045 (5.04 batch/s, ETA 3.6 min) loss_corrente=0.0098
    [epoch 6/50 train] batch 3000/4045 (5.04 batch/s, ETA 3.5 min) loss_corrente=0.0098
    [epoch 6/50 train] batch 3050/4045 (5.04 batch/s, ETA 3.3 min) loss_corrente=0.0099
    [epoch 6/50 train] batch 3100/4045 (5.04 batch/s, ETA 3.1 min) loss_corrente=0.0099
    [epoch 6/50 train] batch 3150/4045 (5.04 batch/s, ETA 3.0 min) loss_corrente=0.0098
    [epoch 6/50 train] batch 3200/4045 (5.04 batch/s, ETA 2.8 min) loss_corrente=0.0097
    [epoch 6/50 train] batch 3250/4045 (5.04 batch/s, ETA 2.6 min) loss_corrente=0.0096
    [epoch 6/50 train] batch 3300/4045 (5.04 batch/s, ETA 2.5 min) loss_corrente=0.0095
    [epoch 6/50 train] batch 3350/4045 (5.04 batch/s, ETA 2.3 min) loss_corrente=0.0096
    [epoch 6/50 train] batch 3400/4045 (5.04 batch/s, ETA 2.1 min) loss_corrente=0.0095
    [epoch 6/50 train] batch 3450/4045 (5.04 batch/s, ETA 2.0 min) loss_corrente=0.0097
    [epoch 6/50 train] batch 3500/4045 (5.04 batch/s, ETA 1.8 min) loss_corrente=0.0096
    [epoch 6/50 train] batch 3550/4045 (5.04 batch/s, ETA 1.6 min) loss_corrente=0.0097
    [epoch 6/50 train] batch 3600/4045 (5.04 batch/s, ETA 1.5 min) loss_corrente=0.0098
    [epoch 6/50 train] batch 3650/4045 (5.04 batch/s, ETA 1.3 min) loss_corrente=0.0099
    [epoch 6/50 train] batch 3700/4045 (5.04 batch/s, ETA 1.1 min) loss_corrente=0.0098
    [epoch 6/50 train] batch 3750/4045 (5.04 batch/s, ETA 1.0 min) loss_corrente=0.0097
    [epoch 6/50 train] batch 3800/4045 (5.04 batch/s, ETA 0.8 min) loss_corrente=0.0097
    [epoch 6/50 train] batch 3850/4045 (5.04 batch/s, ETA 0.6 min) loss_corrente=0.0098
    [epoch 6/50 train] batch 3900/4045 (5.04 batch/s, ETA 0.5 min) loss_corrente=0.0098
    [epoch 6/50 train] batch 3950/4045 (5.04 batch/s, ETA 0.3 min) loss_corrente=0.0099
    [epoch 6/50 train] batch 4000/4045 (5.04 batch/s, ETA 0.1 min) loss_corrente=0.0098
    [epoch 6/50 train] batch 4045/4045 (5.04 batch/s, ETA 0.0 min) loss_corrente=0.0097
    [epoch 6/50 val] batch 50/722 (11.35 batch/s, ETA 1.0 min) loss_corrente=0.1563
    [epoch 6/50 val] batch 100/722 (11.55 batch/s, ETA 0.9 min) loss_corrente=0.1049
    [epoch 6/50 val] batch 150/722 (11.61 batch/s, ETA 0.8 min) loss_corrente=0.1080
    [epoch 6/50 val] batch 200/722 (11.65 batch/s, ETA 0.7 min) loss_corrente=0.1236
    [epoch 6/50 val] batch 250/722 (11.67 batch/s, ETA 0.7 min) loss_corrente=0.1149
    [epoch 6/50 val] batch 300/722 (11.68 batch/s, ETA 0.6 min) loss_corrente=0.1070
    [epoch 6/50 val] batch 350/722 (11.69 batch/s, ETA 0.5 min) loss_corrente=0.0988
    [epoch 6/50 val] batch 400/722 (11.69 batch/s, ETA 0.5 min) loss_corrente=0.0954
    [epoch 6/50 val] batch 450/722 (11.70 batch/s, ETA 0.4 min) loss_corrente=0.0964
    [epoch 6/50 val] batch 500/722 (11.70 batch/s, ETA 0.3 min) loss_corrente=0.0945
    [epoch 6/50 val] batch 550/722 (11.71 batch/s, ETA 0.2 min) loss_corrente=0.0935
    [epoch 6/50 val] batch 600/722 (11.71 batch/s, ETA 0.2 min) loss_corrente=0.0941
    [epoch 6/50 val] batch 650/722 (11.71 batch/s, ETA 0.1 min) loss_corrente=0.0919
    [epoch 6/50 val] batch 700/722 (11.72 batch/s, ETA 0.0 min) loss_corrente=0.0879
    [epoch 6/50 val] batch 722/722 (11.72 batch/s, ETA 0.0 min) loss_corrente=0.0865
Epoch   6/50 | train_loss=0.0097 train_acc=0.997 | val_loss=0.0865 val_acc=0.983
    [epoch 7/50 train] batch 50/4045 (4.99 batch/s, ETA 13.4 min) loss_corrente=0.0006
    [epoch 7/50 train] batch 100/4045 (5.01 batch/s, ETA 13.1 min) loss_corrente=0.0046
    [epoch 7/50 train] batch 150/4045 (5.03 batch/s, ETA 12.9 min) loss_corrente=0.0038
    [epoch 7/50 train] batch 200/4045 (5.03 batch/s, ETA 12.7 min) loss_corrente=0.0040
    [epoch 7/50 train] batch 250/4045 (5.03 batch/s, ETA 12.6 min) loss_corrente=0.0053
    [epoch 7/50 train] batch 300/4045 (5.04 batch/s, ETA 12.4 min) loss_corrente=0.0047
    [epoch 7/50 train] batch 350/4045 (5.04 batch/s, ETA 12.2 min) loss_corrente=0.0041
    [epoch 7/50 train] batch 400/4045 (5.04 batch/s, ETA 12.1 min) loss_corrente=0.0039
    [epoch 7/50 train] batch 450/4045 (5.04 batch/s, ETA 11.9 min) loss_corrente=0.0044
    [epoch 7/50 train] batch 500/4045 (5.04 batch/s, ETA 11.7 min) loss_corrente=0.0048
    [epoch 7/50 train] batch 550/4045 (5.04 batch/s, ETA 11.6 min) loss_corrente=0.0045
    [epoch 7/50 train] batch 600/4045 (5.04 batch/s, ETA 11.4 min) loss_corrente=0.0042
    [epoch 7/50 train] batch 650/4045 (5.04 batch/s, ETA 11.2 min) loss_corrente=0.0039
    [epoch 7/50 train] batch 700/4045 (5.04 batch/s, ETA 11.1 min) loss_corrente=0.0041
    [epoch 7/50 train] batch 750/4045 (5.04 batch/s, ETA 10.9 min) loss_corrente=0.0041
    [epoch 7/50 train] batch 800/4045 (5.04 batch/s, ETA 10.7 min) loss_corrente=0.0043
    [epoch 7/50 train] batch 850/4045 (5.04 batch/s, ETA 10.6 min) loss_corrente=0.0051
    [epoch 7/50 train] batch 900/4045 (5.04 batch/s, ETA 10.4 min) loss_corrente=0.0052
    [epoch 7/50 train] batch 950/4045 (5.04 batch/s, ETA 10.2 min) loss_corrente=0.0061
    [epoch 7/50 train] batch 1000/4045 (5.04 batch/s, ETA 10.1 min) loss_corrente=0.0060
    [epoch 7/50 train] batch 1050/4045 (5.04 batch/s, ETA 9.9 min) loss_corrente=0.0058
    [epoch 7/50 train] batch 1100/4045 (5.04 batch/s, ETA 9.7 min) loss_corrente=0.0064
    [epoch 7/50 train] batch 1150/4045 (5.04 batch/s, ETA 9.6 min) loss_corrente=0.0064
    [epoch 7/50 train] batch 1200/4045 (5.04 batch/s, ETA 9.4 min) loss_corrente=0.0067
    [epoch 7/50 train] batch 1250/4045 (5.04 batch/s, ETA 9.2 min) loss_corrente=0.0065
    [epoch 7/50 train] batch 1300/4045 (5.04 batch/s, ETA 9.1 min) loss_corrente=0.0063
    [epoch 7/50 train] batch 1350/4045 (5.04 batch/s, ETA 8.9 min) loss_corrente=0.0066
    [epoch 7/50 train] batch 1400/4045 (5.04 batch/s, ETA 8.7 min) loss_corrente=0.0068
    [epoch 7/50 train] batch 1450/4045 (5.04 batch/s, ETA 8.6 min) loss_corrente=0.0069
    [epoch 7/50 train] batch 1500/4045 (5.04 batch/s, ETA 8.4 min) loss_corrente=0.0070
    [epoch 7/50 train] batch 1550/4045 (5.04 batch/s, ETA 8.2 min) loss_corrente=0.0076
    [epoch 7/50 train] batch 1600/4045 (5.04 batch/s, ETA 8.1 min) loss_corrente=0.0075
    [epoch 7/50 train] batch 1650/4045 (5.04 batch/s, ETA 7.9 min) loss_corrente=0.0074
    [epoch 7/50 train] batch 1700/4045 (5.04 batch/s, ETA 7.7 min) loss_corrente=0.0073
    [epoch 7/50 train] batch 1750/4045 (5.04 batch/s, ETA 7.6 min) loss_corrente=0.0072
    [epoch 7/50 train] batch 1800/4045 (5.04 batch/s, ETA 7.4 min) loss_corrente=0.0071
    [epoch 7/50 train] batch 1850/4045 (5.04 batch/s, ETA 7.3 min) loss_corrente=0.0069
    [epoch 7/50 train] batch 1900/4045 (5.04 batch/s, ETA 7.1 min) loss_corrente=0.0071
    [epoch 7/50 train] batch 1950/4045 (5.04 batch/s, ETA 6.9 min) loss_corrente=0.0070
    [epoch 7/50 train] batch 2000/4045 (5.04 batch/s, ETA 6.8 min) loss_corrente=0.0070
    [epoch 7/50 train] batch 2050/4045 (5.04 batch/s, ETA 6.6 min) loss_corrente=0.0069
    [epoch 7/50 train] batch 2100/4045 (5.04 batch/s, ETA 6.4 min) loss_corrente=0.0068
    [epoch 7/50 train] batch 2150/4045 (5.04 batch/s, ETA 6.3 min) loss_corrente=0.0067
    [epoch 7/50 train] batch 2200/4045 (5.04 batch/s, ETA 6.1 min) loss_corrente=0.0066
    [epoch 7/50 train] batch 2250/4045 (5.04 batch/s, ETA 5.9 min) loss_corrente=0.0065
    [epoch 7/50 train] batch 2300/4045 (5.04 batch/s, ETA 5.8 min) loss_corrente=0.0065
    [epoch 7/50 train] batch 2350/4045 (5.04 batch/s, ETA 5.6 min) loss_corrente=0.0064
    [epoch 7/50 train] batch 2400/4045 (5.04 batch/s, ETA 5.4 min) loss_corrente=0.0065
    [epoch 7/50 train] batch 2450/4045 (5.04 batch/s, ETA 5.3 min) loss_corrente=0.0067
    [epoch 7/50 train] batch 2500/4045 (5.04 batch/s, ETA 5.1 min) loss_corrente=0.0066
    [epoch 7/50 train] batch 2550/4045 (5.04 batch/s, ETA 4.9 min) loss_corrente=0.0067
    [epoch 7/50 train] batch 2600/4045 (5.04 batch/s, ETA 4.8 min) loss_corrente=0.0066
    [epoch 7/50 train] batch 2650/4045 (5.04 batch/s, ETA 4.6 min) loss_corrente=0.0066
    [epoch 7/50 train] batch 2700/4045 (5.04 batch/s, ETA 4.4 min) loss_corrente=0.0067
    [epoch 7/50 train] batch 2750/4045 (5.04 batch/s, ETA 4.3 min) loss_corrente=0.0068
    [epoch 7/50 train] batch 2800/4045 (5.04 batch/s, ETA 4.1 min) loss_corrente=0.0070
    [epoch 7/50 train] batch 2850/4045 (5.04 batch/s, ETA 3.9 min) loss_corrente=0.0071
    [epoch 7/50 train] batch 2900/4045 (5.04 batch/s, ETA 3.8 min) loss_corrente=0.0072
    [epoch 7/50 train] batch 2950/4045 (5.04 batch/s, ETA 3.6 min) loss_corrente=0.0071
    [epoch 7/50 train] batch 3000/4045 (5.04 batch/s, ETA 3.5 min) loss_corrente=0.0073
    [epoch 7/50 train] batch 3050/4045 (5.04 batch/s, ETA 3.3 min) loss_corrente=0.0073
    [epoch 7/50 train] batch 3100/4045 (5.04 batch/s, ETA 3.1 min) loss_corrente=0.0074
    [epoch 7/50 train] batch 3150/4045 (5.04 batch/s, ETA 3.0 min) loss_corrente=0.0073
    [epoch 7/50 train] batch 3200/4045 (5.04 batch/s, ETA 2.8 min) loss_corrente=0.0073
    [epoch 7/50 train] batch 3250/4045 (5.04 batch/s, ETA 2.6 min) loss_corrente=0.0072
    [epoch 7/50 train] batch 3300/4045 (5.04 batch/s, ETA 2.5 min) loss_corrente=0.0071
    [epoch 7/50 train] batch 3350/4045 (5.04 batch/s, ETA 2.3 min) loss_corrente=0.0072
    [epoch 7/50 train] batch 3400/4045 (5.04 batch/s, ETA 2.1 min) loss_corrente=0.0071
    [epoch 7/50 train] batch 3450/4045 (5.04 batch/s, ETA 2.0 min) loss_corrente=0.0070
    [epoch 7/50 train] batch 3500/4045 (5.04 batch/s, ETA 1.8 min) loss_corrente=0.0070
    [epoch 7/50 train] batch 3550/4045 (5.04 batch/s, ETA 1.6 min) loss_corrente=0.0069
    [epoch 7/50 train] batch 3600/4045 (5.04 batch/s, ETA 1.5 min) loss_corrente=0.0070
    [epoch 7/50 train] batch 3650/4045 (5.04 batch/s, ETA 1.3 min) loss_corrente=0.0070
    [epoch 7/50 train] batch 3700/4045 (5.04 batch/s, ETA 1.1 min) loss_corrente=0.0069
    [epoch 7/50 train] batch 3750/4045 (5.04 batch/s, ETA 1.0 min) loss_corrente=0.0069
    [epoch 7/50 train] batch 3800/4045 (5.04 batch/s, ETA 0.8 min) loss_corrente=0.0070
    [epoch 7/50 train] batch 3850/4045 (5.04 batch/s, ETA 0.6 min) loss_corrente=0.0071
    [epoch 7/50 train] batch 3900/4045 (5.04 batch/s, ETA 0.5 min) loss_corrente=0.0074
    [epoch 7/50 train] batch 3950/4045 (5.04 batch/s, ETA 0.3 min) loss_corrente=0.0075
    [epoch 7/50 train] batch 4000/4045 (5.04 batch/s, ETA 0.1 min) loss_corrente=0.0075
    [epoch 7/50 train] batch 4045/4045 (5.04 batch/s, ETA 0.0 min) loss_corrente=0.0074
    [epoch 7/50 val] batch 50/722 (11.28 batch/s, ETA 1.0 min) loss_corrente=0.1309
    [epoch 7/50 val] batch 100/722 (11.51 batch/s, ETA 0.9 min) loss_corrente=0.0988
    [epoch 7/50 val] batch 150/722 (11.59 batch/s, ETA 0.8 min) loss_corrente=0.1118
    [epoch 7/50 val] batch 200/722 (11.62 batch/s, ETA 0.7 min) loss_corrente=0.1243
    [epoch 7/50 val] batch 250/722 (11.65 batch/s, ETA 0.7 min) loss_corrente=0.1101
    [epoch 7/50 val] batch 300/722 (11.66 batch/s, ETA 0.6 min) loss_corrente=0.1020
    [epoch 7/50 val] batch 350/722 (11.68 batch/s, ETA 0.5 min) loss_corrente=0.0931
    [epoch 7/50 val] batch 400/722 (11.68 batch/s, ETA 0.5 min) loss_corrente=0.0937
    [epoch 7/50 val] batch 450/722 (11.69 batch/s, ETA 0.4 min) loss_corrente=0.0940
    [epoch 7/50 val] batch 500/722 (11.69 batch/s, ETA 0.3 min) loss_corrente=0.0937
    [epoch 7/50 val] batch 550/722 (11.69 batch/s, ETA 0.2 min) loss_corrente=0.0945
    [epoch 7/50 val] batch 600/722 (11.69 batch/s, ETA 0.2 min) loss_corrente=0.0952
    [epoch 7/50 val] batch 650/722 (11.70 batch/s, ETA 0.1 min) loss_corrente=0.0926
    [epoch 7/50 val] batch 700/722 (11.70 batch/s, ETA 0.0 min) loss_corrente=0.0906
    [epoch 7/50 val] batch 722/722 (11.70 batch/s, ETA 0.0 min) loss_corrente=0.0902
Epoch   7/50 | train_loss=0.0074 train_acc=0.997 | val_loss=0.0902 val_acc=0.983
    [epoch 8/50 train] batch 50/4045 (4.99 batch/s, ETA 13.3 min) loss_corrente=0.0055
    [epoch 8/50 train] batch 100/4045 (5.02 batch/s, ETA 13.1 min) loss_corrente=0.0035
    [epoch 8/50 train] batch 150/4045 (5.03 batch/s, ETA 12.9 min) loss_corrente=0.0031
    [epoch 8/50 train] batch 200/4045 (5.03 batch/s, ETA 12.7 min) loss_corrente=0.0025
    [epoch 8/50 train] batch 250/4045 (5.03 batch/s, ETA 12.6 min) loss_corrente=0.0024
    [epoch 8/50 train] batch 300/4045 (5.04 batch/s, ETA 12.4 min) loss_corrente=0.0020
    [epoch 8/50 train] batch 350/4045 (5.04 batch/s, ETA 12.2 min) loss_corrente=0.0018
    [epoch 8/50 train] batch 400/4045 (5.04 batch/s, ETA 12.1 min) loss_corrente=0.0018
    [epoch 8/50 train] batch 450/4045 (5.04 batch/s, ETA 11.9 min) loss_corrente=0.0016
    [epoch 8/50 train] batch 500/4045 (5.04 batch/s, ETA 11.7 min) loss_corrente=0.0016
    [epoch 8/50 train] batch 550/4045 (5.04 batch/s, ETA 11.6 min) loss_corrente=0.0019
    [epoch 8/50 train] batch 600/4045 (5.04 batch/s, ETA 11.4 min) loss_corrente=0.0018
    [epoch 8/50 train] batch 650/4045 (5.04 batch/s, ETA 11.2 min) loss_corrente=0.0031
    [epoch 8/50 train] batch 700/4045 (5.04 batch/s, ETA 11.1 min) loss_corrente=0.0030
    [epoch 8/50 train] batch 750/4045 (5.04 batch/s, ETA 10.9 min) loss_corrente=0.0036
    [epoch 8/50 train] batch 800/4045 (5.04 batch/s, ETA 10.7 min) loss_corrente=0.0034
    [epoch 8/50 train] batch 850/4045 (5.04 batch/s, ETA 10.6 min) loss_corrente=0.0032
    [epoch 8/50 train] batch 900/4045 (5.04 batch/s, ETA 10.4 min) loss_corrente=0.0030
    [epoch 8/50 train] batch 950/4045 (5.04 batch/s, ETA 10.2 min) loss_corrente=0.0029
    [epoch 8/50 train] batch 1000/4045 (5.04 batch/s, ETA 10.1 min) loss_corrente=0.0028
    [epoch 8/50 train] batch 1050/4045 (5.04 batch/s, ETA 9.9 min) loss_corrente=0.0026
    [epoch 8/50 train] batch 1100/4045 (5.04 batch/s, ETA 9.7 min) loss_corrente=0.0026
    [epoch 8/50 train] batch 1150/4045 (5.04 batch/s, ETA 9.6 min) loss_corrente=0.0025
    [epoch 8/50 train] batch 1200/4045 (5.04 batch/s, ETA 9.4 min) loss_corrente=0.0027
    [epoch 8/50 train] batch 1250/4045 (5.04 batch/s, ETA 9.2 min) loss_corrente=0.0032
    [epoch 8/50 train] batch 1300/4045 (5.04 batch/s, ETA 9.1 min) loss_corrente=0.0031
    [epoch 8/50 train] batch 1350/4045 (5.04 batch/s, ETA 8.9 min) loss_corrente=0.0030
    [epoch 8/50 train] batch 1400/4045 (5.04 batch/s, ETA 8.7 min) loss_corrente=0.0038
    [epoch 8/50 train] batch 1450/4045 (5.04 batch/s, ETA 8.6 min) loss_corrente=0.0037
    [epoch 8/50 train] batch 1500/4045 (5.04 batch/s, ETA 8.4 min) loss_corrente=0.0037
    [epoch 8/50 train] batch 1550/4045 (5.04 batch/s, ETA 8.2 min) loss_corrente=0.0036
    [epoch 8/50 train] batch 1600/4045 (5.04 batch/s, ETA 8.1 min) loss_corrente=0.0035
    [epoch 8/50 train] batch 1650/4045 (5.04 batch/s, ETA 7.9 min) loss_corrente=0.0036
    [epoch 8/50 train] batch 1700/4045 (5.04 batch/s, ETA 7.7 min) loss_corrente=0.0036
    [epoch 8/50 train] batch 1750/4045 (5.04 batch/s, ETA 7.6 min) loss_corrente=0.0042
    [epoch 8/50 train] batch 1800/4045 (5.04 batch/s, ETA 7.4 min) loss_corrente=0.0043
    [epoch 8/50 train] batch 1850/4045 (5.04 batch/s, ETA 7.3 min) loss_corrente=0.0046
    [epoch 8/50 train] batch 1900/4045 (5.04 batch/s, ETA 7.1 min) loss_corrente=0.0046
    [epoch 8/50 train] batch 1950/4045 (5.04 batch/s, ETA 6.9 min) loss_corrente=0.0048
    [epoch 8/50 train] batch 2000/4045 (5.04 batch/s, ETA 6.8 min) loss_corrente=0.0047
    [epoch 8/50 train] batch 2050/4045 (5.04 batch/s, ETA 6.6 min) loss_corrente=0.0047
    [epoch 8/50 train] batch 2100/4045 (5.04 batch/s, ETA 6.4 min) loss_corrente=0.0047
    [epoch 8/50 train] batch 2150/4045 (5.04 batch/s, ETA 6.3 min) loss_corrente=0.0046
    [epoch 8/50 train] batch 2200/4045 (5.04 batch/s, ETA 6.1 min) loss_corrente=0.0046
    [epoch 8/50 train] batch 2250/4045 (5.04 batch/s, ETA 5.9 min) loss_corrente=0.0046
    [epoch 8/50 train] batch 2300/4045 (5.04 batch/s, ETA 5.8 min) loss_corrente=0.0045
    [epoch 8/50 train] batch 2350/4045 (5.04 batch/s, ETA 5.6 min) loss_corrente=0.0044
    [epoch 8/50 train] batch 2400/4045 (5.04 batch/s, ETA 5.4 min) loss_corrente=0.0044
    [epoch 8/50 train] batch 2450/4045 (5.04 batch/s, ETA 5.3 min) loss_corrente=0.0043
    [epoch 8/50 train] batch 2500/4045 (5.04 batch/s, ETA 5.1 min) loss_corrente=0.0042
    [epoch 8/50 train] batch 2550/4045 (5.04 batch/s, ETA 4.9 min) loss_corrente=0.0042
    [epoch 8/50 train] batch 2600/4045 (5.04 batch/s, ETA 4.8 min) loss_corrente=0.0042
    [epoch 8/50 train] batch 2650/4045 (5.04 batch/s, ETA 4.6 min) loss_corrente=0.0043
    [epoch 8/50 train] batch 2700/4045 (5.04 batch/s, ETA 4.4 min) loss_corrente=0.0043
    [epoch 8/50 train] batch 2750/4045 (5.04 batch/s, ETA 4.3 min) loss_corrente=0.0042
    [epoch 8/50 train] batch 2800/4045 (5.04 batch/s, ETA 4.1 min) loss_corrente=0.0042
    [epoch 8/50 train] batch 2850/4045 (5.04 batch/s, ETA 3.9 min) loss_corrente=0.0044
    [epoch 8/50 train] batch 2900/4045 (5.04 batch/s, ETA 3.8 min) loss_corrente=0.0044
    [epoch 8/50 train] batch 2950/4045 (5.04 batch/s, ETA 3.6 min) loss_corrente=0.0053
    [epoch 8/50 train] batch 3000/4045 (5.04 batch/s, ETA 3.5 min) loss_corrente=0.0057
    [epoch 8/50 train] batch 3050/4045 (5.04 batch/s, ETA 3.3 min) loss_corrente=0.0057
    [epoch 8/50 train] batch 3100/4045 (5.04 batch/s, ETA 3.1 min) loss_corrente=0.0058
    [epoch 8/50 train] batch 3150/4045 (5.04 batch/s, ETA 3.0 min) loss_corrente=0.0057
    [epoch 8/50 train] batch 3200/4045 (5.04 batch/s, ETA 2.8 min) loss_corrente=0.0058
    [epoch 8/50 train] batch 3250/4045 (5.04 batch/s, ETA 2.6 min) loss_corrente=0.0058
    [epoch 8/50 train] batch 3300/4045 (5.04 batch/s, ETA 2.5 min) loss_corrente=0.0058
    [epoch 8/50 train] batch 3350/4045 (5.04 batch/s, ETA 2.3 min) loss_corrente=0.0058
    [epoch 8/50 train] batch 3400/4045 (5.04 batch/s, ETA 2.1 min) loss_corrente=0.0058
    [epoch 8/50 train] batch 3450/4045 (5.04 batch/s, ETA 2.0 min) loss_corrente=0.0059
    [epoch 8/50 train] batch 3500/4045 (5.04 batch/s, ETA 1.8 min) loss_corrente=0.0059
    [epoch 8/50 train] batch 3550/4045 (5.04 batch/s, ETA 1.6 min) loss_corrente=0.0060
    [epoch 8/50 train] batch 3600/4045 (5.04 batch/s, ETA 1.5 min) loss_corrente=0.0060
    [epoch 8/50 train] batch 3650/4045 (5.04 batch/s, ETA 1.3 min) loss_corrente=0.0060
    [epoch 8/50 train] batch 3700/4045 (5.04 batch/s, ETA 1.1 min) loss_corrente=0.0059
    [epoch 8/50 train] batch 3750/4045 (5.04 batch/s, ETA 1.0 min) loss_corrente=0.0059
    [epoch 8/50 train] batch 3800/4045 (5.04 batch/s, ETA 0.8 min) loss_corrente=0.0059
    [epoch 8/50 train] batch 3850/4045 (5.04 batch/s, ETA 0.6 min) loss_corrente=0.0059
    [epoch 8/50 train] batch 3900/4045 (5.04 batch/s, ETA 0.5 min) loss_corrente=0.0059
    [epoch 8/50 train] batch 3950/4045 (5.04 batch/s, ETA 0.3 min) loss_corrente=0.0059
    [epoch 8/50 train] batch 4000/4045 (5.04 batch/s, ETA 0.1 min) loss_corrente=0.0059
    [epoch 8/50 train] batch 4045/4045 (5.04 batch/s, ETA 0.0 min) loss_corrente=0.0058
    [epoch 8/50 val] batch 50/722 (11.35 batch/s, ETA 1.0 min) loss_corrente=0.1504
    [epoch 8/50 val] batch 100/722 (11.54 batch/s, ETA 0.9 min) loss_corrente=0.1113
    [epoch 8/50 val] batch 150/722 (11.61 batch/s, ETA 0.8 min) loss_corrente=0.1170
    [epoch 8/50 val] batch 200/722 (11.64 batch/s, ETA 0.7 min) loss_corrente=0.1439
    [epoch 8/50 val] batch 250/722 (11.66 batch/s, ETA 0.7 min) loss_corrente=0.1354
    [epoch 8/50 val] batch 300/722 (11.68 batch/s, ETA 0.6 min) loss_corrente=0.1255
    [epoch 8/50 val] batch 350/722 (11.68 batch/s, ETA 0.5 min) loss_corrente=0.1139
    [epoch 8/50 val] batch 400/722 (11.69 batch/s, ETA 0.5 min) loss_corrente=0.1097
    [epoch 8/50 val] batch 450/722 (11.70 batch/s, ETA 0.4 min) loss_corrente=0.1110
    [epoch 8/50 val] batch 500/722 (11.70 batch/s, ETA 0.3 min) loss_corrente=0.1096
    [epoch 8/50 val] batch 550/722 (11.70 batch/s, ETA 0.2 min) loss_corrente=0.1048
    [epoch 8/50 val] batch 600/722 (11.71 batch/s, ETA 0.2 min) loss_corrente=0.1062
    [epoch 8/50 val] batch 650/722 (11.71 batch/s, ETA 0.1 min) loss_corrente=0.1041
    [epoch 8/50 val] batch 700/722 (11.71 batch/s, ETA 0.0 min) loss_corrente=0.1011
    [epoch 8/50 val] batch 722/722 (11.71 batch/s, ETA 0.0 min) loss_corrente=0.1002
Epoch   8/50 | train_loss=0.0058 train_acc=0.998 | val_loss=0.1002 val_acc=0.984
    [epoch 9/50 train] batch 50/4045 (4.97 batch/s, ETA 13.4 min) loss_corrente=0.0056
    [epoch 9/50 train] batch 100/4045 (5.01 batch/s, ETA 13.1 min) loss_corrente=0.0106
    [epoch 9/50 train] batch 150/4045 (5.02 batch/s, ETA 12.9 min) loss_corrente=0.0097
    [epoch 9/50 train] batch 200/4045 (5.03 batch/s, ETA 12.7 min) loss_corrente=0.0075
    [epoch 9/50 train] batch 250/4045 (5.03 batch/s, ETA 12.6 min) loss_corrente=0.0064
    [epoch 9/50 train] batch 300/4045 (5.04 batch/s, ETA 12.4 min) loss_corrente=0.0057
    [epoch 9/50 train] batch 350/4045 (5.04 batch/s, ETA 12.2 min) loss_corrente=0.0057
    [epoch 9/50 train] batch 400/4045 (5.04 batch/s, ETA 12.1 min) loss_corrente=0.0051
    [epoch 9/50 train] batch 450/4045 (5.04 batch/s, ETA 11.9 min) loss_corrente=0.0049
    [epoch 9/50 train] batch 500/4045 (5.04 batch/s, ETA 11.7 min) loss_corrente=0.0045
    [epoch 9/50 train] batch 550/4045 (5.04 batch/s, ETA 11.6 min) loss_corrente=0.0045
    [epoch 9/50 train] batch 600/4045 (5.04 batch/s, ETA 11.4 min) loss_corrente=0.0048
    [epoch 9/50 train] batch 650/4045 (5.04 batch/s, ETA 11.2 min) loss_corrente=0.0047
    [epoch 9/50 train] batch 700/4045 (5.04 batch/s, ETA 11.1 min) loss_corrente=0.0054
    [epoch 9/50 train] batch 750/4045 (5.04 batch/s, ETA 10.9 min) loss_corrente=0.0064
    [epoch 9/50 train] batch 800/4045 (5.04 batch/s, ETA 10.7 min) loss_corrente=0.0067
    [epoch 9/50 train] batch 850/4045 (5.04 batch/s, ETA 10.6 min) loss_corrente=0.0068
    [epoch 9/50 train] batch 900/4045 (5.04 batch/s, ETA 10.4 min) loss_corrente=0.0065
    [epoch 9/50 train] batch 950/4045 (5.04 batch/s, ETA 10.2 min) loss_corrente=0.0062
    [epoch 9/50 train] batch 1000/4045 (5.04 batch/s, ETA 10.1 min) loss_corrente=0.0059
    [epoch 9/50 train] batch 1050/4045 (5.04 batch/s, ETA 9.9 min) loss_corrente=0.0057
    [epoch 9/50 train] batch 1100/4045 (5.04 batch/s, ETA 9.7 min) loss_corrente=0.0055
    [epoch 9/50 train] batch 1150/4045 (5.04 batch/s, ETA 9.6 min) loss_corrente=0.0053
    [epoch 9/50 train] batch 1200/4045 (5.04 batch/s, ETA 9.4 min) loss_corrente=0.0052
    [epoch 9/50 train] batch 1250/4045 (5.04 batch/s, ETA 9.2 min) loss_corrente=0.0051
    [epoch 9/50 train] batch 1300/4045 (5.04 batch/s, ETA 9.1 min) loss_corrente=0.0051
    [epoch 9/50 train] batch 1350/4045 (5.04 batch/s, ETA 8.9 min) loss_corrente=0.0049
    [epoch 9/50 train] batch 1400/4045 (5.04 batch/s, ETA 8.7 min) loss_corrente=0.0049
    [epoch 9/50 train] batch 1450/4045 (5.04 batch/s, ETA 8.6 min) loss_corrente=0.0049
    [epoch 9/50 train] batch 1500/4045 (5.04 batch/s, ETA 8.4 min) loss_corrente=0.0048
    [epoch 9/50 train] batch 1550/4045 (5.04 batch/s, ETA 8.2 min) loss_corrente=0.0049
    [epoch 9/50 train] batch 1600/4045 (5.04 batch/s, ETA 8.1 min) loss_corrente=0.0049
    [epoch 9/50 train] batch 1650/4045 (5.04 batch/s, ETA 7.9 min) loss_corrente=0.0048
    [epoch 9/50 train] batch 1700/4045 (5.04 batch/s, ETA 7.7 min) loss_corrente=0.0048
    [epoch 9/50 train] batch 1750/4045 (5.04 batch/s, ETA 7.6 min) loss_corrente=0.0048
    [epoch 9/50 train] batch 1800/4045 (5.04 batch/s, ETA 7.4 min) loss_corrente=0.0052
    [epoch 9/50 train] batch 1850/4045 (5.04 batch/s, ETA 7.3 min) loss_corrente=0.0053
    [epoch 9/50 train] batch 1900/4045 (5.04 batch/s, ETA 7.1 min) loss_corrente=0.0052
    [epoch 9/50 train] batch 1950/4045 (5.04 batch/s, ETA 6.9 min) loss_corrente=0.0051
    [epoch 9/50 train] batch 2000/4045 (5.04 batch/s, ETA 6.8 min) loss_corrente=0.0051
    [epoch 9/50 train] batch 2050/4045 (5.04 batch/s, ETA 6.6 min) loss_corrente=0.0052
    [epoch 9/50 train] batch 2100/4045 (5.04 batch/s, ETA 6.4 min) loss_corrente=0.0051
    [epoch 9/50 train] batch 2150/4045 (5.04 batch/s, ETA 6.3 min) loss_corrente=0.0051
    [epoch 9/50 train] batch 2200/4045 (5.04 batch/s, ETA 6.1 min) loss_corrente=0.0051
    [epoch 9/50 train] batch 2250/4045 (5.05 batch/s, ETA 5.9 min) loss_corrente=0.0051
    [epoch 9/50 train] batch 2300/4045 (5.05 batch/s, ETA 5.8 min) loss_corrente=0.0051
    [epoch 9/50 train] batch 2350/4045 (5.05 batch/s, ETA 5.6 min) loss_corrente=0.0051
    [epoch 9/50 train] batch 2400/4045 (5.05 batch/s, ETA 5.4 min) loss_corrente=0.0050
    [epoch 9/50 train] batch 2450/4045 (5.05 batch/s, ETA 5.3 min) loss_corrente=0.0049
    [epoch 9/50 train] batch 2500/4045 (5.05 batch/s, ETA 5.1 min) loss_corrente=0.0051
    [epoch 9/50 train] batch 2550/4045 (5.05 batch/s, ETA 4.9 min) loss_corrente=0.0050
    [epoch 9/50 train] batch 2600/4045 (5.05 batch/s, ETA 4.8 min) loss_corrente=0.0050
    [epoch 9/50 train] batch 2650/4045 (5.05 batch/s, ETA 4.6 min) loss_corrente=0.0050
    [epoch 9/50 train] batch 2700/4045 (5.05 batch/s, ETA 4.4 min) loss_corrente=0.0049
    [epoch 9/50 train] batch 2750/4045 (5.05 batch/s, ETA 4.3 min) loss_corrente=0.0049
    [epoch 9/50 train] batch 2800/4045 (5.05 batch/s, ETA 4.1 min) loss_corrente=0.0048
    [epoch 9/50 train] batch 2850/4045 (5.05 batch/s, ETA 3.9 min) loss_corrente=0.0051
    [epoch 9/50 train] batch 2900/4045 (5.05 batch/s, ETA 3.8 min) loss_corrente=0.0050
    [epoch 9/50 train] batch 2950/4045 (5.05 batch/s, ETA 3.6 min) loss_corrente=0.0050
    [epoch 9/50 train] batch 3000/4045 (5.05 batch/s, ETA 3.5 min) loss_corrente=0.0052
    [epoch 9/50 train] batch 3050/4045 (5.05 batch/s, ETA 3.3 min) loss_corrente=0.0051
    [epoch 9/50 train] batch 3100/4045 (5.05 batch/s, ETA 3.1 min) loss_corrente=0.0051
    [epoch 9/50 train] batch 3150/4045 (5.05 batch/s, ETA 3.0 min) loss_corrente=0.0050
    [epoch 9/50 train] batch 3200/4045 (5.05 batch/s, ETA 2.8 min) loss_corrente=0.0050
    [epoch 9/50 train] batch 3250/4045 (5.05 batch/s, ETA 2.6 min) loss_corrente=0.0050
    [epoch 9/50 train] batch 3300/4045 (5.05 batch/s, ETA 2.5 min) loss_corrente=0.0049
    [epoch 9/50 train] batch 3350/4045 (5.05 batch/s, ETA 2.3 min) loss_corrente=0.0049
    [epoch 9/50 train] batch 3400/4045 (5.05 batch/s, ETA 2.1 min) loss_corrente=0.0048
    [epoch 9/50 train] batch 3450/4045 (5.05 batch/s, ETA 2.0 min) loss_corrente=0.0048
    [epoch 9/50 train] batch 3500/4045 (5.05 batch/s, ETA 1.8 min) loss_corrente=0.0047
    [epoch 9/50 train] batch 3550/4045 (5.05 batch/s, ETA 1.6 min) loss_corrente=0.0047
    [epoch 9/50 train] batch 3600/4045 (5.05 batch/s, ETA 1.5 min) loss_corrente=0.0048
    [epoch 9/50 train] batch 3650/4045 (5.05 batch/s, ETA 1.3 min) loss_corrente=0.0047
    [epoch 9/50 train] batch 3700/4045 (5.05 batch/s, ETA 1.1 min) loss_corrente=0.0046
    [epoch 9/50 train] batch 3750/4045 (5.05 batch/s, ETA 1.0 min) loss_corrente=0.0047
    [epoch 9/50 train] batch 3800/4045 (5.05 batch/s, ETA 0.8 min) loss_corrente=0.0047
    [epoch 9/50 train] batch 3850/4045 (5.05 batch/s, ETA 0.6 min) loss_corrente=0.0046
    [epoch 9/50 train] batch 3900/4045 (5.05 batch/s, ETA 0.5 min) loss_corrente=0.0046
    [epoch 9/50 train] batch 3950/4045 (5.05 batch/s, ETA 0.3 min) loss_corrente=0.0046
    [epoch 9/50 train] batch 4000/4045 (5.05 batch/s, ETA 0.1 min) loss_corrente=0.0046
    [epoch 9/50 train] batch 4045/4045 (5.05 batch/s, ETA 0.0 min) loss_corrente=0.0045
    [epoch 9/50 val] batch 50/722 (11.39 batch/s, ETA 1.0 min) loss_corrente=0.2354
    [epoch 9/50 val] batch 100/722 (11.57 batch/s, ETA 0.9 min) loss_corrente=0.1398
    [epoch 9/50 val] batch 150/722 (11.62 batch/s, ETA 0.8 min) loss_corrente=0.1467
    [epoch 9/50 val] batch 200/722 (11.65 batch/s, ETA 0.7 min) loss_corrente=0.1666
    [epoch 9/50 val] batch 250/722 (11.67 batch/s, ETA 0.7 min) loss_corrente=0.1495
    [epoch 9/50 val] batch 300/722 (11.68 batch/s, ETA 0.6 min) loss_corrente=0.1445
    [epoch 9/50 val] batch 350/722 (11.69 batch/s, ETA 0.5 min) loss_corrente=0.1290
    [epoch 9/50 val] batch 400/722 (11.69 batch/s, ETA 0.5 min) loss_corrente=0.1247
    [epoch 9/50 val] batch 450/722 (11.70 batch/s, ETA 0.4 min) loss_corrente=0.1228
    [epoch 9/50 val] batch 500/722 (11.70 batch/s, ETA 0.3 min) loss_corrente=0.1225
    [epoch 9/50 val] batch 550/722 (11.70 batch/s, ETA 0.2 min) loss_corrente=0.1182
    [epoch 9/50 val] batch 600/722 (11.70 batch/s, ETA 0.2 min) loss_corrente=0.1208
    [epoch 9/50 val] batch 650/722 (11.71 batch/s, ETA 0.1 min) loss_corrente=0.1184
    [epoch 9/50 val] batch 700/722 (11.71 batch/s, ETA 0.0 min) loss_corrente=0.1165
    [epoch 9/50 val] batch 722/722 (11.71 batch/s, ETA 0.0 min) loss_corrente=0.1143
Epoch   9/50 | train_loss=0.0045 train_acc=0.999 | val_loss=0.1143 val_acc=0.984
    [epoch 10/50 train] batch 50/4045 (4.96 batch/s, ETA 13.4 min) loss_corrente=0.0008
    [epoch 10/50 train] batch 100/4045 (5.00 batch/s, ETA 13.1 min) loss_corrente=0.0025
    [epoch 10/50 train] batch 150/4045 (5.02 batch/s, ETA 12.9 min) loss_corrente=0.0077
    [epoch 10/50 train] batch 200/4045 (5.03 batch/s, ETA 12.8 min) loss_corrente=0.0090
    [epoch 10/50 train] batch 250/4045 (5.03 batch/s, ETA 12.6 min) loss_corrente=0.0074
    [epoch 10/50 train] batch 300/4045 (5.03 batch/s, ETA 12.4 min) loss_corrente=0.0062
    [epoch 10/50 train] batch 350/4045 (5.04 batch/s, ETA 12.2 min) loss_corrente=0.0056
    [epoch 10/50 train] batch 400/4045 (5.04 batch/s, ETA 12.1 min) loss_corrente=0.0073
    [epoch 10/50 train] batch 450/4045 (5.04 batch/s, ETA 11.9 min) loss_corrente=0.0082
    [epoch 10/50 train] batch 500/4045 (5.04 batch/s, ETA 11.7 min) loss_corrente=0.0081
    [epoch 10/50 train] batch 550/4045 (5.04 batch/s, ETA 11.6 min) loss_corrente=0.0083
    [epoch 10/50 train] batch 600/4045 (5.04 batch/s, ETA 11.4 min) loss_corrente=0.0089
    [epoch 10/50 train] batch 650/4045 (5.04 batch/s, ETA 11.2 min) loss_corrente=0.0087
    [epoch 10/50 train] batch 700/4045 (5.04 batch/s, ETA 11.1 min) loss_corrente=0.0083
    [epoch 10/50 train] batch 750/4045 (5.04 batch/s, ETA 10.9 min) loss_corrente=0.0078
    [epoch 10/50 train] batch 800/4045 (5.04 batch/s, ETA 10.7 min) loss_corrente=0.0074
    [epoch 10/50 train] batch 850/4045 (5.04 batch/s, ETA 10.6 min) loss_corrente=0.0071
    [epoch 10/50 train] batch 900/4045 (5.04 batch/s, ETA 10.4 min) loss_corrente=0.0068
    [epoch 10/50 train] batch 950/4045 (5.04 batch/s, ETA 10.2 min) loss_corrente=0.0065
    [epoch 10/50 train] batch 1000/4045 (5.04 batch/s, ETA 10.1 min) loss_corrente=0.0062
    [epoch 10/50 train] batch 1050/4045 (5.04 batch/s, ETA 9.9 min) loss_corrente=0.0060
    [epoch 10/50 train] batch 1100/4045 (5.04 batch/s, ETA 9.7 min) loss_corrente=0.0059
    [epoch 10/50 train] batch 1150/4045 (5.04 batch/s, ETA 9.6 min) loss_corrente=0.0059
    [epoch 10/50 train] batch 1200/4045 (5.04 batch/s, ETA 9.4 min) loss_corrente=0.0060
    [epoch 10/50 train] batch 1250/4045 (5.04 batch/s, ETA 9.2 min) loss_corrente=0.0058
    [epoch 10/50 train] batch 1300/4045 (5.04 batch/s, ETA 9.1 min) loss_corrente=0.0057
    [epoch 10/50 train] batch 1350/4045 (5.04 batch/s, ETA 8.9 min) loss_corrente=0.0056
    [epoch 10/50 train] batch 1400/4045 (5.04 batch/s, ETA 8.7 min) loss_corrente=0.0058
    [epoch 10/50 train] batch 1450/4045 (5.04 batch/s, ETA 8.6 min) loss_corrente=0.0057
    [epoch 10/50 train] batch 1500/4045 (5.04 batch/s, ETA 8.4 min) loss_corrente=0.0056
    [epoch 10/50 train] batch 1550/4045 (5.04 batch/s, ETA 8.2 min) loss_corrente=0.0054
    [epoch 10/50 train] batch 1600/4045 (5.04 batch/s, ETA 8.1 min) loss_corrente=0.0053
    [epoch 10/50 train] batch 1650/4045 (5.04 batch/s, ETA 7.9 min) loss_corrente=0.0055
    [epoch 10/50 train] batch 1700/4045 (5.04 batch/s, ETA 7.7 min) loss_corrente=0.0056
    [epoch 10/50 train] batch 1750/4045 (5.04 batch/s, ETA 7.6 min) loss_corrente=0.0055
    [epoch 10/50 train] batch 1800/4045 (5.04 batch/s, ETA 7.4 min) loss_corrente=0.0053
    [epoch 10/50 train] batch 1850/4045 (5.04 batch/s, ETA 7.3 min) loss_corrente=0.0052
    [epoch 10/50 train] batch 1900/4045 (5.04 batch/s, ETA 7.1 min) loss_corrente=0.0053
    [epoch 10/50 train] batch 1950/4045 (5.04 batch/s, ETA 6.9 min) loss_corrente=0.0052
    [epoch 10/50 train] batch 2000/4045 (5.04 batch/s, ETA 6.8 min) loss_corrente=0.0051
    [epoch 10/50 train] batch 2050/4045 (5.04 batch/s, ETA 6.6 min) loss_corrente=0.0052
    [epoch 10/50 train] batch 2100/4045 (5.04 batch/s, ETA 6.4 min) loss_corrente=0.0055
    [epoch 10/50 train] batch 2150/4045 (5.04 batch/s, ETA 6.3 min) loss_corrente=0.0055
    [epoch 10/50 train] batch 2200/4045 (5.04 batch/s, ETA 6.1 min) loss_corrente=0.0055
    [epoch 10/50 train] batch 2250/4045 (5.04 batch/s, ETA 5.9 min) loss_corrente=0.0054
    [epoch 10/50 train] batch 2300/4045 (5.04 batch/s, ETA 5.8 min) loss_corrente=0.0054
    [epoch 10/50 train] batch 2350/4045 (5.04 batch/s, ETA 5.6 min) loss_corrente=0.0053
    [epoch 10/50 train] batch 2400/4045 (5.04 batch/s, ETA 5.4 min) loss_corrente=0.0053
    [epoch 10/50 train] batch 2450/4045 (5.04 batch/s, ETA 5.3 min) loss_corrente=0.0052
    [epoch 10/50 train] batch 2500/4045 (5.04 batch/s, ETA 5.1 min) loss_corrente=0.0051
    [epoch 10/50 train] batch 2550/4045 (5.04 batch/s, ETA 4.9 min) loss_corrente=0.0051
    [epoch 10/50 train] batch 2600/4045 (5.04 batch/s, ETA 4.8 min) loss_corrente=0.0051
    [epoch 10/50 train] batch 2650/4045 (5.04 batch/s, ETA 4.6 min) loss_corrente=0.0051
    [epoch 10/50 train] batch 2700/4045 (5.04 batch/s, ETA 4.4 min) loss_corrente=0.0052
    [epoch 10/50 train] batch 2750/4045 (5.04 batch/s, ETA 4.3 min) loss_corrente=0.0051
    [epoch 10/50 train] batch 2800/4045 (5.05 batch/s, ETA 4.1 min) loss_corrente=0.0050
    [epoch 10/50 train] batch 2850/4045 (5.05 batch/s, ETA 3.9 min) loss_corrente=0.0051
    [epoch 10/50 train] batch 2900/4045 (5.05 batch/s, ETA 3.8 min) loss_corrente=0.0050
    [epoch 10/50 train] batch 2950/4045 (5.05 batch/s, ETA 3.6 min) loss_corrente=0.0052
    [epoch 10/50 train] batch 3000/4045 (5.05 batch/s, ETA 3.5 min) loss_corrente=0.0052
    [epoch 10/50 train] batch 3050/4045 (5.05 batch/s, ETA 3.3 min) loss_corrente=0.0054
    [epoch 10/50 train] batch 3100/4045 (5.05 batch/s, ETA 3.1 min) loss_corrente=0.0053
    [epoch 10/50 train] batch 3150/4045 (5.05 batch/s, ETA 3.0 min) loss_corrente=0.0053
    [epoch 10/50 train] batch 3200/4045 (5.05 batch/s, ETA 2.8 min) loss_corrente=0.0055
    [epoch 10/50 train] batch 3250/4045 (5.05 batch/s, ETA 2.6 min) loss_corrente=0.0055
    [epoch 10/50 train] batch 3300/4045 (5.05 batch/s, ETA 2.5 min) loss_corrente=0.0055
    [epoch 10/50 train] batch 3350/4045 (5.05 batch/s, ETA 2.3 min) loss_corrente=0.0054
    [epoch 10/50 train] batch 3400/4045 (5.05 batch/s, ETA 2.1 min) loss_corrente=0.0054
    [epoch 10/50 train] batch 3450/4045 (5.04 batch/s, ETA 2.0 min) loss_corrente=0.0053
    [epoch 10/50 train] batch 3500/4045 (5.05 batch/s, ETA 1.8 min) loss_corrente=0.0053
    [epoch 10/50 train] batch 3550/4045 (5.05 batch/s, ETA 1.6 min) loss_corrente=0.0052
    [epoch 10/50 train] batch 3600/4045 (5.05 batch/s, ETA 1.5 min) loss_corrente=0.0052
    [epoch 10/50 train] batch 3650/4045 (5.05 batch/s, ETA 1.3 min) loss_corrente=0.0053
    [epoch 10/50 train] batch 3700/4045 (5.05 batch/s, ETA 1.1 min) loss_corrente=0.0053
    [epoch 10/50 train] batch 3750/4045 (5.05 batch/s, ETA 1.0 min) loss_corrente=0.0052
    [epoch 10/50 train] batch 3800/4045 (5.05 batch/s, ETA 0.8 min) loss_corrente=0.0052
    [epoch 10/50 train] batch 3850/4045 (5.05 batch/s, ETA 0.6 min) loss_corrente=0.0053
    [epoch 10/50 train] batch 3900/4045 (5.05 batch/s, ETA 0.5 min) loss_corrente=0.0054
    [epoch 10/50 train] batch 3950/4045 (5.05 batch/s, ETA 0.3 min) loss_corrente=0.0053
    [epoch 10/50 train] batch 4000/4045 (5.05 batch/s, ETA 0.1 min) loss_corrente=0.0053
    [epoch 10/50 train] batch 4045/4045 (5.05 batch/s, ETA 0.0 min) loss_corrente=0.0054
    [epoch 10/50 val] batch 50/722 (11.39 batch/s, ETA 1.0 min) loss_corrente=0.3130
    [epoch 10/50 val] batch 100/722 (11.55 batch/s, ETA 0.9 min) loss_corrente=0.1883
    [epoch 10/50 val] batch 150/722 (11.61 batch/s, ETA 0.8 min) loss_corrente=0.1750
    [epoch 10/50 val] batch 200/722 (11.64 batch/s, ETA 0.7 min) loss_corrente=0.1823
    [epoch 10/50 val] batch 250/722 (11.66 batch/s, ETA 0.7 min) loss_corrente=0.1643
    [epoch 10/50 val] batch 300/722 (11.67 batch/s, ETA 0.6 min) loss_corrente=0.1711
    [epoch 10/50 val] batch 350/722 (11.68 batch/s, ETA 0.5 min) loss_corrente=0.1554
    [epoch 10/50 val] batch 400/722 (11.69 batch/s, ETA 0.5 min) loss_corrente=0.1434
    [epoch 10/50 val] batch 450/722 (11.69 batch/s, ETA 0.4 min) loss_corrente=0.1407
    [epoch 10/50 val] batch 500/722 (11.70 batch/s, ETA 0.3 min) loss_corrente=0.1354
    [epoch 10/50 val] batch 550/722 (11.70 batch/s, ETA 0.2 min) loss_corrente=0.1262
    [epoch 10/50 val] batch 600/722 (11.69 batch/s, ETA 0.2 min) loss_corrente=0.1279
    [epoch 10/50 val] batch 650/722 (11.69 batch/s, ETA 0.1 min) loss_corrente=0.1267
    [epoch 10/50 val] batch 700/722 (11.69 batch/s, ETA 0.0 min) loss_corrente=0.1233
    [epoch 10/50 val] batch 722/722 (11.70 batch/s, ETA 0.0 min) loss_corrente=0.1231
Epoch  10/50 | train_loss=0.0054 train_acc=0.998 | val_loss=0.1231 val_acc=0.983
    [epoch 11/50 train] batch 50/4045 (4.99 batch/s, ETA 13.3 min) loss_corrente=0.0062
    [epoch 11/50 train] batch 100/4045 (5.02 batch/s, ETA 13.1 min) loss_corrente=0.0049
    [epoch 11/50 train] batch 150/4045 (5.03 batch/s, ETA 12.9 min) loss_corrente=0.0035
    [epoch 11/50 train] batch 200/4045 (5.03 batch/s, ETA 12.7 min) loss_corrente=0.0054
    [epoch 11/50 train] batch 250/4045 (5.04 batch/s, ETA 12.6 min) loss_corrente=0.0045
    [epoch 11/50 train] batch 300/4045 (5.04 batch/s, ETA 12.4 min) loss_corrente=0.0038
    [epoch 11/50 train] batch 350/4045 (5.04 batch/s, ETA 12.2 min) loss_corrente=0.0033
    [epoch 11/50 train] batch 400/4045 (5.04 batch/s, ETA 12.1 min) loss_corrente=0.0032
    [epoch 11/50 train] batch 450/4045 (5.04 batch/s, ETA 11.9 min) loss_corrente=0.0030
    [epoch 11/50 train] batch 500/4045 (5.04 batch/s, ETA 11.7 min) loss_corrente=0.0042
    [epoch 11/50 train] batch 550/4045 (5.04 batch/s, ETA 11.6 min) loss_corrente=0.0039
    [epoch 11/50 train] batch 600/4045 (5.04 batch/s, ETA 11.4 min) loss_corrente=0.0035
    [epoch 11/50 train] batch 650/4045 (5.04 batch/s, ETA 11.2 min) loss_corrente=0.0033
    [epoch 11/50 train] batch 700/4045 (5.04 batch/s, ETA 11.1 min) loss_corrente=0.0031
    [epoch 11/50 train] batch 750/4045 (5.04 batch/s, ETA 10.9 min) loss_corrente=0.0029
    [epoch 11/50 train] batch 800/4045 (5.05 batch/s, ETA 10.7 min) loss_corrente=0.0030
    [epoch 11/50 train] batch 850/4045 (5.05 batch/s, ETA 10.6 min) loss_corrente=0.0030
    [epoch 11/50 train] batch 900/4045 (5.05 batch/s, ETA 10.4 min) loss_corrente=0.0031
    [epoch 11/50 train] batch 950/4045 (5.05 batch/s, ETA 10.2 min) loss_corrente=0.0029
    [epoch 11/50 train] batch 1000/4045 (5.05 batch/s, ETA 10.1 min) loss_corrente=0.0029
    [epoch 11/50 train] batch 1050/4045 (5.05 batch/s, ETA 9.9 min) loss_corrente=0.0028
    [epoch 11/50 train] batch 1100/4045 (5.05 batch/s, ETA 9.7 min) loss_corrente=0.0027
    [epoch 11/50 train] batch 1150/4045 (5.05 batch/s, ETA 9.6 min) loss_corrente=0.0026
    [epoch 11/50 train] batch 1200/4045 (5.05 batch/s, ETA 9.4 min) loss_corrente=0.0027
    [epoch 11/50 train] batch 1250/4045 (5.05 batch/s, ETA 9.2 min) loss_corrente=0.0027
    [epoch 11/50 train] batch 1300/4045 (5.05 batch/s, ETA 9.1 min) loss_corrente=0.0029
    [epoch 11/50 train] batch 1350/4045 (5.05 batch/s, ETA 8.9 min) loss_corrente=0.0031
    [epoch 11/50 train] batch 1400/4045 (5.05 batch/s, ETA 8.7 min) loss_corrente=0.0030
    [epoch 11/50 train] batch 1450/4045 (5.05 batch/s, ETA 8.6 min) loss_corrente=0.0029
    [epoch 11/50 train] batch 1500/4045 (5.05 batch/s, ETA 8.4 min) loss_corrente=0.0031
    [epoch 11/50 train] batch 1550/4045 (5.05 batch/s, ETA 8.2 min) loss_corrente=0.0031
    [epoch 11/50 train] batch 1600/4045 (5.05 batch/s, ETA 8.1 min) loss_corrente=0.0030
    [epoch 11/50 train] batch 1650/4045 (5.05 batch/s, ETA 7.9 min) loss_corrente=0.0030
    [epoch 11/50 train] batch 1700/4045 (5.05 batch/s, ETA 7.7 min) loss_corrente=0.0029
    [epoch 11/50 train] batch 1750/4045 (5.05 batch/s, ETA 7.6 min) loss_corrente=0.0029
    [epoch 11/50 train] batch 1800/4045 (5.05 batch/s, ETA 7.4 min) loss_corrente=0.0030
    [epoch 11/50 train] batch 1850/4045 (5.05 batch/s, ETA 7.2 min) loss_corrente=0.0031
    [epoch 11/50 train] batch 1900/4045 (5.05 batch/s, ETA 7.1 min) loss_corrente=0.0033
    [epoch 11/50 train] batch 1950/4045 (5.05 batch/s, ETA 6.9 min) loss_corrente=0.0033
    [epoch 11/50 train] batch 2000/4045 (5.05 batch/s, ETA 6.8 min) loss_corrente=0.0036
    [epoch 11/50 train] batch 2050/4045 (5.05 batch/s, ETA 6.6 min) loss_corrente=0.0036
    [epoch 11/50 train] batch 2100/4045 (5.05 batch/s, ETA 6.4 min) loss_corrente=0.0036
    [epoch 11/50 train] batch 2150/4045 (5.05 batch/s, ETA 6.3 min) loss_corrente=0.0035
    [epoch 11/50 train] batch 2200/4045 (5.05 batch/s, ETA 6.1 min) loss_corrente=0.0037
    [epoch 11/50 train] batch 2250/4045 (5.05 batch/s, ETA 5.9 min) loss_corrente=0.0037
    [epoch 11/50 train] batch 2300/4045 (5.05 batch/s, ETA 5.8 min) loss_corrente=0.0036
    [epoch 11/50 train] batch 2350/4045 (5.05 batch/s, ETA 5.6 min) loss_corrente=0.0035
    [epoch 11/50 train] batch 2400/4045 (5.05 batch/s, ETA 5.4 min) loss_corrente=0.0035
    [epoch 11/50 train] batch 2450/4045 (5.05 batch/s, ETA 5.3 min) loss_corrente=0.0036
    [epoch 11/50 train] batch 2500/4045 (5.05 batch/s, ETA 5.1 min) loss_corrente=0.0035
    [epoch 11/50 train] batch 2550/4045 (5.05 batch/s, ETA 4.9 min) loss_corrente=0.0035
    [epoch 11/50 train] batch 2600/4045 (5.05 batch/s, ETA 4.8 min) loss_corrente=0.0035
    [epoch 11/50 train] batch 2650/4045 (5.05 batch/s, ETA 4.6 min) loss_corrente=0.0034
    [epoch 11/50 train] batch 2700/4045 (5.05 batch/s, ETA 4.4 min) loss_corrente=0.0037
    [epoch 11/50 train] batch 2750/4045 (5.05 batch/s, ETA 4.3 min) loss_corrente=0.0037
    [epoch 11/50 train] batch 2800/4045 (5.05 batch/s, ETA 4.1 min) loss_corrente=0.0037
    [epoch 11/50 train] batch 2850/4045 (5.05 batch/s, ETA 3.9 min) loss_corrente=0.0040
    [epoch 11/50 train] batch 2900/4045 (5.05 batch/s, ETA 3.8 min) loss_corrente=0.0039
    [epoch 11/50 train] batch 2950/4045 (5.05 batch/s, ETA 3.6 min) loss_corrente=0.0038
    [epoch 11/50 train] batch 3000/4045 (5.05 batch/s, ETA 3.5 min) loss_corrente=0.0038
    [epoch 11/50 train] batch 3050/4045 (5.05 batch/s, ETA 3.3 min) loss_corrente=0.0038
    [epoch 11/50 train] batch 3100/4045 (5.05 batch/s, ETA 3.1 min) loss_corrente=0.0039
    [epoch 11/50 train] batch 3150/4045 (5.05 batch/s, ETA 3.0 min) loss_corrente=0.0039
    [epoch 11/50 train] batch 3200/4045 (5.05 batch/s, ETA 2.8 min) loss_corrente=0.0038
    [epoch 11/50 train] batch 3250/4045 (5.05 batch/s, ETA 2.6 min) loss_corrente=0.0038
    [epoch 11/50 train] batch 3300/4045 (5.05 batch/s, ETA 2.5 min) loss_corrente=0.0037
    [epoch 11/50 train] batch 3350/4045 (5.05 batch/s, ETA 2.3 min) loss_corrente=0.0037
    [epoch 11/50 train] batch 3400/4045 (5.05 batch/s, ETA 2.1 min) loss_corrente=0.0036
    [epoch 11/50 train] batch 3450/4045 (5.05 batch/s, ETA 2.0 min) loss_corrente=0.0036
    [epoch 11/50 train] batch 3500/4045 (5.05 batch/s, ETA 1.8 min) loss_corrente=0.0036
    [epoch 11/50 train] batch 3550/4045 (5.05 batch/s, ETA 1.6 min) loss_corrente=0.0036
    [epoch 11/50 train] batch 3600/4045 (5.05 batch/s, ETA 1.5 min) loss_corrente=0.0035
    [epoch 11/50 train] batch 3650/4045 (5.05 batch/s, ETA 1.3 min) loss_corrente=0.0035
    [epoch 11/50 train] batch 3700/4045 (5.05 batch/s, ETA 1.1 min) loss_corrente=0.0037
    [epoch 11/50 train] batch 3750/4045 (5.05 batch/s, ETA 1.0 min) loss_corrente=0.0039
    [epoch 11/50 train] batch 3800/4045 (5.05 batch/s, ETA 0.8 min) loss_corrente=0.0041
    [epoch 11/50 train] batch 3850/4045 (5.05 batch/s, ETA 0.6 min) loss_corrente=0.0041
    [epoch 11/50 train] batch 3900/4045 (5.05 batch/s, ETA 0.5 min) loss_corrente=0.0041
    [epoch 11/50 train] batch 3950/4045 (5.05 batch/s, ETA 0.3 min) loss_corrente=0.0041
    [epoch 11/50 train] batch 4000/4045 (5.05 batch/s, ETA 0.1 min) loss_corrente=0.0042
    [epoch 11/50 train] batch 4045/4045 (5.05 batch/s, ETA 0.0 min) loss_corrente=0.0042
    [epoch 11/50 val] batch 50/722 (11.36 batch/s, ETA 1.0 min) loss_corrente=0.1967
    [epoch 11/50 val] batch 100/722 (11.57 batch/s, ETA 0.9 min) loss_corrente=0.1397
    [epoch 11/50 val] batch 150/722 (11.64 batch/s, ETA 0.8 min) loss_corrente=0.1438
    [epoch 11/50 val] batch 200/722 (11.68 batch/s, ETA 0.7 min) loss_corrente=0.1637
    [epoch 11/50 val] batch 250/722 (11.70 batch/s, ETA 0.7 min) loss_corrente=0.1546
    [epoch 11/50 val] batch 300/722 (11.72 batch/s, ETA 0.6 min) loss_corrente=0.1501
    [epoch 11/50 val] batch 350/722 (11.73 batch/s, ETA 0.5 min) loss_corrente=0.1398
    [epoch 11/50 val] batch 400/722 (11.73 batch/s, ETA 0.5 min) loss_corrente=0.1368
    [epoch 11/50 val] batch 450/722 (11.74 batch/s, ETA 0.4 min) loss_corrente=0.1377
    [epoch 11/50 val] batch 500/722 (11.74 batch/s, ETA 0.3 min) loss_corrente=0.1345
    [epoch 11/50 val] batch 550/722 (11.75 batch/s, ETA 0.2 min) loss_corrente=0.1326
    [epoch 11/50 val] batch 600/722 (11.75 batch/s, ETA 0.2 min) loss_corrente=0.1326
    [epoch 11/50 val] batch 650/722 (11.75 batch/s, ETA 0.1 min) loss_corrente=0.1296
    [epoch 11/50 val] batch 700/722 (11.75 batch/s, ETA 0.0 min) loss_corrente=0.1251
    [epoch 11/50 val] batch 722/722 (11.75 batch/s, ETA 0.0 min) loss_corrente=0.1224
Epoch  11/50 | train_loss=0.0042 train_acc=0.999 | val_loss=0.1224 val_acc=0.983

[Early stopping] Nessun miglioramento da 8 epoche

[Completato] Best val_loss=0.0538
[Output] weights/fase3_siglip_lora/fase3_siglip_lora_r8_neg1/results.csv  (compatibile con analyze_yolo_loss_magnitude.py)
[Output] weights/fase3_siglip_lora/fase3_siglip_lora_r8_neg1/best  (adapter LoRA + MLP head migliori)
==================================================
Job completato: Sun Jul 26 04:19:13 PM CEST 2026
==================================================
