==================================================
Job: oos_fase3_r16 (LoRA rank=16, alpha=32 — ablation capacita' doppia)
Data: Fri Jul 24 06:31:38 PM CEST 2026
Nodo: ainode01
==================================================
NVIDIA H100 80GB HBM3, 81559 MiB
==================================================
Job: oos_fase3_r16 (LoRA rank=16, alpha=32 — ablation capacita' doppia)
Data: Fri Jul 24 06:31:38 PM CEST 2026
Nodo: ainode01
==================================================
NVIDIA H100 80GB HBM3, 81559 MiB
[Setup] Device: cuda
[Setup] Carico processor/modello: google/siglip2-giant-opt-patch16-384
[Dati] Costruisco dataset di training...
[Dataset] train: 32554 positivi, 0 negativi (32554 campioni totali)
[Dati] Costruisco dataset di validazione...
[Dataset] val: 5783 positivi, 0 negativi (5783 campioni totali)
[Modello] Costruisco SigLIP2 + LoRA + MLP...
[Modello] LoRA rank=16, alpha=32 (rapporto alpha/r=2.0)
[Modello] Parametri allenabili: 5,113,345 / 1,168,773,121 (0.44%)

[Training] Inizio — 50 epoche, batch=16, lr=2e-05
    [epoch 1/50 train] batch 50/2035 (4.57 batch/s, ETA 7.2 min) loss_corrente=0.3303
    [epoch 1/50 train] batch 100/2035 (4.82 batch/s, ETA 6.7 min) loss_corrente=0.1816
    [epoch 1/50 train] batch 150/2035 (4.91 batch/s, ETA 6.4 min) loss_corrente=0.1225
    [epoch 1/50 train] batch 200/2035 (4.96 batch/s, ETA 6.2 min) loss_corrente=0.0922
    [epoch 1/50 train] batch 250/2035 (4.99 batch/s, ETA 6.0 min) loss_corrente=0.0739
    [epoch 1/50 train] batch 300/2035 (5.01 batch/s, ETA 5.8 min) loss_corrente=0.0617
    [epoch 1/50 train] batch 350/2035 (5.02 batch/s, ETA 5.6 min) loss_corrente=0.0529
    [epoch 1/50 train] batch 400/2035 (5.03 batch/s, ETA 5.4 min) loss_corrente=0.0463
    [epoch 1/50 train] batch 450/2035 (5.04 batch/s, ETA 5.2 min) loss_corrente=0.0412
    [epoch 1/50 train] batch 500/2035 (5.04 batch/s, ETA 5.1 min) loss_corrente=0.0371
    [epoch 1/50 train] batch 550/2035 (5.05 batch/s, ETA 4.9 min) loss_corrente=0.0337
    [epoch 1/50 train] batch 600/2035 (5.05 batch/s, ETA 4.7 min) loss_corrente=0.0309
    [epoch 1/50 train] batch 650/2035 (5.06 batch/s, ETA 4.6 min) loss_corrente=0.0285
    [epoch 1/50 train] batch 700/2035 (5.06 batch/s, ETA 4.4 min) loss_corrente=0.0265
    [epoch 1/50 train] batch 750/2035 (5.06 batch/s, ETA 4.2 min) loss_corrente=0.0247
    [epoch 1/50 train] batch 800/2035 (5.07 batch/s, ETA 4.1 min) loss_corrente=0.0232
    [epoch 1/50 train] batch 850/2035 (5.07 batch/s, ETA 3.9 min) loss_corrente=0.0218
    [epoch 1/50 train] batch 900/2035 (5.07 batch/s, ETA 3.7 min) loss_corrente=0.0206
    [epoch 1/50 train] batch 950/2035 (5.07 batch/s, ETA 3.6 min) loss_corrente=0.0195
    [epoch 1/50 train] batch 1000/2035 (5.07 batch/s, ETA 3.4 min) loss_corrente=0.0186
    [epoch 1/50 train] batch 1050/2035 (5.07 batch/s, ETA 3.2 min) loss_corrente=0.0177
    [epoch 1/50 train] batch 1100/2035 (5.08 batch/s, ETA 3.1 min) loss_corrente=0.0169
    [epoch 1/50 train] batch 1150/2035 (5.08 batch/s, ETA 2.9 min) loss_corrente=0.0161
    [epoch 1/50 train] batch 1200/2035 (5.08 batch/s, ETA 2.7 min) loss_corrente=0.0155
    [epoch 1/50 train] batch 1250/2035 (5.08 batch/s, ETA 2.6 min) loss_corrente=0.0149
    [epoch 1/50 train] batch 1300/2035 (5.08 batch/s, ETA 2.4 min) loss_corrente=0.0143
    [epoch 1/50 train] batch 1350/2035 (5.08 batch/s, ETA 2.2 min) loss_corrente=0.0138
    [epoch 1/50 train] batch 1400/2035 (5.08 batch/s, ETA 2.1 min) loss_corrente=0.0133
    [epoch 1/50 train] batch 1450/2035 (5.08 batch/s, ETA 1.9 min) loss_corrente=0.0128
    [epoch 1/50 train] batch 1500/2035 (5.08 batch/s, ETA 1.8 min) loss_corrente=0.0124
    [epoch 1/50 train] batch 1550/2035 (5.08 batch/s, ETA 1.6 min) loss_corrente=0.0120
    [epoch 1/50 train] batch 1600/2035 (5.08 batch/s, ETA 1.4 min) loss_corrente=0.0116
    [epoch 1/50 train] batch 1650/2035 (5.08 batch/s, ETA 1.3 min) loss_corrente=0.0113
    [epoch 1/50 train] batch 1700/2035 (5.08 batch/s, ETA 1.1 min) loss_corrente=0.0109
    [epoch 1/50 train] batch 1750/2035 (5.09 batch/s, ETA 0.9 min) loss_corrente=0.0106
    [epoch 1/50 train] batch 1800/2035 (5.09 batch/s, ETA 0.8 min) loss_corrente=0.0103
    [epoch 1/50 train] batch 1850/2035 (5.09 batch/s, ETA 0.6 min) loss_corrente=0.0100
    [epoch 1/50 train] batch 1900/2035 (5.09 batch/s, ETA 0.4 min) loss_corrente=0.0098
    [epoch 1/50 train] batch 1950/2035 (5.09 batch/s, ETA 0.3 min) loss_corrente=0.0095
    [epoch 1/50 train] batch 2000/2035 (5.09 batch/s, ETA 0.1 min) loss_corrente=0.0093
    [epoch 1/50 train] batch 2035/2035 (5.09 batch/s, ETA 0.0 min) loss_corrente=0.0091
    [epoch 1/50 val] batch 50/362 (10.22 batch/s, ETA 0.5 min) loss_corrente=0.0000
    [epoch 1/50 val] batch 100/362 (10.90 batch/s, ETA 0.4 min) loss_corrente=0.0000
    [epoch 1/50 val] batch 150/362 (11.16 batch/s, ETA 0.3 min) loss_corrente=0.0000
    [epoch 1/50 val] batch 200/362 (11.29 batch/s, ETA 0.2 min) loss_corrente=0.0000
    [epoch 1/50 val] batch 250/362 (11.37 batch/s, ETA 0.2 min) loss_corrente=0.0000
    [epoch 1/50 val] batch 300/362 (11.42 batch/s, ETA 0.1 min) loss_corrente=0.0000
    [epoch 1/50 val] batch 350/362 (11.46 batch/s, ETA 0.0 min) loss_corrente=0.0000
    [epoch 1/50 val] batch 362/362 (11.48 batch/s, ETA 0.0 min) loss_corrente=0.0000
Epoch   1/50 | train_loss=0.0091 train_acc=0.999 | val_loss=0.0000 val_acc=1.000
    [epoch 2/50 train] batch 50/2035 (5.02 batch/s, ETA 6.6 min) loss_corrente=0.0000
    [epoch 2/50 train] batch 100/2035 (5.06 batch/s, ETA 6.4 min) loss_corrente=0.0000
    [epoch 2/50 train] batch 150/2035 (5.07 batch/s, ETA 6.2 min) loss_corrente=0.0000
    [epoch 2/50 train] batch 200/2035 (5.08 batch/s, ETA 6.0 min) loss_corrente=0.0000
    [epoch 2/50 train] batch 250/2035 (5.08 batch/s, ETA 5.9 min) loss_corrente=0.0000
    [epoch 2/50 train] batch 300/2035 (5.09 batch/s, ETA 5.7 min) loss_corrente=0.0000
    [epoch 2/50 train] batch 350/2035 (5.09 batch/s, ETA 5.5 min) loss_corrente=0.0000
    [epoch 2/50 train] batch 400/2035 (5.09 batch/s, ETA 5.4 min) loss_corrente=0.0000
    [epoch 2/50 train] batch 450/2035 (5.09 batch/s, ETA 5.2 min) loss_corrente=0.0000
    [epoch 2/50 train] batch 500/2035 (5.09 batch/s, ETA 5.0 min) loss_corrente=0.0000
    [epoch 2/50 train] batch 550/2035 (5.09 batch/s, ETA 4.9 min) loss_corrente=0.0000
    [epoch 2/50 train] batch 600/2035 (5.09 batch/s, ETA 4.7 min) loss_corrente=0.0000
    [epoch 2/50 train] batch 650/2035 (5.09 batch/s, ETA 4.5 min) loss_corrente=0.0000
    [epoch 2/50 train] batch 700/2035 (5.09 batch/s, ETA 4.4 min) loss_corrente=0.0000
    [epoch 2/50 train] batch 750/2035 (5.09 batch/s, ETA 4.2 min) loss_corrente=0.0000
    [epoch 2/50 train] batch 800/2035 (5.10 batch/s, ETA 4.0 min) loss_corrente=0.0000
    [epoch 2/50 train] batch 850/2035 (5.10 batch/s, ETA 3.9 min) loss_corrente=0.0000
    [epoch 2/50 train] batch 900/2035 (5.10 batch/s, ETA 3.7 min) loss_corrente=0.0000
    [epoch 2/50 train] batch 950/2035 (5.10 batch/s, ETA 3.5 min) loss_corrente=0.0000
    [epoch 2/50 train] batch 1000/2035 (5.10 batch/s, ETA 3.4 min) loss_corrente=0.0000
    [epoch 2/50 train] batch 1050/2035 (5.10 batch/s, ETA 3.2 min) loss_corrente=0.0000
    [epoch 2/50 train] batch 1100/2035 (5.10 batch/s, ETA 3.1 min) loss_corrente=0.0000
    [epoch 2/50 train] batch 1150/2035 (5.10 batch/s, ETA 2.9 min) loss_corrente=0.0000
    [epoch 2/50 train] batch 1200/2035 (5.10 batch/s, ETA 2.7 min) loss_corrente=0.0000
    [epoch 2/50 train] batch 1250/2035 (5.10 batch/s, ETA 2.6 min) loss_corrente=0.0000
    [epoch 2/50 train] batch 1300/2035 (5.10 batch/s, ETA 2.4 min) loss_corrente=0.0000
    [epoch 2/50 train] batch 1350/2035 (5.10 batch/s, ETA 2.2 min) loss_corrente=0.0000
    [epoch 2/50 train] batch 1400/2035 (5.10 batch/s, ETA 2.1 min) loss_corrente=0.0000
    [epoch 2/50 train] batch 1450/2035 (5.10 batch/s, ETA 1.9 min) loss_corrente=0.0000
    [epoch 2/50 train] batch 1500/2035 (5.10 batch/s, ETA 1.7 min) loss_corrente=0.0000
    [epoch 2/50 train] batch 1550/2035 (5.10 batch/s, ETA 1.6 min) loss_corrente=0.0000
    [epoch 2/50 train] batch 1600/2035 (5.10 batch/s, ETA 1.4 min) loss_corrente=0.0000
    [epoch 2/50 train] batch 1650/2035 (5.10 batch/s, ETA 1.3 min) loss_corrente=0.0000
    [epoch 2/50 train] batch 1700/2035 (5.10 batch/s, ETA 1.1 min) loss_corrente=0.0000
    [epoch 2/50 train] batch 1750/2035 (5.10 batch/s, ETA 0.9 min) loss_corrente=0.0000
    [epoch 2/50 train] batch 1800/2035 (5.10 batch/s, ETA 0.8 min) loss_corrente=0.0000
    [epoch 2/50 train] batch 1850/2035 (5.10 batch/s, ETA 0.6 min) loss_corrente=0.0000
    [epoch 2/50 train] batch 1900/2035 (5.10 batch/s, ETA 0.4 min) loss_corrente=0.0000
    [epoch 2/50 train] batch 1950/2035 (5.10 batch/s, ETA 0.3 min) loss_corrente=0.0000
    [epoch 2/50 train] batch 2000/2035 (5.10 batch/s, ETA 0.1 min) loss_corrente=0.0000
    [epoch 2/50 train] batch 2035/2035 (5.10 batch/s, ETA 0.0 min) loss_corrente=0.0000
    [epoch 2/50 val] batch 50/362 (11.34 batch/s, ETA 0.5 min) loss_corrente=0.0000
    [epoch 2/50 val] batch 100/362 (11.51 batch/s, ETA 0.4 min) loss_corrente=0.0000
    [epoch 2/50 val] batch 150/362 (11.57 batch/s, ETA 0.3 min) loss_corrente=0.0000
    [epoch 2/50 val] batch 200/362 (11.60 batch/s, ETA 0.2 min) loss_corrente=0.0000
    [epoch 2/50 val] batch 250/362 (11.62 batch/s, ETA 0.2 min) loss_corrente=0.0000
    [epoch 2/50 val] batch 300/362 (11.64 batch/s, ETA 0.1 min) loss_corrente=0.0000
    [epoch 2/50 val] batch 350/362 (11.64 batch/s, ETA 0.0 min) loss_corrente=0.0000
    [epoch 2/50 val] batch 362/362 (11.66 batch/s, ETA 0.0 min) loss_corrente=0.0000
Epoch   2/50 | train_loss=0.0000 train_acc=1.000 | val_loss=0.0000 val_acc=1.000
    [epoch 3/50 train] batch 50/2035 (5.03 batch/s, ETA 6.6 min) loss_corrente=0.0000
    [epoch 3/50 train] batch 100/2035 (5.06 batch/s, ETA 6.4 min) loss_corrente=0.0000
    [epoch 3/50 train] batch 150/2035 (5.08 batch/s, ETA 6.2 min) loss_corrente=0.0000
    [epoch 3/50 train] batch 200/2035 (5.08 batch/s, ETA 6.0 min) loss_corrente=0.0000
    [epoch 3/50 train] batch 250/2035 (5.09 batch/s, ETA 5.8 min) loss_corrente=0.0000
    [epoch 3/50 train] batch 300/2035 (5.09 batch/s, ETA 5.7 min) loss_corrente=0.0000
    [epoch 3/50 train] batch 350/2035 (5.09 batch/s, ETA 5.5 min) loss_corrente=0.0000
    [epoch 3/50 train] batch 400/2035 (5.09 batch/s, ETA 5.4 min) loss_corrente=0.0000
    [epoch 3/50 train] batch 450/2035 (5.09 batch/s, ETA 5.2 min) loss_corrente=0.0000
    [epoch 3/50 train] batch 500/2035 (5.09 batch/s, ETA 5.0 min) loss_corrente=0.0000
    [epoch 3/50 train] batch 550/2035 (5.09 batch/s, ETA 4.9 min) loss_corrente=0.0000
    [epoch 3/50 train] batch 600/2035 (5.10 batch/s, ETA 4.7 min) loss_corrente=0.0000
    [epoch 3/50 train] batch 650/2035 (5.10 batch/s, ETA 4.5 min) loss_corrente=0.0000
    [epoch 3/50 train] batch 700/2035 (5.10 batch/s, ETA 4.4 min) loss_corrente=0.0000
    [epoch 3/50 train] batch 750/2035 (5.10 batch/s, ETA 4.2 min) loss_corrente=0.0000
    [epoch 3/50 train] batch 800/2035 (5.10 batch/s, ETA 4.0 min) loss_corrente=0.0000
    [epoch 3/50 train] batch 850/2035 (5.10 batch/s, ETA 3.9 min) loss_corrente=0.0000
    [epoch 3/50 train] batch 900/2035 (5.10 batch/s, ETA 3.7 min) loss_corrente=0.0000
    [epoch 3/50 train] batch 950/2035 (5.10 batch/s, ETA 3.5 min) loss_corrente=0.0000
    [epoch 3/50 train] batch 1000/2035 (5.10 batch/s, ETA 3.4 min) loss_corrente=0.0000
    [epoch 3/50 train] batch 1050/2035 (5.10 batch/s, ETA 3.2 min) loss_corrente=0.0000
    [epoch 3/50 train] batch 1100/2035 (5.10 batch/s, ETA 3.1 min) loss_corrente=0.0000
    [epoch 3/50 train] batch 1150/2035 (5.10 batch/s, ETA 2.9 min) loss_corrente=0.0000
    [epoch 3/50 train] batch 1200/2035 (5.10 batch/s, ETA 2.7 min) loss_corrente=0.0000
    [epoch 3/50 train] batch 1250/2035 (5.10 batch/s, ETA 2.6 min) loss_corrente=0.0000
    [epoch 3/50 train] batch 1300/2035 (5.10 batch/s, ETA 2.4 min) loss_corrente=0.0000
    [epoch 3/50 train] batch 1350/2035 (5.10 batch/s, ETA 2.2 min) loss_corrente=0.0000
    [epoch 3/50 train] batch 1400/2035 (5.10 batch/s, ETA 2.1 min) loss_corrente=0.0000
    [epoch 3/50 train] batch 1450/2035 (5.10 batch/s, ETA 1.9 min) loss_corrente=0.0000
    [epoch 3/50 train] batch 1500/2035 (5.10 batch/s, ETA 1.7 min) loss_corrente=0.0000
    [epoch 3/50 train] batch 1550/2035 (5.10 batch/s, ETA 1.6 min) loss_corrente=0.0000
    [epoch 3/50 train] batch 1600/2035 (5.10 batch/s, ETA 1.4 min) loss_corrente=0.0000
    [epoch 3/50 train] batch 1650/2035 (5.10 batch/s, ETA 1.3 min) loss_corrente=0.0000
    [epoch 3/50 train] batch 1700/2035 (5.10 batch/s, ETA 1.1 min) loss_corrente=0.0000
    [epoch 3/50 train] batch 1750/2035 (5.10 batch/s, ETA 0.9 min) loss_corrente=0.0000
    [epoch 3/50 train] batch 1800/2035 (5.10 batch/s, ETA 0.8 min) loss_corrente=0.0000
    [epoch 3/50 train] batch 1850/2035 (5.10 batch/s, ETA 0.6 min) loss_corrente=0.0000
    [epoch 3/50 train] batch 1900/2035 (5.10 batch/s, ETA 0.4 min) loss_corrente=0.0000
    [epoch 3/50 train] batch 1950/2035 (5.10 batch/s, ETA 0.3 min) loss_corrente=0.0000
    [epoch 3/50 train] batch 2000/2035 (5.10 batch/s, ETA 0.1 min) loss_corrente=0.0000
    [epoch 3/50 train] batch 2035/2035 (5.10 batch/s, ETA 0.0 min) loss_corrente=0.0000
    [epoch 3/50 val] batch 50/362 (11.26 batch/s, ETA 0.5 min) loss_corrente=0.0000
    [epoch 3/50 val] batch 100/362 (11.47 batch/s, ETA 0.4 min) loss_corrente=0.0000
    [epoch 3/50 val] batch 150/362 (11.55 batch/s, ETA 0.3 min) loss_corrente=0.0000
    [epoch 3/50 val] batch 200/362 (11.58 batch/s, ETA 0.2 min) loss_corrente=0.0000
    [epoch 3/50 val] batch 250/362 (11.61 batch/s, ETA 0.2 min) loss_corrente=0.0000
    [epoch 3/50 val] batch 300/362 (11.62 batch/s, ETA 0.1 min) loss_corrente=0.0000
    [epoch 3/50 val] batch 350/362 (11.63 batch/s, ETA 0.0 min) loss_corrente=0.0000
    [epoch 3/50 val] batch 362/362 (11.65 batch/s, ETA 0.0 min) loss_corrente=0.0000
Epoch   3/50 | train_loss=0.0000 train_acc=1.000 | val_loss=0.0000 val_acc=1.000
    [epoch 4/50 train] batch 50/2035 (5.02 batch/s, ETA 6.6 min) loss_corrente=0.0000
    [epoch 4/50 train] batch 100/2035 (5.06 batch/s, ETA 6.4 min) loss_corrente=0.0000
    [epoch 4/50 train] batch 150/2035 (5.08 batch/s, ETA 6.2 min) loss_corrente=0.0000
    [epoch 4/50 train] batch 200/2035 (5.08 batch/s, ETA 6.0 min) loss_corrente=0.0000
    [epoch 4/50 train] batch 250/2035 (5.09 batch/s, ETA 5.9 min) loss_corrente=0.0000
    [epoch 4/50 train] batch 300/2035 (5.09 batch/s, ETA 5.7 min) loss_corrente=0.0000
    [epoch 4/50 train] batch 350/2035 (5.09 batch/s, ETA 5.5 min) loss_corrente=0.0000
    [epoch 4/50 train] batch 400/2035 (5.09 batch/s, ETA 5.4 min) loss_corrente=0.0000
    [epoch 4/50 train] batch 450/2035 (5.09 batch/s, ETA 5.2 min) loss_corrente=0.0000
    [epoch 4/50 train] batch 500/2035 (5.09 batch/s, ETA 5.0 min) loss_corrente=0.0000
    [epoch 4/50 train] batch 550/2035 (5.09 batch/s, ETA 4.9 min) loss_corrente=0.0000
    [epoch 4/50 train] batch 600/2035 (5.09 batch/s, ETA 4.7 min) loss_corrente=0.0000
    [epoch 4/50 train] batch 650/2035 (5.09 batch/s, ETA 4.5 min) loss_corrente=0.0000
    [epoch 4/50 train] batch 700/2035 (5.09 batch/s, ETA 4.4 min) loss_corrente=0.0000
    [epoch 4/50 train] batch 750/2035 (5.10 batch/s, ETA 4.2 min) loss_corrente=0.0000
    [epoch 4/50 train] batch 800/2035 (5.10 batch/s, ETA 4.0 min) loss_corrente=0.0000
    [epoch 4/50 train] batch 850/2035 (5.10 batch/s, ETA 3.9 min) loss_corrente=0.0000
    [epoch 4/50 train] batch 900/2035 (5.10 batch/s, ETA 3.7 min) loss_corrente=0.0000
    [epoch 4/50 train] batch 950/2035 (5.10 batch/s, ETA 3.5 min) loss_corrente=0.0000
    [epoch 4/50 train] batch 1000/2035 (5.10 batch/s, ETA 3.4 min) loss_corrente=0.0000
    [epoch 4/50 train] batch 1050/2035 (5.10 batch/s, ETA 3.2 min) loss_corrente=0.0000
    [epoch 4/50 train] batch 1100/2035 (5.10 batch/s, ETA 3.1 min) loss_corrente=0.0000
    [epoch 4/50 train] batch 1150/2035 (5.10 batch/s, ETA 2.9 min) loss_corrente=0.0000
    [epoch 4/50 train] batch 1200/2035 (5.10 batch/s, ETA 2.7 min) loss_corrente=0.0000
    [epoch 4/50 train] batch 1250/2035 (5.10 batch/s, ETA 2.6 min) loss_corrente=0.0000
    [epoch 4/50 train] batch 1300/2035 (5.10 batch/s, ETA 2.4 min) loss_corrente=0.0000
    [epoch 4/50 train] batch 1350/2035 (5.10 batch/s, ETA 2.2 min) loss_corrente=0.0000
    [epoch 4/50 train] batch 1400/2035 (5.10 batch/s, ETA 2.1 min) loss_corrente=0.0000
    [epoch 4/50 train] batch 1450/2035 (5.10 batch/s, ETA 1.9 min) loss_corrente=0.0000
    [epoch 4/50 train] batch 1500/2035 (5.10 batch/s, ETA 1.7 min) loss_corrente=0.0000
    [epoch 4/50 train] batch 1550/2035 (5.10 batch/s, ETA 1.6 min) loss_corrente=0.0000
    [epoch 4/50 train] batch 1600/2035 (5.10 batch/s, ETA 1.4 min) loss_corrente=0.0000
    [epoch 4/50 train] batch 1650/2035 (5.10 batch/s, ETA 1.3 min) loss_corrente=0.0000
    [epoch 4/50 train] batch 1700/2035 (5.10 batch/s, ETA 1.1 min) loss_corrente=0.0000
    [epoch 4/50 train] batch 1750/2035 (5.10 batch/s, ETA 0.9 min) loss_corrente=0.0000
    [epoch 4/50 train] batch 1800/2035 (5.10 batch/s, ETA 0.8 min) loss_corrente=0.0000
    [epoch 4/50 train] batch 1850/2035 (5.10 batch/s, ETA 0.6 min) loss_corrente=0.0000
    [epoch 4/50 train] batch 1900/2035 (5.10 batch/s, ETA 0.4 min) loss_corrente=0.0000
    [epoch 4/50 train] batch 1950/2035 (5.10 batch/s, ETA 0.3 min) loss_corrente=0.0000
    [epoch 4/50 train] batch 2000/2035 (5.10 batch/s, ETA 0.1 min) loss_corrente=0.0000
    [epoch 4/50 train] batch 2035/2035 (5.10 batch/s, ETA 0.0 min) loss_corrente=0.0000
    [epoch 4/50 val] batch 50/362 (11.32 batch/s, ETA 0.5 min) loss_corrente=0.0000
    [epoch 4/50 val] batch 100/362 (11.47 batch/s, ETA 0.4 min) loss_corrente=0.0000
    [epoch 4/50 val] batch 150/362 (11.51 batch/s, ETA 0.3 min) loss_corrente=0.0000
    [epoch 4/50 val] batch 200/362 (11.56 batch/s, ETA 0.2 min) loss_corrente=0.0000
    [epoch 4/50 val] batch 250/362 (11.59 batch/s, ETA 0.2 min) loss_corrente=0.0000
    [epoch 4/50 val] batch 300/362 (11.61 batch/s, ETA 0.1 min) loss_corrente=0.0000
    [epoch 4/50 val] batch 350/362 (11.62 batch/s, ETA 0.0 min) loss_corrente=0.0000
    [epoch 4/50 val] batch 362/362 (11.65 batch/s, ETA 0.0 min) loss_corrente=0.0000
Epoch   4/50 | train_loss=0.0000 train_acc=1.000 | val_loss=0.0000 val_acc=1.000
    [epoch 5/50 train] batch 50/2035 (5.04 batch/s, ETA 6.6 min) loss_corrente=0.0000
    [epoch 5/50 train] batch 100/2035 (5.08 batch/s, ETA 6.4 min) loss_corrente=0.0000
    [epoch 5/50 train] batch 150/2035 (5.09 batch/s, ETA 6.2 min) loss_corrente=0.0000
    [epoch 5/50 train] batch 200/2035 (5.10 batch/s, ETA 6.0 min) loss_corrente=0.0000
    [epoch 5/50 train] batch 250/2035 (5.10 batch/s, ETA 5.8 min) loss_corrente=0.0000
    [epoch 5/50 train] batch 300/2035 (5.11 batch/s, ETA 5.7 min) loss_corrente=0.0000
