==================================================
Job: oos_fase3_threshold_sweep (arch=full, rank=16, neg_ratio=0.25)
Data: Thu Jul 30 07:43:30 PM CEST 2026
Nodo: ainode01
==================================================
NVIDIA H100 80GB HBM3, 81559 MiB
[1/3] Carico YOLO aug/noaug...
[2/3] Carico classificatore 'full' fine-tunato...
[3/3] Immagini test: 1679  conf=0.25  iou_thr=0.0
  [100/1679] elaborate
  [200/1679] elaborate
  [300/1679] elaborate
  [400/1679] elaborate
  [500/1679] elaborate
  [600/1679] elaborate
  [700/1679] elaborate
  [800/1679] elaborate
  [900/1679] elaborate
  [1000/1679] elaborate
  [1100/1679] elaborate
  [1200/1679] elaborate
  [1300/1679] elaborate
  [1400/1679] elaborate
  [1500/1679] elaborate
  [1600/1679] elaborate
  [1679/1679] elaborate

[Info] Punteggi osservati: min=-12.324  max=23.572
[Info] Soglie testate: 22 (da -12.32 a 23.57, 0.0 inclusa)

[Output] output/fase3_threshold_sweep/threshold_sweep.json
[Output] output/fase3_threshold_sweep/threshold_sweep_table.txt
[Output] output/fase3_threshold_sweep/threshold_sweep_curves.png
[Output] output/fase3_threshold_sweep/roc_curve.png

Completato.
==================================================
Job completato: Thu Jul 30 08:06:16 PM CEST 2026
==================================================
