==================================================
Job: oos_fase3_r16 (LoRA rank=16, alpha=32 — redo neg_ratio=1.0 con parametri anti-overfitting)
Data: Sun Jul 26 05:04:56 PM CEST 2026
Nodo: ainode01
==================================================
NVIDIA H100 80GB HBM3, 81559 MiB
[Setup] Device: cuda
[Setup] Carico processor/modello: google/siglip2-giant-opt-patch16-384
[Dati] Costruisco dataset di training...
[Dataset] train: 32554 positivi, 7139 negativi (39693 campioni totali)
[Dati] Costruisco dataset di validazione...
[Dataset] val: 5783 positivi, 1237 negativi (7020 campioni totali)
[Modello] Costruisco SigLIP2 + LoRA + MLP...
[Modello] LoRA rank=16, alpha=32 (rapporto alpha/r=2.0)
[Modello] Parametri allenabili: 5,113,345 / 1,168,773,121 (0.44%)
[Optimizer] lr adapter LoRA=3e-05  |  lr MLP head=0.001

[Training] Inizio — 50 epoche, batch=16, lr=3e-05
    [epoch 1/50 train] batch 50/2481 (4.53 batch/s, ETA 9.0 min) loss_corrente=0.3447
    [epoch 1/50 train] batch 100/2481 (4.80 batch/s, ETA 8.3 min) loss_corrente=0.2840
    [epoch 1/50 train] batch 150/2481 (4.90 batch/s, ETA 7.9 min) loss_corrente=0.2246
    [epoch 1/50 train] batch 200/2481 (4.95 batch/s, ETA 7.7 min) loss_corrente=0.2116
    [epoch 1/50 train] batch 250/2481 (4.98 batch/s, ETA 7.5 min) loss_corrente=0.1961
    [epoch 1/50 train] batch 300/2481 (5.00 batch/s, ETA 7.3 min) loss_corrente=0.1814
    [epoch 1/50 train] batch 350/2481 (5.01 batch/s, ETA 7.1 min) loss_corrente=0.1677
    [epoch 1/50 train] batch 400/2481 (5.02 batch/s, ETA 6.9 min) loss_corrente=0.1595
    [epoch 1/50 train] batch 450/2481 (5.03 batch/s, ETA 6.7 min) loss_corrente=0.1509
    [epoch 1/50 train] batch 500/2481 (5.04 batch/s, ETA 6.6 min) loss_corrente=0.1433
    [epoch 1/50 train] batch 550/2481 (5.04 batch/s, ETA 6.4 min) loss_corrente=0.1374
    [epoch 1/50 train] batch 600/2481 (5.05 batch/s, ETA 6.2 min) loss_corrente=0.1313
    [epoch 1/50 train] batch 650/2481 (5.05 batch/s, ETA 6.0 min) loss_corrente=0.1264
    [epoch 1/50 train] batch 700/2481 (5.05 batch/s, ETA 5.9 min) loss_corrente=0.1246
    [epoch 1/50 train] batch 750/2481 (5.06 batch/s, ETA 5.7 min) loss_corrente=0.1214
    [epoch 1/50 train] batch 800/2481 (5.06 batch/s, ETA 5.5 min) loss_corrente=0.1173
    [epoch 1/50 train] batch 850/2481 (5.06 batch/s, ETA 5.4 min) loss_corrente=0.1137
    [epoch 1/50 train] batch 900/2481 (5.06 batch/s, ETA 5.2 min) loss_corrente=0.1107
    [epoch 1/50 train] batch 950/2481 (5.07 batch/s, ETA 5.0 min) loss_corrente=0.1088
    [epoch 1/50 train] batch 1000/2481 (5.07 batch/s, ETA 4.9 min) loss_corrente=0.1056
    [epoch 1/50 train] batch 1050/2481 (5.07 batch/s, ETA 4.7 min) loss_corrente=0.1041
    [epoch 1/50 train] batch 1100/2481 (5.07 batch/s, ETA 4.5 min) loss_corrente=0.1009
    [epoch 1/50 train] batch 1150/2481 (5.07 batch/s, ETA 4.4 min) loss_corrente=0.0991
    [epoch 1/50 train] batch 1200/2481 (5.07 batch/s, ETA 4.2 min) loss_corrente=0.0970
    [epoch 1/50 train] batch 1250/2481 (5.07 batch/s, ETA 4.0 min) loss_corrente=0.0963
    [epoch 1/50 train] batch 1300/2481 (5.08 batch/s, ETA 3.9 min) loss_corrente=0.0953
    [epoch 1/50 train] batch 1350/2481 (5.08 batch/s, ETA 3.7 min) loss_corrente=0.0939
    [epoch 1/50 train] batch 1400/2481 (5.08 batch/s, ETA 3.5 min) loss_corrente=0.0921
    [epoch 1/50 train] batch 1450/2481 (5.08 batch/s, ETA 3.4 min) loss_corrente=0.0907
    [epoch 1/50 train] batch 1500/2481 (5.08 batch/s, ETA 3.2 min) loss_corrente=0.0894
    [epoch 1/50 train] batch 1550/2481 (5.08 batch/s, ETA 3.1 min) loss_corrente=0.0884
    [epoch 1/50 train] batch 1600/2481 (5.08 batch/s, ETA 2.9 min) loss_corrente=0.0869
    [epoch 1/50 train] batch 1650/2481 (5.08 batch/s, ETA 2.7 min) loss_corrente=0.0856
    [epoch 1/50 train] batch 1700/2481 (5.08 batch/s, ETA 2.6 min) loss_corrente=0.0845
    [epoch 1/50 train] batch 1750/2481 (5.08 batch/s, ETA 2.4 min) loss_corrente=0.0834
    [epoch 1/50 train] batch 1800/2481 (5.08 batch/s, ETA 2.2 min) loss_corrente=0.0827
    [epoch 1/50 train] batch 1850/2481 (5.08 batch/s, ETA 2.1 min) loss_corrente=0.0811
    [epoch 1/50 train] batch 1900/2481 (5.08 batch/s, ETA 1.9 min) loss_corrente=0.0800
    [epoch 1/50 train] batch 1950/2481 (5.08 batch/s, ETA 1.7 min) loss_corrente=0.0792
    [epoch 1/50 train] batch 2000/2481 (5.08 batch/s, ETA 1.6 min) loss_corrente=0.0786
    [epoch 1/50 train] batch 2050/2481 (5.08 batch/s, ETA 1.4 min) loss_corrente=0.0779
    [epoch 1/50 train] batch 2100/2481 (5.09 batch/s, ETA 1.2 min) loss_corrente=0.0769
    [epoch 1/50 train] batch 2150/2481 (5.09 batch/s, ETA 1.1 min) loss_corrente=0.0764
    [epoch 1/50 train] batch 2200/2481 (5.09 batch/s, ETA 0.9 min) loss_corrente=0.0754
    [epoch 1/50 train] batch 2250/2481 (5.09 batch/s, ETA 0.8 min) loss_corrente=0.0748
    [epoch 1/50 train] batch 2300/2481 (5.09 batch/s, ETA 0.6 min) loss_corrente=0.0739
    [epoch 1/50 train] batch 2350/2481 (5.09 batch/s, ETA 0.4 min) loss_corrente=0.0732
    [epoch 1/50 train] batch 2400/2481 (5.09 batch/s, ETA 0.3 min) loss_corrente=0.0725
    [epoch 1/50 train] batch 2450/2481 (5.09 batch/s, ETA 0.1 min) loss_corrente=0.0717
    [epoch 1/50 train] batch 2481/2481 (5.09 batch/s, ETA 0.0 min) loss_corrente=0.0713
    [epoch 1/50 val] batch 50/439 (10.32 batch/s, ETA 0.6 min) loss_corrente=0.0617
    [epoch 1/50 val] batch 100/439 (10.96 batch/s, ETA 0.5 min) loss_corrente=0.0760
    [epoch 1/50 val] batch 150/439 (11.19 batch/s, ETA 0.4 min) loss_corrente=0.0739
    [epoch 1/50 val] batch 200/439 (11.31 batch/s, ETA 0.4 min) loss_corrente=0.0737
    [epoch 1/50 val] batch 250/439 (11.38 batch/s, ETA 0.3 min) loss_corrente=0.0708
    [epoch 1/50 val] batch 300/439 (11.43 batch/s, ETA 0.2 min) loss_corrente=0.0744
    [epoch 1/50 val] batch 350/439 (11.46 batch/s, ETA 0.1 min) loss_corrente=0.0707
    [epoch 1/50 val] batch 400/439 (11.49 batch/s, ETA 0.1 min) loss_corrente=0.0746
    [epoch 1/50 val] batch 439/439 (11.51 batch/s, ETA 0.0 min) loss_corrente=0.0744
Epoch   1/50 | train_loss=0.0713 train_acc=0.975 | val_loss=0.0744 val_acc=0.974
    [epoch 2/50 train] batch 50/2481 (5.04 batch/s, ETA 8.0 min) loss_corrente=0.0264
    [epoch 2/50 train] batch 100/2481 (5.07 batch/s, ETA 7.8 min) loss_corrente=0.0345
    [epoch 2/50 train] batch 150/2481 (5.08 batch/s, ETA 7.6 min) loss_corrente=0.0301
    [epoch 2/50 train] batch 200/2481 (5.09 batch/s, ETA 7.5 min) loss_corrente=0.0256
    [epoch 2/50 train] batch 250/2481 (5.09 batch/s, ETA 7.3 min) loss_corrente=0.0267
    [epoch 2/50 train] batch 300/2481 (5.09 batch/s, ETA 7.1 min) loss_corrente=0.0259
    [epoch 2/50 train] batch 350/2481 (5.09 batch/s, ETA 7.0 min) loss_corrente=0.0261
    [epoch 2/50 train] batch 400/2481 (5.10 batch/s, ETA 6.8 min) loss_corrente=0.0253
    [epoch 2/50 train] batch 450/2481 (5.10 batch/s, ETA 6.6 min) loss_corrente=0.0279
    [epoch 2/50 train] batch 500/2481 (5.10 batch/s, ETA 6.5 min) loss_corrente=0.0263
    [epoch 2/50 train] batch 550/2481 (5.10 batch/s, ETA 6.3 min) loss_corrente=0.0294
    [epoch 2/50 train] batch 600/2481 (5.10 batch/s, ETA 6.1 min) loss_corrente=0.0294
    [epoch 2/50 train] batch 650/2481 (5.10 batch/s, ETA 6.0 min) loss_corrente=0.0286
    [epoch 2/50 train] batch 700/2481 (5.10 batch/s, ETA 5.8 min) loss_corrente=0.0288
    [epoch 2/50 train] batch 750/2481 (5.10 batch/s, ETA 5.7 min) loss_corrente=0.0287
    [epoch 2/50 train] batch 800/2481 (5.10 batch/s, ETA 5.5 min) loss_corrente=0.0284
    [epoch 2/50 train] batch 850/2481 (5.10 batch/s, ETA 5.3 min) loss_corrente=0.0287
    [epoch 2/50 train] batch 900/2481 (5.10 batch/s, ETA 5.2 min) loss_corrente=0.0287
    [epoch 2/50 train] batch 950/2481 (5.10 batch/s, ETA 5.0 min) loss_corrente=0.0288
    [epoch 2/50 train] batch 1000/2481 (5.10 batch/s, ETA 4.8 min) loss_corrente=0.0289
    [epoch 2/50 train] batch 1050/2481 (5.10 batch/s, ETA 4.7 min) loss_corrente=0.0292
    [epoch 2/50 train] batch 1100/2481 (5.10 batch/s, ETA 4.5 min) loss_corrente=0.0286
    [epoch 2/50 train] batch 1150/2481 (5.10 batch/s, ETA 4.3 min) loss_corrente=0.0279
    [epoch 2/50 train] batch 1200/2481 (5.10 batch/s, ETA 4.2 min) loss_corrente=0.0290
    [epoch 2/50 train] batch 1250/2481 (5.10 batch/s, ETA 4.0 min) loss_corrente=0.0291
    [epoch 2/50 train] batch 1300/2481 (5.10 batch/s, ETA 3.9 min) loss_corrente=0.0295
    [epoch 2/50 train] batch 1350/2481 (5.10 batch/s, ETA 3.7 min) loss_corrente=0.0296
    [epoch 2/50 train] batch 1400/2481 (5.10 batch/s, ETA 3.5 min) loss_corrente=0.0299
    [epoch 2/50 train] batch 1450/2481 (5.10 batch/s, ETA 3.4 min) loss_corrente=0.0294
    [epoch 2/50 train] batch 1500/2481 (5.10 batch/s, ETA 3.2 min) loss_corrente=0.0292
    [epoch 2/50 train] batch 1550/2481 (5.10 batch/s, ETA 3.0 min) loss_corrente=0.0291
    [epoch 2/50 train] batch 1600/2481 (5.10 batch/s, ETA 2.9 min) loss_corrente=0.0293
    [epoch 2/50 train] batch 1650/2481 (5.10 batch/s, ETA 2.7 min) loss_corrente=0.0295
    [epoch 2/50 train] batch 1700/2481 (5.10 batch/s, ETA 2.6 min) loss_corrente=0.0296
    [epoch 2/50 train] batch 1750/2481 (5.10 batch/s, ETA 2.4 min) loss_corrente=0.0297
    [epoch 2/50 train] batch 1800/2481 (5.10 batch/s, ETA 2.2 min) loss_corrente=0.0301
    [epoch 2/50 train] batch 1850/2481 (5.10 batch/s, ETA 2.1 min) loss_corrente=0.0305
    [epoch 2/50 train] batch 1900/2481 (5.10 batch/s, ETA 1.9 min) loss_corrente=0.0308
    [epoch 2/50 train] batch 1950/2481 (5.10 batch/s, ETA 1.7 min) loss_corrente=0.0308
    [epoch 2/50 train] batch 2000/2481 (5.10 batch/s, ETA 1.6 min) loss_corrente=0.0308
    [epoch 2/50 train] batch 2050/2481 (5.10 batch/s, ETA 1.4 min) loss_corrente=0.0312
    [epoch 2/50 train] batch 2100/2481 (5.10 batch/s, ETA 1.2 min) loss_corrente=0.0309
    [epoch 2/50 train] batch 2150/2481 (5.10 batch/s, ETA 1.1 min) loss_corrente=0.0305
    [epoch 2/50 train] batch 2200/2481 (5.10 batch/s, ETA 0.9 min) loss_corrente=0.0309
    [epoch 2/50 train] batch 2250/2481 (5.10 batch/s, ETA 0.8 min) loss_corrente=0.0312
    [epoch 2/50 train] batch 2300/2481 (5.10 batch/s, ETA 0.6 min) loss_corrente=0.0309
    [epoch 2/50 train] batch 2350/2481 (5.10 batch/s, ETA 0.4 min) loss_corrente=0.0308
    [epoch 2/50 train] batch 2400/2481 (5.10 batch/s, ETA 0.3 min) loss_corrente=0.0312
    [epoch 2/50 train] batch 2450/2481 (5.10 batch/s, ETA 0.1 min) loss_corrente=0.0311
    [epoch 2/50 train] batch 2481/2481 (5.10 batch/s, ETA 0.0 min) loss_corrente=0.0312
    [epoch 2/50 val] batch 50/439 (11.24 batch/s, ETA 0.6 min) loss_corrente=0.0630
    [epoch 2/50 val] batch 100/439 (11.45 batch/s, ETA 0.5 min) loss_corrente=0.0605
    [epoch 2/50 val] batch 150/439 (11.53 batch/s, ETA 0.4 min) loss_corrente=0.0580
    [epoch 2/50 val] batch 200/439 (11.57 batch/s, ETA 0.3 min) loss_corrente=0.0586
    [epoch 2/50 val] batch 250/439 (11.59 batch/s, ETA 0.3 min) loss_corrente=0.0544
    [epoch 2/50 val] batch 300/439 (11.61 batch/s, ETA 0.2 min) loss_corrente=0.0533
    [epoch 2/50 val] batch 350/439 (11.62 batch/s, ETA 0.1 min) loss_corrente=0.0486
    [epoch 2/50 val] batch 400/439 (11.62 batch/s, ETA 0.1 min) loss_corrente=0.0504
    [epoch 2/50 val] batch 439/439 (11.63 batch/s, ETA 0.0 min) loss_corrente=0.0513
Epoch   2/50 | train_loss=0.0312 train_acc=0.990 | val_loss=0.0513 val_acc=0.984
    [epoch 3/50 train] batch 50/2481 (5.03 batch/s, ETA 8.1 min) loss_corrente=0.0300
    [epoch 3/50 train] batch 100/2481 (5.07 batch/s, ETA 7.8 min) loss_corrente=0.0200
    [epoch 3/50 train] batch 150/2481 (5.08 batch/s, ETA 7.7 min) loss_corrente=0.0175
    [epoch 3/50 train] batch 200/2481 (5.08 batch/s, ETA 7.5 min) loss_corrente=0.0191
    [epoch 3/50 train] batch 250/2481 (5.09 batch/s, ETA 7.3 min) loss_corrente=0.0215
    [epoch 3/50 train] batch 300/2481 (5.09 batch/s, ETA 7.1 min) loss_corrente=0.0202
    [epoch 3/50 train] batch 350/2481 (5.09 batch/s, ETA 7.0 min) loss_corrente=0.0204
    [epoch 3/50 train] batch 400/2481 (5.09 batch/s, ETA 6.8 min) loss_corrente=0.0192
    [epoch 3/50 train] batch 450/2481 (5.09 batch/s, ETA 6.6 min) loss_corrente=0.0195
    [epoch 3/50 train] batch 500/2481 (5.10 batch/s, ETA 6.5 min) loss_corrente=0.0193
    [epoch 3/50 train] batch 550/2481 (5.10 batch/s, ETA 6.3 min) loss_corrente=0.0201
    [epoch 3/50 train] batch 600/2481 (5.10 batch/s, ETA 6.2 min) loss_corrente=0.0195
    [epoch 3/50 train] batch 650/2481 (5.10 batch/s, ETA 6.0 min) loss_corrente=0.0193
    [epoch 3/50 train] batch 700/2481 (5.10 batch/s, ETA 5.8 min) loss_corrente=0.0188
    [epoch 3/50 train] batch 750/2481 (5.10 batch/s, ETA 5.7 min) loss_corrente=0.0182
    [epoch 3/50 train] batch 800/2481 (5.10 batch/s, ETA 5.5 min) loss_corrente=0.0183
    [epoch 3/50 train] batch 850/2481 (5.10 batch/s, ETA 5.3 min) loss_corrente=0.0184
    [epoch 3/50 train] batch 900/2481 (5.10 batch/s, ETA 5.2 min) loss_corrente=0.0187
    [epoch 3/50 train] batch 950/2481 (5.10 batch/s, ETA 5.0 min) loss_corrente=0.0191
    [epoch 3/50 train] batch 1000/2481 (5.10 batch/s, ETA 4.8 min) loss_corrente=0.0190
    [epoch 3/50 train] batch 1050/2481 (5.10 batch/s, ETA 4.7 min) loss_corrente=0.0193
    [epoch 3/50 train] batch 1100/2481 (5.10 batch/s, ETA 4.5 min) loss_corrente=0.0198
    [epoch 3/50 train] batch 1150/2481 (5.10 batch/s, ETA 4.3 min) loss_corrente=0.0205
    [epoch 3/50 train] batch 1200/2481 (5.10 batch/s, ETA 4.2 min) loss_corrente=0.0201
    [epoch 3/50 train] batch 1250/2481 (5.10 batch/s, ETA 4.0 min) loss_corrente=0.0202
    [epoch 3/50 train] batch 1300/2481 (5.10 batch/s, ETA 3.9 min) loss_corrente=0.0197
    [epoch 3/50 train] batch 1350/2481 (5.10 batch/s, ETA 3.7 min) loss_corrente=0.0202
    [epoch 3/50 train] batch 1400/2481 (5.10 batch/s, ETA 3.5 min) loss_corrente=0.0199
    [epoch 3/50 train] batch 1450/2481 (5.10 batch/s, ETA 3.4 min) loss_corrente=0.0199
    [epoch 3/50 train] batch 1500/2481 (5.10 batch/s, ETA 3.2 min) loss_corrente=0.0200
    [epoch 3/50 train] batch 1550/2481 (5.10 batch/s, ETA 3.0 min) loss_corrente=0.0198
    [epoch 3/50 train] batch 1600/2481 (5.10 batch/s, ETA 2.9 min) loss_corrente=0.0197
    [epoch 3/50 train] batch 1650/2481 (5.10 batch/s, ETA 2.7 min) loss_corrente=0.0201
    [epoch 3/50 train] batch 1700/2481 (5.10 batch/s, ETA 2.6 min) loss_corrente=0.0199
    [epoch 3/50 train] batch 1750/2481 (5.10 batch/s, ETA 2.4 min) loss_corrente=0.0202
    [epoch 3/50 train] batch 1800/2481 (5.10 batch/s, ETA 2.2 min) loss_corrente=0.0200
    [epoch 3/50 train] batch 1850/2481 (5.10 batch/s, ETA 2.1 min) loss_corrente=0.0197
    [epoch 3/50 train] batch 1900/2481 (5.10 batch/s, ETA 1.9 min) loss_corrente=0.0201
    [epoch 3/50 train] batch 1950/2481 (5.10 batch/s, ETA 1.7 min) loss_corrente=0.0201
    [epoch 3/50 train] batch 2000/2481 (5.10 batch/s, ETA 1.6 min) loss_corrente=0.0200
    [epoch 3/50 train] batch 2050/2481 (5.10 batch/s, ETA 1.4 min) loss_corrente=0.0200
    [epoch 3/50 train] batch 2100/2481 (5.10 batch/s, ETA 1.2 min) loss_corrente=0.0203
    [epoch 3/50 train] batch 2150/2481 (5.10 batch/s, ETA 1.1 min) loss_corrente=0.0204
    [epoch 3/50 train] batch 2200/2481 (5.10 batch/s, ETA 0.9 min) loss_corrente=0.0205
    [epoch 3/50 train] batch 2250/2481 (5.10 batch/s, ETA 0.8 min) loss_corrente=0.0204
    [epoch 3/50 train] batch 2300/2481 (5.10 batch/s, ETA 0.6 min) loss_corrente=0.0203
    [epoch 3/50 train] batch 2350/2481 (5.10 batch/s, ETA 0.4 min) loss_corrente=0.0205
    [epoch 3/50 train] batch 2400/2481 (5.10 batch/s, ETA 0.3 min) loss_corrente=0.0204
    [epoch 3/50 train] batch 2450/2481 (5.10 batch/s, ETA 0.1 min) loss_corrente=0.0204
    [epoch 3/50 train] batch 2481/2481 (5.10 batch/s, ETA 0.0 min) loss_corrente=0.0203
    [epoch 3/50 val] batch 50/439 (11.37 batch/s, ETA 0.6 min) loss_corrente=0.0677
    [epoch 3/50 val] batch 100/439 (11.52 batch/s, ETA 0.5 min) loss_corrente=0.0603
    [epoch 3/50 val] batch 150/439 (11.57 batch/s, ETA 0.4 min) loss_corrente=0.0551
    [epoch 3/50 val] batch 200/439 (11.60 batch/s, ETA 0.3 min) loss_corrente=0.0564
    [epoch 3/50 val] batch 250/439 (11.61 batch/s, ETA 0.3 min) loss_corrente=0.0517
    [epoch 3/50 val] batch 300/439 (11.62 batch/s, ETA 0.2 min) loss_corrente=0.0509
    [epoch 3/50 val] batch 350/439 (11.63 batch/s, ETA 0.1 min) loss_corrente=0.0463
    [epoch 3/50 val] batch 400/439 (11.63 batch/s, ETA 0.1 min) loss_corrente=0.0472
    [epoch 3/50 val] batch 439/439 (11.65 batch/s, ETA 0.0 min) loss_corrente=0.0475
Epoch   3/50 | train_loss=0.0203 train_acc=0.993 | val_loss=0.0475 val_acc=0.986
    [epoch 4/50 train] batch 50/2481 (5.02 batch/s, ETA 8.1 min) loss_corrente=0.0168
    [epoch 4/50 train] batch 100/2481 (5.07 batch/s, ETA 7.8 min) loss_corrente=0.0104
    [epoch 4/50 train] batch 150/2481 (5.08 batch/s, ETA 7.6 min) loss_corrente=0.0077
    [epoch 4/50 train] batch 200/2481 (5.09 batch/s, ETA 7.5 min) loss_corrente=0.0112
    [epoch 4/50 train] batch 250/2481 (5.09 batch/s, ETA 7.3 min) loss_corrente=0.0127
    [epoch 4/50 train] batch 300/2481 (5.10 batch/s, ETA 7.1 min) loss_corrente=0.0123
    [epoch 4/50 train] batch 350/2481 (5.10 batch/s, ETA 7.0 min) loss_corrente=0.0123
    [epoch 4/50 train] batch 400/2481 (5.10 batch/s, ETA 6.8 min) loss_corrente=0.0113
    [epoch 4/50 train] batch 450/2481 (5.10 batch/s, ETA 6.6 min) loss_corrente=0.0120
    [epoch 4/50 train] batch 500/2481 (5.11 batch/s, ETA 6.5 min) loss_corrente=0.0111
    [epoch 4/50 train] batch 550/2481 (5.11 batch/s, ETA 6.3 min) loss_corrente=0.0106
    [epoch 4/50 train] batch 600/2481 (5.11 batch/s, ETA 6.1 min) loss_corrente=0.0103
    [epoch 4/50 train] batch 650/2481 (5.11 batch/s, ETA 6.0 min) loss_corrente=0.0098
    [epoch 4/50 train] batch 700/2481 (5.11 batch/s, ETA 5.8 min) loss_corrente=0.0104
    [epoch 4/50 train] batch 750/2481 (5.11 batch/s, ETA 5.6 min) loss_corrente=0.0113
    [epoch 4/50 train] batch 800/2481 (5.11 batch/s, ETA 5.5 min) loss_corrente=0.0126
    [epoch 4/50 train] batch 850/2481 (5.11 batch/s, ETA 5.3 min) loss_corrente=0.0126
    [epoch 4/50 train] batch 900/2481 (5.11 batch/s, ETA 5.2 min) loss_corrente=0.0121
    [epoch 4/50 train] batch 950/2481 (5.11 batch/s, ETA 5.0 min) loss_corrente=0.0121
    [epoch 4/50 train] batch 1000/2481 (5.11 batch/s, ETA 4.8 min) loss_corrente=0.0120
    [epoch 4/50 train] batch 1050/2481 (5.11 batch/s, ETA 4.7 min) loss_corrente=0.0122
    [epoch 4/50 train] batch 1100/2481 (5.11 batch/s, ETA 4.5 min) loss_corrente=0.0125
    [epoch 4/50 train] batch 1150/2481 (5.11 batch/s, ETA 4.3 min) loss_corrente=0.0128
    [epoch 4/50 train] batch 1200/2481 (5.11 batch/s, ETA 4.2 min) loss_corrente=0.0125
    [epoch 4/50 train] batch 1250/2481 (5.11 batch/s, ETA 4.0 min) loss_corrente=0.0123
    [epoch 4/50 train] batch 1300/2481 (5.11 batch/s, ETA 3.9 min) loss_corrente=0.0130
    [epoch 4/50 train] batch 1350/2481 (5.11 batch/s, ETA 3.7 min) loss_corrente=0.0129
    [epoch 4/50 train] batch 1400/2481 (5.11 batch/s, ETA 3.5 min) loss_corrente=0.0131
    [epoch 4/50 train] batch 1450/2481 (5.11 batch/s, ETA 3.4 min) loss_corrente=0.0131
    [epoch 4/50 train] batch 1500/2481 (5.11 batch/s, ETA 3.2 min) loss_corrente=0.0132
    [epoch 4/50 train] batch 1550/2481 (5.11 batch/s, ETA 3.0 min) loss_corrente=0.0129
    [epoch 4/50 train] batch 1600/2481 (5.11 batch/s, ETA 2.9 min) loss_corrente=0.0129
    [epoch 4/50 train] batch 1650/2481 (5.11 batch/s, ETA 2.7 min) loss_corrente=0.0137
    [epoch 4/50 train] batch 1700/2481 (5.11 batch/s, ETA 2.5 min) loss_corrente=0.0136
    [epoch 4/50 train] batch 1750/2481 (5.11 batch/s, ETA 2.4 min) loss_corrente=0.0135
    [epoch 4/50 train] batch 1800/2481 (5.11 batch/s, ETA 2.2 min) loss_corrente=0.0134
    [epoch 4/50 train] batch 1850/2481 (5.11 batch/s, ETA 2.1 min) loss_corrente=0.0139
    [epoch 4/50 train] batch 1900/2481 (5.11 batch/s, ETA 1.9 min) loss_corrente=0.0136
    [epoch 4/50 train] batch 1950/2481 (5.11 batch/s, ETA 1.7 min) loss_corrente=0.0136
    [epoch 4/50 train] batch 2000/2481 (5.11 batch/s, ETA 1.6 min) loss_corrente=0.0134
    [epoch 4/50 train] batch 2050/2481 (5.11 batch/s, ETA 1.4 min) loss_corrente=0.0135
    [epoch 4/50 train] batch 2100/2481 (5.11 batch/s, ETA 1.2 min) loss_corrente=0.0136
    [epoch 4/50 train] batch 2150/2481 (5.11 batch/s, ETA 1.1 min) loss_corrente=0.0137
    [epoch 4/50 train] batch 2200/2481 (5.11 batch/s, ETA 0.9 min) loss_corrente=0.0139
    [epoch 4/50 train] batch 2250/2481 (5.11 batch/s, ETA 0.8 min) loss_corrente=0.0138
    [epoch 4/50 train] batch 2300/2481 (5.11 batch/s, ETA 0.6 min) loss_corrente=0.0137
    [epoch 4/50 train] batch 2350/2481 (5.11 batch/s, ETA 0.4 min) loss_corrente=0.0139
    [epoch 4/50 train] batch 2400/2481 (5.11 batch/s, ETA 0.3 min) loss_corrente=0.0140
    [epoch 4/50 train] batch 2450/2481 (5.11 batch/s, ETA 0.1 min) loss_corrente=0.0140
    [epoch 4/50 train] batch 2481/2481 (5.11 batch/s, ETA 0.0 min) loss_corrente=0.0140
    [epoch 4/50 val] batch 50/439 (11.30 batch/s, ETA 0.6 min) loss_corrente=0.0879
    [epoch 4/50 val] batch 100/439 (11.49 batch/s, ETA 0.5 min) loss_corrente=0.1098
    [epoch 4/50 val] batch 150/439 (11.55 batch/s, ETA 0.4 min) loss_corrente=0.0894
    [epoch 4/50 val] batch 200/439 (11.59 batch/s, ETA 0.3 min) loss_corrente=0.0897
    [epoch 4/50 val] batch 250/439 (11.59 batch/s, ETA 0.3 min) loss_corrente=0.0849
    [epoch 4/50 val] batch 300/439 (11.61 batch/s, ETA 0.2 min) loss_corrente=0.0843
    [epoch 4/50 val] batch 350/439 (11.62 batch/s, ETA 0.1 min) loss_corrente=0.0762
    [epoch 4/50 val] batch 400/439 (11.62 batch/s, ETA 0.1 min) loss_corrente=0.0777
    [epoch 4/50 val] batch 439/439 (11.64 batch/s, ETA 0.0 min) loss_corrente=0.0750
Epoch   4/50 | train_loss=0.0140 train_acc=0.995 | val_loss=0.0750 val_acc=0.981
    [epoch 5/50 train] batch 50/2481 (5.04 batch/s, ETA 8.0 min) loss_corrente=0.0043
    [epoch 5/50 train] batch 100/2481 (5.08 batch/s, ETA 7.8 min) loss_corrente=0.0045
    [epoch 5/50 train] batch 150/2481 (5.09 batch/s, ETA 7.6 min) loss_corrente=0.0057
    [epoch 5/50 train] batch 200/2481 (5.10 batch/s, ETA 7.5 min) loss_corrente=0.0069
    [epoch 5/50 train] batch 250/2481 (5.10 batch/s, ETA 7.3 min) loss_corrente=0.0075
    [epoch 5/50 train] batch 300/2481 (5.11 batch/s, ETA 7.1 min) loss_corrente=0.0085
    [epoch 5/50 train] batch 350/2481 (5.11 batch/s, ETA 6.9 min) loss_corrente=0.0077
    [epoch 5/50 train] batch 400/2481 (5.11 batch/s, ETA 6.8 min) loss_corrente=0.0074
    [epoch 5/50 train] batch 450/2481 (5.11 batch/s, ETA 6.6 min) loss_corrente=0.0080
    [epoch 5/50 train] batch 500/2481 (5.12 batch/s, ETA 6.5 min) loss_corrente=0.0075
    [epoch 5/50 train] batch 550/2481 (5.12 batch/s, ETA 6.3 min) loss_corrente=0.0072
    [epoch 5/50 train] batch 600/2481 (5.12 batch/s, ETA 6.1 min) loss_corrente=0.0073
    [epoch 5/50 train] batch 650/2481 (5.12 batch/s, ETA 6.0 min) loss_corrente=0.0090
    [epoch 5/50 train] batch 700/2481 (5.12 batch/s, ETA 5.8 min) loss_corrente=0.0090
    [epoch 5/50 train] batch 750/2481 (5.12 batch/s, ETA 5.6 min) loss_corrente=0.0092
    [epoch 5/50 train] batch 800/2481 (5.12 batch/s, ETA 5.5 min) loss_corrente=0.0091
    [epoch 5/50 train] batch 850/2481 (5.12 batch/s, ETA 5.3 min) loss_corrente=0.0093
    [epoch 5/50 train] batch 900/2481 (5.12 batch/s, ETA 5.1 min) loss_corrente=0.0093
    [epoch 5/50 train] batch 950/2481 (5.12 batch/s, ETA 5.0 min) loss_corrente=0.0092
    [epoch 5/50 train] batch 1000/2481 (5.12 batch/s, ETA 4.8 min) loss_corrente=0.0094
    [epoch 5/50 train] batch 1050/2481 (5.12 batch/s, ETA 4.7 min) loss_corrente=0.0092
    [epoch 5/50 train] batch 1100/2481 (5.12 batch/s, ETA 4.5 min) loss_corrente=0.0089
    [epoch 5/50 train] batch 1150/2481 (5.12 batch/s, ETA 4.3 min) loss_corrente=0.0086
    [epoch 5/50 train] batch 1200/2481 (5.12 batch/s, ETA 4.2 min) loss_corrente=0.0084
    [epoch 5/50 train] batch 1250/2481 (5.12 batch/s, ETA 4.0 min) loss_corrente=0.0086
    [epoch 5/50 train] batch 1300/2481 (5.12 batch/s, ETA 3.8 min) loss_corrente=0.0089
    [epoch 5/50 train] batch 1350/2481 (5.12 batch/s, ETA 3.7 min) loss_corrente=0.0087
    [epoch 5/50 train] batch 1400/2481 (5.12 batch/s, ETA 3.5 min) loss_corrente=0.0087
    [epoch 5/50 train] batch 1450/2481 (5.12 batch/s, ETA 3.4 min) loss_corrente=0.0086
    [epoch 5/50 train] batch 1500/2481 (5.12 batch/s, ETA 3.2 min) loss_corrente=0.0084
    [epoch 5/50 train] batch 1550/2481 (5.12 batch/s, ETA 3.0 min) loss_corrente=0.0089
    [epoch 5/50 train] batch 1600/2481 (5.12 batch/s, ETA 2.9 min) loss_corrente=0.0089
    [epoch 5/50 train] batch 1650/2481 (5.12 batch/s, ETA 2.7 min) loss_corrente=0.0088
    [epoch 5/50 train] batch 1700/2481 (5.12 batch/s, ETA 2.5 min) loss_corrente=0.0086
    [epoch 5/50 train] batch 1750/2481 (5.12 batch/s, ETA 2.4 min) loss_corrente=0.0087
    [epoch 5/50 train] batch 1800/2481 (5.12 batch/s, ETA 2.2 min) loss_corrente=0.0089
    [epoch 5/50 train] batch 1850/2481 (5.12 batch/s, ETA 2.1 min) loss_corrente=0.0088
    [epoch 5/50 train] batch 1900/2481 (5.12 batch/s, ETA 1.9 min) loss_corrente=0.0087
    [epoch 5/50 train] batch 1950/2481 (5.12 batch/s, ETA 1.7 min) loss_corrente=0.0088
    [epoch 5/50 train] batch 2000/2481 (5.12 batch/s, ETA 1.6 min) loss_corrente=0.0087
    [epoch 5/50 train] batch 2050/2481 (5.12 batch/s, ETA 1.4 min) loss_corrente=0.0088
    [epoch 5/50 train] batch 2100/2481 (5.12 batch/s, ETA 1.2 min) loss_corrente=0.0087
    [epoch 5/50 train] batch 2150/2481 (5.12 batch/s, ETA 1.1 min) loss_corrente=0.0086
    [epoch 5/50 train] batch 2200/2481 (5.12 batch/s, ETA 0.9 min) loss_corrente=0.0087
    [epoch 5/50 train] batch 2250/2481 (5.12 batch/s, ETA 0.8 min) loss_corrente=0.0094
    [epoch 5/50 train] batch 2300/2481 (5.12 batch/s, ETA 0.6 min) loss_corrente=0.0094
    [epoch 5/50 train] batch 2350/2481 (5.12 batch/s, ETA 0.4 min) loss_corrente=0.0096
    [epoch 5/50 train] batch 2400/2481 (5.12 batch/s, ETA 0.3 min) loss_corrente=0.0097
    [epoch 5/50 train] batch 2450/2481 (5.12 batch/s, ETA 0.1 min) loss_corrente=0.0097
    [epoch 5/50 train] batch 2481/2481 (5.12 batch/s, ETA 0.0 min) loss_corrente=0.0096
    [epoch 5/50 val] batch 50/439 (11.35 batch/s, ETA 0.6 min) loss_corrente=0.1450
    [epoch 5/50 val] batch 100/439 (11.52 batch/s, ETA 0.5 min) loss_corrente=0.1188
    [epoch 5/50 val] batch 150/439 (11.58 batch/s, ETA 0.4 min) loss_corrente=0.1070
    [epoch 5/50 val] batch 200/439 (11.60 batch/s, ETA 0.3 min) loss_corrente=0.0999
    [epoch 5/50 val] batch 250/439 (11.62 batch/s, ETA 0.3 min) loss_corrente=0.0862
    [epoch 5/50 val] batch 300/439 (11.63 batch/s, ETA 0.2 min) loss_corrente=0.0813
    [epoch 5/50 val] batch 350/439 (11.64 batch/s, ETA 0.1 min) loss_corrente=0.0713
    [epoch 5/50 val] batch 400/439 (11.64 batch/s, ETA 0.1 min) loss_corrente=0.0717
    [epoch 5/50 val] batch 439/439 (11.65 batch/s, ETA 0.0 min) loss_corrente=0.0691
Epoch   5/50 | train_loss=0.0096 train_acc=0.997 | val_loss=0.0691 val_acc=0.982
    [epoch 6/50 train] batch 50/2481 (5.04 batch/s, ETA 8.0 min) loss_corrente=0.0025
    [epoch 6/50 train] batch 100/2481 (5.08 batch/s, ETA 7.8 min) loss_corrente=0.0026
    [epoch 6/50 train] batch 150/2481 (5.09 batch/s, ETA 7.6 min) loss_corrente=0.0049
    [epoch 6/50 train] batch 200/2481 (5.10 batch/s, ETA 7.5 min) loss_corrente=0.0062
    [epoch 6/50 train] batch 250/2481 (5.10 batch/s, ETA 7.3 min) loss_corrente=0.0054
    [epoch 6/50 train] batch 300/2481 (5.10 batch/s, ETA 7.1 min) loss_corrente=0.0052
    [epoch 6/50 train] batch 350/2481 (5.11 batch/s, ETA 7.0 min) loss_corrente=0.0049
    [epoch 6/50 train] batch 400/2481 (5.11 batch/s, ETA 6.8 min) loss_corrente=0.0088
    [epoch 6/50 train] batch 450/2481 (5.11 batch/s, ETA 6.6 min) loss_corrente=0.0089
    [epoch 6/50 train] batch 500/2481 (5.11 batch/s, ETA 6.5 min) loss_corrente=0.0081
    [epoch 6/50 train] batch 550/2481 (5.11 batch/s, ETA 6.3 min) loss_corrente=0.0086
    [epoch 6/50 train] batch 600/2481 (5.11 batch/s, ETA 6.1 min) loss_corrente=0.0090
    [epoch 6/50 train] batch 650/2481 (5.12 batch/s, ETA 6.0 min) loss_corrente=0.0086
    [epoch 6/50 train] batch 700/2481 (5.12 batch/s, ETA 5.8 min) loss_corrente=0.0081
    [epoch 6/50 train] batch 750/2481 (5.12 batch/s, ETA 5.6 min) loss_corrente=0.0077
    [epoch 6/50 train] batch 800/2481 (5.12 batch/s, ETA 5.5 min) loss_corrente=0.0075
    [epoch 6/50 train] batch 850/2481 (5.12 batch/s, ETA 5.3 min) loss_corrente=0.0079
    [epoch 6/50 train] batch 900/2481 (5.12 batch/s, ETA 5.1 min) loss_corrente=0.0088
    [epoch 6/50 train] batch 950/2481 (5.12 batch/s, ETA 5.0 min) loss_corrente=0.0097
    [epoch 6/50 train] batch 1000/2481 (5.12 batch/s, ETA 4.8 min) loss_corrente=0.0095
    [epoch 6/50 train] batch 1050/2481 (5.12 batch/s, ETA 4.7 min) loss_corrente=0.0092
    [epoch 6/50 train] batch 1100/2481 (5.12 batch/s, ETA 4.5 min) loss_corrente=0.0088
    [epoch 6/50 train] batch 1150/2481 (5.12 batch/s, ETA 4.3 min) loss_corrente=0.0096
    [epoch 6/50 train] batch 1200/2481 (5.12 batch/s, ETA 4.2 min) loss_corrente=0.0096
    [epoch 6/50 train] batch 1250/2481 (5.12 batch/s, ETA 4.0 min) loss_corrente=0.0094
    [epoch 6/50 train] batch 1300/2481 (5.12 batch/s, ETA 3.8 min) loss_corrente=0.0093
    [epoch 6/50 train] batch 1350/2481 (5.12 batch/s, ETA 3.7 min) loss_corrente=0.0091
    [epoch 6/50 train] batch 1400/2481 (5.12 batch/s, ETA 3.5 min) loss_corrente=0.0089
    [epoch 6/50 train] batch 1450/2481 (5.12 batch/s, ETA 3.4 min) loss_corrente=0.0093
    [epoch 6/50 train] batch 1500/2481 (5.12 batch/s, ETA 3.2 min) loss_corrente=0.0092
    [epoch 6/50 train] batch 1550/2481 (5.12 batch/s, ETA 3.0 min) loss_corrente=0.0094
    [epoch 6/50 train] batch 1600/2481 (5.12 batch/s, ETA 2.9 min) loss_corrente=0.0092
    [epoch 6/50 train] batch 1650/2481 (5.12 batch/s, ETA 2.7 min) loss_corrente=0.0089
    [epoch 6/50 train] batch 1700/2481 (5.12 batch/s, ETA 2.5 min) loss_corrente=0.0089
    [epoch 6/50 train] batch 1750/2481 (5.12 batch/s, ETA 2.4 min) loss_corrente=0.0089
    [epoch 6/50 train] batch 1800/2481 (5.12 batch/s, ETA 2.2 min) loss_corrente=0.0088
    [epoch 6/50 train] batch 1850/2481 (5.12 batch/s, ETA 2.1 min) loss_corrente=0.0086
    [epoch 6/50 train] batch 1900/2481 (5.12 batch/s, ETA 1.9 min) loss_corrente=0.0085
    [epoch 6/50 train] batch 1950/2481 (5.12 batch/s, ETA 1.7 min) loss_corrente=0.0088
    [epoch 6/50 train] batch 2000/2481 (5.12 batch/s, ETA 1.6 min) loss_corrente=0.0086
    [epoch 6/50 train] batch 2050/2481 (5.12 batch/s, ETA 1.4 min) loss_corrente=0.0086
    [epoch 6/50 train] batch 2100/2481 (5.12 batch/s, ETA 1.2 min) loss_corrente=0.0091
    [epoch 6/50 train] batch 2150/2481 (5.12 batch/s, ETA 1.1 min) loss_corrente=0.0090
    [epoch 6/50 train] batch 2200/2481 (5.12 batch/s, ETA 0.9 min) loss_corrente=0.0089
    [epoch 6/50 train] batch 2250/2481 (5.12 batch/s, ETA 0.8 min) loss_corrente=0.0093
    [epoch 6/50 train] batch 2300/2481 (5.12 batch/s, ETA 0.6 min) loss_corrente=0.0091
    [epoch 6/50 train] batch 2350/2481 (5.12 batch/s, ETA 0.4 min) loss_corrente=0.0089
    [epoch 6/50 train] batch 2400/2481 (5.12 batch/s, ETA 0.3 min) loss_corrente=0.0090
    [epoch 6/50 train] batch 2450/2481 (5.12 batch/s, ETA 0.1 min) loss_corrente=0.0093
    [epoch 6/50 train] batch 2481/2481 (5.12 batch/s, ETA 0.0 min) loss_corrente=0.0096
    [epoch 6/50 val] batch 50/439 (11.27 batch/s, ETA 0.6 min) loss_corrente=0.1647
    [epoch 6/50 val] batch 100/439 (11.45 batch/s, ETA 0.5 min) loss_corrente=0.1199
    [epoch 6/50 val] batch 150/439 (11.52 batch/s, ETA 0.4 min) loss_corrente=0.1132
    [epoch 6/50 val] batch 200/439 (11.56 batch/s, ETA 0.3 min) loss_corrente=0.1056
    [epoch 6/50 val] batch 250/439 (11.58 batch/s, ETA 0.3 min) loss_corrente=0.0928
    [epoch 6/50 val] batch 300/439 (11.60 batch/s, ETA 0.2 min) loss_corrente=0.0854
    [epoch 6/50 val] batch 350/439 (11.61 batch/s, ETA 0.1 min) loss_corrente=0.0754
    [epoch 6/50 val] batch 400/439 (11.62 batch/s, ETA 0.1 min) loss_corrente=0.0778
    [epoch 6/50 val] batch 439/439 (11.64 batch/s, ETA 0.0 min) loss_corrente=0.0778
Epoch   6/50 | train_loss=0.0096 train_acc=0.997 | val_loss=0.0778 val_acc=0.984
    [epoch 7/50 train] batch 50/2481 (5.04 batch/s, ETA 8.0 min) loss_corrente=0.0151
    [epoch 7/50 train] batch 100/2481 (5.08 batch/s, ETA 7.8 min) loss_corrente=0.0082
    [epoch 7/50 train] batch 150/2481 (5.10 batch/s, ETA 7.6 min) loss_corrente=0.0064
    [epoch 7/50 train] batch 200/2481 (5.10 batch/s, ETA 7.4 min) loss_corrente=0.0057
    [epoch 7/50 train] batch 250/2481 (5.11 batch/s, ETA 7.3 min) loss_corrente=0.0046
    [epoch 7/50 train] batch 300/2481 (5.11 batch/s, ETA 7.1 min) loss_corrente=0.0044
    [epoch 7/50 train] batch 350/2481 (5.11 batch/s, ETA 6.9 min) loss_corrente=0.0059
    [epoch 7/50 train] batch 400/2481 (5.12 batch/s, ETA 6.8 min) loss_corrente=0.0056
    [epoch 7/50 train] batch 450/2481 (5.12 batch/s, ETA 6.6 min) loss_corrente=0.0065
    [epoch 7/50 train] batch 500/2481 (5.12 batch/s, ETA 6.5 min) loss_corrente=0.0071
    [epoch 7/50 train] batch 550/2481 (5.12 batch/s, ETA 6.3 min) loss_corrente=0.0069
    [epoch 7/50 train] batch 600/2481 (5.12 batch/s, ETA 6.1 min) loss_corrente=0.0064
    [epoch 7/50 train] batch 650/2481 (5.12 batch/s, ETA 6.0 min) loss_corrente=0.0060
    [epoch 7/50 train] batch 700/2481 (5.12 batch/s, ETA 5.8 min) loss_corrente=0.0057
    [epoch 7/50 train] batch 750/2481 (5.12 batch/s, ETA 5.6 min) loss_corrente=0.0064
    [epoch 7/50 train] batch 800/2481 (5.12 batch/s, ETA 5.5 min) loss_corrente=0.0064
    [epoch 7/50 train] batch 850/2481 (5.12 batch/s, ETA 5.3 min) loss_corrente=0.0065
    [epoch 7/50 train] batch 900/2481 (5.12 batch/s, ETA 5.1 min) loss_corrente=0.0070
    [epoch 7/50 train] batch 950/2481 (5.12 batch/s, ETA 5.0 min) loss_corrente=0.0069
    [epoch 7/50 train] batch 1000/2481 (5.12 batch/s, ETA 4.8 min) loss_corrente=0.0068
    [epoch 7/50 train] batch 1050/2481 (5.12 batch/s, ETA 4.7 min) loss_corrente=0.0065
    [epoch 7/50 train] batch 1100/2481 (5.12 batch/s, ETA 4.5 min) loss_corrente=0.0062
    [epoch 7/50 train] batch 1150/2481 (5.12 batch/s, ETA 4.3 min) loss_corrente=0.0059
    [epoch 7/50 train] batch 1200/2481 (5.12 batch/s, ETA 4.2 min) loss_corrente=0.0057
    [epoch 7/50 train] batch 1250/2481 (5.12 batch/s, ETA 4.0 min) loss_corrente=0.0057
    [epoch 7/50 train] batch 1300/2481 (5.12 batch/s, ETA 3.8 min) loss_corrente=0.0057
    [epoch 7/50 train] batch 1350/2481 (5.12 batch/s, ETA 3.7 min) loss_corrente=0.0055
    [epoch 7/50 train] batch 1400/2481 (5.12 batch/s, ETA 3.5 min) loss_corrente=0.0056
    [epoch 7/50 train] batch 1450/2481 (5.12 batch/s, ETA 3.4 min) loss_corrente=0.0061
    [epoch 7/50 train] batch 1500/2481 (5.12 batch/s, ETA 3.2 min) loss_corrente=0.0059
    [epoch 7/50 train] batch 1550/2481 (5.13 batch/s, ETA 3.0 min) loss_corrente=0.0061
    [epoch 7/50 train] batch 1600/2481 (5.13 batch/s, ETA 2.9 min) loss_corrente=0.0059
    [epoch 7/50 train] batch 1650/2481 (5.13 batch/s, ETA 2.7 min) loss_corrente=0.0058
    [epoch 7/50 train] batch 1700/2481 (5.13 batch/s, ETA 2.5 min) loss_corrente=0.0062
    [epoch 7/50 train] batch 1750/2481 (5.13 batch/s, ETA 2.4 min) loss_corrente=0.0061
    [epoch 7/50 train] batch 1800/2481 (5.13 batch/s, ETA 2.2 min) loss_corrente=0.0070
    [epoch 7/50 train] batch 1850/2481 (5.13 batch/s, ETA 2.1 min) loss_corrente=0.0070
    [epoch 7/50 train] batch 1900/2481 (5.13 batch/s, ETA 1.9 min) loss_corrente=0.0068
    [epoch 7/50 train] batch 1950/2481 (5.13 batch/s, ETA 1.7 min) loss_corrente=0.0071
    [epoch 7/50 train] batch 2000/2481 (5.13 batch/s, ETA 1.6 min) loss_corrente=0.0070
    [epoch 7/50 train] batch 2050/2481 (5.13 batch/s, ETA 1.4 min) loss_corrente=0.0069
    [epoch 7/50 train] batch 2100/2481 (5.13 batch/s, ETA 1.2 min) loss_corrente=0.0068
    [epoch 7/50 train] batch 2150/2481 (5.13 batch/s, ETA 1.1 min) loss_corrente=0.0067
    [epoch 7/50 train] batch 2200/2481 (5.13 batch/s, ETA 0.9 min) loss_corrente=0.0068
    [epoch 7/50 train] batch 2250/2481 (5.13 batch/s, ETA 0.8 min) loss_corrente=0.0067
    [epoch 7/50 train] batch 2300/2481 (5.13 batch/s, ETA 0.6 min) loss_corrente=0.0068
    [epoch 7/50 train] batch 2350/2481 (5.13 batch/s, ETA 0.4 min) loss_corrente=0.0067
    [epoch 7/50 train] batch 2400/2481 (5.13 batch/s, ETA 0.3 min) loss_corrente=0.0066
    [epoch 7/50 train] batch 2450/2481 (5.13 batch/s, ETA 0.1 min) loss_corrente=0.0065
    [epoch 7/50 train] batch 2481/2481 (5.13 batch/s, ETA 0.0 min) loss_corrente=0.0064
    [epoch 7/50 val] batch 50/439 (11.36 batch/s, ETA 0.6 min) loss_corrente=0.1432
    [epoch 7/50 val] batch 100/439 (11.52 batch/s, ETA 0.5 min) loss_corrente=0.1502
    [epoch 7/50 val] batch 150/439 (11.58 batch/s, ETA 0.4 min) loss_corrente=0.1260
    [epoch 7/50 val] batch 200/439 (11.61 batch/s, ETA 0.3 min) loss_corrente=0.1231
    [epoch 7/50 val] batch 250/439 (11.62 batch/s, ETA 0.3 min) loss_corrente=0.1178
    [epoch 7/50 val] batch 300/439 (11.63 batch/s, ETA 0.2 min) loss_corrente=0.1130
    [epoch 7/50 val] batch 350/439 (11.64 batch/s, ETA 0.1 min) loss_corrente=0.0998
    [epoch 7/50 val] batch 400/439 (11.65 batch/s, ETA 0.1 min) loss_corrente=0.1005
    [epoch 7/50 val] batch 439/439 (11.66 batch/s, ETA 0.0 min) loss_corrente=0.0987
Epoch   7/50 | train_loss=0.0064 train_acc=0.998 | val_loss=0.0987 val_acc=0.983
    [epoch 8/50 train] batch 50/2481 (5.04 batch/s, ETA 8.0 min) loss_corrente=0.0004
    [epoch 8/50 train] batch 100/2481 (5.08 batch/s, ETA 7.8 min) loss_corrente=0.0024
    [epoch 8/50 train] batch 150/2481 (5.10 batch/s, ETA 7.6 min) loss_corrente=0.0018
    [epoch 8/50 train] batch 200/2481 (5.11 batch/s, ETA 7.4 min) loss_corrente=0.0015
    [epoch 8/50 train] batch 250/2481 (5.11 batch/s, ETA 7.3 min) loss_corrente=0.0019
    [epoch 8/50 train] batch 300/2481 (5.11 batch/s, ETA 7.1 min) loss_corrente=0.0021
    [epoch 8/50 train] batch 350/2481 (5.12 batch/s, ETA 6.9 min) loss_corrente=0.0018
    [epoch 8/50 train] batch 400/2481 (5.12 batch/s, ETA 6.8 min) loss_corrente=0.0021
    [epoch 8/50 train] batch 450/2481 (5.12 batch/s, ETA 6.6 min) loss_corrente=0.0023
    [epoch 8/50 train] batch 500/2481 (5.12 batch/s, ETA 6.4 min) loss_corrente=0.0028
    [epoch 8/50 train] batch 550/2481 (5.12 batch/s, ETA 6.3 min) loss_corrente=0.0032
    [epoch 8/50 train] batch 600/2481 (5.12 batch/s, ETA 6.1 min) loss_corrente=0.0036
    [epoch 8/50 train] batch 650/2481 (5.12 batch/s, ETA 6.0 min) loss_corrente=0.0035
    [epoch 8/50 train] batch 700/2481 (5.12 batch/s, ETA 5.8 min) loss_corrente=0.0038
    [epoch 8/50 train] batch 750/2481 (5.12 batch/s, ETA 5.6 min) loss_corrente=0.0036
    [epoch 8/50 train] batch 800/2481 (5.12 batch/s, ETA 5.5 min) loss_corrente=0.0034
    [epoch 8/50 train] batch 850/2481 (5.13 batch/s, ETA 5.3 min) loss_corrente=0.0037
    [epoch 8/50 train] batch 900/2481 (5.13 batch/s, ETA 5.1 min) loss_corrente=0.0037
    [epoch 8/50 train] batch 950/2481 (5.13 batch/s, ETA 5.0 min) loss_corrente=0.0038
    [epoch 8/50 train] batch 1000/2481 (5.13 batch/s, ETA 4.8 min) loss_corrente=0.0040
    [epoch 8/50 train] batch 1050/2481 (5.13 batch/s, ETA 4.7 min) loss_corrente=0.0045
    [epoch 8/50 train] batch 1100/2481 (5.13 batch/s, ETA 4.5 min) loss_corrente=0.0048
    [epoch 8/50 train] batch 1150/2481 (5.13 batch/s, ETA 4.3 min) loss_corrente=0.0049
    [epoch 8/50 train] batch 1200/2481 (5.13 batch/s, ETA 4.2 min) loss_corrente=0.0050
    [epoch 8/50 train] batch 1250/2481 (5.13 batch/s, ETA 4.0 min) loss_corrente=0.0049
    [epoch 8/50 train] batch 1300/2481 (5.13 batch/s, ETA 3.8 min) loss_corrente=0.0047
    [epoch 8/50 train] batch 1350/2481 (5.13 batch/s, ETA 3.7 min) loss_corrente=0.0047
    [epoch 8/50 train] batch 1400/2481 (5.13 batch/s, ETA 3.5 min) loss_corrente=0.0046
    [epoch 8/50 train] batch 1450/2481 (5.13 batch/s, ETA 3.4 min) loss_corrente=0.0048
    [epoch 8/50 train] batch 1500/2481 (5.13 batch/s, ETA 3.2 min) loss_corrente=0.0049
    [epoch 8/50 train] batch 1550/2481 (5.13 batch/s, ETA 3.0 min) loss_corrente=0.0048
    [epoch 8/50 train] batch 1600/2481 (5.13 batch/s, ETA 2.9 min) loss_corrente=0.0050
    [epoch 8/50 train] batch 1650/2481 (5.13 batch/s, ETA 2.7 min) loss_corrente=0.0055
    [epoch 8/50 train] batch 1700/2481 (5.13 batch/s, ETA 2.5 min) loss_corrente=0.0059
    [epoch 8/50 train] batch 1750/2481 (5.13 batch/s, ETA 2.4 min) loss_corrente=0.0062
    [epoch 8/50 train] batch 1800/2481 (5.13 batch/s, ETA 2.2 min) loss_corrente=0.0062
    [epoch 8/50 train] batch 1850/2481 (5.13 batch/s, ETA 2.1 min) loss_corrente=0.0060
    [epoch 8/50 train] batch 1900/2481 (5.13 batch/s, ETA 1.9 min) loss_corrente=0.0059
    [epoch 8/50 train] batch 1950/2481 (5.13 batch/s, ETA 1.7 min) loss_corrente=0.0058
    [epoch 8/50 train] batch 2000/2481 (5.13 batch/s, ETA 1.6 min) loss_corrente=0.0057
    [epoch 8/50 train] batch 2050/2481 (5.13 batch/s, ETA 1.4 min) loss_corrente=0.0062
    [epoch 8/50 train] batch 2100/2481 (5.13 batch/s, ETA 1.2 min) loss_corrente=0.0063
    [epoch 8/50 train] batch 2150/2481 (5.13 batch/s, ETA 1.1 min) loss_corrente=0.0063
    [epoch 8/50 train] batch 2200/2481 (5.13 batch/s, ETA 0.9 min) loss_corrente=0.0062
    [epoch 8/50 train] batch 2250/2481 (5.13 batch/s, ETA 0.8 min) loss_corrente=0.0062
    [epoch 8/50 train] batch 2300/2481 (5.13 batch/s, ETA 0.6 min) loss_corrente=0.0061
    [epoch 8/50 train] batch 2350/2481 (5.13 batch/s, ETA 0.4 min) loss_corrente=0.0060
    [epoch 8/50 train] batch 2400/2481 (5.13 batch/s, ETA 0.3 min) loss_corrente=0.0059
    [epoch 8/50 train] batch 2450/2481 (5.13 batch/s, ETA 0.1 min) loss_corrente=0.0060
    [epoch 8/50 train] batch 2481/2481 (5.13 batch/s, ETA 0.0 min) loss_corrente=0.0059
    [epoch 8/50 val] batch 50/439 (11.29 batch/s, ETA 0.6 min) loss_corrente=0.1920
    [epoch 8/50 val] batch 100/439 (11.48 batch/s, ETA 0.5 min) loss_corrente=0.1539
    [epoch 8/50 val] batch 150/439 (11.55 batch/s, ETA 0.4 min) loss_corrente=0.1341
    [epoch 8/50 val] batch 200/439 (11.58 batch/s, ETA 0.3 min) loss_corrente=0.1341
    [epoch 8/50 val] batch 250/439 (11.60 batch/s, ETA 0.3 min) loss_corrente=0.1200
    [epoch 8/50 val] batch 300/439 (11.62 batch/s, ETA 0.2 min) loss_corrente=0.1136
    [epoch 8/50 val] batch 350/439 (11.63 batch/s, ETA 0.1 min) loss_corrente=0.1013
    [epoch 8/50 val] batch 400/439 (11.63 batch/s, ETA 0.1 min) loss_corrente=0.0999
    [epoch 8/50 val] batch 439/439 (11.64 batch/s, ETA 0.0 min) loss_corrente=0.1002
Epoch   8/50 | train_loss=0.0059 train_acc=0.998 | val_loss=0.1002 val_acc=0.986
    [epoch 9/50 train] batch 50/2481 (5.05 batch/s, ETA 8.0 min) loss_corrente=0.0058
    [epoch 9/50 train] batch 100/2481 (5.09 batch/s, ETA 7.8 min) loss_corrente=0.0072
    [epoch 9/50 train] batch 150/2481 (5.11 batch/s, ETA 7.6 min) loss_corrente=0.0052
    [epoch 9/50 train] batch 200/2481 (5.11 batch/s, ETA 7.4 min) loss_corrente=0.0047
    [epoch 9/50 train] batch 250/2481 (5.12 batch/s, ETA 7.3 min) loss_corrente=0.0052
    [epoch 9/50 train] batch 300/2481 (5.12 batch/s, ETA 7.1 min) loss_corrente=0.0047
    [epoch 9/50 train] batch 350/2481 (5.12 batch/s, ETA 6.9 min) loss_corrente=0.0041
    [epoch 9/50 train] batch 400/2481 (5.12 batch/s, ETA 6.8 min) loss_corrente=0.0039
    [epoch 9/50 train] batch 450/2481 (5.12 batch/s, ETA 6.6 min) loss_corrente=0.0035
    [epoch 9/50 train] batch 500/2481 (5.13 batch/s, ETA 6.4 min) loss_corrente=0.0037
    [epoch 9/50 train] batch 550/2481 (5.13 batch/s, ETA 6.3 min) loss_corrente=0.0033
    [epoch 9/50 train] batch 600/2481 (5.13 batch/s, ETA 6.1 min) loss_corrente=0.0032
    [epoch 9/50 train] batch 650/2481 (5.13 batch/s, ETA 6.0 min) loss_corrente=0.0032
    [epoch 9/50 train] batch 700/2481 (5.13 batch/s, ETA 5.8 min) loss_corrente=0.0029
    [epoch 9/50 train] batch 750/2481 (5.13 batch/s, ETA 5.6 min) loss_corrente=0.0028
    [epoch 9/50 train] batch 800/2481 (5.13 batch/s, ETA 5.5 min) loss_corrente=0.0037
    [epoch 9/50 train] batch 850/2481 (5.13 batch/s, ETA 5.3 min) loss_corrente=0.0037
    [epoch 9/50 train] batch 900/2481 (5.13 batch/s, ETA 5.1 min) loss_corrente=0.0036
    [epoch 9/50 train] batch 950/2481 (5.13 batch/s, ETA 5.0 min) loss_corrente=0.0034
    [epoch 9/50 train] batch 1000/2481 (5.13 batch/s, ETA 4.8 min) loss_corrente=0.0045
    [epoch 9/50 train] batch 1050/2481 (5.13 batch/s, ETA 4.6 min) loss_corrente=0.0049
    [epoch 9/50 train] batch 1100/2481 (5.13 batch/s, ETA 4.5 min) loss_corrente=0.0054
    [epoch 9/50 train] batch 1150/2481 (5.13 batch/s, ETA 4.3 min) loss_corrente=0.0053
    [epoch 9/50 train] batch 1200/2481 (5.13 batch/s, ETA 4.2 min) loss_corrente=0.0051
    [epoch 9/50 train] batch 1250/2481 (5.13 batch/s, ETA 4.0 min) loss_corrente=0.0050
    [epoch 9/50 train] batch 1300/2481 (5.13 batch/s, ETA 3.8 min) loss_corrente=0.0048
    [epoch 9/50 train] batch 1350/2481 (5.13 batch/s, ETA 3.7 min) loss_corrente=0.0046
    [epoch 9/50 train] batch 1400/2481 (5.13 batch/s, ETA 3.5 min) loss_corrente=0.0045
    [epoch 9/50 train] batch 1450/2481 (5.13 batch/s, ETA 3.3 min) loss_corrente=0.0043
    [epoch 9/50 train] batch 1500/2481 (5.13 batch/s, ETA 3.2 min) loss_corrente=0.0043
    [epoch 9/50 train] batch 1550/2481 (5.13 batch/s, ETA 3.0 min) loss_corrente=0.0045
    [epoch 9/50 train] batch 1600/2481 (5.13 batch/s, ETA 2.9 min) loss_corrente=0.0044
    [epoch 9/50 train] batch 1650/2481 (5.13 batch/s, ETA 2.7 min) loss_corrente=0.0043
    [epoch 9/50 train] batch 1700/2481 (5.13 batch/s, ETA 2.5 min) loss_corrente=0.0043
    [epoch 9/50 train] batch 1750/2481 (5.13 batch/s, ETA 2.4 min) loss_corrente=0.0042
    [epoch 9/50 train] batch 1800/2481 (5.13 batch/s, ETA 2.2 min) loss_corrente=0.0042
    [epoch 9/50 train] batch 1850/2481 (5.13 batch/s, ETA 2.0 min) loss_corrente=0.0041
    [epoch 9/50 train] batch 1900/2481 (5.13 batch/s, ETA 1.9 min) loss_corrente=0.0043
    [epoch 9/50 train] batch 1950/2481 (5.13 batch/s, ETA 1.7 min) loss_corrente=0.0043
    [epoch 9/50 train] batch 2000/2481 (5.13 batch/s, ETA 1.6 min) loss_corrente=0.0042
    [epoch 9/50 train] batch 2050/2481 (5.13 batch/s, ETA 1.4 min) loss_corrente=0.0041
    [epoch 9/50 train] batch 2100/2481 (5.13 batch/s, ETA 1.2 min) loss_corrente=0.0041
    [epoch 9/50 train] batch 2150/2481 (5.13 batch/s, ETA 1.1 min) loss_corrente=0.0040
    [epoch 9/50 train] batch 2200/2481 (5.13 batch/s, ETA 0.9 min) loss_corrente=0.0039
    [epoch 9/50 train] batch 2250/2481 (5.13 batch/s, ETA 0.8 min) loss_corrente=0.0039
    [epoch 9/50 train] batch 2300/2481 (5.13 batch/s, ETA 0.6 min) loss_corrente=0.0038
    [epoch 9/50 train] batch 2350/2481 (5.13 batch/s, ETA 0.4 min) loss_corrente=0.0039
    [epoch 9/50 train] batch 2400/2481 (5.13 batch/s, ETA 0.3 min) loss_corrente=0.0039
    [epoch 9/50 train] batch 2450/2481 (5.13 batch/s, ETA 0.1 min) loss_corrente=0.0039
    [epoch 9/50 train] batch 2481/2481 (5.13 batch/s, ETA 0.0 min) loss_corrente=0.0038
    [epoch 9/50 val] batch 50/439 (11.36 batch/s, ETA 0.6 min) loss_corrente=0.1844
    [epoch 9/50 val] batch 100/439 (11.52 batch/s, ETA 0.5 min) loss_corrente=0.1746
    [epoch 9/50 val] batch 150/439 (11.58 batch/s, ETA 0.4 min) loss_corrente=0.1456
    [epoch 9/50 val] batch 200/439 (11.60 batch/s, ETA 0.3 min) loss_corrente=0.1478
    [epoch 9/50 val] batch 250/439 (11.62 batch/s, ETA 0.3 min) loss_corrente=0.1348
    [epoch 9/50 val] batch 300/439 (11.63 batch/s, ETA 0.2 min) loss_corrente=0.1296
    [epoch 9/50 val] batch 350/439 (11.63 batch/s, ETA 0.1 min) loss_corrente=0.1165
    [epoch 9/50 val] batch 400/439 (11.64 batch/s, ETA 0.1 min) loss_corrente=0.1187
    [epoch 9/50 val] batch 439/439 (11.65 batch/s, ETA 0.0 min) loss_corrente=0.1192
Epoch   9/50 | train_loss=0.0038 train_acc=0.999 | val_loss=0.1192 val_acc=0.986
    [epoch 10/50 train] batch 50/2481 (5.03 batch/s, ETA 8.1 min) loss_corrente=0.0000
    [epoch 10/50 train] batch 100/2481 (5.08 batch/s, ETA 7.8 min) loss_corrente=0.0001
    [epoch 10/50 train] batch 150/2481 (5.10 batch/s, ETA 7.6 min) loss_corrente=0.0008
    [epoch 10/50 train] batch 200/2481 (5.11 batch/s, ETA 7.4 min) loss_corrente=0.0011
    [epoch 10/50 train] batch 250/2481 (5.11 batch/s, ETA 7.3 min) loss_corrente=0.0011
    [epoch 10/50 train] batch 300/2481 (5.12 batch/s, ETA 7.1 min) loss_corrente=0.0010
    [epoch 10/50 train] batch 350/2481 (5.12 batch/s, ETA 6.9 min) loss_corrente=0.0009
    [epoch 10/50 train] batch 400/2481 (5.12 batch/s, ETA 6.8 min) loss_corrente=0.0015
    [epoch 10/50 train] batch 450/2481 (5.12 batch/s, ETA 6.6 min) loss_corrente=0.0014
    [epoch 10/50 train] batch 500/2481 (5.13 batch/s, ETA 6.4 min) loss_corrente=0.0013
    [epoch 10/50 train] batch 550/2481 (5.13 batch/s, ETA 6.3 min) loss_corrente=0.0013
    [epoch 10/50 train] batch 600/2481 (5.13 batch/s, ETA 6.1 min) loss_corrente=0.0012
    [epoch 10/50 train] batch 650/2481 (5.13 batch/s, ETA 6.0 min) loss_corrente=0.0012
    [epoch 10/50 train] batch 700/2481 (5.13 batch/s, ETA 5.8 min) loss_corrente=0.0013
    [epoch 10/50 train] batch 750/2481 (5.13 batch/s, ETA 5.6 min) loss_corrente=0.0020
    [epoch 10/50 train] batch 800/2481 (5.13 batch/s, ETA 5.5 min) loss_corrente=0.0019
    [epoch 10/50 train] batch 850/2481 (5.13 batch/s, ETA 5.3 min) loss_corrente=0.0019
    [epoch 10/50 train] batch 900/2481 (5.13 batch/s, ETA 5.1 min) loss_corrente=0.0036
    [epoch 10/50 train] batch 950/2481 (5.13 batch/s, ETA 5.0 min) loss_corrente=0.0045
    [epoch 10/50 train] batch 1000/2481 (5.13 batch/s, ETA 4.8 min) loss_corrente=0.0050
    [epoch 10/50 train] batch 1050/2481 (5.13 batch/s, ETA 4.6 min) loss_corrente=0.0048
    [epoch 10/50 train] batch 1100/2481 (5.13 batch/s, ETA 4.5 min) loss_corrente=0.0048
    [epoch 10/50 train] batch 1150/2481 (5.13 batch/s, ETA 4.3 min) loss_corrente=0.0047
    [epoch 10/50 train] batch 1200/2481 (5.13 batch/s, ETA 4.2 min) loss_corrente=0.0052
    [epoch 10/50 train] batch 1250/2481 (5.13 batch/s, ETA 4.0 min) loss_corrente=0.0051
    [epoch 10/50 train] batch 1300/2481 (5.13 batch/s, ETA 3.8 min) loss_corrente=0.0050
    [epoch 10/50 train] batch 1350/2481 (5.13 batch/s, ETA 3.7 min) loss_corrente=0.0051
    [epoch 10/50 train] batch 1400/2481 (5.13 batch/s, ETA 3.5 min) loss_corrente=0.0049
    [epoch 10/50 train] batch 1450/2481 (5.13 batch/s, ETA 3.3 min) loss_corrente=0.0048
    [epoch 10/50 train] batch 1500/2481 (5.13 batch/s, ETA 3.2 min) loss_corrente=0.0046
    [epoch 10/50 train] batch 1550/2481 (5.13 batch/s, ETA 3.0 min) loss_corrente=0.0045
    [epoch 10/50 train] batch 1600/2481 (5.13 batch/s, ETA 2.9 min) loss_corrente=0.0044
    [epoch 10/50 train] batch 1650/2481 (5.13 batch/s, ETA 2.7 min) loss_corrente=0.0042
    [epoch 10/50 train] batch 1700/2481 (5.13 batch/s, ETA 2.5 min) loss_corrente=0.0041
    [epoch 10/50 train] batch 1750/2481 (5.13 batch/s, ETA 2.4 min) loss_corrente=0.0040
    [epoch 10/50 train] batch 1800/2481 (5.13 batch/s, ETA 2.2 min) loss_corrente=0.0039
    [epoch 10/50 train] batch 1850/2481 (5.13 batch/s, ETA 2.0 min) loss_corrente=0.0038
    [epoch 10/50 train] batch 1900/2481 (5.13 batch/s, ETA 1.9 min) loss_corrente=0.0037
    [epoch 10/50 train] batch 1950/2481 (5.13 batch/s, ETA 1.7 min) loss_corrente=0.0037
    [epoch 10/50 train] batch 2000/2481 (5.13 batch/s, ETA 1.6 min) loss_corrente=0.0036
    [epoch 10/50 train] batch 2050/2481 (5.13 batch/s, ETA 1.4 min) loss_corrente=0.0036
    [epoch 10/50 train] batch 2100/2481 (5.13 batch/s, ETA 1.2 min) loss_corrente=0.0035
    [epoch 10/50 train] batch 2150/2481 (5.13 batch/s, ETA 1.1 min) loss_corrente=0.0034
    [epoch 10/50 train] batch 2200/2481 (5.13 batch/s, ETA 0.9 min) loss_corrente=0.0033
    [epoch 10/50 train] batch 2250/2481 (5.13 batch/s, ETA 0.8 min) loss_corrente=0.0033
    [epoch 10/50 train] batch 2300/2481 (5.13 batch/s, ETA 0.6 min) loss_corrente=0.0033
    [epoch 10/50 train] batch 2350/2481 (5.13 batch/s, ETA 0.4 min) loss_corrente=0.0032
    [epoch 10/50 train] batch 2400/2481 (5.13 batch/s, ETA 0.3 min) loss_corrente=0.0031
    [epoch 10/50 train] batch 2450/2481 (5.13 batch/s, ETA 0.1 min) loss_corrente=0.0031
    [epoch 10/50 train] batch 2481/2481 (5.13 batch/s, ETA 0.0 min) loss_corrente=0.0030
    [epoch 10/50 val] batch 50/439 (11.37 batch/s, ETA 0.6 min) loss_corrente=0.2070
    [epoch 10/50 val] batch 100/439 (11.52 batch/s, ETA 0.5 min) loss_corrente=0.1792
    [epoch 10/50 val] batch 150/439 (11.57 batch/s, ETA 0.4 min) loss_corrente=0.1508
    [epoch 10/50 val] batch 200/439 (11.60 batch/s, ETA 0.3 min) loss_corrente=0.1483
    [epoch 10/50 val] batch 250/439 (11.62 batch/s, ETA 0.3 min) loss_corrente=0.1384
    [epoch 10/50 val] batch 300/439 (11.63 batch/s, ETA 0.2 min) loss_corrente=0.1291
    [epoch 10/50 val] batch 350/439 (11.63 batch/s, ETA 0.1 min) loss_corrente=0.1144
    [epoch 10/50 val] batch 400/439 (11.64 batch/s, ETA 0.1 min) loss_corrente=0.1150
    [epoch 10/50 val] batch 439/439 (11.65 batch/s, ETA 0.0 min) loss_corrente=0.1139
Epoch  10/50 | train_loss=0.0030 train_acc=0.999 | val_loss=0.1139 val_acc=0.987
    [epoch 11/50 train] batch 50/2481 (5.04 batch/s, ETA 8.0 min) loss_corrente=0.0005
    [epoch 11/50 train] batch 100/2481 (5.09 batch/s, ETA 7.8 min) loss_corrente=0.0005
    [epoch 11/50 train] batch 150/2481 (5.10 batch/s, ETA 7.6 min) loss_corrente=0.0004
    [epoch 11/50 train] batch 200/2481 (5.11 batch/s, ETA 7.4 min) loss_corrente=0.0003
    [epoch 11/50 train] batch 250/2481 (5.11 batch/s, ETA 7.3 min) loss_corrente=0.0003
    [epoch 11/50 train] batch 300/2481 (5.12 batch/s, ETA 7.1 min) loss_corrente=0.0003
    [epoch 11/50 train] batch 350/2481 (5.12 batch/s, ETA 6.9 min) loss_corrente=0.0003
    [epoch 11/50 train] batch 400/2481 (5.12 batch/s, ETA 6.8 min) loss_corrente=0.0003
    [epoch 11/50 train] batch 450/2481 (5.12 batch/s, ETA 6.6 min) loss_corrente=0.0002
    [epoch 11/50 train] batch 500/2481 (5.13 batch/s, ETA 6.4 min) loss_corrente=0.0003
    [epoch 11/50 train] batch 550/2481 (5.13 batch/s, ETA 6.3 min) loss_corrente=0.0023
    [epoch 11/50 train] batch 600/2481 (5.13 batch/s, ETA 6.1 min) loss_corrente=0.0021
    [epoch 11/50 train] batch 650/2481 (5.13 batch/s, ETA 6.0 min) loss_corrente=0.0022
    [epoch 11/50 train] batch 700/2481 (5.13 batch/s, ETA 5.8 min) loss_corrente=0.0028
    [epoch 11/50 train] batch 750/2481 (5.13 batch/s, ETA 5.6 min) loss_corrente=0.0036
    [epoch 11/50 train] batch 800/2481 (5.13 batch/s, ETA 5.5 min) loss_corrente=0.0038
    [epoch 11/50 train] batch 850/2481 (5.13 batch/s, ETA 5.3 min) loss_corrente=0.0038
    [epoch 11/50 train] batch 900/2481 (5.13 batch/s, ETA 5.1 min) loss_corrente=0.0048
    [epoch 11/50 train] batch 950/2481 (5.13 batch/s, ETA 5.0 min) loss_corrente=0.0049
    [epoch 11/50 train] batch 1000/2481 (5.13 batch/s, ETA 4.8 min) loss_corrente=0.0055
    [epoch 11/50 train] batch 1050/2481 (5.13 batch/s, ETA 4.6 min) loss_corrente=0.0055
    [epoch 11/50 train] batch 1100/2481 (5.13 batch/s, ETA 4.5 min) loss_corrente=0.0053
    [epoch 11/50 train] batch 1150/2481 (5.13 batch/s, ETA 4.3 min) loss_corrente=0.0051
    [epoch 11/50 train] batch 1200/2481 (5.13 batch/s, ETA 4.2 min) loss_corrente=0.0049
    [epoch 11/50 train] batch 1250/2481 (5.13 batch/s, ETA 4.0 min) loss_corrente=0.0048
    [epoch 11/50 train] batch 1300/2481 (5.13 batch/s, ETA 3.8 min) loss_corrente=0.0050
    [epoch 11/50 train] batch 1350/2481 (5.13 batch/s, ETA 3.7 min) loss_corrente=0.0054
    [epoch 11/50 train] batch 1400/2481 (5.13 batch/s, ETA 3.5 min) loss_corrente=0.0053
    [epoch 11/50 train] batch 1450/2481 (5.13 batch/s, ETA 3.3 min) loss_corrente=0.0051
    [epoch 11/50 train] batch 1500/2481 (5.13 batch/s, ETA 3.2 min) loss_corrente=0.0052
    [epoch 11/50 train] batch 1550/2481 (5.13 batch/s, ETA 3.0 min) loss_corrente=0.0051
    [epoch 11/50 train] batch 1600/2481 (5.13 batch/s, ETA 2.9 min) loss_corrente=0.0050
    [epoch 11/50 train] batch 1650/2481 (5.13 batch/s, ETA 2.7 min) loss_corrente=0.0050
    [epoch 11/50 train] batch 1700/2481 (5.13 batch/s, ETA 2.5 min) loss_corrente=0.0050
    [epoch 11/50 train] batch 1750/2481 (5.13 batch/s, ETA 2.4 min) loss_corrente=0.0049
    [epoch 11/50 train] batch 1800/2481 (5.13 batch/s, ETA 2.2 min) loss_corrente=0.0048
    [epoch 11/50 train] batch 1850/2481 (5.13 batch/s, ETA 2.0 min) loss_corrente=0.0047
    [epoch 11/50 train] batch 1900/2481 (5.13 batch/s, ETA 1.9 min) loss_corrente=0.0049
    [epoch 11/50 train] batch 1950/2481 (5.13 batch/s, ETA 1.7 min) loss_corrente=0.0049
    [epoch 11/50 train] batch 2000/2481 (5.13 batch/s, ETA 1.6 min) loss_corrente=0.0051
    [epoch 11/50 train] batch 2050/2481 (5.13 batch/s, ETA 1.4 min) loss_corrente=0.0051
    [epoch 11/50 train] batch 2100/2481 (5.13 batch/s, ETA 1.2 min) loss_corrente=0.0050
    [epoch 11/50 train] batch 2150/2481 (5.13 batch/s, ETA 1.1 min) loss_corrente=0.0049
    [epoch 11/50 train] batch 2200/2481 (5.13 batch/s, ETA 0.9 min) loss_corrente=0.0048
    [epoch 11/50 train] batch 2250/2481 (5.13 batch/s, ETA 0.8 min) loss_corrente=0.0048
    [epoch 11/50 train] batch 2300/2481 (5.13 batch/s, ETA 0.6 min) loss_corrente=0.0047
    [epoch 11/50 train] batch 2350/2481 (5.13 batch/s, ETA 0.4 min) loss_corrente=0.0048
    [epoch 11/50 train] batch 2400/2481 (5.13 batch/s, ETA 0.3 min) loss_corrente=0.0049
    [epoch 11/50 train] batch 2450/2481 (5.13 batch/s, ETA 0.1 min) loss_corrente=0.0048
    [epoch 11/50 train] batch 2481/2481 (5.13 batch/s, ETA 0.0 min) loss_corrente=0.0047
    [epoch 11/50 val] batch 50/439 (11.19 batch/s, ETA 0.6 min) loss_corrente=0.1908
    [epoch 11/50 val] batch 100/439 (11.43 batch/s, ETA 0.5 min) loss_corrente=0.2082
    [epoch 11/50 val] batch 150/439 (11.51 batch/s, ETA 0.4 min) loss_corrente=0.1773
    [epoch 11/50 val] batch 200/439 (11.55 batch/s, ETA 0.3 min) loss_corrente=0.1727
    [epoch 11/50 val] batch 250/439 (11.58 batch/s, ETA 0.3 min) loss_corrente=0.1561
    [epoch 11/50 val] batch 300/439 (11.59 batch/s, ETA 0.2 min) loss_corrente=0.1582
    [epoch 11/50 val] batch 350/439 (11.60 batch/s, ETA 0.1 min) loss_corrente=0.1401
    [epoch 11/50 val] batch 400/439 (11.61 batch/s, ETA 0.1 min) loss_corrente=0.1403
    [epoch 11/50 val] batch 439/439 (11.62 batch/s, ETA 0.0 min) loss_corrente=0.1405
Epoch  11/50 | train_loss=0.0047 train_acc=0.999 | val_loss=0.1405 val_acc=0.983

[Early stopping] Nessun miglioramento da 8 epoche

[Completato] Best val_loss=0.0475
[Output] weights/fase3_siglip_lora/fase3_siglip_lora_r16_neg025_v2/results.csv  (compatibile con analyze_yolo_loss_magnitude.py)
[Output] weights/fase3_siglip_lora/fase3_siglip_lora_r16_neg025_v2/best  (adapter LoRA + MLP head migliori)
==================================================
Job completato: Sun Jul 26 06:40:58 PM CEST 2026
==================================================
